<html>
<body>
<pre>
<h1>礦ision Build Log</h1>
<h2>Tool Versions:</h2>
IDE-Version: μVision V5.34.0.0
Copyright (C) 2021 ARM Ltd and ARM Germany GmbH. All rights reserved.
License Information: yang yang, yang, LIC=FYKYW-Q2862-63JMB-2XZ37-IXFR0-XTUN5
 
Tool Versions:
Toolchain:       MDK-ARM Plus  Version: 5.34.0.0
Toolchain Path:  D:\application\keil5_34\ARM\ARMCC\Bin
C Compiler:      Armcc.exe V5.06 update 7 (build 960)
Assembler:       Armasm.exe V5.06 update 7 (build 960)
Linker/Locator:  ArmLink.exe V5.06 update 7 (build 960)
Library Manager: ArmAr.exe V5.06 update 7 (build 960)
Hex Converter:   FromElf.exe V5.06 update 7 (build 960)
CPU DLL:         SARMCM3.DLL V5.34.0.0
Dialog DLL:      DCM.DLL V1.17.3.0
Target DLL:      Segger\JL2CM3.dll V2.99.38.0
Dialog DLL:      TCM.DLL V1.48.0.0
 
<h2>Project:</h2>
D:\part_job\4_nRF52\ble_earpot_0419\earportv1_2\examples\ble_peripheral\ble_app_uart\pca10040e_nrf52805\s112\arm5_no_packs\ble_app_uart_pca10040e_nrf52805_s112.uvprojx
Project File Date:  04/20/2023

<h2>Output:</h2>
*** Using Compiler 'V5.06 update 7 (build 960)', folder: 'D:\application\keil5_34\ARM\ARMCC\Bin'
Rebuild target 'nrf52805_xxaa'
compiling sys_queue.c...
compiling bmm150.c...
compiling utf.c...
compiling bmi160.c...
compiling boards.c...
compiling bsp.c...
compiling bsp_btn_ble.c...
compiling nrf_flash.c...
..\..\..\..\..\..\driver\nrf_flash\nrf_flash.h(26): warning:  #1295-D: Deprecated declaration nrf_flash_read_test - give arg types
  void nrf_flash_read_test();
..\..\..\..\..\..\driver\nrf_flash\nrf_flash.h(27): warning:  #1295-D: Deprecated declaration nrf_flash_write_test - give arg types
  void nrf_flash_write_test();
..\..\..\..\..\..\driver\nrf_flash\nrf_flash.h(28): warning:  #1295-D: Deprecated declaration nrf_flash_erase_test - give arg types
  void nrf_flash_erase_test();
..\..\..\..\..\..\driver\nrf_flash\nrf_flash.c(110): warning:  #188-D: enumerated type mixed with another type
      return ret;
..\..\..\..\..\..\driver\nrf_flash\nrf_flash.c(128): warning:  #188-D: enumerated type mixed with another type
      return ret;
..\..\..\..\..\..\driver\nrf_flash\nrf_flash.c(141): warning:  #188-D: enumerated type mixed with another type
      return ret;
..\..\..\..\..\..\driver\nrf_flash\nrf_flash.c(153): warning:  #1293-D: assignment in condition
          if(read_ret=nrf_flash_read(read_addr, read_buf, 4)==NRF_SUCCESS)
..\..\..\..\..\..\driver\nrf_flash\nrf_flash.c(173): warning:  #1293-D: assignment in condition
          if(write_ret=nrf_flash_write(write_addr, write_buf, 4)==NRF_SUCCESS)
..\..\..\..\..\..\driver\nrf_flash\nrf_flash.c(190): warning:  #177-D: variable "read_ret"  was declared but never referenced
      int read_ret;
..\..\..\..\..\..\driver\nrf_flash\nrf_flash.c: 9 warnings, 0 errors
compiling ble_advdata.c...
compiling ble_advertising.c...
compiling ble_srv_common.c...
compiling ble_link_ctx_manager.c...
compiling ble_conn_state.c...
compiling ble_conn_params.c...
compiling main.c...
..\..\..\..\..\..\driver\nrf_flash\nrf_flash.h(26): warning:  #1295-D: Deprecated declaration nrf_flash_read_test - give arg types
  void nrf_flash_read_test();
..\..\..\..\..\..\driver\nrf_flash\nrf_flash.h(27): warning:  #1295-D: Deprecated declaration nrf_flash_write_test - give arg types
  void nrf_flash_write_test();
..\..\..\..\..\..\driver\nrf_flash\nrf_flash.h(28): warning:  #1295-D: Deprecated declaration nrf_flash_erase_test - give arg types
  void nrf_flash_erase_test();
..\..\..\main.c(197): warning:  #1295-D: Deprecated declaration usr_get_charge_status - give arg types
  uint8_t usr_get_charge_status();
..\..\..\main.c(798): warning:  #177-D: variable "err_code"  was declared but never referenced
  	uint8_t err_code = 0;
..\..\..\main.c(1774): warning:  #177-D: variable "i"  was declared but never referenced
  	uint32_t i;
..\..\..\main.c(1777): warning:  #550-D: variable "checksum"  was set but never used
  	uint8_t checksum = 0;
..\..\..\main.c(2158): warning:  #188-D: enumerated type mixed with another type
  	nrfx_wdt_channel_feed(0);
..\..\..\main.c(2154): warning:  #177-D: variable "err_code"  was declared but never referenced
  	uint8_t err_code, volt_cnt;
..\..\..\main.c(2154): warning:  #177-D: variable "volt_cnt"  was declared but never referenced
  	uint8_t err_code, volt_cnt;
..\..\..\main.c(2155): warning:  #177-D: variable "tmp_val"  was declared but never referenced
  	uint16_t tmp_val;
..\..\..\main.c(2309): warning:  #188-D: enumerated type mixed with another type
  	nrf_gpio_cfg_input(GPIO_CHARGE, GPIO_PIN_CNF_PULL_Pullup); // Charge status
..\..\..\main.c(2343): warning:  #167-D: argument of type "void (*)(void)" is incompatible with parameter of type "app_timer_timeout_handler_t"
  	err_code = app_timer_create(&app_timer, APP_TIMER_MODE_REPEATED, app_timer_callback);
..\..\..\main.c(2298): warning:  #177-D: variable "Err_Timeout"  was declared but never referenced
  	uint8_t Err_Timeout = 0;
..\..\..\main.c(103): warning:  #550-D: variable "g_active_upload_idx"  was set but never used
  static uint8_t g_active_upload_idx = 0;	 // 主动上报数据索引
..\..\..\main.c(106): warning:  #550-D: variable "g_ble_connect_changed"  was set but never used
  static uint8_t g_ble_connect_changed = 0; // BLE连接状态变化标志
..\..\..\main.c(107): warning:  #550-D: variable "g_ble_adv_flag"  was set but never used
  static uint8_t g_ble_adv_flag = 0;		  // BLE广播状态标志
..\..\..\main.c(109): warning:  #177-D: variable "g_bus_volt"  was declared but never referenced
  static uint16_t g_bus_volt = 0;			  // Vbus volt
..\..\..\main.c(115): warning:  #177-D: variable "get_volt_cnt"  was declared but never referenced
  static uint8_t get_volt_cnt = 0;	   // get bat volt cnt
..\..\..\main.c(116): warning:  #177-D: variable "saadc_init_flag"  was declared but never referenced
  static uint8_t saadc_init_flag = 0;	   // adc init flag
..\..\..\main.c(118): warning:  #177-D: variable "led_poweroff_flag"  was declared but never referenced
  static uint8_t led_poweroff_flag = 0;  // led poweroff flag
..\..\..\main.c(119): warning:  #177-D: variable "blue_led_cnt"  was declared but never referenced
  static uint8_t blue_led_cnt = 0;	   // led toggle cnt,  1:2
..\..\..\main.c(141): warning:  #177-D: variable "m_buffer_pool"  was declared but never referenced
  static nrf_saadc_value_t m_buffer_pool[SAMPLES_IN_BUFFER];
..\..\..\main.c(184): warning:  #177-D: variable "bmi160_timer"  was declared but never referenced
  APP_TIMER_DEF(bmi160_timer);
..\..\..\main.c(192): warning:  #177-D: function "usr_sample_volt"  was declared but never referenced
  static void usr_sample_volt(void);		// csy_0308  sample bat and bus vot at the same time
..\..\..\main.c(193): warning:  #177-D: function "usr_get_bat_volt"  was declared but never referenced
  static uint16_t usr_get_bat_volt(void); // csy_0308 get bat volt
..\..\..\main.c(194): warning:  #177-D: function "usr_get_bus_volt"  was declared but never referenced
  static uint16_t usr_get_bus_volt(void); // csy_0308 get bus volt
..\..\..\main.c(226): warning:  #550-D: variable "m_ble_nus_max_data_len"  was set but never used
  static uint16_t m_ble_nus_max_data_len = BLE_GATT_ATT_MTU_DEFAULT - 3; /**< Maximum length of data (in bytes) that can be transmitted to the peer by the Nordic UART service module. */
..\..\..\main.c(663): warning:  #177-D: function "buttons_leds_init"  was declared but never referenced
  static void buttons_leds_init(bool *p_erase_bonds)
..\..\..\main.c(1401): warning:  #177-D: function "_get_mag_config_fifo"  was declared but never referenced
  static void _get_mag_config_fifo(struct bmi160_dev *hdev)
..\..\..\main.c: 30 warnings, 0 errors
compiling nrf_ble_gatt.c...
compiling nrf_ble_qwr.c...
compiling ble_nus.c...
compiling nrfx_atomic.c...
compiling nrfx_clock.c...
compiling nrf_drv_clock.c...
compiling nrfx_prs.c...
compiling nrf_drv_spi.c...
compiling nrfx_gpiote.c...
compiling app_error.c...
compiling nrfx_spim.c...
compiling nrfx_spi.c...
compiling nrfx_wdt.c...
compiling nrfx_saadc.c...
compiling nrfx_rtc.c...
compiling app_button.c...
compiling app_error_handler_keil.c...
compiling app_util_platform.c...
compiling app_uart_fifo.c...
compiling app_error_weak.c...
compiling app_scheduler.c...
compiling app_fifo.c...
compiling app_timer2.c...
compiling nrf_assert.c...
compiling drv_rtc.c...
compiling hardfault_implementation.c...
compiling nrf_atomic.c...
compiling nrf_atflags.c...
compiling nrf_atfifo.c...
compiling nrf_balloc.c...
compiling nrf_fprintf.c...
compiling nrf_fprintf_format.c...
compiling nrf_section_iter.c...
compiling nrf_memobj.c...
compiling nrf_ringbuf.c...
compiling nrf_sortlist.c...
compiling nrf_pwr_mgmt.c...
compiling nrf_strerror.c...
compiling retarget.c...
compiling nrf_log_backend_serial.c...
compiling nrf_fstorage_sd.c...
compiling nrf_fstorage.c...
compiling nrf_log_backend_rtt.c...
compiling nrf_log_default_backends.c...
compiling nrf_log_str_formatter.c...
compiling nrf_log_frontend.c...
assembling arm_startup_nrf52805.s...
compiling SEGGER_RTT_Syscalls_KEIL.c...
compiling SEGGER_RTT_printf.c...
compiling SEGGER_RTT.c...
compiling system_nrf52805.c...
compiling nrf_sdh_soc.c...
compiling nrf_sdh.c...
compiling nrf_sdh_ble.c...
linking...
Program Size: Code=40080 RO-data=3924 RW-data=540 ZI-data=13484  
FromELF: creating hex file...
".\_build\nrf52805_xxaa.axf" - 0 Error(s), 39 Warning(s).

<h2>Software Packages used:</h2>

Package Vendor: ARM
                http://www.keil.com/pack/ARM.CMSIS.4.5.0.pack
                ARM.CMSIS.4.5.0
                CMSIS (Cortex Microcontroller Software Interface Standard)
   * Component: CORE Version: 4.3.0

Package Vendor: NordicSemiconductor
                http://developer.nordicsemi.com/nRF5_SDK/pieces/nRF_DeviceFamilyPack/NordicSemiconductor.nRF_DeviceFamilyPack.8.27.0.pack
                NordicSemiconductor.nRF_DeviceFamilyPack.8.27.0
                Nordic Semiconductor nRF ARM devices Device Family Pack with BSD license.
   * Component: Startup Version: 8.27.0

<h2>Collection of Component include folders:</h2>
  .\RTE\_nrf52805_xxaa
  C:\Users\yang\AppData\Local\Arm\Packs\ARM\CMSIS\4.5.0\CMSIS\Include
  C:\Users\yang\AppData\Local\Arm\Packs\NordicSemiconductor\nRF_DeviceFamilyPack\8.27.0\Device\Include

<h2>Collection of Component Files used:</h2>

   * Component: ARM::CMSIS:CORE:4.3.0

   * Component: NordicSemiconductor::Device:Startup:8.27.0
      Source file:   Device\Source\arm\arm_startup_nrf52805.s
      Source file:   Device\Source\system_nrf52805.c
      Include file:  Device\Include\system_nrf52805.h
      Include file:  Device\Include\system_nrf.h
Build Time Elapsed:  00:00:22
</pre>
</body>
</html>
