Component: ARM Compiler 5.06 update 7 (build 960) Tool: armlink [4d3601]

==============================================================================

Section Cross References

    main.o(i.advertising_init) refers to memseta.o(.text) for __aeabi_memclr4
    main.o(i.advertising_init) refers to ble_advertising.o(i.ble_advertising_init) for ble_advertising_init
    main.o(i.advertising_init) refers to app_error_handler_keil.o(.emb_text) for app_error_handler
    main.o(i.advertising_init) refers to ble_advertising.o(i.ble_advertising_conn_cfg_tag_set) for ble_advertising_conn_cfg_tag_set
    main.o(i.advertising_init) refers to main.o(.bss) for .bss
    main.o(i.advertising_init) refers to main.o(.data) for .data
    main.o(i.advertising_init) refers to main.o(i.on_adv_evt) for on_adv_evt
    main.o(i.app_close_bmi160_acc) refers to bmi160_1.o(i.bmi160_set_sens_conf) for bmi160_set_sens_conf
    main.o(i.app_close_bmi160_gyro) refers to bmi160_1.o(i.bmi160_set_sens_conf) for bmi160_set_sens_conf
    main.o(i.app_open_bmi160_acc) refers to bmi160_1.o(i.bmi160_set_sens_conf) for bmi160_set_sens_conf
    main.o(i.app_open_bmi160_aux) refers to bmi160_1.o(i.bmi160_set_regs) for bmi160_set_regs
    main.o(i.app_open_bmi160_aux) refers to bmi160_1.o(i.bmi160_aux_init) for bmi160_aux_init
    main.o(i.app_open_bmi160_aux) refers to bmm150.o(i.bmm150_init) for bmm150_init
    main.o(i.app_open_bmi160_aux) refers to bmm150.o(i.bmm150_set_presetmode) for bmm150_set_presetmode
    main.o(i.app_open_bmi160_aux) refers to bmm150.o(i.bmm150_set_op_mode) for bmm150_set_op_mode
    main.o(i.app_open_bmi160_aux) refers to nrf_log_frontend.o(i.nrf_log_frontend_std_1) for nrf_log_frontend_std_1
    main.o(i.app_open_bmi160_aux) refers to bmi160_1.o(i.bmi160_set_aux_auto_mode) for bmi160_set_aux_auto_mode
    main.o(i.app_open_bmi160_aux) refers to nrf_log_frontend.o(log_const_data) for m_nrf_log_app_logs_data_const
    main.o(i.app_open_bmi160_aux) refers to main.o(.data) for .data
    main.o(i.app_open_bmi160_fifo) refers to bmi160_1.o(i.bmi160_set_fifo_config) for bmi160_set_fifo_config
    main.o(i.app_open_bmi160_fifo) refers to nrf_log_frontend.o(i.nrf_log_frontend_std_1) for nrf_log_frontend_std_1
    main.o(i.app_open_bmi160_fifo) refers to bmi160_1.o(i.bmi160_set_fifo_flush) for bmi160_set_fifo_flush
    main.o(i.app_open_bmi160_fifo) refers to bmi160_1.o(i.bmi160_set_int_config) for bmi160_set_int_config
    main.o(i.app_open_bmi160_fifo) refers to main.o(.bss) for .bss
    main.o(i.app_open_bmi160_fifo) refers to nrf_log_frontend.o(log_const_data) for m_nrf_log_app_logs_data_const
    main.o(i.app_open_bmi160_gyro) refers to bmi160_1.o(i.bmi160_set_sens_conf) for bmi160_set_sens_conf
    main.o(i.app_open_bmi160_no_motion) refers to bmi160_1.o(i.bmi160_set_int_config) for bmi160_set_int_config
    main.o(i.app_open_bmi160_no_motion) refers to nrf_log_frontend.o(i.nrf_log_frontend_std_1) for nrf_log_frontend_std_1
    main.o(i.app_open_bmi160_no_motion) refers to nrf_log_frontend.o(log_const_data) for m_nrf_log_app_logs_data_const
    main.o(i.app_open_bmi160_tap) refers to bmi160_1.o(i.bmi160_set_int_config) for bmi160_set_int_config
    main.o(i.app_open_bmi160_tap) refers to nrf_log_frontend.o(i.nrf_log_frontend_std_1) for nrf_log_frontend_std_1
    main.o(i.app_open_bmi160_tap) refers to nrf_log_frontend.o(log_const_data) for m_nrf_log_app_logs_data_const
    main.o(i.app_timer_callback) refers to hal_wdt.o(i.hal_wdt_feed) for hal_wdt_feed
    main.o(i.assert_nrf_callback) refers to app_error_handler_keil.o(.emb_text) for app_error_handler
    main.o(i.ble_adv_stop) refers to app_error_handler_keil.o(.emb_text) for app_error_handler
    main.o(i.ble_adv_stop) refers to main.o(.data) for .data
    main.o(i.ble_adv_stop) refers to main.o(.bss) for .bss
    main.o(i.ble_evt_handler) refers to app_error_handler_keil.o(.emb_text) for app_error_handler
    main.o(i.ble_evt_handler) refers to nrf_log_frontend.o(i.nrf_log_frontend_std_0) for nrf_log_frontend_std_0
    main.o(i.ble_evt_handler) refers to nrf_ble_qwr.o(i.nrf_ble_qwr_conn_handle_assign) for nrf_ble_qwr_conn_handle_assign
    main.o(i.ble_evt_handler) refers to main.o(i.ble_adv_stop) for ble_adv_stop
    main.o(i.ble_evt_handler) refers to nrf_log_frontend.o(log_const_data) for m_nrf_log_app_logs_data_const
    main.o(i.ble_evt_handler) refers to main.o(.data) for .data
    main.o(i.ble_evt_handler) refers to main.o(.bss) for .bss
    main.o(i.ble_evt_handler) refers to main.o(.constdata) for .constdata
    main.o(i.ble_send_data) refers to ble_nus.o(i.ble_nus_data_send) for ble_nus_data_send
    main.o(i.ble_send_data) refers to app_error_handler_keil.o(.emb_text) for app_error_handler
    main.o(i.ble_send_data) refers to main.o(.data) for .data
    main.o(i.ble_send_event) refers to nrf_log_frontend.o(i.nrf_log_frontend_std_1) for nrf_log_frontend_std_1
    main.o(i.ble_send_event) refers to memseta.o(.text) for __aeabi_memclr4
[...]
    nrf_atfifo_init                          0x0001e311   Thumb Code    38  nrf_atfifo.o(i.nrf_atfifo_init)
    nrf_atfifo_item_alloc                    0x0001e337   Thumb Code    22  nrf_atfifo.o(i.nrf_atfifo_item_alloc)
    nrf_atfifo_item_free                     0x0001e34d   Thumb Code    22  nrf_atfifo.o(i.nrf_atfifo_item_free)
    nrf_atfifo_item_get                      0x0001e363   Thumb Code    22  nrf_atfifo.o(i.nrf_atfifo_item_get)
    nrf_atfifo_item_put                      0x0001e379   Thumb Code    22  nrf_atfifo.o(i.nrf_atfifo_item_put)
    nrf_atflags_clear                        0x0001e38f   Thumb Code    22  nrf_atflags.o(i.nrf_atflags_clear)
    nrf_atflags_get                          0x0001e3a5   Thumb Code    22  nrf_atflags.o(i.nrf_atflags_get)
    nrf_atflags_set                          0x0001e3bb   Thumb Code    20  nrf_atflags.o(i.nrf_atflags_set)
    nrf_atomic_flag_clear_fetch              0x0001e3cf   Thumb Code     6  nrf_atomic.o(i.nrf_atomic_flag_clear_fetch)
    nrf_atomic_flag_set                      0x0001e3d5   Thumb Code     6  nrf_atomic.o(i.nrf_atomic_flag_set)
    nrf_atomic_flag_set_fetch                0x0001e3db   Thumb Code     6  nrf_atomic.o(i.nrf_atomic_flag_set_fetch)
    nrf_atomic_u32_add                       0x0001e3e1   Thumb Code    12  nrf_atomic.o(i.nrf_atomic_u32_add)
    nrf_atomic_u32_and                       0x0001e3ed   Thumb Code    12  nrf_atomic.o(i.nrf_atomic_u32_and)
    nrf_atomic_u32_fetch_and                 0x0001e3f9   Thumb Code    10  nrf_atomic.o(i.nrf_atomic_u32_fetch_and)
    nrf_atomic_u32_fetch_or                  0x0001e403   Thumb Code    10  nrf_atomic.o(i.nrf_atomic_u32_fetch_or)
    nrf_atomic_u32_fetch_store               0x0001e40d   Thumb Code    10  nrf_atomic.o(i.nrf_atomic_u32_fetch_store)
    nrf_atomic_u32_or                        0x0001e417   Thumb Code    12  nrf_atomic.o(i.nrf_atomic_u32_or)
    nrf_atomic_u32_sub                       0x0001e423   Thumb Code    12  nrf_atomic.o(i.nrf_atomic_u32_sub)
    nrf_balloc_alloc                         0x0001e42f   Thumb Code    68  nrf_balloc.o(i.nrf_balloc_alloc)
    nrf_balloc_free                          0x0001e473   Thumb Code    48  nrf_balloc.o(i.nrf_balloc_free)
    nrf_balloc_init                          0x0001e4a3   Thumb Code    48  nrf_balloc.o(i.nrf_balloc_init)
    nrf_ble_gatt_att_mtu_periph_set          0x0001e4e3   Thumb Code    24  nrf_ble_gatt.o(i.nrf_ble_gatt_att_mtu_periph_set)
    nrf_ble_gatt_init                        0x0001e4fb   Thumb Code    34  nrf_ble_gatt.o(i.nrf_ble_gatt_init)
    nrf_ble_gatt_on_ble_evt                  0x0001e51d   Thumb Code   150  nrf_ble_gatt.o(i.nrf_ble_gatt_on_ble_evt)
    nrf_ble_qwr_conn_handle_assign           0x0001e5f5   Thumb Code    22  nrf_ble_qwr.o(i.nrf_ble_qwr_conn_handle_assign)
    nrf_ble_qwr_init                         0x0001e60b   Thumb Code    36  nrf_ble_qwr.o(i.nrf_ble_qwr_init)
    nrf_ble_qwr_on_ble_evt                   0x0001e62f   Thumb Code   182  nrf_ble_qwr.o(i.nrf_ble_qwr_on_ble_evt)
    nrf_drv_clock_init                       0x0001e725   Thumb Code    56  nrf_drv_clock.o(i.nrf_drv_clock_init)
    nrf_drv_clock_lfclk_release              0x0001e765   Thumb Code    48  nrf_drv_clock.o(i.nrf_drv_clock_lfclk_release)
    nrf_drv_spi_init                         0x0001e799   Thumb Code    30  nrf_drv_spi.o(i.nrf_drv_spi_init)
    nrf_fprintf                              0x0001e7e7   Thumb Code    26  nrf_fprintf.o(i.nrf_fprintf)
    nrf_fprintf_buffer_flush                 0x0001e801   Thumb Code    24  nrf_fprintf.o(i.nrf_fprintf_buffer_flush)
    nrf_fprintf_fmt                          0x0001e819   Thumb Code   474  nrf_fprintf_format.o(i.nrf_fprintf_fmt)
    nrf_fstorage_erase                       0x0001e9f5   Thumb Code   188  nrf_fstorage.o(i.nrf_fstorage_erase)
    nrf_fstorage_init                        0x0001eb2d   Thumb Code    74  nrf_fstorage.o(i.nrf_fstorage_init)
    nrf_fstorage_is_busy                     0x0001ebc1   Thumb Code    70  nrf_fstorage.o(i.nrf_fstorage_is_busy)
    nrf_fstorage_read                        0x0001ec11   Thumb Code   198  nrf_fstorage.o(i.nrf_fstorage_read)
    nrf_fstorage_sdh_req_handler             0x0001ed71   Thumb Code    18  nrf_fstorage_sd.o(i.nrf_fstorage_sdh_req_handler)
    nrf_fstorage_sdh_state_handler           0x0001ed89   Thumb Code    28  nrf_fstorage_sd.o(i.nrf_fstorage_sdh_state_handler)
    nrf_fstorage_sys_evt_handler             0x0001eda9   Thumb Code   154  nrf_fstorage_sd.o(i.nrf_fstorage_sys_evt_handler)
    nrf_log_backend_add                      0x0001efb5   Thumb Code    86  nrf_log_frontend.o(i.nrf_log_backend_add)
    nrf_log_backend_rtt_init                 0x0001f013   Thumb Code     4  nrf_log_backend_rtt.o(i.nrf_log_backend_rtt_init)
    nrf_log_backend_serial_put               0x0001f031   Thumb Code   194  nrf_log_backend_serial.o(i.nrf_log_backend_serial_put)
    nrf_log_color_id_get                     0x0001f0f5   Thumb Code    42  nrf_log_frontend.o(i.nrf_log_color_id_get)
    nrf_log_default_backends_init            0x0001f125   Thumb Code    24  nrf_log_default_backends.o(i.nrf_log_default_backends_init)
    nrf_log_frontend_dequeue                 0x0001f141   Thumb Code   524  nrf_log_frontend.o(i.nrf_log_frontend_dequeue)
    nrf_log_frontend_std_0                   0x0001f375   Thumb Code     8  nrf_log_frontend.o(i.nrf_log_frontend_std_0)
    nrf_log_frontend_std_1                   0x0001f37d   Thumb Code    14  nrf_log_frontend.o(i.nrf_log_frontend_std_1)
    nrf_log_frontend_std_2                   0x0001f38b   Thumb Code    16  nrf_log_frontend.o(i.nrf_log_frontend_std_2)
    nrf_log_frontend_std_3                   0x0001f39b   Thumb Code    18  nrf_log_frontend.o(i.nrf_log_frontend_std_3)
    nrf_log_frontend_std_5                   0x0001f3ad   Thumb Code    28  nrf_log_frontend.o(i.nrf_log_frontend_std_5)
    nrf_log_hexdump_entry_process            0x0001f3c9   Thumb Code   150  nrf_log_str_formatter.o(i.nrf_log_hexdump_entry_process)
    nrf_log_init                             0x0001f479   Thumb Code    28  nrf_log_frontend.o(i.nrf_log_init)
    nrf_log_module_cnt_get                   0x0001f4a1   Thumb Code    10  nrf_log_frontend.o(i.nrf_log_module_cnt_get)
    nrf_log_module_name_get                  0x0001f4b5   Thumb Code    24  nrf_log_frontend.o(i.nrf_log_module_name_get)
    nrf_log_panic                            0x0001f4d1   Thumb Code    36  nrf_log_frontend.o(i.nrf_log_panic)
    nrf_log_std_entry_process                0x0001f4f9   Thumb Code   182  nrf_log_str_formatter.o(i.nrf_log_std_entry_process)
    nrf_memobj_alloc                         0x0001f5af   Thumb Code    96  nrf_memobj.o(i.nrf_memobj_alloc)
    nrf_memobj_free                          0x0001f60f   Thumb Code    50  nrf_memobj.o(i.nrf_memobj_free)
    nrf_memobj_get                           0x0001f641   Thumb Code     8  nrf_memobj.o(i.nrf_memobj_get)
    nrf_memobj_pool_init                     0x0001f649   Thumb Code     4  nrf_memobj.o(i.nrf_memobj_pool_init)
    nrf_memobj_put                           0x0001f64d   Thumb Code    30  nrf_memobj.o(i.nrf_memobj_put)
    nrf_memobj_read                          0x0001f66b   Thumb Code    16  nrf_memobj.o(i.nrf_memobj_read)
    nrf_memobj_write                         0x0001f67b   Thumb Code    16  nrf_memobj.o(i.nrf_memobj_write)
    nrf_pwr_mgmt_init                        0x0001f68d   Thumb Code    28  nrf_pwr_mgmt.o(i.nrf_pwr_mgmt_init)
    nrf_pwr_mgmt_run                         0x0001f6b5   Thumb Code    20  nrf_pwr_mgmt.o(i.nrf_pwr_mgmt_run)
    nrf_ringbuf_init                         0x0001f6e1   Thumb Code    28  nrf_ringbuf.o(i.nrf_ringbuf_init)
    nrf_sdh_ble_app_ram_start_get            0x0001f76d   Thumb Code    16  nrf_sdh_ble.o(i.nrf_sdh_ble_app_ram_start_get)
    nrf_sdh_ble_default_cfg_set              0x0001f781   Thumb Code   264  nrf_sdh_ble.o(i.nrf_sdh_ble_default_cfg_set)
    nrf_sdh_ble_enable                       0x0001f8a9   Thumb Code   150  nrf_sdh_ble.o(i.nrf_sdh_ble_enable)
    nrf_sdh_disable_request                  0x0001fb19   Thumb Code    80  nrf_sdh.o(i.nrf_sdh_disable_request)
    nrf_sdh_enable_request                   0x0001fb6d   Thumb Code   102  nrf_sdh.o(i.nrf_sdh_enable_request)
    nrf_sdh_evts_poll                        0x0001fbe1   Thumb Code    32  nrf_sdh.o(i.nrf_sdh_evts_poll)
    nrf_sdh_is_enabled                       0x0001fc05   Thumb Code     6  nrf_sdh.o(i.nrf_sdh_is_enabled)
    nrf_sdh_request_continue                 0x0001fc11   Thumb Code    22  nrf_sdh.o(i.nrf_sdh_request_continue)
    nrf_section_iter_init                    0x0001fcad   Thumb Code    10  nrf_section_iter.o(i.nrf_section_iter_init)
    nrf_section_iter_next                    0x0001fcdb   Thumb Code    32  nrf_section_iter.o(i.nrf_section_iter_next)
    nrf_sortlist_add                         0x0001fcfb   Thumb Code    34  nrf_sortlist.o(i.nrf_sortlist_add)
    nrf_sortlist_peek                        0x0001fd1d   Thumb Code     6  nrf_sortlist.o(i.nrf_sortlist_peek)
    nrf_sortlist_pop                         0x0001fd23   Thumb Code    14  nrf_sortlist.o(i.nrf_sortlist_pop)
    nrf_sortlist_remove                      0x0001fd31   Thumb Code    30  nrf_sortlist.o(i.nrf_sortlist_remove)
    nrf_strerror_find                        0x0001fd51   Thumb Code    52  nrf_strerror.o(i.nrf_strerror_find)
    nrf_strerror_get                         0x0001fd89   Thumb Code    14  nrf_strerror.o(i.nrf_strerror_get)
    nrfx_clock_enable                        0x0001fdad   Thumb Code    34  nrfx_clock.o(i.nrfx_clock_enable)
    nrfx_clock_init                          0x0001fdd9   Thumb Code    22  nrfx_clock.o(i.nrfx_clock_init)
    nrfx_clock_lfclk_stop                    0x0001fdf5   Thumb Code    38  nrfx_clock.o(i.nrfx_clock_lfclk_stop)
    nrfx_gpiote_in_event_enable              0x0001fe45   Thumb Code   152  nrfx_gpiote.o(i.nrfx_gpiote_in_event_enable)
    nrfx_gpiote_in_init                      0x0001fee5   Thumb Code   190  nrfx_gpiote.o(i.nrfx_gpiote_in_init)
    nrfx_gpiote_init                         0x0001ffb1   Thumb Code   106  nrfx_gpiote.o(i.nrfx_gpiote_init)
    nrfx_saadc_channel_init                  0x00020029   Thumb Code   132  nrfx_saadc.o(i.nrfx_saadc_channel_init)
    nrfx_saadc_channel_uninit                0x000200b5   Thumb Code    62  nrfx_saadc.o(i.nrfx_saadc_channel_uninit)
    nrfx_saadc_init                          0x000200f9   Thumb Code   130  nrfx_saadc.o(i.nrfx_saadc_init)
    nrfx_saadc_limits_set                    0x0002018d   Thumb Code   120  nrfx_saadc.o(i.nrfx_saadc_limits_set)
    nrfx_saadc_sample_convert                0x0002020d   Thumb Code   182  nrfx_saadc.o(i.nrfx_saadc_sample_convert)
    nrfx_saadc_uninit                        0x000202cd   Thumb Code    94  nrfx_saadc.o(i.nrfx_saadc_uninit)
    nrfx_spi_init                            0x00020339   Thumb Code   372  nrfx_spi.o(i.nrfx_spi_init)
    nrfx_spi_uninit                          0x000204b1   Thumb Code    90  nrfx_spi.o(i.nrfx_spi_uninit)
    nrfx_spi_xfer                            0x00020511   Thumb Code    96  nrfx_spi.o(i.nrfx_spi_xfer)
    nrfx_wdt_channel_alloc                   0x00020575   Thumb Code    60  nrfx_wdt.o(i.nrfx_wdt_channel_alloc)
    nrfx_wdt_channel_feed                    0x000205b9   Thumb Code    14  nrfx_wdt.o(i.nrfx_wdt_channel_feed)
    nrfx_wdt_enable                          0x000205d1   Thumb Code    18  nrfx_wdt.o(i.nrfx_wdt_enable)
    nrfx_wdt_init                            0x000205ed   Thumb Code    76  nrfx_wdt.o(i.nrfx_wdt_init)
    queue_clear                              0x00021231   Thumb Code    46  sys_queue_1.o(i.queue_clear)
    queue_empty                              0x0002125f   Thumb Code    14  sys_queue_1.o(i.queue_empty)
    queue_init                               0x00021281   Thumb Code    20  sys_queue_1.o(i.queue_init)
    queue_out                                0x00021295   Thumb Code    88  sys_queue_1.o(i.queue_out)
    saadc_callback                           0x000215d9   Thumb Code     2  hal_adc.o(i.saadc_callback)
    saadc_init                               0x000215dd   Thumb Code    52  hal_adc.o(i.saadc_init)
    saadc_uninit                             0x0002163d   Thumb Code     4  hal_adc.o(i.saadc_uninit)
    spi_disable                              0x00022105   Thumb Code     6  hal_spi.o(i.spi_disable)
    spi_enable                               0x00022111   Thumb Code    70  hal_spi.o(i.spi_enable)
    spi_event_handler                        0x00022185   Thumb Code     8  hal_spi.o(i.spi_event_handler)
    wdt_event_handler                        0x00022749   Thumb Code     2  hal_wdt.o(i.wdt_event_handler)
    nrf_fstorage_sd                          0x00022a68   Data          32  nrf_fstorage_sd.o(.constdata)
    nrf_log_backend_rtt_api                  0x00022a88   Data          12  nrf_log_backend_rtt.o(.constdata)
    m_ram_start                              0x00022b2c   Data           4  nrf_sdh_ble.o(.constdata)
    int_mask_lookup_table                    0x00022b9d   Data          13  bmi160_1.o(.constdata)
    __ctype_table                            0x00022baa   Data         129  ctype_o.o(.constdata)
    Region$$Table$$Base                      0x000233e8   Number         0  anon$$obj.o(Region$$Table)
    Region$$Table$$Limit                     0x00023408   Number         0  anon$$obj.o(Region$$Table)
    log_const_data$$Base                     0x00023418   Number         0  nrf_ble_gatt.o(log_const_data)
    m_nrf_log_nrf_ble_gatt_logs_data_const   0x00023418   Data           8  nrf_ble_gatt.o(log_const_data)
    m_nrf_log_ble_nus_logs_data_const        0x00023420   Data           8  ble_nus.o(log_const_data)
    m_nrf_log_clock_logs_data_const          0x00023428   Data           8  nrf_drv_clock.o(log_const_data)
    m_nrf_log_CLOCK_logs_data_const          0x00023430   Data           8  nrfx_clock.o(log_const_data)
    m_nrf_log_GPIOTE_logs_data_const         0x00023438   Data           8  nrfx_gpiote.o(log_const_data)
    m_nrf_log_SAADC_logs_data_const          0x00023440   Data           8  nrfx_saadc.o(log_const_data)
    m_nrf_log_SPI_logs_data_const            0x00023448   Data           8  nrfx_spi.o(log_const_data)
    m_nrf_log_WDT_logs_data_const            0x00023450   Data           8  nrfx_wdt.o(log_const_data)
    m_nrf_log_RTC_logs_data_const            0x00023458   Data           8  nrfx_rtc.o(log_const_data)
    m_nrf_log_app_button_logs_data_const     0x00023460   Data           8  app_button.o(log_const_data)
    m_nrf_log_app_timer_logs_data_const      0x00023468   Data           8  app_timer2.o(log_const_data)
    m_nrf_log_pwr_mgmt_logs_data_const       0x00023470   Data           8  nrf_pwr_mgmt.o(log_const_data)
    m_nrf_log_sortlist_logs_data_const       0x00023478   Data           8  nrf_sortlist.o(log_const_data)
    m_nrf_log_nrf_fstorage_logs_data_const   0x00023480   Data           8  nrf_fstorage.o(log_const_data)
    m_nrf_log_app_logs_data_const            0x00023488   Data           8  nrf_log_frontend.o(log_const_data)
    m_nrf_log_nrf_sdh_logs_data_const        0x00023490   Data           8  nrf_sdh.o(log_const_data)
    m_nrf_log_nrf_sdh_ble_logs_data_const    0x00023498   Data           8  nrf_sdh_ble.o(log_const_data)
    m_nrf_log_nrf_sdh_soc_logs_data_const    0x000234a0   Data           8  nrf_sdh_soc.o(log_const_data)
    log_const_data$$Limit                    0x000234a8   Number         0  nrf_sdh_soc.o(log_const_data)
    log_mempool                              0x000234a8   Data          20  nrf_log_frontend.o(nrf_balloc)
    sdh_ble_observers0$$Base                 0x000234bc   Number         0  ble_conn_state.o(sdh_ble_observers0)
    sdh_ble_observers0$$Limit                0x000234c4   Number         0  ble_conn_state.o(sdh_ble_observers0)
    sdh_ble_observers1$$Base                 0x000234c4   Number         0  main.o(sdh_ble_observers1)
    sdh_ble_observers1$$Limit                0x000234e4   Number         0  ble_conn_params.o(sdh_ble_observers1)
    sdh_ble_observers2$$Base                 0x000234e4   Number         0  main.o(sdh_ble_observers2)
    sdh_ble_observers2$$Limit                0x000234f4   Number         0  main.o(sdh_ble_observers2)
    sdh_ble_observers3$$Base                 0x000234f4   Number         0  main.o(sdh_ble_observers3)
    m_req_obs                                0x000234fc   Data           8  nrf_fstorage_sd.o(sdh_req_observers0)
    sdh_ble_observers3$$Limit                0x000234fc   Number         0  main.o(sdh_ble_observers3)
    sdh_req_observers0$$Base                 0x000234fc   Number         0  nrf_fstorage_sd.o(sdh_req_observers0)
    sdh_req_observers0$$Limit                0x00023504   Number         0  nrf_fstorage_sd.o(sdh_req_observers0)
    sdh_soc_observers0$$Base                 0x00023504   Number         0  nrf_drv_clock.o(sdh_soc_observers0)
    sdh_soc_observers0$$Limit                0x00023514   Number         0  nrf_fstorage_sd.o(sdh_soc_observers0)
    sdh_stack_observers0$$Base               0x00023514   Number         0  nrf_sdh_ble.o(sdh_stack_observers0)
    sdh_stack_observers0$$Limit              0x00023524   Number         0  nrf_sdh_soc.o(sdh_stack_observers0)
    sdh_state_observers0$$Base               0x00023524   Number         0  nrf_drv_clock.o(sdh_state_observers0)
    sdh_state_observers0$$Limit              0x00023534   Number         0  nrf_fstorage_sd.o(sdh_state_observers0)
    Image$$RW_IRAM1$$Base                    0x200022c8   Number         0  anon$$obj.o ABSOLUTE
    rx_frame_header                          0x200022f0   Data           4  main.o(.data)
    tx_frame_header                          0x200022f4   Data           4  main.o(.data)
    bmm150                                   0x20002314   Data          60  main.o(.data)
    m_channel_id                             0x200024c5   Data           1  hal_wdt.o(.data)
    SystemCoreClock                          0x200024c8   Data           4  system_nrf52805.o(.data)
    fs_data$$Base                            0x200024cc   Number         0  nrf_flash.o(fs_data)
    fstorage                                 0x200024cc   Data          20  nrf_flash.o(fs_data)
    fs_data$$Limit                           0x200024e0   Number         0  nrf_flash.o(fs_data)
    bmi160dev                                0x20002cf4   Data          44  main.o(.bss)
    bmi160_accel                             0x20002d20   Data          12  main.o(.bss)
    bmi160_gyro                              0x20002d2c   Data          12  main.o(.bss)
    fifo_buff                                0x20002d38   Data        1024  main.o(.bss)
    fifo_frame                               0x20003138   Data          24  main.o(.bss)
    g_s_tx_frame_buf                         0x20003150   Data          32  main.o(.bss)
    nrf_nvic_state                           0x200033a0   Data          12  app_util_platform.o(.bss)
    _SEGGER_RTT                              0x20003a20   Data         120  segger_rtt.o(.bss)
    __initial_sp                             0x200046a8   Data           0  arm_startup_nrf52805.o(STACK)



==============================================================================

Memory Map of the image

  Image Entry point : 0x00019201

  Load Region LR_IROM1 (Base: 0x00019000, Size: 0x0000a74c, Max: 0x00017000, ABSOLUTE, COMPRESSED[0x0000a5b0])

    Execution Region ER_IROM1 (Exec base: 0x00019000, Load base: 0x00019000, Size: 0x0000a534, Max: 0x00017000, ABSOLUTE)

    Exec Addr    Load Addr    Size         Type   Attr      Idx    E Section Name        Object

    0x00019000   0x00019000   0x00000200   Data   RO         6783    RESET               arm_startup_nrf52805.o
    0x00019200   0x00019200   0x00000000   Code   RO         6828  * .ARM.Collect$$$$00000000  mc_w.l(entry.o)
    0x00019200   0x00019200   0x00000004   Code   RO         6894    .ARM.Collect$$$$00000001  mc_w.l(entry2.o)
    0x00019204   0x00019204   0x00000004   Code   RO         6897    .ARM.Collect$$$$00000004  mc_w.l(entry5.o)
    0x00019208   0x00019208   0x00000000   Code   RO         6899    .ARM.Collect$$$$00000008  mc_w.l(entry7b.o)
    0x00019208   0x00019208   0x00000000   Code   RO         6901    .ARM.Collect$$$$0000000A  mc_w.l(entry8b.o)
    0x00019208   0x00019208   0x00000008   Code   RO         6902    .ARM.Collect$$$$0000000B  mc_w.l(entry9a.o)
    0x00019210   0x00019210   0x00000004   Code   RO         6909    .ARM.Collect$$$$0000000E  mc_w.l(entry12b.o)
    0x00019214   0x00019214   0x00000000   Code   RO         6904    .ARM.Collect$$$$0000000F  mc_w.l(entry10a.o)
    0x00019214   0x00019214   0x00000000   Code   RO         6906    .ARM.Collect$$$$00000011  mc_w.l(entry11a.o)
    0x00019214   0x00019214   0x00000004   Code   RO         6895    .ARM.Collect$$$$00002712  mc_w.l(entry2.o)
    0x00019218   0x00019218   0x0000001a   Code   RO         3261    .emb_text           app_error_handler_keil.o
    0x00019232   0x00019232   0x00000002   PAD
    0x00019234   0x00019234   0x000000c8   Code   RO         3895    .emb_text           nrf_atfifo.o
    0x000192fc   0x000192fc   0x000000e2   Code   RO         4031    .emb_text           nrf_atomic.o
    0x000193de   0x000193de   0x00000002   PAD
    0x000193e0   0x000193e0   0x00000024   Code   RO         6784    .text               arm_startup_nrf52805.o
    0x00019404   0x00019404   0x00000062   Code   RO         6836    .text               mc_w.l(uldiv.o)
    0x00019466   0x00019466   0x0000001e   Code   RO         6838    .text               mc_w.l(llshl.o)
    0x00019484   0x00019484   0x00000008   Code   RO         6840    .text               mc_w.l(ctype_o.o)
    0x0001948c   0x0001948c   0x00000024   Code   RO         6868    .text               mc_w.l(memcpya.o)
    0x000194b0   0x000194b0   0x00000024   Code   RO         6870    .text               mc_w.l(memseta.o)
    0x000194d4   0x000194d4   0x0000000e   Code   RO         6872    .text               mc_w.l(strlen.o)
    0x000194e2   0x000194e2   0x00000012   Code   RO         6878    .text               mc_w.l(strcpy.o)
    0x000194f4   0x000194f4   0x000000e4   Code   RO         6882    .text               mf_w.l(dmul.o)
    0x000195d8   0x000195d8   0x000000de   Code   RO         6884    .text               mf_w.l(ddiv.o)
    0x000196b6   0x000196b6   0x0000002e   Code   RO         6886    .text               mf_w.l(dscalb.o)
    0x000196e4   0x000196e4   0x00000022   Code   RO         6888    .text               mf_w.l(dflti.o)
    0x00019706   0x00019706   0x0000001a   Code   RO         6890    .text               mf_w.l(dfltui.o)
    0x00019720   0x00019720   0x00000032   Code   RO         6892    .text               mf_w.l(dfixui.o)
    0x00019752   0x00019752   0x00000020   Code   RO         6911    .text               mc_w.l(llushr.o)
    0x00019772   0x00019772   0x00000000   Code   RO         6913    .text               mc_w.l(iusefp.o)
    0x00019772   0x00019772   0x000000ba   Code   RO         6915    .text               mf_w.l(depilogue.o)
    0x0001982c   0x0001982c   0x00000024   Code   RO         6917    .text               mc_w.l(init.o)
    0x00019850   0x00019850   0x00000056   Code   RO         6927    .text               mc_w.l(__dczerorl2.o)
    0x000198a6   0x000198a6   0x00000002   PAD
    0x000198a8   0x000198a8   0x000000a4   Code   RO         2297    i.GPIOTE_IRQHandler  nrfx_gpiote.o
    0x0001994c   0x0001994c   0x00000050   Code   RO         2158    i.POWER_CLOCK_IRQHandler  nrfx_clock.o
    0x0001999c   0x0001999c   0x00000010   Code   RO         3006    i.RTC0_IRQHandler   nrfx_rtc.o
    0x000199ac   0x000199ac   0x00000010   Code   RO         3681    i.RTC1_IRQHandler   drv_rtc.o
    0x000199bc   0x000199bc   0x00000148   Code   RO         2666    i.SAADC_IRQHandler  nrfx_saadc.o
    0x00019b04   0x00019b04   0x00000004   Code   RO         5235    i.SEGGER_RTT_Init   segger_rtt.o
    0x00019b08   0x00019b08   0x0000005c   Code   RO         5249    i.SEGGER_RTT_WriteNoLock  segger_rtt.o
    0x00019b64   0x00019b64   0x00000044   Code   RO         2821    i.SPIM0_SPIS0_SPI0_IRQHandler  nrfx_spi.o
    0x00019ba8   0x00019ba8   0x00000004   Code   RO         5583    i.SWI2_IRQHandler   nrf_sdh.o
    0x00019bac   0x00019bac   0x00000178   Code   RO         6792    i.SystemInit        system_nrf52805.o
    0x00019d24   0x00019d24   0x00000024   Code   RO         2935    i.WDT_IRQHandler    nrfx_wdt.o
    0x00019d48   0x00019d48   0x00000068   Code   RO         5253    i._DoInit           segger_rtt.o
    0x00019db0   0x00019db0   0x00000016   Code   RO         5254    i._GetAvailWriteSpace  segger_rtt.o
    0x00019dc6   0x00019dc6   0x0000005a   Code   RO         5256    i._WriteBlocking    segger_rtt.o
    0x00019e20   0x00019e20   0x00000042   Code   RO         5257    i._WriteNoCheck     segger_rtt.o
    0x00019e62   0x00019e62   0x0000000e   Code   RO         6921    i.__scatterload_copy  mc_w.l(handlers.o)
    0x00019e70   0x00019e70   0x00000002   Code   RO         6922    i.__scatterload_null  mc_w.l(handlers.o)
    0x00019e72   0x00019e72   0x0000000e   Code   RO         6923    i.__scatterload_zeroinit  mc_w.l(handlers.o)
    0x00019e80   0x00019e80   0x00000024   Code   RO         5584    i.__sd_nvic_app_accessible_irq  nrf_sdh.o
    0x00019ea4   0x00019ea4   0x0000000c   Code   RO         4639    i.addr_is_aligned32  nrf_fstorage.o
    0x00019eb0   0x00019eb0   0x00000018   Code   RO         4640    i.addr_is_within_bounds  nrf_fstorage.o
    0x00019ec8   0x00019ec8   0x00000008   Code   RO         1225    i.adv_set_data_size_max_get  ble_advertising.o
    0x00019ed0   0x00019ed0   0x00000036   Code   RO          962    i.advertising_buttons_configure  bsp_btn_ble.o
    0x00019f06   0x00019f06   0x00000002   PAD
    0x00019f08   0x00019f08   0x0000009c   Code   RO            4    i.advertising_init  main.o
    0x00019fa4   0x00019fa4   0x00000164   Code   RO         3283    i.app_error_fault_handler  app_error_weak.o
    0x0001a108   0x0001a108   0x00000064   Code   RO         3224    i.app_error_save_and_stop  app_error.o
    0x0001a16c   0x0001a16c   0x00000018   Code   RO            8    i.app_open_bmi160_acc  main.o
    0x0001a184   0x0001a184   0x0000013c   Code   RO            9    i.app_open_bmi160_aux  main.o
    0x0001a2c0   0x0001a2c0   0x00000138   Code   RO           10    i.app_open_bmi160_fifo  main.o
    0x0001a3f8   0x0001a3f8   0x00000014   Code   RO           11    i.app_open_bmi160_gyro  main.o
    0x0001a40c   0x0001a40c   0x00000004   Code   RO           14    i.app_timer_callback  main.o
    0x0001a410   0x0001a410   0x0000000c   Code   RO         3454    i.app_timer_cnt_get  app_timer2.o
    0x0001a41c   0x0001a41c   0x00000020   Code   RO         3455    i.app_timer_create  app_timer2.o
    0x0001a43c   0x0001a43c   0x0000005c   Code   RO         3456    i.app_timer_init    app_timer2.o
    0x0001a498   0x0001a498   0x00000054   Code   RO         3459    i.app_timer_start   app_timer2.o
    0x0001a4ec   0x0001a4ec   0x00000044   Code   RO         3460    i.app_timer_stop    app_timer2.o
    0x0001a530   0x0001a530   0x00000048   Code   RO         3613    i.app_util_critical_region_enter  app_util_platform.o
    0x0001a578   0x0001a578   0x00000034   Code   RO         3614    i.app_util_critical_region_exit  app_util_platform.o
    0x0001a5ac   0x0001a5ac   0x00000048   Code   RO         1589    i.blcm_link_ctx_get  ble_link_ctx_manager.o
    0x0001a5f4   0x0001a5f4   0x00000040   Code   RO           16    i.ble_adv_stop      main.o
    0x0001a634   0x0001a634   0x00000182   Code   RO         1116    i.ble_advdata_encode  ble_advdata.o
    0x0001a7b6   0x0001a7b6   0x00000020   Code   RO         1118    i.ble_advdata_parse  ble_advdata.o
    0x0001a7d6   0x0001a7d6   0x00000046   Code   RO         1119    i.ble_advdata_search  ble_advdata.o
    0x0001a81c   0x0001a81c   0x00000006   Code   RO         1227    i.ble_advertising_conn_cfg_tag_set  ble_advertising.o
    0x0001a822   0x0001a822   0x000000f8   Code   RO         1228    i.ble_advertising_init  ble_advertising.o
    0x0001a91a   0x0001a91a   0x0000006a   Code   RO         1230    i.ble_advertising_on_ble_evt  ble_advertising.o
    0x0001a984   0x0001a984   0x00000202   Code   RO         1233    i.ble_advertising_start  ble_advertising.o
    0x0001ab86   0x0001ab86   0x00000002   PAD
    0x0001ab88   0x0001ab88   0x00000068   Code   RO         1337    i.ble_conn_params_init  ble_conn_params.o
    0x0001abf0   0x0001abf0   0x00000012   Code   RO         1421    i.ble_conn_state_conn_idx  ble_conn_state.o
    0x0001ac02   0x0001ac02   0x00000002   PAD
    0x0001ac04   0x0001ac04   0x00000014   Code   RO         1435    i.ble_conn_state_valid  ble_conn_state.o
    0x0001ac18   0x0001ac18   0x00000060   Code   RO         1122    i.ble_device_addr_encode  ble_advdata.o
    0x0001ac78   0x0001ac78   0x00000160   Code   RO           17    i.ble_evt_handler   main.o
    0x0001add8   0x0001add8   0x00000070   Code   RO          963    i.ble_evt_handler   bsp_btn_ble.o
    0x0001ae48   0x0001ae48   0x000000fc   Code   RO         1339    i.ble_evt_handler   ble_conn_params.o
    0x0001af44   0x0001af44   0x00000148   Code   RO         1436    i.ble_evt_handler   ble_conn_state.o
    0x0001b08c   0x0001b08c   0x00000066   Code   RO         1798    i.ble_nus_data_send  ble_nus.o
    0x0001b0f2   0x0001b0f2   0x00000002   PAD
    0x0001b0f4   0x0001b0f4   0x000000d4   Code   RO         1799    i.ble_nus_init      ble_nus.o
    0x0001b1c8   0x0001b1c8   0x00000078   Code   RO         1800    i.ble_nus_on_ble_evt  ble_nus.o
    0x0001b240   0x0001b240   0x0000004c   Code   RO           18    i.ble_send_data     main.o
    0x0001b28c   0x0001b28c   0x0000009c   Code   RO           19    i.ble_send_event    main.o
    0x0001b328   0x0001b328   0x00000070   Code   RO           20    i.ble_send_packet   main.o
    0x0001b398   0x0001b398   0x00000140   Code   RO           21    i.ble_send_ram_and_flash_sensor_data  main.o
    0x0001b4d8   0x0001b4d8   0x00000008   Code   RO         1618    i.ble_srv_is_notification_enabled  ble_srv_common.o
    0x0001b4e0   0x0001b4e0   0x00000044   Code   RO           22    i.ble_stack_init    main.o
    0x0001b524   0x0001b524   0x0000000c   Code   RO           23    i.bm_mcu_int2_callback  main.o
    0x0001b530   0x0001b530   0x00000070   Code   RO         6088    i.bmi160_aux_init   bmi160_1.o
    0x0001b5a0   0x0001b5a0   0x00000048   Code   RO         6089    i.bmi160_aux_read   bmi160_1.o
    0x0001b5e8   0x0001b5e8   0x0000006c   Code   RO         6090    i.bmi160_aux_write  bmi160_1.o
    0x0001b654   0x0001b654   0x00000066   Code   RO         6091    i.bmi160_config_aux_mode  bmi160_1.o
    0x0001b6ba   0x0001b6ba   0x00000034   Code   RO         6099    i.bmi160_get_regs   bmi160_1.o
    0x0001b6ee   0x0001b6ee   0x00000054   Code   RO         6101    i.bmi160_get_sensor_data  bmi160_1.o
    0x0001b742   0x0001b742   0x0000005c   Code   RO         6102    i.bmi160_init       bmi160_1.o
    0x0001b79e   0x0001b79e   0x00000078   Code   RO         6106    i.bmi160_set_aux_auto_mode  bmi160_1.o
    0x0001b816   0x0001b816   0x00000080   Code   RO         6107    i.bmi160_set_fifo_config  bmi160_1.o
    0x0001b896   0x0001b896   0x00000020   Code   RO         6109    i.bmi160_set_fifo_flush  bmi160_1.o
    0x0001b8b6   0x0001b8b6   0x0000016c   Code   RO         6111    i.bmi160_set_int_config  bmi160_1.o
    0x0001ba22   0x0001ba22   0x000000ae   Code   RO         6113    i.bmi160_set_power_mode  bmi160_1.o
    0x0001bad0   0x0001bad0   0x0000008a   Code   RO         6114    i.bmi160_set_regs   bmi160_1.o
    0x0001bb5a   0x0001bb5a   0x000000da   Code   RO         6115    i.bmi160_set_sens_conf  bmi160_1.o
    0x0001bc34   0x0001bc34   0x0000006e   Code   RO         6117    i.bmi160_soft_reset  bmi160_1.o
    0x0001bca2   0x0001bca2   0x00000002   PAD
    0x0001bca4   0x0001bca4   0x00000018   Code   RO           25    i.bmm150_aux_read   main.o
    0x0001bcbc   0x0001bcbc   0x00000018   Code   RO           26    i.bmm150_aux_write  main.o
    0x0001bcd4   0x0001bcd4   0x0000003a   Code   RO         6532    i.bmm150_get_regs   bmm150.o
    0x0001bd0e   0x0001bd0e   0x00000050   Code   RO         6534    i.bmm150_init       bmm150.o
    0x0001bd5e   0x0001bd5e   0x00000096   Code   RO         6536    i.bmm150_read_mag_data  bmm150.o
    0x0001bdf4   0x0001bdf4   0x00000044   Code   RO         6537    i.bmm150_set_op_mode  bmm150.o
    0x0001be38   0x0001be38   0x0000006a   Code   RO         6538    i.bmm150_set_presetmode  bmm150.o
    0x0001bea2   0x0001bea2   0x00000032   Code   RO         6539    i.bmm150_set_regs   bmm150.o
    0x0001bed4   0x0001bed4   0x0000000c   Code   RO          671    i.bsp_board_button_idx_to_pin  boards.o
    0x0001bee0   0x0001bee0   0x00000024   Code   RO          675    i.bsp_board_led_invert  boards.o
    0x0001bf04   0x0001bf04   0x00000010   Code   RO          676    i.bsp_board_led_off  boards.o
    0x0001bf14   0x0001bf14   0x00000010   Code   RO          677    i.bsp_board_led_on  boards.o
    0x0001bf24   0x0001bf24   0x00000020   Code   RO          678    i.bsp_board_led_state_get  boards.o
    0x0001bf44   0x0001bf44   0x00000012   Code   RO          679    i.bsp_board_leds_off  boards.o
    0x0001bf56   0x0001bf56   0x00000012   Code   RO          680    i.bsp_board_leds_on  boards.o
    0x0001bf68   0x0001bf68   0x00000024   Code   RO          681    i.bsp_board_pin_to_button_idx  boards.o
    0x0001bf8c   0x0001bf8c   0x0000001e   Code   RO          965    i.bsp_btn_ble_sleep_mode_prepare  bsp_btn_ble.o
    0x0001bfaa   0x0001bfaa   0x00000002   PAD
    0x0001bfac   0x0001bfac   0x00000090   Code   RO          830    i.bsp_button_event_handler  bsp.o
    0x0001c03c   0x0001c03c   0x00000044   Code   RO          834    i.bsp_event_to_button_action_assign  bsp.o
    0x0001c080   0x0001c080   0x00000018   Code   RO          835    i.bsp_indication_set  bsp.o
    0x0001c098   0x0001c098   0x000001c8   Code   RO          837    i.bsp_led_indication  bsp.o
    0x0001c260   0x0001c260   0x00000006   Code   RO          839    i.bsp_wakeup_button_enable  bsp.o
    0x0001c266   0x0001c266   0x00000002   PAD
    0x0001c268   0x0001c268   0x00000094   Code   RO         4983    i.buf_prealloc      nrf_log_frontend.o
    0x0001c2fc   0x0001c2fc   0x0000002e   Code   RO         4243    i.buffer_add        nrf_fprintf_format.o
    0x0001c32a   0x0001c32a   0x00000002   PAD
    0x0001c32c   0x0001c32c   0x00000018   Code   RO         4984    i.buffer_is_empty   nrf_log_frontend.o
    0x0001c344   0x0001c344   0x00000018   Code   RO         6763    i.calc_checksum     sys_plugin.o
    0x0001c35c   0x0001c35c   0x0000001c   Code   RO         2298    i.channel_free      nrfx_gpiote.o
    0x0001c378   0x0001c378   0x00000048   Code   RO         2299    i.channel_port_alloc  nrfx_gpiote.o
    0x0001c3c0   0x0001c3c0   0x00000010   Code   RO         2300    i.channel_port_get  nrfx_gpiote.o
    0x0001c3d0   0x0001c3d0   0x00000190   Code   RO         1620    i.characteristic_add  ble_srv_common.o
    0x0001c560   0x0001c560   0x0000001c   Code   RO           27    i.charger_sta_detect_callback  main.o
    0x0001c57c   0x0001c57c   0x00000074   Code   RO         6120    i.check_accel_config  bmi160_1.o
    0x0001c5f0   0x0001c5f0   0x00000022   Code   RO           28    i.check_flash_data_is_valid  main.o
    0x0001c612   0x0001c612   0x0000006e   Code   RO         6122    i.check_gyro_config  bmi160_1.o
    0x0001c680   0x0001c680   0x00000028   Code   RO         1859    i.clock_clk_started_notify  nrf_drv_clock.o
    0x0001c6a8   0x0001c6a8   0x0000001c   Code   RO         1860    i.clock_irq_handler  nrf_drv_clock.o
    0x0001c6c4   0x0001c6c4   0x00000018   Code   RO         3462    i.compare_func      app_timer2.o
    0x0001c6dc   0x0001c6dc   0x0000007c   Code   RO         6542    i.compensate_x      bmm150.o
    0x0001c758   0x0001c758   0x00000078   Code   RO         6543    i.compensate_y      bmm150.o
    0x0001c7d0   0x0001c7d0   0x00000070   Code   RO         6544    i.compensate_z      bmm150.o
    0x0001c840   0x0001c840   0x000000c8   Code   RO         6123    i.config_any_motion_int_settg  bmi160_1.o
    0x0001c908   0x0001c908   0x0000006a   Code   RO         6124    i.config_int_latch  bmi160_1.o
    0x0001c972   0x0001c972   0x00000002   PAD
    0x0001c974   0x0001c974   0x0000009c   Code   RO         6125    i.config_int_out_ctrl  bmi160_1.o
    0x0001ca10   0x0001ca10   0x00000080   Code   RO         6126    i.config_no_motion_dur_thr  bmi160_1.o
    0x0001ca90   0x0001ca90   0x0000007c   Code   RO         6127    i.config_orient_int_settg  bmi160_1.o
    0x0001cb0c   0x0001cb0c   0x00000074   Code   RO         6128    i.config_sig_dur_threshold  bmi160_1.o
    0x0001cb80   0x0001cb80   0x0000009a   Code   RO         6129    i.config_step_detect  bmi160_1.o
    0x0001cc1a   0x0001cc1a   0x00000076   Code   RO         6130    i.config_tap_param  bmi160_1.o
    0x0001cc90   0x0001cc90   0x0000003e   Code   RO         1437    i.conn_handle_list_get  ble_conn_state.o
    0x0001ccce   0x0001ccce   0x00000088   Code   RO         1123    i.conn_int_encode   ble_advdata.o
    0x0001cd56   0x0001cd56   0x00000002   PAD
    0x0001cd58   0x0001cd58   0x00000018   Code   RO           29    i.conn_params_error_handler  main.o
    0x0001cd70   0x0001cd70   0x00000048   Code   RO         1340    i.conn_params_negotiation  ble_conn_params.o
    0x0001cdb8   0x0001cdb8   0x00000014   Code   RO         4985    i.dropped_sat16_get  nrf_log_frontend.o
    0x0001cdcc   0x0001cdcc   0x00000014   Code   RO         3682    i.drv_rtc_compare_disable  drv_rtc.o
    0x0001cde0   0x0001cde0   0x0000000e   Code   RO         3685    i.drv_rtc_compare_pending  drv_rtc.o
    0x0001cdee   0x0001cdee   0x00000050   Code   RO         3686    i.drv_rtc_compare_set  drv_rtc.o
    0x0001ce3e   0x0001ce3e   0x00000008   Code   RO         3687    i.drv_rtc_counter_get  drv_rtc.o
    0x0001ce46   0x0001ce46   0x00000002   PAD
    0x0001ce48   0x0001ce48   0x000000d4   Code   RO         3688    i.drv_rtc_init      drv_rtc.o
    0x0001cf1c   0x0001cf1c   0x0000001a   Code   RO         3689    i.drv_rtc_irq_trigger  drv_rtc.o
    0x0001cf36   0x0001cf36   0x00000008   Code   RO         3691    i.drv_rtc_overflow_enable  drv_rtc.o
    0x0001cf3e   0x0001cf3e   0x00000008   Code   RO         3692    i.drv_rtc_overflow_pending  drv_rtc.o
    0x0001cf46   0x0001cf46   0x00000008   Code   RO         3693    i.drv_rtc_start     drv_rtc.o
    0x0001cf4e   0x0001cf4e   0x00000008   Code   RO         3694    i.drv_rtc_stop      drv_rtc.o
    0x0001cf56   0x0001cf56   0x000000de   Code   RO         3699    i.drv_rtc_windowed_compare_set  drv_rtc.o
    0x0001d034   0x0001d034   0x00000076   Code   RO         6131    i.enable_accel_any_motion_int  bmi160_1.o
    0x0001d0aa   0x0001d0aa   0x00000002   PAD
    0x0001d0ac   0x0001d0ac   0x0000004c   Code   RO         4729    i.erase             nrf_fstorage_sd.o
    0x0001d0f8   0x0001d0f8   0x00000024   Code   RO           30    i.erase_save_sensor_flash_sector  main.o
    0x0001d11c   0x0001d11c   0x00000054   Code   RO         4730    i.event_send        nrf_fstorage_sd.o
    0x0001d170   0x0001d170   0x00000012   Code   RO         3700    i.evt_enable        drv_rtc.o
    0x0001d182   0x0001d182   0x00000014   Code   RO         3701    i.evt_pending       drv_rtc.o
    0x0001d196   0x0001d196   0x00000094   Code   RO         6134    i.extract_aux_read  bmi160_1.o
    0x0001d22a   0x0001d22a   0x0000000a   Code   RO         1438    i.flag_toggle       ble_conn_state.o
    0x0001d234   0x0001d234   0x00000028   Code   RO         1235    i.flags_set         ble_advertising.o
    0x0001d25c   0x0001d25c   0x00000028   Code   RO         5798    i.fstorage_evt_handler  nrf_flash.o
    0x0001d284   0x0001d284   0x00000068   Code   RO           31    i.gap_params_init   main.o
    0x0001d2ec   0x0001d2ec   0x00000080   Code   RO           32    i.gatt_evt_handler  main.o
    0x0001d36c   0x0001d36c   0x0000004c   Code   RO           33    i.gatt_init         main.o
    0x0001d3b8   0x0001d3b8   0x0000006a   Code   RO         6136    i.get_accel_data    bmi160_1.o
    0x0001d422   0x0001d422   0x000000a2   Code   RO         6137    i.get_accel_gyro_data  bmi160_1.o
    0x0001d4c4   0x0001d4c4   0x00000054   Code   RO         6036    i.get_adc_voltage   hal_adc.o
    0x0001d518   0x0001d518   0x000000a6   Code   RO         6140    i.get_gyro_data     bmi160_1.o
    0x0001d5be   0x0001d5be   0x00000002   PAD
    0x0001d5c0   0x0001d5c0   0x00000034   Code   RO         3463    i.get_now           app_timer2.o
    0x0001d5f4   0x0001d5f4   0x00000060   Code   RO         5799    i.hal_flash_erase   nrf_flash.o
    0x0001d654   0x0001d654   0x00000014   Code   RO         5800    i.hal_flash_init    nrf_flash.o
    0x0001d668   0x0001d668   0x00000060   Code   RO         5801    i.hal_flash_read    nrf_flash.o
    0x0001d6c8   0x0001d6c8   0x00000010   Code   RO         5858    i.hal_led_init      hal_led.o
    0x0001d6d8   0x0001d6d8   0x00000012   Code   RO         5859    i.hal_led_off       hal_led.o
    0x0001d6ea   0x0001d6ea   0x00000012   Code   RO         5860    i.hal_led_on        hal_led.o
    0x0001d6fc   0x0001d6fc   0x0000000c   Code   RO         5975    i.hal_wdt_feed      hal_wdt.o
    0x0001d708   0x0001d708   0x0000006c   Code   RO         5976    i.hal_wdt_init      hal_wdt.o
    0x0001d774   0x0001d774   0x00000078   Code   RO           34    i.idle_state_handle  main.o
    0x0001d7ec   0x0001d7ec   0x00000034   Code   RO         4731    i.init              nrf_fstorage_sd.o
    0x0001d820   0x0001d820   0x000000e8   Code   RO           35    i.init_bmi160       main.o
    0x0001d908   0x0001d908   0x00000014   Code   RO         1341    i.instance_get      ble_conn_params.o
    0x0001d91c   0x0001d91c   0x000000a6   Code   RO         4244    i.int_print         nrf_fprintf_format.o
    0x0001d9c2   0x0001d9c2   0x00000034   Code   RO         4986    i.invalid_packets_omit  nrf_log_frontend.o
    0x0001d9f6   0x0001d9f6   0x00000002   PAD
    0x0001d9f8   0x0001d9f8   0x000000a0   Code   RO         3007    i.irq_handler       nrfx_rtc.o
    0x0001da98   0x0001da98   0x00000010   Code   RO         4732    i.is_busy           nrf_fstorage_sd.o
    0x0001daa8   0x0001daa8   0x00000044   Code   RO         1342    i.is_conn_params_ok  ble_conn_params.o
    0x0001daec   0x0001daec   0x00000030   Code   RO          841    i.leds_off          bsp.o
    0x0001db1c   0x0001db1c   0x00000010   Code   RO         1678    i.link_init         nrf_ble_gatt.o
    0x0001db2c   0x0001db2c   0x00000002   Code   RO         4987    i.log_pending_hook  nrf_log_frontend.o
    0x0001db2e   0x0001db2e   0x00000002   PAD
    0x0001db30   0x0001db30   0x000000a4   Code   RO         4988    i.log_skip          nrf_log_frontend.o
    0x0001dbd4   0x0001dbd4   0x000003f0   Code   RO           36    i.main              main.o
    0x0001dfc4   0x0001dfc4   0x00000064   Code   RO         1124    i.manuf_specific_data_encode  ble_advdata.o
    0x0001e028   0x0001e028   0x0000007c   Code   RO         6142    i.map_feature_interrupt  bmi160_1.o
    0x0001e0a4   0x0001e0a4   0x00000078   Code   RO         6143    i.map_hardware_interrupt  bmi160_1.o
    0x0001e11c   0x0001e11c   0x0000007e   Code   RO         4283    i.memobj_op         nrf_memobj.o
    0x0001e19a   0x0001e19a   0x00000002   PAD
    0x0001e19c   0x0001e19c   0x00000030   Code   RO         4989    i.module_idx_get    nrf_log_frontend.o
    0x0001e1cc   0x0001e1cc   0x000000a6   Code   RO         1125    i.name_encode       ble_advdata.o
    0x0001e272   0x0001e272   0x00000002   PAD
    0x0001e274   0x0001e274   0x00000048   Code   RO         5906    i.nrf52_read_spi    hal_spi.o
    0x0001e2bc   0x0001e2bc   0x00000044   Code   RO         5907    i.nrf52_write_spi   hal_spi.o
    0x0001e300   0x0001e300   0x00000010   Code   RO         3897    i.nrf_atfifo_clear  nrf_atfifo.o
    0x0001e310   0x0001e310   0x00000026   Code   RO         3899    i.nrf_atfifo_init   nrf_atfifo.o
    0x0001e336   0x0001e336   0x00000016   Code   RO         3900    i.nrf_atfifo_item_alloc  nrf_atfifo.o
    0x0001e34c   0x0001e34c   0x00000016   Code   RO         3901    i.nrf_atfifo_item_free  nrf_atfifo.o
    0x0001e362   0x0001e362   0x00000016   Code   RO         3902    i.nrf_atfifo_item_get  nrf_atfifo.o
    0x0001e378   0x0001e378   0x00000016   Code   RO         3903    i.nrf_atfifo_item_put  nrf_atfifo.o
    0x0001e38e   0x0001e38e   0x00000016   Code   RO         3965    i.nrf_atflags_clear  nrf_atflags.o
    0x0001e3a4   0x0001e3a4   0x00000016   Code   RO         3970    i.nrf_atflags_get   nrf_atflags.o
    0x0001e3ba   0x0001e3ba   0x00000014   Code   RO         3972    i.nrf_atflags_set   nrf_atflags.o
    0x0001e3ce   0x0001e3ce   0x00000006   Code   RO         4033    i.nrf_atomic_flag_clear_fetch  nrf_atomic.o
    0x0001e3d4   0x0001e3d4   0x00000006   Code   RO         4034    i.nrf_atomic_flag_set  nrf_atomic.o
    0x0001e3da   0x0001e3da   0x00000006   Code   RO         4035    i.nrf_atomic_flag_set_fetch  nrf_atomic.o
    0x0001e3e0   0x0001e3e0   0x0000000c   Code   RO         4036    i.nrf_atomic_u32_add  nrf_atomic.o
    0x0001e3ec   0x0001e3ec   0x0000000c   Code   RO         4037    i.nrf_atomic_u32_and  nrf_atomic.o
    0x0001e3f8   0x0001e3f8   0x0000000a   Code   RO         4040    i.nrf_atomic_u32_fetch_and  nrf_atomic.o
    0x0001e402   0x0001e402   0x0000000a   Code   RO         4041    i.nrf_atomic_u32_fetch_or  nrf_atomic.o
    0x0001e40c   0x0001e40c   0x0000000a   Code   RO         4042    i.nrf_atomic_u32_fetch_store  nrf_atomic.o
    0x0001e416   0x0001e416   0x0000000c   Code   RO         4046    i.nrf_atomic_u32_or  nrf_atomic.o
    0x0001e422   0x0001e422   0x0000000c   Code   RO         4048    i.nrf_atomic_u32_sub  nrf_atomic.o
    0x0001e42e   0x0001e42e   0x00000044   Code   RO         4167    i.nrf_balloc_alloc  nrf_balloc.o
    0x0001e472   0x0001e472   0x00000030   Code   RO         4168    i.nrf_balloc_free   nrf_balloc.o
    0x0001e4a2   0x0001e4a2   0x00000030   Code   RO         4169    i.nrf_balloc_init   nrf_balloc.o
    0x0001e4d2   0x0001e4d2   0x00000010   Code   RO         2301    i.nrf_bitmask_bit_is_set  nrfx_gpiote.o
    0x0001e4e2   0x0001e4e2   0x00000018   Code   RO         1680    i.nrf_ble_gatt_att_mtu_periph_set  nrf_ble_gatt.o
    0x0001e4fa   0x0001e4fa   0x00000022   Code   RO         1682    i.nrf_ble_gatt_init  nrf_ble_gatt.o
    0x0001e51c   0x0001e51c   0x000000d8   Code   RO         1683    i.nrf_ble_gatt_on_ble_evt  nrf_ble_gatt.o
    0x0001e5f4   0x0001e5f4   0x00000016   Code   RO         1754    i.nrf_ble_qwr_conn_handle_assign  nrf_ble_qwr.o
    0x0001e60a   0x0001e60a   0x00000024   Code   RO         1755    i.nrf_ble_qwr_init  nrf_ble_qwr.o
    0x0001e62e   0x0001e62e   0x000000b6   Code   RO         1756    i.nrf_ble_qwr_on_ble_evt  nrf_ble_qwr.o
    0x0001e6e4   0x0001e6e4   0x0000000e   Code   RO         2159    i.nrf_clock_event_check  nrfx_clock.o
    0x0001e6f2   0x0001e6f2   0x00000010   Code   RO         2160    i.nrf_clock_event_clear  nrfx_clock.o
    0x0001e702   0x0001e702   0x00000002   PAD
    0x0001e704   0x0001e704   0x00000020   Code   RO           37    i.nrf_delay_ms      main.o
    0x0001e724   0x0001e724   0x00000040   Code   RO         1867    i.nrf_drv_clock_init  nrf_drv_clock.o
    0x0001e764   0x0001e764   0x00000034   Code   RO         1871    i.nrf_drv_clock_lfclk_release  nrf_drv_clock.o
    0x0001e798   0x0001e798   0x00000028   Code   RO         2620    i.nrf_drv_spi_init  nrf_drv_spi.o
    0x0001e7c0   0x0001e7c0   0x00000016   Code   RO         5908    i.nrf_drv_spi_transfer  hal_spi.o
    0x0001e7d6   0x0001e7d6   0x00000010   Code   RO         5803    i.nrf_flash_wait_ready  nrf_flash.o
    0x0001e7e6   0x0001e7e6   0x0000001a   Code   RO         4204    i.nrf_fprintf       nrf_fprintf.o
    0x0001e800   0x0001e800   0x00000018   Code   RO         4205    i.nrf_fprintf_buffer_flush  nrf_fprintf.o
    0x0001e818   0x0001e818   0x000001da   Code   RO         4245    i.nrf_fprintf_fmt   nrf_fprintf_format.o
    0x0001e9f2   0x0001e9f2   0x00000002   PAD
    0x0001e9f4   0x0001e9f4   0x00000138   Code   RO         4641    i.nrf_fstorage_erase  nrf_fstorage.o
    0x0001eb2c   0x0001eb2c   0x00000094   Code   RO         4642    i.nrf_fstorage_init  nrf_fstorage.o
    0x0001ebc0   0x0001ebc0   0x00000050   Code   RO         4643    i.nrf_fstorage_is_busy  nrf_fstorage.o
    0x0001ec10   0x0001ec10   0x00000160   Code   RO         4644    i.nrf_fstorage_read  nrf_fstorage.o
    0x0001ed70   0x0001ed70   0x00000018   Code   RO         4733    i.nrf_fstorage_sdh_req_handler  nrf_fstorage_sd.o
    0x0001ed88   0x0001ed88   0x00000020   Code   RO         4734    i.nrf_fstorage_sdh_state_handler  nrf_fstorage_sd.o
    0x0001eda8   0x0001eda8   0x000000a4   Code   RO         4735    i.nrf_fstorage_sys_evt_handler  nrf_fstorage_sd.o
    0x0001ee4c   0x0001ee4c   0x00000024   Code   RO           38    i.nrf_gpio_cfg      main.o
    0x0001ee70   0x0001ee70   0x00000024   Code   RO         2302    i.nrf_gpio_cfg      nrfx_gpiote.o
    0x0001ee94   0x0001ee94   0x00000024   Code   RO         2822    i.nrf_gpio_cfg      nrfx_spi.o
    0x0001eeb8   0x0001eeb8   0x00000012   Code   RO           39    i.nrf_gpio_cfg_default  main.o
    0x0001eeca   0x0001eeca   0x00000014   Code   RO           40    i.nrf_gpio_cfg_output  main.o
    0x0001eede   0x0001eede   0x00000014   Code   RO         2823    i.nrf_gpio_cfg_output  nrfx_spi.o
    0x0001eef2   0x0001eef2   0x00000022   Code   RO         2304    i.nrf_gpio_cfg_sense_set  nrfx_gpiote.o
    0x0001ef14   0x0001ef14   0x0000002c   Code   RO         2305    i.nrf_gpio_latches_read_and_clear  nrfx_gpiote.o
    0x0001ef40   0x0001ef40   0x0000001e   Code   RO         2306    i.nrf_gpio_pin_present_check  nrfx_gpiote.o
    0x0001ef5e   0x0001ef5e   0x0000000e   Code   RO           41    i.nrf_gpio_pin_set  main.o
    0x0001ef6c   0x0001ef6c   0x0000000e   Code   RO         2824    i.nrf_gpio_pin_set  nrfx_spi.o
    0x0001ef7a   0x0001ef7a   0x00000016   Code   RO          684    i.nrf_gpio_pin_write  boards.o
    0x0001ef90   0x0001ef90   0x00000014   Code   RO         2307    i.nrf_gpiote_event_clear  nrfx_gpiote.o
    0x0001efa4   0x0001efa4   0x00000010   Code   RO         2308    i.nrf_gpiote_event_is_set  nrfx_gpiote.o
    0x0001efb4   0x0001efb4   0x0000005c   Code   RO         4990    i.nrf_log_backend_add  nrf_log_frontend.o
    0x0001f010   0x0001f010   0x00000002   Code   RO         4841    i.nrf_log_backend_rtt_flush  nrf_log_backend_rtt.o
    0x0001f012   0x0001f012   0x00000004   Code   RO         4842    i.nrf_log_backend_rtt_init  nrf_log_backend_rtt.o
    0x0001f016   0x0001f016   0x00000002   Code   RO         4843    i.nrf_log_backend_rtt_panic_set  nrf_log_backend_rtt.o
    0x0001f018   0x0001f018   0x00000018   Code   RO         4844    i.nrf_log_backend_rtt_put  nrf_log_backend_rtt.o
    0x0001f030   0x0001f030   0x000000c2   Code   RO         4910    i.nrf_log_backend_serial_put  nrf_log_backend_serial.o
    0x0001f0f2   0x0001f0f2   0x00000002   PAD
    0x0001f0f4   0x0001f0f4   0x00000030   Code   RO         4992    i.nrf_log_color_id_get  nrf_log_frontend.o
    0x0001f124   0x0001f124   0x0000001c   Code   RO         4944    i.nrf_log_default_backends_init  nrf_log_default_backends.o
    0x0001f140   0x0001f140   0x00000234   Code   RO         4993    i.nrf_log_frontend_dequeue  nrf_log_frontend.o
    0x0001f374   0x0001f374   0x00000008   Code   RO         4995    i.nrf_log_frontend_std_0  nrf_log_frontend.o
    0x0001f37c   0x0001f37c   0x0000000e   Code   RO         4996    i.nrf_log_frontend_std_1  nrf_log_frontend.o
    0x0001f38a   0x0001f38a   0x00000010   Code   RO         4997    i.nrf_log_frontend_std_2  nrf_log_frontend.o
    0x0001f39a   0x0001f39a   0x00000012   Code   RO         4998    i.nrf_log_frontend_std_3  nrf_log_frontend.o
    0x0001f3ac   0x0001f3ac   0x0000001c   Code   RO         5000    i.nrf_log_frontend_std_5  nrf_log_frontend.o
    0x0001f3c8   0x0001f3c8   0x000000b0   Code   RO         5176    i.nrf_log_hexdump_entry_process  nrf_log_str_formatter.o
    0x0001f478   0x0001f478   0x00000028   Code   RO         5002    i.nrf_log_init      nrf_log_frontend.o
    0x0001f4a0   0x0001f4a0   0x00000014   Code   RO         5003    i.nrf_log_module_cnt_get  nrf_log_frontend.o
    0x0001f4b4   0x0001f4b4   0x0000001c   Code   RO         5006    i.nrf_log_module_name_get  nrf_log_frontend.o
    0x0001f4d0   0x0001f4d0   0x00000028   Code   RO         5007    i.nrf_log_panic     nrf_log_frontend.o
    0x0001f4f8   0x0001f4f8   0x000000b6   Code   RO         5177    i.nrf_log_std_entry_process  nrf_log_str_formatter.o
    0x0001f5ae   0x0001f5ae   0x00000060   Code   RO         4284    i.nrf_memobj_alloc  nrf_memobj.o
    0x0001f60e   0x0001f60e   0x00000032   Code   RO         4285    i.nrf_memobj_free   nrf_memobj.o
    0x0001f640   0x0001f640   0x00000008   Code   RO         4286    i.nrf_memobj_get    nrf_memobj.o
    0x0001f648   0x0001f648   0x00000004   Code   RO         4287    i.nrf_memobj_pool_init  nrf_memobj.o
    0x0001f64c   0x0001f64c   0x0000001e   Code   RO         4288    i.nrf_memobj_put    nrf_memobj.o
    0x0001f66a   0x0001f66a   0x00000010   Code   RO         4289    i.nrf_memobj_read   nrf_memobj.o
    0x0001f67a   0x0001f67a   0x00000010   Code   RO         4290    i.nrf_memobj_write  nrf_memobj.o
    0x0001f68a   0x0001f68a   0x00000002   PAD
    0x0001f68c   0x0001f68c   0x00000028   Code   RO         4362    i.nrf_pwr_mgmt_init  nrf_pwr_mgmt.o
    0x0001f6b4   0x0001f6b4   0x00000014   Code   RO         4363    i.nrf_pwr_mgmt_run  nrf_pwr_mgmt.o
    0x0001f6c8   0x0001f6c8   0x00000018   Code   RO           42    i.nrf_qwr_error_handler  main.o
    0x0001f6e0   0x0001f6e0   0x0000001c   Code   RO         4439    i.nrf_ringbuf_init  nrf_ringbuf.o
    0x0001f6fc   0x0001f6fc   0x0000000c   Code   RO         3008    i.nrf_rtc_event_clear  nrfx_rtc.o
    0x0001f708   0x0001f708   0x0000000c   Code   RO         3702    i.nrf_rtc_event_clear  drv_rtc.o
    0x0001f714   0x0001f714   0x00000010   Code   RO         2667    i.nrf_saadc_buffer_init  nrfx_saadc.o
    0x0001f724   0x0001f724   0x00000014   Code   RO         2668    i.nrf_saadc_channel_input_set  nrfx_saadc.o
    0x0001f738   0x0001f738   0x00000010   Code   RO         2669    i.nrf_saadc_event_check  nrfx_saadc.o
    0x0001f748   0x0001f748   0x00000014   Code   RO         2670    i.nrf_saadc_event_clear  nrfx_saadc.o
    0x0001f75c   0x0001f75c   0x00000010   Code   RO         2671    i.nrf_saadc_limit_int_get  nrfx_saadc.o
    0x0001f76c   0x0001f76c   0x00000014   Code   RO         5704    i.nrf_sdh_ble_app_ram_start_get  nrf_sdh_ble.o
    0x0001f780   0x0001f780   0x00000128   Code   RO         5705    i.nrf_sdh_ble_default_cfg_set  nrf_sdh_ble.o
    0x0001f8a8   0x0001f8a8   0x000001c8   Code   RO         5706    i.nrf_sdh_ble_enable  nrf_sdh_ble.o
    0x0001fa70   0x0001fa70   0x000000a8   Code   RO         5707    i.nrf_sdh_ble_evts_poll  nrf_sdh_ble.o
    0x0001fb18   0x0001fb18   0x00000054   Code   RO         5585    i.nrf_sdh_disable_request  nrf_sdh.o
    0x0001fb6c   0x0001fb6c   0x00000074   Code   RO         5586    i.nrf_sdh_enable_request  nrf_sdh.o
    0x0001fbe0   0x0001fbe0   0x00000024   Code   RO         5587    i.nrf_sdh_evts_poll  nrf_sdh.o
    0x0001fc04   0x0001fc04   0x0000000c   Code   RO         5588    i.nrf_sdh_is_enabled  nrf_sdh.o
    0x0001fc10   0x0001fc10   0x0000001c   Code   RO         5590    i.nrf_sdh_request_continue  nrf_sdh.o
    0x0001fc2c   0x0001fc2c   0x00000080   Code   RO         5763    i.nrf_sdh_soc_evts_poll  nrf_sdh_soc.o
    0x0001fcac   0x0001fcac   0x0000000a   Code   RO         4497    i.nrf_section_iter_init  nrf_section_iter.o
    0x0001fcb6   0x0001fcb6   0x00000024   Code   RO         4498    i.nrf_section_iter_item_set  nrf_section_iter.o
    0x0001fcda   0x0001fcda   0x00000020   Code   RO         4499    i.nrf_section_iter_next  nrf_section_iter.o
    0x0001fcfa   0x0001fcfa   0x00000022   Code   RO         4532    i.nrf_sortlist_add  nrf_sortlist.o
    0x0001fd1c   0x0001fd1c   0x00000006   Code   RO         4534    i.nrf_sortlist_peek  nrf_sortlist.o
    0x0001fd22   0x0001fd22   0x0000000e   Code   RO         4535    i.nrf_sortlist_pop  nrf_sortlist.o
    0x0001fd30   0x0001fd30   0x0000001e   Code   RO         4536    i.nrf_sortlist_remove  nrf_sortlist.o
    0x0001fd4e   0x0001fd4e   0x00000002   PAD
    0x0001fd50   0x0001fd50   0x00000038   Code   RO         4588    i.nrf_strerror_find  nrf_strerror.o
    0x0001fd88   0x0001fd88   0x00000014   Code   RO         4589    i.nrf_strerror_get  nrf_strerror.o
    0x0001fd9c   0x0001fd9c   0x00000010   Code   RO         1874    i.nrf_wdt_started   nrf_drv_clock.o
    0x0001fdac   0x0001fdac   0x0000002c   Code   RO         2165    i.nrfx_clock_enable  nrfx_clock.o
    0x0001fdd8   0x0001fdd8   0x0000001c   Code   RO         2168    i.nrfx_clock_init   nrfx_clock.o
    0x0001fdf4   0x0001fdf4   0x00000030   Code   RO         2171    i.nrfx_clock_lfclk_stop  nrfx_clock.o
    0x0001fe24   0x0001fe24   0x00000010   Code   RO         2672    i.nrfx_coredep_delay_us  nrfx_saadc.o
    0x0001fe34   0x0001fe34   0x00000010   Code   RO         3703    i.nrfx_coredep_delay_us  drv_rtc.o
    0x0001fe44   0x0001fe44   0x000000a0   Code   RO         2314    i.nrfx_gpiote_in_event_enable  nrfx_gpiote.o
    0x0001fee4   0x0001fee4   0x000000cc   Code   RO         2316    i.nrfx_gpiote_in_init  nrfx_gpiote.o
    0x0001ffb0   0x0001ffb0   0x00000078   Code   RO         2319    i.nrfx_gpiote_init  nrfx_gpiote.o
    0x00020028   0x00020028   0x0000008c   Code   RO         2676    i.nrfx_saadc_channel_init  nrfx_saadc.o
    0x000200b4   0x000200b4   0x00000044   Code   RO         2677    i.nrfx_saadc_channel_uninit  nrfx_saadc.o
    0x000200f8   0x000200f8   0x00000094   Code   RO         2678    i.nrfx_saadc_init   nrfx_saadc.o
    0x0002018c   0x0002018c   0x00000080   Code   RO         2680    i.nrfx_saadc_limits_set  nrfx_saadc.o
    0x0002020c   0x0002020c   0x000000c0   Code   RO         2682    i.nrfx_saadc_sample_convert  nrfx_saadc.o
    0x000202cc   0x000202cc   0x0000006c   Code   RO         2684    i.nrfx_saadc_uninit  nrfx_saadc.o
    0x00020338   0x00020338   0x00000178   Code   RO         2826    i.nrfx_spi_init     nrfx_spi.o
    0x000204b0   0x000204b0   0x00000060   Code   RO         2827    i.nrfx_spi_uninit   nrfx_spi.o
    0x00020510   0x00020510   0x00000064   Code   RO         2828    i.nrfx_spi_xfer     nrfx_spi.o
    0x00020574   0x00020574   0x00000044   Code   RO         2936    i.nrfx_wdt_channel_alloc  nrfx_wdt.o
    0x000205b8   0x000205b8   0x00000018   Code   RO         2937    i.nrfx_wdt_channel_feed  nrfx_wdt.o
    0x000205d0   0x000205d0   0x0000001c   Code   RO         2938    i.nrfx_wdt_enable   nrfx_wdt.o
    0x000205ec   0x000205ec   0x00000058   Code   RO         2940    i.nrfx_wdt_init     nrfx_wdt.o
    0x00020644   0x00020644   0x00000018   Code   RO         6145    i.null_ptr_check    bmi160_1.o
    0x0002065c   0x0002065c   0x00000018   Code   RO         6547    i.null_ptr_check    bmm150.o
    0x00020674   0x00020674   0x000005d8   Code   RO           43    i.nus_data_handler  main.o
    0x00020c4c   0x00020c4c   0x0000006c   Code   RO           44    i.on_adv_evt        main.o
    0x00020cb8   0x00020cb8   0x00000030   Code   RO           45    i.on_conn_params_evt  main.o
    0x00020ce8   0x00020ce8   0x0000006a   Code   RO         1801    i.on_connect        ble_nus.o
    0x00020d52   0x00020d52   0x00000002   PAD
    0x00020d54   0x00020d54   0x00000150   Code   RO         1684    i.on_exchange_mtu_request_evt  nrf_ble_gatt.o
    0x00020ea4   0x00020ea4   0x000000b0   Code   RO         1685    i.on_exchange_mtu_rsp_evt  nrf_ble_gatt.o
    0x00020f54   0x00020f54   0x00000084   Code   RO         1802    i.on_write          ble_nus.o
    0x00020fd8   0x00020fd8   0x00000012   Code   RO         1236    i.phy_is_valid      ble_advertising.o
    0x00020fea   0x00020fea   0x00000002   PAD
    0x00020fec   0x00020fec   0x0000001c   Code   RO         2338    i.pin_configured_set  nrfx_gpiote.o
    0x00021008   0x00021008   0x00000018   Code   RO         2339    i.pin_in_use_by_port  nrfx_gpiote.o
    0x00021020   0x00021020   0x00000018   Code   RO         2340    i.pin_in_use_by_te  nrfx_gpiote.o
    0x00021038   0x00021038   0x000000b4   Code   RO         2341    i.port_event_handle  nrfx_gpiote.o
    0x000210ec   0x000210ec   0x00000010   Code   RO         2342    i.port_handler_polarity_get  nrfx_gpiote.o
    0x000210fc   0x000210fc   0x0000003c   Code   RO         5179    i.postfix_process   nrf_log_str_formatter.o
    0x00021138   0x00021138   0x00000098   Code   RO         5180    i.prefix_process    nrf_log_str_formatter.o
    0x000211d0   0x000211d0   0x00000060   Code   RO         6148    i.process_under_sampling  bmi160_1.o
    0x00021230   0x00021230   0x0000002e   Code   RO         6716    i.queue_clear       sys_queue_1.o
    0x0002125e   0x0002125e   0x0000000e   Code   RO         6717    i.queue_empty       sys_queue_1.o
    0x0002126c   0x0002126c   0x00000014   Code   RO         4736    i.queue_free        nrf_fstorage_sd.o
    0x00021280   0x00021280   0x00000014   Code   RO         6720    i.queue_init        sys_queue_1.o
    0x00021294   0x00021294   0x00000058   Code   RO         6721    i.queue_out         sys_queue_1.o
    0x000212ec   0x000212ec   0x000000a0   Code   RO         4737    i.queue_process     nrf_fstorage_sd.o
    0x0002138c   0x0002138c   0x00000024   Code   RO         4738    i.queue_start       nrf_fstorage_sd.o
    0x000213b0   0x000213b0   0x00000010   Code   RO         5708    i.ram_end_address_get  nrf_sdh_ble.o
    0x000213c0   0x000213c0   0x0000000e   Code   RO         4739    i.read              nrf_fstorage_sd.o
    0x000213ce   0x000213ce   0x000000b2   Code   RO         6551    i.read_trim_registers  bmm150.o
    0x00021480   0x00021480   0x00000004   Code   RO         4740    i.rmap              nrf_fstorage_sd.o
    0x00021484   0x00021484   0x0000005c   Code   RO         3464    i.rtc_irq           app_timer2.o
    0x000214e0   0x000214e0   0x0000006c   Code   RO         3465    i.rtc_schedule      app_timer2.o
    0x0002154c   0x0002154c   0x0000008c   Code   RO         3466    i.rtc_update        app_timer2.o
    0x000215d8   0x000215d8   0x00000002   Code   RO         6037    i.saadc_callback    hal_adc.o
    0x000215da   0x000215da   0x00000002   PAD
    0x000215dc   0x000215dc   0x00000060   Code   RO         6038    i.saadc_init        hal_adc.o
    0x0002163c   0x0002163c   0x00000004   Code   RO         6039    i.saadc_uninit      hal_adc.o
    0x00021640   0x00021640   0x00000050   Code   RO         1875    i.sd_state_evt_handler  nrf_drv_clock.o
    0x00021690   0x00021690   0x000000c0   Code   RO         5593    i.sdh_request_observer_notify  nrf_sdh.o
    0x00021750   0x00021750   0x00000060   Code   RO         5594    i.sdh_state_observer_notify  nrf_sdh.o
    0x000217b0   0x000217b0   0x00000010   Code   RO         1343    i.send_error_evt    ble_conn_params.o
    0x000217c0   0x000217c0   0x00000050   Code   RO         4845    i.serial_tx         nrf_log_backend_rtt.o
    0x00021810   0x00021810   0x00000088   Code   RO         1126    i.service_data_encode  ble_advdata.o
    0x00021898   0x00021898   0x000000bc   Code   RO         6149    i.set_accel_flat_detect_int  bmi160_1.o
    0x00021954   0x00021954   0x000000f8   Code   RO         6150    i.set_accel_high_g_int  bmi160_1.o
    0x00021a4c   0x00021a4c   0x000000f6   Code   RO         6151    i.set_accel_low_g_int  bmi160_1.o
    0x00021b42   0x00021b42   0x000000ca   Code   RO         6152    i.set_accel_no_motion_int  bmi160_1.o
    0x00021c0c   0x00021c0c   0x00000078   Code   RO         6153    i.set_accel_orientation_int  bmi160_1.o
    0x00021c84   0x00021c84   0x000000c6   Code   RO         6154    i.set_accel_sig_motion_int  bmi160_1.o
    0x00021d4a   0x00021d4a   0x00000078   Code   RO         6155    i.set_accel_step_detect_int  bmi160_1.o
    0x00021dc2   0x00021dc2   0x00000002   PAD
    0x00021dc4   0x00021dc4   0x000000d8   Code   RO         6156    i.set_accel_tap_int  bmi160_1.o
    0x00021e9c   0x00021e9c   0x0000001c   Code   RO         6157    i.set_intr_pin_config  bmi160_1.o
    0x00021eb8   0x00021eb8   0x0000003a   Code   RO         6554    i.set_odr           bmm150.o
    0x00021ef2   0x00021ef2   0x00000022   Code   RO         6555    i.set_odr_xyz_rep   bmm150.o
    0x00021f14   0x00021f14   0x00000048   Code   RO         6556    i.set_power_control_bit  bmm150.o
    0x00021f5c   0x00021f5c   0x00000030   Code   RO         1622    i.set_security_req  ble_srv_common.o
    0x00021f8c   0x00021f8c   0x00000022   Code   RO         6557    i.set_xy_rep        bmm150.o
    0x00021fae   0x00021fae   0x00000022   Code   RO         6558    i.set_z_rep         bmm150.o
    0x00021fd0   0x00021fd0   0x00000018   Code   RO         1876    i.soc_evt_handler   nrf_drv_clock.o
    0x00021fe8   0x00021fe8   0x00000078   Code   RO         5595    i.softdevice_evt_irq_disable  nrf_sdh.o
    0x00022060   0x00022060   0x00000098   Code   RO         5596    i.softdevices_evt_irq_enable  nrf_sdh.o
    0x000220f8   0x000220f8   0x0000000c   Code   RO         3467    i.sortlist_pop      app_timer2.o
    0x00022104   0x00022104   0x0000000c   Code   RO         5909    i.spi_disable       hal_spi.o
    0x00022110   0x00022110   0x00000074   Code   RO         5910    i.spi_enable        hal_spi.o
    0x00022184   0x00022184   0x0000000c   Code   RO         5911    i.spi_event_handler  hal_spi.o
    0x00022190   0x00022190   0x00000038   Code   RO         2621    i.spi_evt_handler   nrf_drv_spi.o
    0x000221c8   0x000221c8   0x0000007e   Code   RO         2829    i.spi_xfer          nrfx_spi.o
    0x00022246   0x00022246   0x00000002   PAD
    0x00022248   0x00022248   0x00000098   Code   RO         5009    i.std_n             nrf_log_frontend.o
    0x000222e0   0x000222e0   0x00000026   Code   RO         6559    i.suspend_to_sleep_mode  bmm150.o
    0x00022306   0x00022306   0x00000002   PAD
    0x00022308   0x00022308   0x00000098   Code   RO         3468    i.timer_expire      app_timer2.o
    0x000223a0   0x000223a0   0x00000080   Code   RO         3469    i.timer_req_process  app_timer2.o
    0x00022420   0x00022420   0x00000038   Code   RO         3470    i.timer_req_schedule  app_timer2.o
    0x00022458   0x00022458   0x00000064   Code   RO         2830    i.transfer_byte     nrfx_spi.o
    0x000224bc   0x000224bc   0x0000000a   Code   RO         1127    i.uint16_encode     ble_advdata.o
    0x000224c6   0x000224c6   0x00000002   PAD
    0x000224c8   0x000224c8   0x00000020   Code   RO         4741    i.uninit            nrf_fstorage_sd.o
    0x000224e8   0x000224e8   0x000000b4   Code   RO         4246    i.unsigned_print    nrf_fprintf_format.o
    0x0002259c   0x0002259c   0x00000068   Code   RO         1344    i.update_timeout_handler  ble_conn_params.o
    0x00022604   0x00022604   0x00000018   Code   RO         1237    i.use_whitelist     ble_advertising.o
    0x0002261c   0x0002261c   0x00000024   Code   RO         1757    i.user_mem_reply    nrf_ble_qwr.o
    0x00022640   0x00022640   0x00000030   Code   RO         1128    i.uuid_list_encode  ble_advdata.o
    0x00022670   0x00022670   0x0000009e   Code   RO         1129    i.uuid_list_sized_encode  ble_advdata.o
    0x0002270e   0x0002270e   0x0000003a   Code   RO          843    i.wakeup_button_cfg  bsp.o
    0x00022748   0x00022748   0x00000002   Code   RO         5977    i.wdt_event_handler  hal_wdt.o
    0x0002274a   0x0002274a   0x00000004   Code   RO         4742    i.wmap              nrf_fstorage_sd.o
    0x0002274e   0x0002274e   0x00000002   PAD
    0x00022750   0x00022750   0x00000050   Code   RO         4743    i.write             nrf_fstorage_sd.o
    0x000227a0   0x000227a0   0x0000003a   Code   RO         6560    i.write_op_mode     bmm150.o
    0x000227da   0x000227da   0x00000006   PAD
    0x000227e0   0x000227e0   0x00000026   Data   RO           52    .constdata          main.o
    0x00022806   0x00022806   0x00000008   Data   RO          685    .constdata          boards.o
    0x0002280e   0x0002280e   0x00000002   PAD
    0x00022810   0x00022810   0x0000002c   Data   RO          845    .constdata          bsp.o
    0x0002283c   0x0002283c   0x0000000e   Data   RO         1686    .constdata          nrf_ble_gatt.o
    0x0002284a   0x0002284a   0x00000002   PAD
    0x0002284c   0x0002284c   0x00000010   Data   RO         1803    .constdata          ble_nus.o
    0x0002285c   0x0002285c   0x00000004   Data   RO         2344    .constdata          nrfx_gpiote.o
    0x00022860   0x00022860   0x00000006   Data   RO         2686    .constdata          nrfx_saadc.o
    0x00022866   0x00022866   0x00000002   PAD
    0x00022868   0x00022868   0x00000014   Data   RO         3473    .constdata          app_timer2.o
    0x0002287c   0x0002287c   0x00000004   PAD
    0x00022880   0x00022880   0x00000006   Data   RO         3704    .constdata          drv_rtc.o
    0x00022886   0x00022886   0x00000010   Data   RO         4247    .constdata          nrf_fprintf_format.o
    0x00022896   0x00022896   0x00000002   PAD
    0x00022898   0x00022898   0x00000018   Data   RO         4367    .constdata          nrf_pwr_mgmt.o
    0x000228b0   0x000228b0   0x0000000c   Data   RO         4368    .constdata          nrf_pwr_mgmt.o
    0x000228bc   0x000228bc   0x0000013c   Data   RO         4590    .constdata          nrf_strerror.o
    0x000229f8   0x000229f8   0x0000005e   Data   RO         4649    .constdata          nrf_fstorage.o
    0x00022a56   0x00022a56   0x00000002   PAD
    0x00022a58   0x00022a58   0x00000010   Data   RO         4746    .constdata          nrf_fstorage_sd.o
    0x00022a68   0x00022a68   0x00000020   Data   RO         4747    .constdata          nrf_fstorage_sd.o
    0x00022a88   0x00022a88   0x0000000c   Data   RO         4847    .constdata          nrf_log_backend_rtt.o
    0x00022a94   0x00022a94   0x0000000c   PAD
    0x00022aa0   0x00022aa0   0x00000006   Data   RO         4848    .constdata          nrf_log_backend_rtt.o
    0x00022aa6   0x00022aa6   0x00000002   PAD
    0x00022aa8   0x00022aa8   0x0000000c   Data   RO         5014    .constdata          nrf_log_frontend.o
    0x00022ab4   0x00022ab4   0x00000010   Data   RO         5597    .constdata          nrf_sdh.o
    0x00022ac4   0x00022ac4   0x00000028   Data   RO         5598    .constdata          nrf_sdh.o
    0x00022aec   0x00022aec   0x00000010   Data   RO         5599    .constdata          nrf_sdh.o
    0x00022afc   0x00022afc   0x00000010   Data   RO         5600    .constdata          nrf_sdh.o
    0x00022b0c   0x00022b0c   0x00000020   Data   RO         5709    .constdata          nrf_sdh_ble.o
    0x00022b2c   0x00022b2c   0x00000010   Data   RO         5710    .constdata          nrf_sdh_ble.o
    0x00022b3c   0x00022b3c   0x00000010   Data   RO         5764    .constdata          nrf_sdh_soc.o
    0x00022b4c   0x00022b4c   0x0000000c   Data   RO         5765    .constdata          nrf_sdh_soc.o
    0x00022b58   0x00022b58   0x00000020   Data   RO         5913    .constdata          hal_spi.o
    0x00022b78   0x00022b78   0x00000018   Data   RO         5978    .constdata          hal_wdt.o
    0x00022b90   0x00022b90   0x0000000d   Data   RO         6040    .constdata          hal_adc.o
    0x00022b9d   0x00022b9d   0x0000000d   Data   RO         6167    .constdata          bmi160_1.o
    0x00022baa   0x00022baa   0x00000081   Data   RO         6841    .constdata          mc_w.l(ctype_o.o)
    0x00022c2b   0x00022c2b   0x00000001   PAD
    0x00022c2c   0x00022c2c   0x00000004   Data   RO         6842    .constdata          mc_w.l(ctype_o.o)
    0x00022c30   0x00022c30   0x00000045   Data   RO         1687    .conststring        nrf_ble_gatt.o
    0x00022c75   0x00022c75   0x00000003   PAD
    0x00022c78   0x00022c78   0x000003eb   Data   RO         4591    .conststring        nrf_strerror.o
    0x00023063   0x00023063   0x00000001   PAD
    0x00023064   0x00023064   0x0000004f   Data   RO         4650    .conststring        nrf_fstorage.o
    0x000230b3   0x000230b3   0x00000001   PAD
    0x000230b4   0x000230b4   0x00000066   Data   RO         5181    .conststring        nrf_log_str_formatter.o
    0x0002311a   0x0002311a   0x00000002   PAD
    0x0002311c   0x0002311c   0x000001cf   Data   RO         5711    .conststring        nrf_sdh_ble.o
    0x000232eb   0x000232eb   0x00000001   PAD
    0x000232ec   0x000232ec   0x00000041   Data   RO         5804    .conststring        nrf_flash.o
    0x0002332d   0x0002332d   0x00000003   PAD
    0x00023330   0x00023330   0x0000000d   Data   RO         1688    .conststrlit        nrf_ble_gatt.o
    0x0002333d   0x0002333d   0x00000003   PAD
    0x00023340   0x00023340   0x00000008   Data   RO         1804    .conststrlit        ble_nus.o
    0x00023348   0x00023348   0x00000006   Data   RO         1882    .conststrlit        nrf_drv_clock.o
    0x0002334e   0x0002334e   0x00000002   PAD
    0x00023350   0x00023350   0x00000006   Data   RO         2175    .conststrlit        nrfx_clock.o
    0x00023356   0x00023356   0x00000002   PAD
    0x00023358   0x00023358   0x00000007   Data   RO         2348    .conststrlit        nrfx_gpiote.o
    0x0002335f   0x0002335f   0x00000001   PAD
    0x00023360   0x00023360   0x00000006   Data   RO         2694    .conststrlit        nrfx_saadc.o
    0x00023366   0x00023366   0x00000002   PAD
    0x00023368   0x00023368   0x00000004   Data   RO         2834    .conststrlit        nrfx_spi.o
    0x0002336c   0x0002336c   0x00000004   Data   RO         2943    .conststrlit        nrfx_wdt.o
    0x00023370   0x00023370   0x00000004   Data   RO         3023    .conststrlit        nrfx_rtc.o
    0x00023374   0x00023374   0x0000000b   Data   RO         3137    .conststrlit        app_button.o
    0x0002337f   0x0002337f   0x00000001   PAD
    0x00023380   0x00023380   0x0000000a   Data   RO         3474    .conststrlit        app_timer2.o
    0x0002338a   0x0002338a   0x00000002   PAD
    0x0002338c   0x0002338c   0x00000009   Data   RO         4369    .conststrlit        nrf_pwr_mgmt.o
    0x00023395   0x00023395   0x00000003   PAD
    0x00023398   0x00023398   0x00000009   Data   RO         4537    .conststrlit        nrf_sortlist.o
    0x000233a1   0x000233a1   0x00000003   PAD
    0x000233a4   0x000233a4   0x0000000d   Data   RO         4651    .conststrlit        nrf_fstorage.o
    0x000233b1   0x000233b1   0x00000003   PAD
    0x000233b4   0x000233b4   0x00000010   Data   RO         4945    .conststrlit        nrf_log_default_backends.o
    0x000233c4   0x000233c4   0x00000004   Data   RO         5015    .conststrlit        nrf_log_frontend.o
    0x000233c8   0x000233c8   0x00000008   Data   RO         5601    .conststrlit        nrf_sdh.o
    0x000233d0   0x000233d0   0x0000000c   Data   RO         5712    .conststrlit        nrf_sdh_ble.o
    0x000233dc   0x000233dc   0x0000000c   Data   RO         5766    .conststrlit        nrf_sdh_soc.o
    0x000233e8   0x000233e8   0x00000020   Data   RO         6919    Region$$Table       anon$$obj.o
    0x00023408   0x00023408   0x00000010   Data   RO         4947    log_backends        nrf_log_default_backends.o
    0x00023418   0x00023418   0x00000008   Data   RO         1689    log_const_data      nrf_ble_gatt.o
    0x00023420   0x00023420   0x00000008   Data   RO         1805    log_const_data      ble_nus.o
    0x00023428   0x00023428   0x00000008   Data   RO         1883    log_const_data      nrf_drv_clock.o
    0x00023430   0x00023430   0x00000008   Data   RO         2177    log_const_data      nrfx_clock.o
    0x00023438   0x00023438   0x00000008   Data   RO         2349    log_const_data      nrfx_gpiote.o
    0x00023440   0x00023440   0x00000008   Data   RO         2695    log_const_data      nrfx_saadc.o
    0x00023448   0x00023448   0x00000008   Data   RO         2835    log_const_data      nrfx_spi.o
    0x00023450   0x00023450   0x00000008   Data   RO         2945    log_const_data      nrfx_wdt.o
    0x00023458   0x00023458   0x00000008   Data   RO         3025    log_const_data      nrfx_rtc.o
    0x00023460   0x00023460   0x00000008   Data   RO         3140    log_const_data      app_button.o
    0x00023468   0x00023468   0x00000008   Data   RO         3477    log_const_data      app_timer2.o
    0x00023470   0x00023470   0x00000008   Data   RO         4371    log_const_data      nrf_pwr_mgmt.o
    0x00023478   0x00023478   0x00000008   Data   RO         4538    log_const_data      nrf_sortlist.o
    0x00023480   0x00023480   0x00000008   Data   RO         4652    log_const_data      nrf_fstorage.o
    0x00023488   0x00023488   0x00000008   Data   RO         5019    log_const_data      nrf_log_frontend.o
    0x00023490   0x00023490   0x00000008   Data   RO         5603    log_const_data      nrf_sdh.o
    0x00023498   0x00023498   0x00000008   Data   RO         5714    log_const_data      nrf_sdh_ble.o
    0x000234a0   0x000234a0   0x00000008   Data   RO         5767    log_const_data      nrf_sdh_soc.o
    0x000234a8   0x000234a8   0x00000014   Data   RO         5020    nrf_balloc          nrf_log_frontend.o
    0x000234bc   0x000234bc   0x00000008   Data   RO         1442    sdh_ble_observers0  ble_conn_state.o
    0x000234c4   0x000234c4   0x00000010   Data   RO           63    sdh_ble_observers1  main.o
    0x000234d4   0x000234d4   0x00000008   Data   RO          967    sdh_ble_observers1  bsp_btn_ble.o
    0x000234dc   0x000234dc   0x00000008   Data   RO         1347    sdh_ble_observers1  ble_conn_params.o
    0x000234e4   0x000234e4   0x00000010   Data   RO           64    sdh_ble_observers2  main.o
    0x000234f4   0x000234f4   0x00000008   Data   RO           65    sdh_ble_observers3  main.o
    0x000234fc   0x000234fc   0x00000008   Data   RO         4749    sdh_req_observers0  nrf_fstorage_sd.o
    0x00023504   0x00023504   0x00000008   Data   RO         1884    sdh_soc_observers0  nrf_drv_clock.o
    0x0002350c   0x0002350c   0x00000008   Data   RO         4750    sdh_soc_observers0  nrf_fstorage_sd.o
    0x00023514   0x00023514   0x00000008   Data   RO         5715    sdh_stack_observers0  nrf_sdh_ble.o
    0x0002351c   0x0002351c   0x00000008   Data   RO         5768    sdh_stack_observers0  nrf_sdh_soc.o
    0x00023524   0x00023524   0x00000008   Data   RO         1885    sdh_state_observers0  nrf_drv_clock.o
    0x0002352c   0x0002352c   0x00000008   Data   RO         4751    sdh_state_observers0  nrf_fstorage_sd.o


    Execution Region RW_IRAM1 (Exec base: 0x200022c8, Load base: 0x00023534, Size: 0x000023e0, Max: 0x00003d38, ABSOLUTE, COMPRESSED[0x0000007c])

    Exec Addr    Load Addr    Size         Type   Attr      Idx    E Section Name        Object

    0x200022c8   COMPRESSED   0x00000088   Data   RW           53    .data               main.o
    0x20002350   COMPRESSED   0x00000020   Data   RW           54    .data               main.o
    0x20002370   COMPRESSED   0x00000008   Data   RW           55    .data               main.o
    0x20002378   COMPRESSED   0x00000004   Data   RW           61    .data               main.o
    0x2000237c   COMPRESSED   0x00000010   Data   RW          846    .data               bsp.o
    0x2000238c   COMPRESSED   0x00000004   PAD
    0x20002390   COMPRESSED   0x00000020   Data   RW          847    .data               bsp.o
    0x200023b0   COMPRESSED   0x00000020   Data   RW          848    .data               bsp.o
    0x200023d0   COMPRESSED   0x00000020   Data   RW          849    .data               bsp.o
    0x200023f0   COMPRESSED   0x00000008   Data   RW          966    .data               bsp_btn_ble.o
    0x200023f8   COMPRESSED   0x00000008   Data   RW         1346    .data               ble_conn_params.o
    0x20002400   COMPRESSED   0x00000008   Data   RW         2176    .data               nrfx_clock.o
    0x20002408   COMPRESSED   0x00000008   Data   RW         2622    .data               nrf_drv_spi.o
    0x20002410   COMPRESSED   0x00000008   Data   RW         2944    .data               nrfx_wdt.o
    0x20002418   COMPRESSED   0x00000008   Data   RW         3024    .data               nrfx_rtc.o
    0x20002420   COMPRESSED   0x00000020   Data   RW         3475    .data               app_timer2.o
    0x20002440   COMPRESSED   0x00000004   Data   RW         3476    .data               app_timer2.o
    0x20002444   COMPRESSED   0x0000000c   Data   RW         3705    .data               drv_rtc.o
    0x20002450   COMPRESSED   0x00000008   Data   RW         4370    .data               nrf_pwr_mgmt.o
    0x20002458   COMPRESSED   0x00000008   Data   RW         4748    .data               nrf_fstorage_sd.o
    0x20002460   COMPRESSED   0x00000001   Data   RW         4849    .data               nrf_log_backend_rtt.o
    0x20002461   COMPRESSED   0x00000003   PAD
    0x20002464   COMPRESSED   0x00000008   Data   RW         4946    .data               nrf_log_default_backends.o
    0x2000246c   COMPRESSED   0x00000004   Data   RW         5016    .data               nrf_log_frontend.o
    0x20002470   COMPRESSED   0x00000008   Data   RW         5017    .data               nrf_log_frontend.o
    0x20002478   COMPRESSED   0x00000008   Data   RW         5018    .data               nrf_log_frontend.o
    0x20002480   COMPRESSED   0x00000040   Data   RW         5182    .data               nrf_log_str_formatter.o
    0x200024c0   COMPRESSED   0x00000003   Data   RW         5602    .data               nrf_sdh.o
    0x200024c3   COMPRESSED   0x00000001   Data   RW         5713    .data               nrf_sdh_ble.o
    0x200024c4   COMPRESSED   0x00000001   Data   RW         5914    .data               hal_spi.o
    0x200024c5   COMPRESSED   0x00000001   Data   RW         5979    .data               hal_wdt.o
    0x200024c6   COMPRESSED   0x00000002   PAD
    0x200024c8   COMPRESSED   0x00000004   Data   RW         6793    .data               system_nrf52805.o
    0x200024cc   COMPRESSED   0x00000014   Data   RW         5805    fs_data             nrf_flash.o
    0x200024e0        -       0x00000c90   Zero   RW           47    .bss                main.o
    0x20003170        -       0x0000000c   Zero   RW          844    .bss                bsp.o
    0x2000317c   COMPRESSED   0x00000004   PAD
    0x20003180        -       0x00000050   Zero   RW         1345    .bss                ble_conn_params.o
    0x200031d0        -       0x0000007c   Zero   RW         1441    .bss                ble_conn_state.o
    0x2000324c        -       0x00000014   Zero   RW         1877    .bss                nrf_drv_clock.o
    0x20003260        -       0x0000005c   Zero   RW         2343    .bss                nrfx_gpiote.o
    0x200032bc        -       0x00000030   Zero   RW         2685    .bss                nrfx_saadc.o
    0x200032ec        -       0x0000002c   Zero   RW         2831    .bss                nrfx_spi.o
    0x20003318        -       0x00000020   Zero   RW         3225    .bss                app_error.o
    0x20003338        -       0x00000010   Zero   RW         3471    .bss                app_timer2.o
    0x20003348        -       0x00000058   Zero   RW         3472    .bss                app_timer2.o
    0x200033a0        -       0x0000000c   Zero   RW         3619    .bss                app_util_platform.o
    0x200033ac        -       0x0000000c   Zero   RW         4366    .bss                nrf_pwr_mgmt.o
    0x200033b8        -       0x00000010   Zero   RW         4744    .bss                nrf_fstorage_sd.o
    0x200033c8        -       0x000000a0   Zero   RW         4745    .bss                nrf_fstorage_sd.o
    0x20003468        -       0x00000040   Zero   RW         4846    .bss                nrf_log_backend_rtt.o
    0x200034a8        -       0x000000c0   Zero   RW         5010    .bss                nrf_log_frontend.o
    0x20003568        -       0x00000080   Zero   RW         5011    .bss                nrf_log_frontend.o
    0x200035e8        -       0x00000018   Zero   RW         5012    .bss                nrf_log_frontend.o
    0x20003600        -       0x00000420   Zero   RW         5013    .bss                nrf_log_frontend.o
    0x20003a20        -       0x00000288   Zero   RW         5258    .bss                segger_rtt.o
    0x20003ca8        -       0x00000200   Zero   RW         5912    .bss                hal_spi.o
    0x20003ea8        -       0x00000800   Zero   RW         6781    STACK               arm_startup_nrf52805.o


==============================================================================

Image component sizes


      Code (inc. data)   RO Data    RW Data    ZI Data      Debug   Object Name

         0          0         19          0          0       1863   app_button.o
       100          4          0          0         32       3418   app_error.o
        26          0          0          0          0        536   app_error_handler_keil.o
       356        194          0          0          0       8043   app_error_weak.o
      1052         90         38         36        104      16729   app_timer2.o
       124         14          0          0         12       9614   app_util_platform.o
        36          8        512          0       2048        900   arm_startup_nrf52805.o
      1338          0          0          0          0      60184   ble_advdata.o
       964          6          0          0          0      16783   ble_advertising.o
       636         44          8          8         80      12519   ble_conn_params.o
       438         70          8          0        124       7563   ble_conn_state.o
        72          0          0          0          0       2824   ble_link_ctx_manager.o
       672          6         32          0          0       8780   ble_nus.o
       456          6          0          0          0       3295   ble_srv_common.o
      5864         24         13          0          0      52666   bmi160_1.o
      1398         12          0          0          0      16486   bmm150.o
       206         32          8          0          0      76243   boards.o
       804         60         44        112         12      19468   bsp.o
       196          6          8          8          0      68837   bsp_btn_ble.o
       696         76          6         12          0      42981   drv_rtc.o
       186         62         13          0          0      13051   hal_adc.o
        52          6          0          0          0       5906   hal_led.o
       302         88         32          1        512      16318   hal_spi.o
       122         54         24          1          0       6769   hal_wdt.o
      5626       1388         78        180       3216     238783   main.o
       342          0          0          0          0       6490   nrf_atfifo.o
        64          0          0          0          0       2872   nrf_atflags.o
       322          0          0          0          0       8991   nrf_atomic.o
       164          0          0          0          0       3544   nrf_balloc.o
       802        324        104          0          0       8145   nrf_ble_gatt.o
       276          0          0          0          0       6133   nrf_ble_qwr.o
       304         36         30          0         20      41532   nrf_drv_clock.o
        96         14          0          8          0      15575   nrf_drv_spi.o
       268        102         65         20          0       4351   nrf_flash.o
        50          0          0          0          0       3541   nrf_fprintf.o
       866          4         16          0          0       6438   nrf_fprintf_format.o
       928        362        194          0          0      10571   nrf_fstorage.o
       798         82         72          8        176      15559   nrf_fstorage_sd.o
       112         18         18          1         64       6021   nrf_log_backend_rtt.o
       194          0          0          0          0      10885   nrf_log_backend_serial.o
        28          4         32          8          0       3337   nrf_log_default_backends.o
      1526        128         44         20       1400      31471   nrf_log_frontend.o
       570        108        102         64          0       5556   nrf_log_str_formatter.o
       346          0          0          0          0       9335   nrf_memobj.o
        60         12         53          8         12       6323   nrf_pwr_mgmt.o
        28          0          0          0          0       2375   nrf_ringbuf.o
       876        314        104          3          0      39231   nrf_sdh.o
       956        414        539          1          0       6333   nrf_sdh_ble.o
       128         68         56          0          0       2464   nrf_sdh_soc.o
        78          0          0          0          0       2692   nrf_section_iter.o
        84          0         17          0          0       3997   nrf_sortlist.o
        76         10       1319          0          0       2699   nrf_strerror.o
       230         32         14          8          0      40816   nrfx_clock.o
      1232        100         19          0         92      57899   nrfx_gpiote.o
       188         12         12          8          0       8370   nrfx_rtc.o
      1216         94         20          0         48      26034   nrfx_saadc.o
       936         20         12          0         44      18744   nrfx_spi.o
       244         50         12          8          0       8052   nrfx_wdt.o
       378         34          0          0        648       8829   segger_rtt.o
        24          0          0          0          0       1240   sys_plugin.o
       168          0          0          0          0       3272   sys_queue_1.o
       376         46          0          4          0      26302   system_nrf52805.o

    ----------------------------------------------------------------------
     37126       4638       3790        536       8648    1176578   Object Totals
         0          0         32          0          0          0   (incl. Generated)
        70          0         61          9          4          0   (incl. Padding)

    ----------------------------------------------------------------------

      Code (inc. data)   RO Data    RW Data    ZI Data      Debug   Library Member Name

        86          0          0          0          0          0   __dczerorl2.o
         8          4        133          0          0         68   ctype_o.o
         0          0          0          0          0          0   entry.o
         0          0          0          0          0          0   entry10a.o
         0          0          0          0          0          0   entry11a.o
         4          0          0          0          0          0   entry12b.o
         8          4          0          0          0          0   entry2.o
         4          0          0          0          0          0   entry5.o
         0          0          0          0          0          0   entry7b.o
         0          0          0          0          0          0   entry8b.o
         8          4          0          0          0          0   entry9a.o
        30          0          0          0          0          0   handlers.o
        36          8          0          0          0         68   init.o
         0          0          0          0          0          0   iusefp.o
        30          0          0          0          0         68   llshl.o
        32          0          0          0          0         68   llushr.o
        36          0          0          0          0         68   memcpya.o
        36          0          0          0          0        108   memseta.o
        18          0          0          0          0         68   strcpy.o
        14          0          0          0          0         68   strlen.o
        98          0          0          0          0         92   uldiv.o
       222          0          0          0          0        100   ddiv.o
       186          0          0          0          0        176   depilogue.o
        50          0          0          0          0         76   dfixui.o
        34          0          0          0          0         76   dflti.o
        26          0          0          0          0         76   dfltui.o
       228          0          0          0          0         96   dmul.o
        46          0          0          0          0         80   dscalb.o

    ----------------------------------------------------------------------
      1242         20        134          0          0       1356   Library Totals
         2          0          1          0          0          0   (incl. Padding)

    ----------------------------------------------------------------------

      Code (inc. data)   RO Data    RW Data    ZI Data      Debug   Library Name

       448         20        133          0          0        676   mc_w.l
       792          0          0          0          0        680   mf_w.l

    ----------------------------------------------------------------------
      1242         20        134          0          0       1356   Library Totals

    ----------------------------------------------------------------------

==============================================================================


      Code (inc. data)   RO Data    RW Data    ZI Data      Debug   

     38368       4658       3924        536       8648    1156014   Grand Totals
     38368       4658       3924        124       8648    1156014   ELF Image Totals (compressed)
     38368       4658       3924        124          0          0   ROM Totals

==============================================================================

    Total RO  Size (Code + RO Data)                42292 (  41.30kB)
    Total RW  Size (RW Data + ZI Data)              9184 (   8.97kB)
    Total ROM Size (Code + RO Data + RW Data)      42416 (  41.42kB)

==============================================================================

