Component: ARM Compiler 5.06 update 7 (build 960) Tool: armlink [4d3601]

==============================================================================

Section Cross References

    main.o(i.advertising_init) refers to memseta.o(.text) for __aeabi_memclr4
    main.o(i.advertising_init) refers to ble_advertising.o(i.ble_advertising_init) for ble_advertising_init
    main.o(i.advertising_init) refers to app_error_handler_keil.o(.emb_text) for app_error_handler
    main.o(i.advertising_init) refers to ble_advertising.o(i.ble_advertising_conn_cfg_tag_set) for ble_advertising_conn_cfg_tag_set
    main.o(i.advertising_init) refers to main.o(.bss) for .bss
    main.o(i.advertising_init) refers to main.o(.data) for .data
    main.o(i.advertising_init) refers to main.o(i.on_adv_evt) for on_adv_evt
    main.o(i.advertising_init) refers to main.o(i.main) for i.main
    main.o(i.app_close_bmi160_acc) refers to bmi160.o(i.bmi160_set_sens_conf) for bmi160_set_sens_conf
    main.o(i.app_close_bmi160_gyro) refers to bmi160.o(i.bmi160_set_sens_conf) for bmi160_set_sens_conf
    main.o(i.app_open_bmi160_acc) refers to bmi160.o(i.bmi160_set_sens_conf) for bmi160_set_sens_conf
    main.o(i.app_open_bmi160_aux) refers to bmi160.o(i.bmi160_set_regs) for bmi160_set_regs
    main.o(i.app_open_bmi160_aux) refers to bmi160.o(i.bmi160_aux_init) for bmi160_aux_init
    main.o(i.app_open_bmi160_aux) refers to bmm150.o(i.bmm150_init) for bmm150_init
    main.o(i.app_open_bmi160_aux) refers to bmm150.o(i.bmm150_set_presetmode) for bmm150_set_presetmode
    main.o(i.app_open_bmi160_aux) refers to bmm150.o(i.bmm150_set_op_mode) for bmm150_set_op_mode
    main.o(i.app_open_bmi160_aux) refers to nrf_log_frontend.o(i.nrf_log_frontend_std_1) for nrf_log_frontend_std_1
    main.o(i.app_open_bmi160_aux) refers to bmi160.o(i.bmi160_set_aux_auto_mode) for bmi160_set_aux_auto_mode
    main.o(i.app_open_bmi160_aux) refers to nrf_log_frontend.o(log_const_data) for m_nrf_log_app_logs_data_const
    main.o(i.app_open_bmi160_aux) refers to main.o(.data) for .data
    main.o(i.app_open_bmi160_fifo) refers to bmi160.o(i.bmi160_set_fifo_config) for bmi160_set_fifo_config
    main.o(i.app_open_bmi160_fifo) refers to nrf_log_frontend.o(i.nrf_log_frontend_std_1) for nrf_log_frontend_std_1
    main.o(i.app_open_bmi160_fifo) refers to bmi160.o(i.bmi160_set_fifo_flush) for bmi160_set_fifo_flush
    main.o(i.app_open_bmi160_fifo) refers to main.o(.bss) for .bss
    main.o(i.app_open_bmi160_fifo) refers to nrf_log_frontend.o(log_const_data) for m_nrf_log_app_logs_data_const
    main.o(i.app_open_bmi160_gyro) refers to bmi160.o(i.bmi160_set_sens_conf) for bmi160_set_sens_conf
    main.o(i.app_open_bmi160_no_motion) refers to bmi160.o(i.bmi160_set_int_config) for bmi160_set_int_config
    main.o(i.app_open_bmi160_no_motion) refers to nrf_log_frontend.o(i.nrf_log_frontend_std_1) for nrf_log_frontend_std_1
    main.o(i.app_open_bmi160_no_motion) refers to nrf_log_frontend.o(log_const_data) for m_nrf_log_app_logs_data_const
    main.o(i.app_open_bmi160_tap) refers to bmi160.o(i.bmi160_set_int_config) for bmi160_set_int_config
    main.o(i.app_open_bmi160_tap) refers to nrf_log_frontend.o(i.nrf_log_frontend_std_1) for nrf_log_frontend_std_1
    main.o(i.app_open_bmi160_tap) refers to nrf_log_frontend.o(log_const_data) for m_nrf_log_app_logs_data_const
    main.o(i.app_timer_callback) refers to nrfx_wdt.o(i.nrfx_wdt_channel_feed) for nrfx_wdt_channel_feed
    main.o(i.app_timer_callback) refers to main.o(i.saadc_init) for saadc_init
    main.o(i.app_timer_callback) refers to main.o(i.usr_get_volt) for usr_get_volt
    main.o(i.app_timer_callback) refers to nrfx_saadc.o(i.nrfx_saadc_uninit) for nrfx_saadc_uninit
    main.o(i.app_timer_callback) refers to main.o(.data) for .data
    main.o(i.assert_nrf_callback) refers to app_error_handler_keil.o(.emb_text) for app_error_handler
    main.o(i.ble_evt_handler) refers to app_error_handler_keil.o(.emb_text) for app_error_handler
    main.o(i.ble_evt_handler) refers to nrf_log_frontend.o(i.nrf_log_frontend_std_0) for nrf_log_frontend_std_0
    main.o(i.ble_evt_handler) refers to bsp.o(i.bsp_indication_set) for bsp_indication_set
    main.o(i.ble_evt_handler) refers to nrf_ble_qwr.o(i.nrf_ble_qwr_conn_handle_assign) for nrf_ble_qwr_conn_handle_assign
    main.o(i.ble_evt_handler) refers to nrf_log_frontend.o(log_const_data) for m_nrf_log_app_logs_data_const
    main.o(i.ble_evt_handler) refers to main.o(.data) for .data
    main.o(i.ble_evt_handler) refers to main.o(.bss) for .bss
    main.o(i.ble_evt_handler) refers to main.o(.constdata) for .constdata
    main.o(i.ble_send_data) refers to ble_nus.o(i.ble_nus_data_send) for ble_nus_data_send
    main.o(i.ble_send_data) refers to app_error_handler_keil.o(.emb_text) for app_error_handler
    main.o(i.ble_send_data) refers to main.o(.data) for .data
    main.o(i.ble_send_packet) refers to memcpya.o(.text) for __aeabi_memcpy
[...]
    characteristic_add                       0x0001c2b1   Thumb Code   400  ble_srv_common.o(i.characteristic_add)
    check_flash_data_is_valid                0x0001c4b5   Thumb Code    34  main.o(i.check_flash_data_is_valid)
    conn_handle_list_get                     0x0001c729   Thumb Code    62  ble_conn_state.o(i.conn_handle_list_get)
    drv_rtc_compare_disable                  0x0001c869   Thumb Code    20  drv_rtc.o(i.drv_rtc_compare_disable)
    drv_rtc_compare_pending                  0x0001c87d   Thumb Code    14  drv_rtc.o(i.drv_rtc_compare_pending)
    drv_rtc_compare_set                      0x0001c88b   Thumb Code    80  drv_rtc.o(i.drv_rtc_compare_set)
    drv_rtc_counter_get                      0x0001c8db   Thumb Code     8  drv_rtc.o(i.drv_rtc_counter_get)
    drv_rtc_init                             0x0001c8e5   Thumb Code   144  drv_rtc.o(i.drv_rtc_init)
    drv_rtc_irq_trigger                      0x0001c9b9   Thumb Code    26  drv_rtc.o(i.drv_rtc_irq_trigger)
    drv_rtc_overflow_enable                  0x0001c9d3   Thumb Code     8  drv_rtc.o(i.drv_rtc_overflow_enable)
    drv_rtc_overflow_pending                 0x0001c9db   Thumb Code     8  drv_rtc.o(i.drv_rtc_overflow_pending)
    drv_rtc_start                            0x0001c9e3   Thumb Code     8  drv_rtc.o(i.drv_rtc_start)
    drv_rtc_stop                             0x0001c9eb   Thumb Code     8  drv_rtc.o(i.drv_rtc_stop)
    drv_rtc_windowed_compare_set             0x0001c9f3   Thumb Code   222  drv_rtc.o(i.drv_rtc_windowed_compare_set)
    endian_transfer                          0x0001cad1   Thumb Code    34  main.o(i.endian_transfer)
    erase_save_sensor_flash_sector           0x0001cb41   Thumb Code    36  main.o(i.erase_save_sensor_flash_sector)
    gatt_evt_handler                         0x0001d011   Thumb Code    54  main.o(i.gatt_evt_handler)
    gatt_init                                0x0001d091   Thumb Code    50  main.o(i.gatt_init)
    log_pending_hook                         0x0001d451   Thumb Code     2  nrf_log_frontend.o(i.log_pending_hook)
    main                                     0x0001d4f9   Thumb Code  1120  main.o(i.main)
    nrf52_read_spi                           0x0001db29   Thumb Code    56  main.o(i.nrf52_read_spi)
    nrf52_write_spi                          0x0001db71   Thumb Code    52  main.o(i.nrf52_write_spi)
    nrf_atfifo_clear                         0x0001dbb5   Thumb Code    16  nrf_atfifo.o(i.nrf_atfifo_clear)
    nrf_atfifo_init                          0x0001dbc5   Thumb Code    38  nrf_atfifo.o(i.nrf_atfifo_init)
    nrf_atfifo_item_alloc                    0x0001dbeb   Thumb Code    22  nrf_atfifo.o(i.nrf_atfifo_item_alloc)
    nrf_atfifo_item_free                     0x0001dc01   Thumb Code    22  nrf_atfifo.o(i.nrf_atfifo_item_free)
    nrf_atfifo_item_get                      0x0001dc17   Thumb Code    22  nrf_atfifo.o(i.nrf_atfifo_item_get)
    nrf_atfifo_item_put                      0x0001dc2d   Thumb Code    22  nrf_atfifo.o(i.nrf_atfifo_item_put)
    nrf_atflags_clear                        0x0001dc43   Thumb Code    22  nrf_atflags.o(i.nrf_atflags_clear)
    nrf_atflags_get                          0x0001dc59   Thumb Code    22  nrf_atflags.o(i.nrf_atflags_get)
    nrf_atflags_set                          0x0001dc6f   Thumb Code    20  nrf_atflags.o(i.nrf_atflags_set)
    nrf_atomic_flag_clear_fetch              0x0001dc83   Thumb Code     6  nrf_atomic.o(i.nrf_atomic_flag_clear_fetch)
    nrf_atomic_flag_set                      0x0001dc89   Thumb Code     6  nrf_atomic.o(i.nrf_atomic_flag_set)
    nrf_atomic_flag_set_fetch                0x0001dc8f   Thumb Code     6  nrf_atomic.o(i.nrf_atomic_flag_set_fetch)
    nrf_atomic_u32_add                       0x0001dc95   Thumb Code    12  nrf_atomic.o(i.nrf_atomic_u32_add)
    nrf_atomic_u32_and                       0x0001dca1   Thumb Code    12  nrf_atomic.o(i.nrf_atomic_u32_and)
    nrf_atomic_u32_fetch_and                 0x0001dcad   Thumb Code    10  nrf_atomic.o(i.nrf_atomic_u32_fetch_and)
    nrf_atomic_u32_fetch_or                  0x0001dcb7   Thumb Code    10  nrf_atomic.o(i.nrf_atomic_u32_fetch_or)
    nrf_atomic_u32_fetch_store               0x0001dcc1   Thumb Code    10  nrf_atomic.o(i.nrf_atomic_u32_fetch_store)
    nrf_atomic_u32_or                        0x0001dccb   Thumb Code    12  nrf_atomic.o(i.nrf_atomic_u32_or)
    nrf_atomic_u32_sub                       0x0001dcd7   Thumb Code    12  nrf_atomic.o(i.nrf_atomic_u32_sub)
    nrf_balloc_alloc                         0x0001dce3   Thumb Code    68  nrf_balloc.o(i.nrf_balloc_alloc)
    nrf_balloc_free                          0x0001dd27   Thumb Code    48  nrf_balloc.o(i.nrf_balloc_free)
    nrf_balloc_init                          0x0001dd57   Thumb Code    48  nrf_balloc.o(i.nrf_balloc_init)
    nrf_ble_gatt_att_mtu_periph_set          0x0001dd97   Thumb Code    24  nrf_ble_gatt.o(i.nrf_ble_gatt_att_mtu_periph_set)
    nrf_ble_gatt_init                        0x0001ddaf   Thumb Code    34  nrf_ble_gatt.o(i.nrf_ble_gatt_init)
    nrf_ble_gatt_on_ble_evt                  0x0001ddd1   Thumb Code   150  nrf_ble_gatt.o(i.nrf_ble_gatt_on_ble_evt)
    nrf_ble_qwr_conn_handle_assign           0x0001dea9   Thumb Code    22  nrf_ble_qwr.o(i.nrf_ble_qwr_conn_handle_assign)
    nrf_ble_qwr_init                         0x0001debf   Thumb Code    36  nrf_ble_qwr.o(i.nrf_ble_qwr_init)
    nrf_ble_qwr_on_ble_evt                   0x0001dee3   Thumb Code   182  nrf_ble_qwr.o(i.nrf_ble_qwr_on_ble_evt)
    nrf_drv_clock_init                       0x0001dfd9   Thumb Code    56  nrf_drv_clock.o(i.nrf_drv_clock_init)
    nrf_drv_clock_lfclk_release              0x0001e019   Thumb Code    48  nrf_drv_clock.o(i.nrf_drv_clock_lfclk_release)
    nrf_drv_spi_init                         0x0001e04d   Thumb Code    30  nrf_drv_spi.o(i.nrf_drv_spi_init)
    nrf_flash_erase                          0x0001e08d   Thumb Code    56  nrf_flash.o(i.nrf_flash_erase)
    nrf_flash_init                           0x0001e0ed   Thumb Code    76  nrf_flash.o(i.nrf_flash_init)
    nrf_flash_read                           0x0001e159   Thumb Code    56  nrf_flash.o(i.nrf_flash_read)
    nrf_flash_write                          0x0001e1c9   Thumb Code    68  nrf_flash.o(i.nrf_flash_write)
    nrf_fprintf                              0x0001e235   Thumb Code    26  nrf_fprintf.o(i.nrf_fprintf)
    nrf_fprintf_buffer_flush                 0x0001e24f   Thumb Code    24  nrf_fprintf.o(i.nrf_fprintf_buffer_flush)
    nrf_fprintf_fmt                          0x0001e267   Thumb Code   474  nrf_fprintf_format.o(i.nrf_fprintf_fmt)
    nrf_fstorage_erase                       0x0001e441   Thumb Code   188  nrf_fstorage.o(i.nrf_fstorage_erase)
    nrf_fstorage_init                        0x0001e579   Thumb Code    74  nrf_fstorage.o(i.nrf_fstorage_init)
    nrf_fstorage_is_busy                     0x0001e60d   Thumb Code    70  nrf_fstorage.o(i.nrf_fstorage_is_busy)
    nrf_fstorage_read                        0x0001e65d   Thumb Code   198  nrf_fstorage.o(i.nrf_fstorage_read)
    nrf_fstorage_sdh_req_handler             0x0001e7bd   Thumb Code    18  nrf_fstorage_sd.o(i.nrf_fstorage_sdh_req_handler)
    nrf_fstorage_sdh_state_handler           0x0001e7d5   Thumb Code    28  nrf_fstorage_sd.o(i.nrf_fstorage_sdh_state_handler)
    nrf_fstorage_sys_evt_handler             0x0001e7f5   Thumb Code   154  nrf_fstorage_sd.o(i.nrf_fstorage_sys_evt_handler)
    nrf_fstorage_write                       0x0001e899   Thumb Code   242  nrf_fstorage.o(i.nrf_fstorage_write)
    nrf_log_backend_add                      0x0001eb9d   Thumb Code    86  nrf_log_frontend.o(i.nrf_log_backend_add)
    nrf_log_backend_rtt_init                 0x0001ebfb   Thumb Code     4  nrf_log_backend_rtt.o(i.nrf_log_backend_rtt_init)
    nrf_log_backend_serial_put               0x0001ec19   Thumb Code   194  nrf_log_backend_serial.o(i.nrf_log_backend_serial_put)
    nrf_log_color_id_get                     0x0001ecdd   Thumb Code    42  nrf_log_frontend.o(i.nrf_log_color_id_get)
    nrf_log_default_backends_init            0x0001ed0d   Thumb Code    24  nrf_log_default_backends.o(i.nrf_log_default_backends_init)
    nrf_log_frontend_dequeue                 0x0001ed29   Thumb Code   524  nrf_log_frontend.o(i.nrf_log_frontend_dequeue)
    nrf_log_frontend_std_0                   0x0001ef5d   Thumb Code     8  nrf_log_frontend.o(i.nrf_log_frontend_std_0)
    nrf_log_frontend_std_1                   0x0001ef65   Thumb Code    14  nrf_log_frontend.o(i.nrf_log_frontend_std_1)
    nrf_log_frontend_std_2                   0x0001ef73   Thumb Code    16  nrf_log_frontend.o(i.nrf_log_frontend_std_2)
    nrf_log_frontend_std_3                   0x0001ef83   Thumb Code    18  nrf_log_frontend.o(i.nrf_log_frontend_std_3)
    nrf_log_frontend_std_5                   0x0001ef95   Thumb Code    28  nrf_log_frontend.o(i.nrf_log_frontend_std_5)
    nrf_log_hexdump_entry_process            0x0001efb1   Thumb Code   150  nrf_log_str_formatter.o(i.nrf_log_hexdump_entry_process)
    nrf_log_init                             0x0001f061   Thumb Code    28  nrf_log_frontend.o(i.nrf_log_init)
    nrf_log_module_cnt_get                   0x0001f089   Thumb Code    10  nrf_log_frontend.o(i.nrf_log_module_cnt_get)
    nrf_log_module_name_get                  0x0001f09d   Thumb Code    24  nrf_log_frontend.o(i.nrf_log_module_name_get)
    nrf_log_panic                            0x0001f0b9   Thumb Code    36  nrf_log_frontend.o(i.nrf_log_panic)
    nrf_log_std_entry_process                0x0001f0e1   Thumb Code   182  nrf_log_str_formatter.o(i.nrf_log_std_entry_process)
    nrf_memobj_alloc                         0x0001f197   Thumb Code    96  nrf_memobj.o(i.nrf_memobj_alloc)
    nrf_memobj_free                          0x0001f1f7   Thumb Code    50  nrf_memobj.o(i.nrf_memobj_free)
    nrf_memobj_get                           0x0001f229   Thumb Code     8  nrf_memobj.o(i.nrf_memobj_get)
    nrf_memobj_pool_init                     0x0001f231   Thumb Code     4  nrf_memobj.o(i.nrf_memobj_pool_init)
    nrf_memobj_put                           0x0001f235   Thumb Code    30  nrf_memobj.o(i.nrf_memobj_put)
    nrf_memobj_read                          0x0001f253   Thumb Code    16  nrf_memobj.o(i.nrf_memobj_read)
    nrf_memobj_write                         0x0001f263   Thumb Code    16  nrf_memobj.o(i.nrf_memobj_write)
    nrf_pwr_mgmt_init                        0x0001f275   Thumb Code    28  nrf_pwr_mgmt.o(i.nrf_pwr_mgmt_init)
    nrf_pwr_mgmt_run                         0x0001f29d   Thumb Code    20  nrf_pwr_mgmt.o(i.nrf_pwr_mgmt_run)
    nrf_ringbuf_init                         0x0001f2cd   Thumb Code    28  nrf_ringbuf.o(i.nrf_ringbuf_init)
    nrf_sdh_ble_app_ram_start_get            0x0001f359   Thumb Code    16  nrf_sdh_ble.o(i.nrf_sdh_ble_app_ram_start_get)
    nrf_sdh_ble_default_cfg_set              0x0001f36d   Thumb Code   264  nrf_sdh_ble.o(i.nrf_sdh_ble_default_cfg_set)
    nrf_sdh_ble_enable                       0x0001f495   Thumb Code   150  nrf_sdh_ble.o(i.nrf_sdh_ble_enable)
    nrf_sdh_disable_request                  0x0001f739   Thumb Code    80  nrf_sdh.o(i.nrf_sdh_disable_request)
    nrf_sdh_enable_request                   0x0001f78d   Thumb Code   102  nrf_sdh.o(i.nrf_sdh_enable_request)
    nrf_sdh_evts_poll                        0x0001f801   Thumb Code    32  nrf_sdh.o(i.nrf_sdh_evts_poll)
    nrf_sdh_is_enabled                       0x0001f825   Thumb Code     6  nrf_sdh.o(i.nrf_sdh_is_enabled)
    nrf_sdh_request_continue                 0x0001f831   Thumb Code    22  nrf_sdh.o(i.nrf_sdh_request_continue)
    nrf_section_iter_init                    0x0001f8cd   Thumb Code    10  nrf_section_iter.o(i.nrf_section_iter_init)
    nrf_section_iter_next                    0x0001f8fb   Thumb Code    32  nrf_section_iter.o(i.nrf_section_iter_next)
    nrf_sortlist_add                         0x0001f91b   Thumb Code    34  nrf_sortlist.o(i.nrf_sortlist_add)
    nrf_sortlist_peek                        0x0001f93d   Thumb Code     6  nrf_sortlist.o(i.nrf_sortlist_peek)
    nrf_sortlist_pop                         0x0001f943   Thumb Code    14  nrf_sortlist.o(i.nrf_sortlist_pop)
    nrf_sortlist_remove                      0x0001f951   Thumb Code    30  nrf_sortlist.o(i.nrf_sortlist_remove)
    nrf_strerror_find                        0x0001f971   Thumb Code    52  nrf_strerror.o(i.nrf_strerror_find)
    nrf_strerror_get                         0x0001f9a9   Thumb Code    14  nrf_strerror.o(i.nrf_strerror_get)
    nrfx_clock_enable                        0x0001f9cd   Thumb Code    34  nrfx_clock.o(i.nrfx_clock_enable)
    nrfx_clock_init                          0x0001f9f9   Thumb Code    22  nrfx_clock.o(i.nrfx_clock_init)
    nrfx_clock_lfclk_stop                    0x0001fa15   Thumb Code    38  nrfx_clock.o(i.nrfx_clock_lfclk_stop)
    nrfx_saadc_channel_init                  0x0001fa65   Thumb Code   132  nrfx_saadc.o(i.nrfx_saadc_channel_init)
    nrfx_saadc_channel_uninit                0x0001faf1   Thumb Code    62  nrfx_saadc.o(i.nrfx_saadc_channel_uninit)
    nrfx_saadc_init                          0x0001fb35   Thumb Code   130  nrfx_saadc.o(i.nrfx_saadc_init)
    nrfx_saadc_limits_set                    0x0001fbc9   Thumb Code   120  nrfx_saadc.o(i.nrfx_saadc_limits_set)
    nrfx_saadc_sample_convert                0x0001fc49   Thumb Code   182  nrfx_saadc.o(i.nrfx_saadc_sample_convert)
    nrfx_saadc_uninit                        0x0001fd09   Thumb Code    94  nrfx_saadc.o(i.nrfx_saadc_uninit)
    nrfx_spi_init                            0x0001fd75   Thumb Code   372  nrfx_spi.o(i.nrfx_spi_init)
    nrfx_spi_uninit                          0x0001feed   Thumb Code    90  nrfx_spi.o(i.nrfx_spi_uninit)
    nrfx_spi_xfer                            0x0001ff4d   Thumb Code    96  nrfx_spi.o(i.nrfx_spi_xfer)
    nrfx_wdt_channel_alloc                   0x0001ffb1   Thumb Code    60  nrfx_wdt.o(i.nrfx_wdt_channel_alloc)
    nrfx_wdt_channel_feed                    0x0001fff5   Thumb Code    14  nrfx_wdt.o(i.nrfx_wdt_channel_feed)
    nrfx_wdt_enable                          0x0002000d   Thumb Code    18  nrfx_wdt.o(i.nrfx_wdt_enable)
    nrfx_wdt_init                            0x00020029   Thumb Code    76  nrfx_wdt.o(i.nrfx_wdt_init)
    queue_empty                              0x00020a69   Thumb Code    18  sys_queue.o(i.queue_empty)
    queue_full                               0x00020a91   Thumb Code    20  sys_queue.o(i.queue_full)
    queue_in                                 0x00020aa5   Thumb Code   122  sys_queue.o(i.queue_in)
    queue_init                               0x00020b1f   Thumb Code    18  sys_queue.o(i.queue_init)
    queue_out                                0x00020b31   Thumb Code    82  sys_queue.o(i.queue_out)
    saadc_callback                           0x00020e71   Thumb Code     2  main.o(i.saadc_callback)
    saadc_init                               0x00020e75   Thumb Code    56  main.o(i.saadc_init)
    save_sensor_data_to_ram_and_flash        0x00020ec5   Thumb Code   110  main.o(i.save_sensor_data_to_ram_and_flash)
    spi_disable                              0x00021459   Thumb Code     6  main.o(i.spi_disable)
    spi_enable                               0x00021465   Thumb Code    74  main.o(i.spi_enable)
    spi_event_handler                        0x000214c9   Thumb Code     8  main.o(i.spi_event_handler)
    usr_get_volt                             0x00021d6d   Thumb Code    66  main.o(i.usr_get_volt)
    wdt_event_handler                        0x00021ec9   Thumb Code     2  main.o(i.wdt_event_handler)
    nrf_fstorage_sd                          0x00022248   Data          32  nrf_fstorage_sd.o(.constdata)
    nrf_log_backend_rtt_api                  0x00022268   Data          12  nrf_log_backend_rtt.o(.constdata)
    m_ram_start                              0x0002230c   Data           4  nrf_sdh_ble.o(.constdata)
    __ctype_table                            0x00022338   Data         129  ctype_o.o(.constdata)
    Region$$Table$$Base                      0x00022b78   Number         0  anon$$obj.o(Region$$Table)
    Region$$Table$$Limit                     0x00022b98   Number         0  anon$$obj.o(Region$$Table)
    log_const_data$$Base                     0x00022ba8   Number         0  nrf_ble_gatt.o(log_const_data)
    m_nrf_log_nrf_ble_gatt_logs_data_const   0x00022ba8   Data           8  nrf_ble_gatt.o(log_const_data)
    m_nrf_log_ble_nus_logs_data_const        0x00022bb0   Data           8  ble_nus.o(log_const_data)
    m_nrf_log_clock_logs_data_const          0x00022bb8   Data           8  nrf_drv_clock.o(log_const_data)
    m_nrf_log_CLOCK_logs_data_const          0x00022bc0   Data           8  nrfx_clock.o(log_const_data)
    m_nrf_log_GPIOTE_logs_data_const         0x00022bc8   Data           8  nrfx_gpiote.o(log_const_data)
    m_nrf_log_SAADC_logs_data_const          0x00022bd0   Data           8  nrfx_saadc.o(log_const_data)
    m_nrf_log_SPI_logs_data_const            0x00022bd8   Data           8  nrfx_spi.o(log_const_data)
    m_nrf_log_WDT_logs_data_const            0x00022be0   Data           8  nrfx_wdt.o(log_const_data)
    m_nrf_log_RTC_logs_data_const            0x00022be8   Data           8  nrfx_rtc.o(log_const_data)
    m_nrf_log_app_button_logs_data_const     0x00022bf0   Data           8  app_button.o(log_const_data)
    m_nrf_log_app_timer_logs_data_const      0x00022bf8   Data           8  app_timer2.o(log_const_data)
    m_nrf_log_pwr_mgmt_logs_data_const       0x00022c00   Data           8  nrf_pwr_mgmt.o(log_const_data)
    m_nrf_log_sortlist_logs_data_const       0x00022c08   Data           8  nrf_sortlist.o(log_const_data)
    m_nrf_log_nrf_fstorage_logs_data_const   0x00022c10   Data           8  nrf_fstorage.o(log_const_data)
    m_nrf_log_app_logs_data_const            0x00022c18   Data           8  nrf_log_frontend.o(log_const_data)
    m_nrf_log_nrf_sdh_logs_data_const        0x00022c20   Data           8  nrf_sdh.o(log_const_data)
    m_nrf_log_nrf_sdh_ble_logs_data_const    0x00022c28   Data           8  nrf_sdh_ble.o(log_const_data)
    m_nrf_log_nrf_sdh_soc_logs_data_const    0x00022c30   Data           8  nrf_sdh_soc.o(log_const_data)
    log_const_data$$Limit                    0x00022c38   Number         0  nrf_sdh_soc.o(log_const_data)
    log_mempool                              0x00022c38   Data          20  nrf_log_frontend.o(nrf_balloc)
    sdh_ble_observers0$$Base                 0x00022c4c   Number         0  ble_conn_state.o(sdh_ble_observers0)
    sdh_ble_observers0$$Limit                0x00022c54   Number         0  ble_conn_state.o(sdh_ble_observers0)
    sdh_ble_observers1$$Base                 0x00022c54   Number         0  main.o(sdh_ble_observers1)
    sdh_ble_observers1$$Limit                0x00022c74   Number         0  ble_conn_params.o(sdh_ble_observers1)
    sdh_ble_observers2$$Base                 0x00022c74   Number         0  main.o(sdh_ble_observers2)
    sdh_ble_observers2$$Limit                0x00022c84   Number         0  main.o(sdh_ble_observers2)
    sdh_ble_observers3$$Base                 0x00022c84   Number         0  main.o(sdh_ble_observers3)
    m_req_obs                                0x00022c8c   Data           8  nrf_fstorage_sd.o(sdh_req_observers0)
    sdh_ble_observers3$$Limit                0x00022c8c   Number         0  main.o(sdh_ble_observers3)
    sdh_req_observers0$$Base                 0x00022c8c   Number         0  nrf_fstorage_sd.o(sdh_req_observers0)
    sdh_req_observers0$$Limit                0x00022c94   Number         0  nrf_fstorage_sd.o(sdh_req_observers0)
    sdh_soc_observers0$$Base                 0x00022c94   Number         0  nrf_drv_clock.o(sdh_soc_observers0)
    sdh_soc_observers0$$Limit                0x00022ca4   Number         0  nrf_fstorage_sd.o(sdh_soc_observers0)
    sdh_stack_observers0$$Base               0x00022ca4   Number         0  nrf_sdh_ble.o(sdh_stack_observers0)
    sdh_stack_observers0$$Limit              0x00022cb4   Number         0  nrf_sdh_soc.o(sdh_stack_observers0)
    sdh_state_observers0$$Base               0x00022cb4   Number         0  nrf_drv_clock.o(sdh_state_observers0)
    sdh_state_observers0$$Limit              0x00022cc4   Number         0  nrf_fstorage_sd.o(sdh_state_observers0)
    Image$$RW_IRAM1$$Base                    0x200022c8   Number         0  anon$$obj.o ABSOLUTE
    acc_frames_req                           0x200022d5   Data           1  main.o(.data)
    gyro_frames_req                          0x200022d6   Data           1  main.o(.data)
    mag_frames_req                           0x200022d7   Data           1  main.o(.data)
    m_channel_id                             0x200022d8   Data           1  main.o(.data)
    bmi160_fifo_ready                        0x200022e2   Data           2  main.o(.data)
    rx_frame_header                          0x200022f4   Data           4  main.o(.data)
    tx_frame_header                          0x200022f8   Data           4  main.o(.data)
    bmm150                                   0x20002318   Data          60  main.o(.data)
    SystemCoreClock                          0x200024cc   Data           4  system_nrf52805.o(.data)
    fs_data$$Base                            0x200024d0   Number         0  nrf_flash.o(fs_data)
    fstorage                                 0x200024d0   Data          20  nrf_flash.o(fs_data)
    fs_data$$Limit                           0x200024e4   Number         0  nrf_flash.o(fs_data)
    bmi160dev                                0x200040e0   Data          44  main.o(.bss)
    fifo_buff                                0x2000410c   Data        1024  main.o(.bss)
    fifo_frame                               0x2000450c   Data          24  main.o(.bss)
    fifo_acc_data                            0x20004524   Data         120  main.o(.bss)
    fifo_gyro_data                           0x2000459c   Data         120  main.o(.bss)
    fifo_mag_data                            0x20004614   Data          80  main.o(.bss)
    nrf_nvic_state                           0x20004890   Data          12  app_util_platform.o(.bss)
    _SEGGER_RTT                              0x20004f10   Data         120  segger_rtt.o(.bss)
    __initial_sp                             0x20005998   Data           0  arm_startup_nrf52805.o(STACK)



==============================================================================

Memory Map of the image

  Image Entry point : 0x00019201

  Load Region LR_IROM1 (Base: 0x00019000, Size: 0x00009ee0, Max: 0x00017000, ABSOLUTE, COMPRESSED[0x00009d44])

    Execution Region ER_IROM1 (Exec base: 0x00019000, Load base: 0x00019000, Size: 0x00009cc4, Max: 0x00017000, ABSOLUTE)

    Exec Addr    Load Addr    Size         Type   Attr      Idx    E Section Name        Object

    0x00019000   0x00019000   0x00000200   Data   RO         6610    RESET               arm_startup_nrf52805.o
    0x00019200   0x00019200   0x00000000   Code   RO         6655  * .ARM.Collect$$$$00000000  mc_w.l(entry.o)
    0x00019200   0x00019200   0x00000004   Code   RO         6721    .ARM.Collect$$$$00000001  mc_w.l(entry2.o)
    0x00019204   0x00019204   0x00000004   Code   RO         6724    .ARM.Collect$$$$00000004  mc_w.l(entry5.o)
    0x00019208   0x00019208   0x00000000   Code   RO         6726    .ARM.Collect$$$$00000008  mc_w.l(entry7b.o)
    0x00019208   0x00019208   0x00000000   Code   RO         6728    .ARM.Collect$$$$0000000A  mc_w.l(entry8b.o)
    0x00019208   0x00019208   0x00000008   Code   RO         6729    .ARM.Collect$$$$0000000B  mc_w.l(entry9a.o)
    0x00019210   0x00019210   0x00000004   Code   RO         6736    .ARM.Collect$$$$0000000E  mc_w.l(entry12b.o)
    0x00019214   0x00019214   0x00000000   Code   RO         6731    .ARM.Collect$$$$0000000F  mc_w.l(entry10a.o)
    0x00019214   0x00019214   0x00000000   Code   RO         6733    .ARM.Collect$$$$00000011  mc_w.l(entry11a.o)
    0x00019214   0x00019214   0x00000004   Code   RO         6722    .ARM.Collect$$$$00002712  mc_w.l(entry2.o)
    0x00019218   0x00019218   0x0000001a   Code   RO         4080    .emb_text           app_error_handler_keil.o
    0x00019232   0x00019232   0x00000002   PAD
    0x00019234   0x00019234   0x000000c8   Code   RO         4711    .emb_text           nrf_atfifo.o
    0x000192fc   0x000192fc   0x000000e2   Code   RO         4847    .emb_text           nrf_atomic.o
    0x000193de   0x000193de   0x00000002   PAD
    0x000193e0   0x000193e0   0x00000024   Code   RO         6611    .text               arm_startup_nrf52805.o
    0x00019404   0x00019404   0x00000062   Code   RO         6663    .text               mc_w.l(uldiv.o)
    0x00019466   0x00019466   0x0000001e   Code   RO         6665    .text               mc_w.l(llshl.o)
    0x00019484   0x00019484   0x00000008   Code   RO         6667    .text               mc_w.l(ctype_o.o)
    0x0001948c   0x0001948c   0x00000024   Code   RO         6695    .text               mc_w.l(memcpya.o)
    0x000194b0   0x000194b0   0x00000024   Code   RO         6697    .text               mc_w.l(memseta.o)
    0x000194d4   0x000194d4   0x0000000e   Code   RO         6699    .text               mc_w.l(strlen.o)
    0x000194e2   0x000194e2   0x00000012   Code   RO         6705    .text               mc_w.l(strcpy.o)
    0x000194f4   0x000194f4   0x000000e4   Code   RO         6709    .text               mf_w.l(dmul.o)
    0x000195d8   0x000195d8   0x000000de   Code   RO         6711    .text               mf_w.l(ddiv.o)
    0x000196b6   0x000196b6   0x0000002e   Code   RO         6713    .text               mf_w.l(dscalb.o)
    0x000196e4   0x000196e4   0x00000022   Code   RO         6715    .text               mf_w.l(dflti.o)
    0x00019706   0x00019706   0x0000001a   Code   RO         6717    .text               mf_w.l(dfltui.o)
    0x00019720   0x00019720   0x00000032   Code   RO         6719    .text               mf_w.l(dfixui.o)
    0x00019752   0x00019752   0x00000020   Code   RO         6738    .text               mc_w.l(llushr.o)
    0x00019772   0x00019772   0x00000000   Code   RO         6740    .text               mc_w.l(iusefp.o)
    0x00019772   0x00019772   0x000000ba   Code   RO         6742    .text               mf_w.l(depilogue.o)
    0x0001982c   0x0001982c   0x00000024   Code   RO         6744    .text               mc_w.l(init.o)
    0x00019850   0x00019850   0x00000056   Code   RO         6754    .text               mc_w.l(__dczerorl2.o)
    0x000198a6   0x000198a6   0x00000002   PAD
    0x000198a8   0x000198a8   0x000000a4   Code   RO         3116    i.GPIOTE_IRQHandler  nrfx_gpiote.o
    0x0001994c   0x0001994c   0x00000050   Code   RO         2977    i.POWER_CLOCK_IRQHandler  nrfx_clock.o
    0x0001999c   0x0001999c   0x00000010   Code   RO         3825    i.RTC0_IRQHandler   nrfx_rtc.o
    0x000199ac   0x000199ac   0x00000010   Code   RO         4497    i.RTC1_IRQHandler   drv_rtc.o
    0x000199bc   0x000199bc   0x00000148   Code   RO         3485    i.SAADC_IRQHandler  nrfx_saadc.o
    0x00019b04   0x00019b04   0x00000004   Code   RO         6048    i.SEGGER_RTT_Init   segger_rtt.o
    0x00019b08   0x00019b08   0x0000005c   Code   RO         6062    i.SEGGER_RTT_WriteNoLock  segger_rtt.o
    0x00019b64   0x00019b64   0x00000044   Code   RO         3640    i.SPIM0_SPIS0_SPI0_IRQHandler  nrfx_spi.o
    0x00019ba8   0x00019ba8   0x00000004   Code   RO         6396    i.SWI2_IRQHandler   nrf_sdh.o
    0x00019bac   0x00019bac   0x00000178   Code   RO         6619    i.SystemInit        system_nrf52805.o
    0x00019d24   0x00019d24   0x00000024   Code   RO         3754    i.WDT_IRQHandler    nrfx_wdt.o
    0x00019d48   0x00019d48   0x00000068   Code   RO         6066    i._DoInit           segger_rtt.o
    0x00019db0   0x00019db0   0x00000016   Code   RO         6067    i._GetAvailWriteSpace  segger_rtt.o
    0x00019dc6   0x00019dc6   0x0000005a   Code   RO         6069    i._WriteBlocking    segger_rtt.o
    0x00019e20   0x00019e20   0x00000042   Code   RO         6070    i._WriteNoCheck     segger_rtt.o
    0x00019e62   0x00019e62   0x0000000e   Code   RO         6748    i.__scatterload_copy  mc_w.l(handlers.o)
    0x00019e70   0x00019e70   0x00000002   Code   RO         6749    i.__scatterload_null  mc_w.l(handlers.o)
    0x00019e72   0x00019e72   0x0000000e   Code   RO         6750    i.__scatterload_zeroinit  mc_w.l(handlers.o)
    0x00019e80   0x00019e80   0x00000024   Code   RO         6397    i.__sd_nvic_app_accessible_irq  nrf_sdh.o
    0x00019ea4   0x00019ea4   0x0000000c   Code   RO         5455    i.addr_is_aligned32  nrf_fstorage.o
    0x00019eb0   0x00019eb0   0x00000018   Code   RO         5456    i.addr_is_within_bounds  nrf_fstorage.o
    0x00019ec8   0x00019ec8   0x00000008   Code   RO         2057    i.adv_set_data_size_max_get  ble_advertising.o
    0x00019ed0   0x00019ed0   0x00000036   Code   RO         1838    i.advertising_buttons_configure  bsp_btn_ble.o
    0x00019f06   0x00019f06   0x00000002   PAD
    0x00019f08   0x00019f08   0x000000a0   Code   RO            4    i.advertising_init  main.o
    0x00019fa8   0x00019fa8   0x00000164   Code   RO         4102    i.app_error_fault_handler  app_error_weak.o
    0x0001a10c   0x0001a10c   0x00000064   Code   RO         4043    i.app_error_save_and_stop  app_error.o
    0x0001a170   0x0001a170   0x00000018   Code   RO            8    i.app_open_bmi160_acc  main.o
    0x0001a188   0x0001a188   0x0000013c   Code   RO            9    i.app_open_bmi160_aux  main.o
    0x0001a2c4   0x0001a2c4   0x00000104   Code   RO           10    i.app_open_bmi160_fifo  main.o
    0x0001a3c8   0x0001a3c8   0x00000014   Code   RO           11    i.app_open_bmi160_gyro  main.o
    0x0001a3dc   0x0001a3dc   0x0000003c   Code   RO           14    i.app_timer_callback  main.o
    0x0001a418   0x0001a418   0x0000000c   Code   RO         4273    i.app_timer_cnt_get  app_timer2.o
    0x0001a424   0x0001a424   0x00000020   Code   RO         4274    i.app_timer_create  app_timer2.o
    0x0001a444   0x0001a444   0x0000005c   Code   RO         4275    i.app_timer_init    app_timer2.o
    0x0001a4a0   0x0001a4a0   0x00000054   Code   RO         4278    i.app_timer_start   app_timer2.o
    0x0001a4f4   0x0001a4f4   0x00000044   Code   RO         4279    i.app_timer_stop    app_timer2.o
    0x0001a538   0x0001a538   0x00000048   Code   RO         4429    i.app_util_critical_region_enter  app_util_platform.o
    0x0001a580   0x0001a580   0x00000034   Code   RO         4430    i.app_util_critical_region_exit  app_util_platform.o
    0x0001a5b4   0x0001a5b4   0x00000048   Code   RO         2414    i.blcm_link_ctx_get  ble_link_ctx_manager.o
    0x0001a5fc   0x0001a5fc   0x00000182   Code   RO         1948    i.ble_advdata_encode  ble_advdata.o
    0x0001a77e   0x0001a77e   0x00000020   Code   RO         1950    i.ble_advdata_parse  ble_advdata.o
    0x0001a79e   0x0001a79e   0x00000046   Code   RO         1951    i.ble_advdata_search  ble_advdata.o
    0x0001a7e4   0x0001a7e4   0x00000006   Code   RO         2059    i.ble_advertising_conn_cfg_tag_set  ble_advertising.o
    0x0001a7ea   0x0001a7ea   0x000000f8   Code   RO         2060    i.ble_advertising_init  ble_advertising.o
    0x0001a8e2   0x0001a8e2   0x0000006a   Code   RO         2062    i.ble_advertising_on_ble_evt  ble_advertising.o
    0x0001a94c   0x0001a94c   0x00000202   Code   RO         2065    i.ble_advertising_start  ble_advertising.o
    0x0001ab4e   0x0001ab4e   0x00000002   PAD
    0x0001ab50   0x0001ab50   0x00000068   Code   RO         2162    i.ble_conn_params_init  ble_conn_params.o
    0x0001abb8   0x0001abb8   0x00000012   Code   RO         2246    i.ble_conn_state_conn_idx  ble_conn_state.o
    0x0001abca   0x0001abca   0x00000002   PAD
    0x0001abcc   0x0001abcc   0x00000014   Code   RO         2260    i.ble_conn_state_valid  ble_conn_state.o
    0x0001abe0   0x0001abe0   0x00000060   Code   RO         1954    i.ble_device_addr_encode  ble_advdata.o
    0x0001ac40   0x0001ac40   0x00000170   Code   RO           16    i.ble_evt_handler   main.o
    0x0001adb0   0x0001adb0   0x00000070   Code   RO         1839    i.ble_evt_handler   bsp_btn_ble.o
    0x0001ae20   0x0001ae20   0x000000fc   Code   RO         2164    i.ble_evt_handler   ble_conn_params.o
    0x0001af1c   0x0001af1c   0x00000148   Code   RO         2261    i.ble_evt_handler   ble_conn_state.o
    0x0001b064   0x0001b064   0x00000066   Code   RO         2620    i.ble_nus_data_send  ble_nus.o
    0x0001b0ca   0x0001b0ca   0x00000002   PAD
    0x0001b0cc   0x0001b0cc   0x000000d4   Code   RO         2621    i.ble_nus_init      ble_nus.o
    0x0001b1a0   0x0001b1a0   0x00000078   Code   RO         2622    i.ble_nus_on_ble_evt  ble_nus.o
    0x0001b218   0x0001b218   0x0000004c   Code   RO           17    i.ble_send_data     main.o
    0x0001b264   0x0001b264   0x00000070   Code   RO           18    i.ble_send_packet   main.o
    0x0001b2d4   0x0001b2d4   0x0000010c   Code   RO           19    i.ble_send_ram_and_flash_sensor_data  main.o
    0x0001b3e0   0x0001b3e0   0x00000008   Code   RO         2443    i.ble_srv_is_notification_enabled  ble_srv_common.o
    0x0001b3e8   0x0001b3e8   0x00000044   Code   RO           20    i.ble_stack_init    main.o
    0x0001b42c   0x0001b42c   0x00000070   Code   RO          920    i.bmi160_aux_init   bmi160.o
    0x0001b49c   0x0001b49c   0x00000048   Code   RO          921    i.bmi160_aux_read   bmi160.o
    0x0001b4e4   0x0001b4e4   0x0000006c   Code   RO          922    i.bmi160_aux_write  bmi160.o
    0x0001b550   0x0001b550   0x00000066   Code   RO          923    i.bmi160_config_aux_mode  bmi160.o
    0x0001b5b6   0x0001b5b6   0x00000080   Code   RO          924    i.bmi160_extract_accel  bmi160.o
    0x0001b636   0x0001b636   0x000000ae   Code   RO          925    i.bmi160_extract_aux  bmi160.o
    0x0001b6e4   0x0001b6e4   0x0000007e   Code   RO          926    i.bmi160_extract_gyro  bmi160.o
    0x0001b762   0x0001b762   0x0000007c   Code   RO          927    i.bmi160_get_fifo_data  bmi160.o
    0x0001b7de   0x0001b7de   0x00000034   Code   RO          931    i.bmi160_get_regs   bmi160.o
    0x0001b812   0x0001b812   0x0000005c   Code   RO          934    i.bmi160_init       bmi160.o
    0x0001b86e   0x0001b86e   0x00000078   Code   RO          938    i.bmi160_set_aux_auto_mode  bmi160.o
    0x0001b8e6   0x0001b8e6   0x00000080   Code   RO          939    i.bmi160_set_fifo_config  bmi160.o
    0x0001b966   0x0001b966   0x00000020   Code   RO          941    i.bmi160_set_fifo_flush  bmi160.o
    0x0001b986   0x0001b986   0x000000ae   Code   RO          945    i.bmi160_set_power_mode  bmi160.o
    0x0001ba34   0x0001ba34   0x0000008a   Code   RO          946    i.bmi160_set_regs   bmi160.o
    0x0001babe   0x0001babe   0x000000da   Code   RO          947    i.bmi160_set_sens_conf  bmi160.o
    0x0001bb98   0x0001bb98   0x0000006e   Code   RO          949    i.bmi160_soft_reset  bmi160.o
    0x0001bc06   0x0001bc06   0x00000074   Code   RO          730    i.bmm150_aux_mag_data  bmm150.o
    0x0001bc7a   0x0001bc7a   0x00000002   PAD
    0x0001bc7c   0x0001bc7c   0x00000018   Code   RO           23    i.bmm150_aux_read   main.o
    0x0001bc94   0x0001bc94   0x00000018   Code   RO           24    i.bmm150_aux_write  main.o
    0x0001bcac   0x0001bcac   0x0000003a   Code   RO          733    i.bmm150_get_regs   bmm150.o
    0x0001bce6   0x0001bce6   0x00000050   Code   RO          735    i.bmm150_init       bmm150.o
    0x0001bd36   0x0001bd36   0x00000044   Code   RO          738    i.bmm150_set_op_mode  bmm150.o
    0x0001bd7a   0x0001bd7a   0x0000006a   Code   RO          739    i.bmm150_set_presetmode  bmm150.o
    0x0001bde4   0x0001bde4   0x00000032   Code   RO          740    i.bmm150_set_regs   bmm150.o
    0x0001be16   0x0001be16   0x00000002   PAD
    0x0001be18   0x0001be18   0x0000000c   Code   RO         1583    i.bsp_board_button_idx_to_pin  boards.o
    0x0001be24   0x0001be24   0x00000024   Code   RO         1587    i.bsp_board_led_invert  boards.o
    0x0001be48   0x0001be48   0x00000010   Code   RO         1588    i.bsp_board_led_off  boards.o
    0x0001be58   0x0001be58   0x00000010   Code   RO         1589    i.bsp_board_led_on  boards.o
    0x0001be68   0x0001be68   0x00000020   Code   RO         1590    i.bsp_board_led_state_get  boards.o
    0x0001be88   0x0001be88   0x00000012   Code   RO         1591    i.bsp_board_leds_off  boards.o
    0x0001be9a   0x0001be9a   0x00000012   Code   RO         1592    i.bsp_board_leds_on  boards.o
    0x0001beac   0x0001beac   0x00000024   Code   RO         1593    i.bsp_board_pin_to_button_idx  boards.o
    0x0001bed0   0x0001bed0   0x0000001e   Code   RO         1841    i.bsp_btn_ble_sleep_mode_prepare  bsp_btn_ble.o
    0x0001beee   0x0001beee   0x00000002   PAD
    0x0001bef0   0x0001bef0   0x00000090   Code   RO         1713    i.bsp_button_event_handler  bsp.o
    0x0001bf80   0x0001bf80   0x00000044   Code   RO         1717    i.bsp_event_to_button_action_assign  bsp.o
    0x0001bfc4   0x0001bfc4   0x00000018   Code   RO         1718    i.bsp_indication_set  bsp.o
    0x0001bfdc   0x0001bfdc   0x000001c8   Code   RO         1720    i.bsp_led_indication  bsp.o
    0x0001c1a4   0x0001c1a4   0x00000006   Code   RO         1722    i.bsp_wakeup_button_enable  bsp.o
    0x0001c1aa   0x0001c1aa   0x00000002   PAD
    0x0001c1ac   0x0001c1ac   0x00000094   Code   RO         5796    i.buf_prealloc      nrf_log_frontend.o
    0x0001c240   0x0001c240   0x0000002e   Code   RO         5059    i.buffer_add        nrf_fprintf_format.o
    0x0001c26e   0x0001c26e   0x00000002   PAD
    0x0001c270   0x0001c270   0x00000018   Code   RO         5797    i.buffer_is_empty   nrf_log_frontend.o
    0x0001c288   0x0001c288   0x00000018   Code   RO           26    i.calc_checksum     main.o
    0x0001c2a0   0x0001c2a0   0x00000010   Code   RO         3119    i.channel_port_get  nrfx_gpiote.o
    0x0001c2b0   0x0001c2b0   0x00000190   Code   RO         2445    i.characteristic_add  ble_srv_common.o
    0x0001c440   0x0001c440   0x00000074   Code   RO          952    i.check_accel_config  bmi160.o
    0x0001c4b4   0x0001c4b4   0x00000022   Code   RO           27    i.check_flash_data_is_valid  main.o
    0x0001c4d6   0x0001c4d6   0x00000022   Code   RO          953    i.check_frame_validity  bmi160.o
    0x0001c4f8   0x0001c4f8   0x0000006e   Code   RO          954    i.check_gyro_config  bmi160.o
    0x0001c566   0x0001c566   0x00000002   PAD
    0x0001c568   0x0001c568   0x00000028   Code   RO         2681    i.clock_clk_started_notify  nrf_drv_clock.o
    0x0001c590   0x0001c590   0x0000001c   Code   RO         2682    i.clock_irq_handler  nrf_drv_clock.o
    0x0001c5ac   0x0001c5ac   0x00000018   Code   RO         4281    i.compare_func      app_timer2.o
    0x0001c5c4   0x0001c5c4   0x0000007c   Code   RO          743    i.compensate_x      bmm150.o
    0x0001c640   0x0001c640   0x00000078   Code   RO          744    i.compensate_y      bmm150.o
    0x0001c6b8   0x0001c6b8   0x00000070   Code   RO          745    i.compensate_z      bmm150.o
    0x0001c728   0x0001c728   0x0000003e   Code   RO         2262    i.conn_handle_list_get  ble_conn_state.o
    0x0001c766   0x0001c766   0x00000088   Code   RO         1955    i.conn_int_encode   ble_advdata.o
    0x0001c7ee   0x0001c7ee   0x00000002   PAD
    0x0001c7f0   0x0001c7f0   0x0000001c   Code   RO           28    i.conn_params_error_handler  main.o
    0x0001c80c   0x0001c80c   0x00000048   Code   RO         2165    i.conn_params_negotiation  ble_conn_params.o
    0x0001c854   0x0001c854   0x00000014   Code   RO         5798    i.dropped_sat16_get  nrf_log_frontend.o
    0x0001c868   0x0001c868   0x00000014   Code   RO         4498    i.drv_rtc_compare_disable  drv_rtc.o
    0x0001c87c   0x0001c87c   0x0000000e   Code   RO         4501    i.drv_rtc_compare_pending  drv_rtc.o
    0x0001c88a   0x0001c88a   0x00000050   Code   RO         4502    i.drv_rtc_compare_set  drv_rtc.o
    0x0001c8da   0x0001c8da   0x00000008   Code   RO         4503    i.drv_rtc_counter_get  drv_rtc.o
    0x0001c8e2   0x0001c8e2   0x00000002   PAD
    0x0001c8e4   0x0001c8e4   0x000000d4   Code   RO         4504    i.drv_rtc_init      drv_rtc.o
    0x0001c9b8   0x0001c9b8   0x0000001a   Code   RO         4505    i.drv_rtc_irq_trigger  drv_rtc.o
    0x0001c9d2   0x0001c9d2   0x00000008   Code   RO         4507    i.drv_rtc_overflow_enable  drv_rtc.o
    0x0001c9da   0x0001c9da   0x00000008   Code   RO         4508    i.drv_rtc_overflow_pending  drv_rtc.o
    0x0001c9e2   0x0001c9e2   0x00000008   Code   RO         4509    i.drv_rtc_start     drv_rtc.o
    0x0001c9ea   0x0001c9ea   0x00000008   Code   RO         4510    i.drv_rtc_stop      drv_rtc.o
    0x0001c9f2   0x0001c9f2   0x000000de   Code   RO         4515    i.drv_rtc_windowed_compare_set  drv_rtc.o
    0x0001cad0   0x0001cad0   0x00000022   Code   RO           29    i.endian_transfer   main.o
    0x0001caf2   0x0001caf2   0x00000002   PAD
    0x0001caf4   0x0001caf4   0x0000004c   Code   RO         5542    i.erase             nrf_fstorage_sd.o
    0x0001cb40   0x0001cb40   0x00000024   Code   RO           30    i.erase_save_sensor_flash_sector  main.o
    0x0001cb64   0x0001cb64   0x00000054   Code   RO         5543    i.event_send        nrf_fstorage_sd.o
    0x0001cbb8   0x0001cbb8   0x00000012   Code   RO         4516    i.evt_enable        drv_rtc.o
    0x0001cbca   0x0001cbca   0x00000014   Code   RO         4517    i.evt_pending       drv_rtc.o
    0x0001cbde   0x0001cbde   0x000000c8   Code   RO          964    i.extract_accel_header_mode  bmi160.o
    0x0001cca6   0x0001cca6   0x000000c2   Code   RO          965    i.extract_aux_header_mode  bmi160.o
    0x0001cd68   0x0001cd68   0x00000094   Code   RO          966    i.extract_aux_read  bmi160.o
    0x0001cdfc   0x0001cdfc   0x000000c2   Code   RO          967    i.extract_gyro_header_mode  bmi160.o
    0x0001cebe   0x0001cebe   0x0000000a   Code   RO         2263    i.flag_toggle       ble_conn_state.o
    0x0001cec8   0x0001cec8   0x00000028   Code   RO         2067    i.flags_set         ble_advertising.o
    0x0001cef0   0x0001cef0   0x000000b4   Code   RO         1406    i.fstorage_evt_handler  nrf_flash.o
    0x0001cfa4   0x0001cfa4   0x0000006c   Code   RO           31    i.gap_params_init   main.o
    0x0001d010   0x0001d010   0x00000080   Code   RO           32    i.gatt_evt_handler  main.o
    0x0001d090   0x0001d090   0x0000004c   Code   RO           33    i.gatt_init         main.o
    0x0001d0dc   0x0001d0dc   0x00000054   Code   RO          970    i.get_accel_len_to_parse  bmi160.o
    0x0001d130   0x0001d130   0x00000054   Code   RO          973    i.get_gyro_len_to_parse  bmi160.o
    0x0001d184   0x0001d184   0x00000034   Code   RO         4282    i.get_now           app_timer2.o
    0x0001d1b8   0x0001d1b8   0x00000040   Code   RO           34    i.idle_state_handle  main.o
    0x0001d1f8   0x0001d1f8   0x00000034   Code   RO         5544    i.init              nrf_fstorage_sd.o
    0x0001d22c   0x0001d22c   0x00000014   Code   RO         2166    i.instance_get      ble_conn_params.o
    0x0001d240   0x0001d240   0x000000a6   Code   RO         5060    i.int_print         nrf_fprintf_format.o
    0x0001d2e6   0x0001d2e6   0x00000034   Code   RO         5799    i.invalid_packets_omit  nrf_log_frontend.o
    0x0001d31a   0x0001d31a   0x00000002   PAD
    0x0001d31c   0x0001d31c   0x000000a0   Code   RO         3826    i.irq_handler       nrfx_rtc.o
    0x0001d3bc   0x0001d3bc   0x00000010   Code   RO         5545    i.is_busy           nrf_fstorage_sd.o
    0x0001d3cc   0x0001d3cc   0x00000044   Code   RO         2167    i.is_conn_params_ok  ble_conn_params.o
    0x0001d410   0x0001d410   0x00000030   Code   RO         1724    i.leds_off          bsp.o
    0x0001d440   0x0001d440   0x00000010   Code   RO         2500    i.link_init         nrf_ble_gatt.o
    0x0001d450   0x0001d450   0x00000002   Code   RO         5800    i.log_pending_hook  nrf_log_frontend.o
    0x0001d452   0x0001d452   0x00000002   PAD
    0x0001d454   0x0001d454   0x000000a4   Code   RO         5801    i.log_skip          nrf_log_frontend.o
    0x0001d4f8   0x0001d4f8   0x00000460   Code   RO           35    i.main              main.o
    0x0001d958   0x0001d958   0x00000064   Code   RO         1956    i.manuf_specific_data_encode  ble_advdata.o
    0x0001d9bc   0x0001d9bc   0x0000007e   Code   RO         5099    i.memobj_op         nrf_memobj.o
    0x0001da3a   0x0001da3a   0x00000002   PAD
    0x0001da3c   0x0001da3c   0x00000030   Code   RO         5802    i.module_idx_get    nrf_log_frontend.o
    0x0001da6c   0x0001da6c   0x00000014   Code   RO          976    i.move_next_frame   bmi160.o
    0x0001da80   0x0001da80   0x000000a6   Code   RO         1957    i.name_encode       ble_advdata.o
    0x0001db26   0x0001db26   0x00000002   PAD
    0x0001db28   0x0001db28   0x00000048   Code   RO           36    i.nrf52_read_spi    main.o
    0x0001db70   0x0001db70   0x00000044   Code   RO           37    i.nrf52_write_spi   main.o
    0x0001dbb4   0x0001dbb4   0x00000010   Code   RO         4713    i.nrf_atfifo_clear  nrf_atfifo.o
    0x0001dbc4   0x0001dbc4   0x00000026   Code   RO         4715    i.nrf_atfifo_init   nrf_atfifo.o
    0x0001dbea   0x0001dbea   0x00000016   Code   RO         4716    i.nrf_atfifo_item_alloc  nrf_atfifo.o
    0x0001dc00   0x0001dc00   0x00000016   Code   RO         4717    i.nrf_atfifo_item_free  nrf_atfifo.o
    0x0001dc16   0x0001dc16   0x00000016   Code   RO         4718    i.nrf_atfifo_item_get  nrf_atfifo.o
    0x0001dc2c   0x0001dc2c   0x00000016   Code   RO         4719    i.nrf_atfifo_item_put  nrf_atfifo.o
    0x0001dc42   0x0001dc42   0x00000016   Code   RO         4781    i.nrf_atflags_clear  nrf_atflags.o
    0x0001dc58   0x0001dc58   0x00000016   Code   RO         4786    i.nrf_atflags_get   nrf_atflags.o
    0x0001dc6e   0x0001dc6e   0x00000014   Code   RO         4788    i.nrf_atflags_set   nrf_atflags.o
    0x0001dc82   0x0001dc82   0x00000006   Code   RO         4849    i.nrf_atomic_flag_clear_fetch  nrf_atomic.o
    0x0001dc88   0x0001dc88   0x00000006   Code   RO         4850    i.nrf_atomic_flag_set  nrf_atomic.o
    0x0001dc8e   0x0001dc8e   0x00000006   Code   RO         4851    i.nrf_atomic_flag_set_fetch  nrf_atomic.o
    0x0001dc94   0x0001dc94   0x0000000c   Code   RO         4852    i.nrf_atomic_u32_add  nrf_atomic.o
    0x0001dca0   0x0001dca0   0x0000000c   Code   RO         4853    i.nrf_atomic_u32_and  nrf_atomic.o
    0x0001dcac   0x0001dcac   0x0000000a   Code   RO         4856    i.nrf_atomic_u32_fetch_and  nrf_atomic.o
    0x0001dcb6   0x0001dcb6   0x0000000a   Code   RO         4857    i.nrf_atomic_u32_fetch_or  nrf_atomic.o
    0x0001dcc0   0x0001dcc0   0x0000000a   Code   RO         4858    i.nrf_atomic_u32_fetch_store  nrf_atomic.o
    0x0001dcca   0x0001dcca   0x0000000c   Code   RO         4862    i.nrf_atomic_u32_or  nrf_atomic.o
    0x0001dcd6   0x0001dcd6   0x0000000c   Code   RO         4864    i.nrf_atomic_u32_sub  nrf_atomic.o
    0x0001dce2   0x0001dce2   0x00000044   Code   RO         4983    i.nrf_balloc_alloc  nrf_balloc.o
    0x0001dd26   0x0001dd26   0x00000030   Code   RO         4984    i.nrf_balloc_free   nrf_balloc.o
    0x0001dd56   0x0001dd56   0x00000030   Code   RO         4985    i.nrf_balloc_init   nrf_balloc.o
    0x0001dd86   0x0001dd86   0x00000010   Code   RO         3120    i.nrf_bitmask_bit_is_set  nrfx_gpiote.o
    0x0001dd96   0x0001dd96   0x00000018   Code   RO         2502    i.nrf_ble_gatt_att_mtu_periph_set  nrf_ble_gatt.o
    0x0001ddae   0x0001ddae   0x00000022   Code   RO         2504    i.nrf_ble_gatt_init  nrf_ble_gatt.o
    0x0001ddd0   0x0001ddd0   0x000000d8   Code   RO         2505    i.nrf_ble_gatt_on_ble_evt  nrf_ble_gatt.o
    0x0001dea8   0x0001dea8   0x00000016   Code   RO         2576    i.nrf_ble_qwr_conn_handle_assign  nrf_ble_qwr.o
    0x0001debe   0x0001debe   0x00000024   Code   RO         2577    i.nrf_ble_qwr_init  nrf_ble_qwr.o
    0x0001dee2   0x0001dee2   0x000000b6   Code   RO         2578    i.nrf_ble_qwr_on_ble_evt  nrf_ble_qwr.o
    0x0001df98   0x0001df98   0x0000000e   Code   RO         2978    i.nrf_clock_event_check  nrfx_clock.o
    0x0001dfa6   0x0001dfa6   0x00000010   Code   RO         2979    i.nrf_clock_event_clear  nrfx_clock.o
    0x0001dfb6   0x0001dfb6   0x00000002   PAD
    0x0001dfb8   0x0001dfb8   0x00000020   Code   RO           38    i.nrf_delay_ms      main.o
    0x0001dfd8   0x0001dfd8   0x00000040   Code   RO         2689    i.nrf_drv_clock_init  nrf_drv_clock.o
    0x0001e018   0x0001e018   0x00000034   Code   RO         2693    i.nrf_drv_clock_lfclk_release  nrf_drv_clock.o
    0x0001e04c   0x0001e04c   0x00000028   Code   RO         3439    i.nrf_drv_spi_init  nrf_drv_spi.o
    0x0001e074   0x0001e074   0x00000016   Code   RO           39    i.nrf_drv_spi_transfer  main.o
    0x0001e08a   0x0001e08a   0x00000002   PAD
    0x0001e08c   0x0001e08c   0x00000060   Code   RO         1407    i.nrf_flash_erase   nrf_flash.o
    0x0001e0ec   0x0001e0ec   0x0000006c   Code   RO         1409    i.nrf_flash_init    nrf_flash.o
    0x0001e158   0x0001e158   0x00000060   Code   RO         1410    i.nrf_flash_read    nrf_flash.o
    0x0001e1b8   0x0001e1b8   0x00000010   Code   RO         1412    i.nrf_flash_wait_ready  nrf_flash.o
    0x0001e1c8   0x0001e1c8   0x0000006c   Code   RO         1413    i.nrf_flash_write   nrf_flash.o
    0x0001e234   0x0001e234   0x0000001a   Code   RO         5020    i.nrf_fprintf       nrf_fprintf.o
    0x0001e24e   0x0001e24e   0x00000018   Code   RO         5021    i.nrf_fprintf_buffer_flush  nrf_fprintf.o
    0x0001e266   0x0001e266   0x000001da   Code   RO         5061    i.nrf_fprintf_fmt   nrf_fprintf_format.o
    0x0001e440   0x0001e440   0x00000138   Code   RO         5457    i.nrf_fstorage_erase  nrf_fstorage.o
    0x0001e578   0x0001e578   0x00000094   Code   RO         5458    i.nrf_fstorage_init  nrf_fstorage.o
    0x0001e60c   0x0001e60c   0x00000050   Code   RO         5459    i.nrf_fstorage_is_busy  nrf_fstorage.o
    0x0001e65c   0x0001e65c   0x00000160   Code   RO         5460    i.nrf_fstorage_read  nrf_fstorage.o
    0x0001e7bc   0x0001e7bc   0x00000018   Code   RO         5546    i.nrf_fstorage_sdh_req_handler  nrf_fstorage_sd.o
    0x0001e7d4   0x0001e7d4   0x00000020   Code   RO         5547    i.nrf_fstorage_sdh_state_handler  nrf_fstorage_sd.o
    0x0001e7f4   0x0001e7f4   0x000000a4   Code   RO         5548    i.nrf_fstorage_sys_evt_handler  nrf_fstorage_sd.o
    0x0001e898   0x0001e898   0x000001dc   Code   RO         5464    i.nrf_fstorage_write  nrf_fstorage.o
    0x0001ea74   0x0001ea74   0x00000024   Code   RO           40    i.nrf_gpio_cfg      main.o
    0x0001ea98   0x0001ea98   0x00000024   Code   RO         3641    i.nrf_gpio_cfg      nrfx_spi.o
    0x0001eabc   0x0001eabc   0x00000012   Code   RO           41    i.nrf_gpio_cfg_default  main.o
    0x0001eace   0x0001eace   0x00000014   Code   RO           42    i.nrf_gpio_cfg_output  main.o
    0x0001eae2   0x0001eae2   0x00000014   Code   RO         3642    i.nrf_gpio_cfg_output  nrfx_spi.o
    0x0001eaf6   0x0001eaf6   0x00000022   Code   RO         3123    i.nrf_gpio_cfg_sense_set  nrfx_gpiote.o
    0x0001eb18   0x0001eb18   0x0000002c   Code   RO         3124    i.nrf_gpio_latches_read_and_clear  nrfx_gpiote.o
    0x0001eb44   0x0001eb44   0x0000000e   Code   RO           43    i.nrf_gpio_pin_set  main.o
    0x0001eb52   0x0001eb52   0x0000000e   Code   RO         3643    i.nrf_gpio_pin_set  nrfx_spi.o
    0x0001eb60   0x0001eb60   0x00000016   Code   RO         1596    i.nrf_gpio_pin_write  boards.o
    0x0001eb76   0x0001eb76   0x00000002   PAD
    0x0001eb78   0x0001eb78   0x00000014   Code   RO         3126    i.nrf_gpiote_event_clear  nrfx_gpiote.o
    0x0001eb8c   0x0001eb8c   0x00000010   Code   RO         3127    i.nrf_gpiote_event_is_set  nrfx_gpiote.o
    0x0001eb9c   0x0001eb9c   0x0000005c   Code   RO         5803    i.nrf_log_backend_add  nrf_log_frontend.o
    0x0001ebf8   0x0001ebf8   0x00000002   Code   RO         5654    i.nrf_log_backend_rtt_flush  nrf_log_backend_rtt.o
    0x0001ebfa   0x0001ebfa   0x00000004   Code   RO         5655    i.nrf_log_backend_rtt_init  nrf_log_backend_rtt.o
    0x0001ebfe   0x0001ebfe   0x00000002   Code   RO         5656    i.nrf_log_backend_rtt_panic_set  nrf_log_backend_rtt.o
    0x0001ec00   0x0001ec00   0x00000018   Code   RO         5657    i.nrf_log_backend_rtt_put  nrf_log_backend_rtt.o
    0x0001ec18   0x0001ec18   0x000000c2   Code   RO         5723    i.nrf_log_backend_serial_put  nrf_log_backend_serial.o
    0x0001ecda   0x0001ecda   0x00000002   PAD
    0x0001ecdc   0x0001ecdc   0x00000030   Code   RO         5805    i.nrf_log_color_id_get  nrf_log_frontend.o
    0x0001ed0c   0x0001ed0c   0x0000001c   Code   RO         5757    i.nrf_log_default_backends_init  nrf_log_default_backends.o
    0x0001ed28   0x0001ed28   0x00000234   Code   RO         5806    i.nrf_log_frontend_dequeue  nrf_log_frontend.o
    0x0001ef5c   0x0001ef5c   0x00000008   Code   RO         5808    i.nrf_log_frontend_std_0  nrf_log_frontend.o
    0x0001ef64   0x0001ef64   0x0000000e   Code   RO         5809    i.nrf_log_frontend_std_1  nrf_log_frontend.o
    0x0001ef72   0x0001ef72   0x00000010   Code   RO         5810    i.nrf_log_frontend_std_2  nrf_log_frontend.o
    0x0001ef82   0x0001ef82   0x00000012   Code   RO         5811    i.nrf_log_frontend_std_3  nrf_log_frontend.o
    0x0001ef94   0x0001ef94   0x0000001c   Code   RO         5813    i.nrf_log_frontend_std_5  nrf_log_frontend.o
    0x0001efb0   0x0001efb0   0x000000b0   Code   RO         5989    i.nrf_log_hexdump_entry_process  nrf_log_str_formatter.o
    0x0001f060   0x0001f060   0x00000028   Code   RO         5815    i.nrf_log_init      nrf_log_frontend.o
    0x0001f088   0x0001f088   0x00000014   Code   RO         5816    i.nrf_log_module_cnt_get  nrf_log_frontend.o
    0x0001f09c   0x0001f09c   0x0000001c   Code   RO         5819    i.nrf_log_module_name_get  nrf_log_frontend.o
    0x0001f0b8   0x0001f0b8   0x00000028   Code   RO         5820    i.nrf_log_panic     nrf_log_frontend.o
    0x0001f0e0   0x0001f0e0   0x000000b6   Code   RO         5990    i.nrf_log_std_entry_process  nrf_log_str_formatter.o
    0x0001f196   0x0001f196   0x00000060   Code   RO         5100    i.nrf_memobj_alloc  nrf_memobj.o
    0x0001f1f6   0x0001f1f6   0x00000032   Code   RO         5101    i.nrf_memobj_free   nrf_memobj.o
    0x0001f228   0x0001f228   0x00000008   Code   RO         5102    i.nrf_memobj_get    nrf_memobj.o
    0x0001f230   0x0001f230   0x00000004   Code   RO         5103    i.nrf_memobj_pool_init  nrf_memobj.o
    0x0001f234   0x0001f234   0x0000001e   Code   RO         5104    i.nrf_memobj_put    nrf_memobj.o
    0x0001f252   0x0001f252   0x00000010   Code   RO         5105    i.nrf_memobj_read   nrf_memobj.o
    0x0001f262   0x0001f262   0x00000010   Code   RO         5106    i.nrf_memobj_write  nrf_memobj.o
    0x0001f272   0x0001f272   0x00000002   PAD
    0x0001f274   0x0001f274   0x00000028   Code   RO         5178    i.nrf_pwr_mgmt_init  nrf_pwr_mgmt.o
    0x0001f29c   0x0001f29c   0x00000014   Code   RO         5179    i.nrf_pwr_mgmt_run  nrf_pwr_mgmt.o
    0x0001f2b0   0x0001f2b0   0x0000001c   Code   RO           44    i.nrf_qwr_error_handler  main.o
    0x0001f2cc   0x0001f2cc   0x0000001c   Code   RO         5255    i.nrf_ringbuf_init  nrf_ringbuf.o
    0x0001f2e8   0x0001f2e8   0x0000000c   Code   RO         3827    i.nrf_rtc_event_clear  nrfx_rtc.o
    0x0001f2f4   0x0001f2f4   0x0000000c   Code   RO         4518    i.nrf_rtc_event_clear  drv_rtc.o
    0x0001f300   0x0001f300   0x00000010   Code   RO         3486    i.nrf_saadc_buffer_init  nrfx_saadc.o
    0x0001f310   0x0001f310   0x00000014   Code   RO         3487    i.nrf_saadc_channel_input_set  nrfx_saadc.o
    0x0001f324   0x0001f324   0x00000010   Code   RO         3488    i.nrf_saadc_event_check  nrfx_saadc.o
    0x0001f334   0x0001f334   0x00000014   Code   RO         3489    i.nrf_saadc_event_clear  nrfx_saadc.o
    0x0001f348   0x0001f348   0x00000010   Code   RO         3490    i.nrf_saadc_limit_int_get  nrfx_saadc.o
    0x0001f358   0x0001f358   0x00000014   Code   RO         6517    i.nrf_sdh_ble_app_ram_start_get  nrf_sdh_ble.o
    0x0001f36c   0x0001f36c   0x00000128   Code   RO         6518    i.nrf_sdh_ble_default_cfg_set  nrf_sdh_ble.o
    0x0001f494   0x0001f494   0x000001c8   Code   RO         6519    i.nrf_sdh_ble_enable  nrf_sdh_ble.o
    0x0001f65c   0x0001f65c   0x000000dc   Code   RO         6520    i.nrf_sdh_ble_evts_poll  nrf_sdh_ble.o
    0x0001f738   0x0001f738   0x00000054   Code   RO         6398    i.nrf_sdh_disable_request  nrf_sdh.o
    0x0001f78c   0x0001f78c   0x00000074   Code   RO         6399    i.nrf_sdh_enable_request  nrf_sdh.o
    0x0001f800   0x0001f800   0x00000024   Code   RO         6400    i.nrf_sdh_evts_poll  nrf_sdh.o
    0x0001f824   0x0001f824   0x0000000c   Code   RO         6401    i.nrf_sdh_is_enabled  nrf_sdh.o
    0x0001f830   0x0001f830   0x0000001c   Code   RO         6403    i.nrf_sdh_request_continue  nrf_sdh.o
    0x0001f84c   0x0001f84c   0x00000080   Code   RO         6576    i.nrf_sdh_soc_evts_poll  nrf_sdh_soc.o
    0x0001f8cc   0x0001f8cc   0x0000000a   Code   RO         5313    i.nrf_section_iter_init  nrf_section_iter.o
    0x0001f8d6   0x0001f8d6   0x00000024   Code   RO         5314    i.nrf_section_iter_item_set  nrf_section_iter.o
    0x0001f8fa   0x0001f8fa   0x00000020   Code   RO         5315    i.nrf_section_iter_next  nrf_section_iter.o
    0x0001f91a   0x0001f91a   0x00000022   Code   RO         5348    i.nrf_sortlist_add  nrf_sortlist.o
    0x0001f93c   0x0001f93c   0x00000006   Code   RO         5350    i.nrf_sortlist_peek  nrf_sortlist.o
    0x0001f942   0x0001f942   0x0000000e   Code   RO         5351    i.nrf_sortlist_pop  nrf_sortlist.o
    0x0001f950   0x0001f950   0x0000001e   Code   RO         5352    i.nrf_sortlist_remove  nrf_sortlist.o
    0x0001f96e   0x0001f96e   0x00000002   PAD
    0x0001f970   0x0001f970   0x00000038   Code   RO         5404    i.nrf_strerror_find  nrf_strerror.o
    0x0001f9a8   0x0001f9a8   0x00000014   Code   RO         5405    i.nrf_strerror_get  nrf_strerror.o
    0x0001f9bc   0x0001f9bc   0x00000010   Code   RO         2696    i.nrf_wdt_started   nrf_drv_clock.o
    0x0001f9cc   0x0001f9cc   0x0000002c   Code   RO         2984    i.nrfx_clock_enable  nrfx_clock.o
    0x0001f9f8   0x0001f9f8   0x0000001c   Code   RO         2987    i.nrfx_clock_init   nrfx_clock.o
    0x0001fa14   0x0001fa14   0x00000030   Code   RO         2990    i.nrfx_clock_lfclk_stop  nrfx_clock.o
    0x0001fa44   0x0001fa44   0x00000010   Code   RO         3491    i.nrfx_coredep_delay_us  nrfx_saadc.o
    0x0001fa54   0x0001fa54   0x00000010   Code   RO         4519    i.nrfx_coredep_delay_us  drv_rtc.o
    0x0001fa64   0x0001fa64   0x0000008c   Code   RO         3495    i.nrfx_saadc_channel_init  nrfx_saadc.o
    0x0001faf0   0x0001faf0   0x00000044   Code   RO         3496    i.nrfx_saadc_channel_uninit  nrfx_saadc.o
    0x0001fb34   0x0001fb34   0x00000094   Code   RO         3497    i.nrfx_saadc_init   nrfx_saadc.o
    0x0001fbc8   0x0001fbc8   0x00000080   Code   RO         3499    i.nrfx_saadc_limits_set  nrfx_saadc.o
    0x0001fc48   0x0001fc48   0x000000c0   Code   RO         3501    i.nrfx_saadc_sample_convert  nrfx_saadc.o
    0x0001fd08   0x0001fd08   0x0000006c   Code   RO         3503    i.nrfx_saadc_uninit  nrfx_saadc.o
    0x0001fd74   0x0001fd74   0x00000178   Code   RO         3645    i.nrfx_spi_init     nrfx_spi.o
    0x0001feec   0x0001feec   0x00000060   Code   RO         3646    i.nrfx_spi_uninit   nrfx_spi.o
    0x0001ff4c   0x0001ff4c   0x00000064   Code   RO         3647    i.nrfx_spi_xfer     nrfx_spi.o
    0x0001ffb0   0x0001ffb0   0x00000044   Code   RO         3755    i.nrfx_wdt_channel_alloc  nrfx_wdt.o
    0x0001fff4   0x0001fff4   0x00000018   Code   RO         3756    i.nrfx_wdt_channel_feed  nrfx_wdt.o
    0x0002000c   0x0002000c   0x0000001c   Code   RO         3757    i.nrfx_wdt_enable   nrfx_wdt.o
    0x00020028   0x00020028   0x00000058   Code   RO         3759    i.nrfx_wdt_init     nrfx_wdt.o
    0x00020080   0x00020080   0x00000018   Code   RO          748    i.null_ptr_check    bmm150.o
    0x00020098   0x00020098   0x00000018   Code   RO          977    i.null_ptr_check    bmi160.o
    0x000200b0   0x000200b0   0x00000394   Code   RO           45    i.nus_data_handler  main.o
    0x00020444   0x00020444   0x0000003c   Code   RO           46    i.on_adv_evt        main.o
    0x00020480   0x00020480   0x00000034   Code   RO           47    i.on_conn_params_evt  main.o
    0x000204b4   0x000204b4   0x0000006a   Code   RO         2623    i.on_connect        ble_nus.o
    0x0002051e   0x0002051e   0x00000002   PAD
    0x00020520   0x00020520   0x00000150   Code   RO         2506    i.on_exchange_mtu_request_evt  nrf_ble_gatt.o
    0x00020670   0x00020670   0x000000b0   Code   RO         2507    i.on_exchange_mtu_rsp_evt  nrf_ble_gatt.o
    0x00020720   0x00020720   0x00000084   Code   RO         2624    i.on_write          ble_nus.o
    0x000207a4   0x000207a4   0x00000012   Code   RO         2068    i.phy_is_valid      ble_advertising.o
    0x000207b6   0x000207b6   0x00000002   PAD
    0x000207b8   0x000207b8   0x000000b4   Code   RO         3160    i.port_event_handle  nrfx_gpiote.o
    0x0002086c   0x0002086c   0x00000010   Code   RO         3161    i.port_handler_polarity_get  nrfx_gpiote.o
    0x0002087c   0x0002087c   0x0000003c   Code   RO         5992    i.postfix_process   nrf_log_str_formatter.o
    0x000208b8   0x000208b8   0x00000098   Code   RO         5993    i.prefix_process    nrf_log_str_formatter.o
    0x00020950   0x00020950   0x000000b8   Code   RO         1415    i.print_flash_info  nrf_flash.o
    0x00020a08   0x00020a08   0x00000060   Code   RO          980    i.process_under_sampling  bmi160.o
    0x00020a68   0x00020a68   0x00000012   Code   RO         1362    i.queue_empty       sys_queue.o
    0x00020a7a   0x00020a7a   0x00000002   PAD
    0x00020a7c   0x00020a7c   0x00000014   Code   RO         5549    i.queue_free        nrf_fstorage_sd.o
    0x00020a90   0x00020a90   0x00000014   Code   RO         1363    i.queue_full        sys_queue.o
    0x00020aa4   0x00020aa4   0x0000007a   Code   RO         1364    i.queue_in          sys_queue.o
    0x00020b1e   0x00020b1e   0x00000012   Code   RO         1365    i.queue_init        sys_queue.o
    0x00020b30   0x00020b30   0x00000052   Code   RO         1366    i.queue_out         sys_queue.o
    0x00020b82   0x00020b82   0x00000002   PAD
    0x00020b84   0x00020b84   0x000000a0   Code   RO         5550    i.queue_process     nrf_fstorage_sd.o
    0x00020c24   0x00020c24   0x00000024   Code   RO         5551    i.queue_start       nrf_fstorage_sd.o
    0x00020c48   0x00020c48   0x00000010   Code   RO         6521    i.ram_end_address_get  nrf_sdh_ble.o
    0x00020c58   0x00020c58   0x0000000e   Code   RO         5552    i.read              nrf_fstorage_sd.o
    0x00020c66   0x00020c66   0x000000b2   Code   RO          752    i.read_trim_registers  bmm150.o
    0x00020d18   0x00020d18   0x00000004   Code   RO         5553    i.rmap              nrf_fstorage_sd.o
    0x00020d1c   0x00020d1c   0x0000005c   Code   RO         4283    i.rtc_irq           app_timer2.o
    0x00020d78   0x00020d78   0x0000006c   Code   RO         4284    i.rtc_schedule      app_timer2.o
    0x00020de4   0x00020de4   0x0000008c   Code   RO         4285    i.rtc_update        app_timer2.o
    0x00020e70   0x00020e70   0x00000002   Code   RO           50    i.saadc_callback    main.o
    0x00020e72   0x00020e72   0x00000002   PAD
    0x00020e74   0x00020e74   0x00000050   Code   RO           51    i.saadc_init        main.o
    0x00020ec4   0x00020ec4   0x000000a4   Code   RO           52    i.save_sensor_data_to_ram_and_flash  main.o
    0x00020f68   0x00020f68   0x00000050   Code   RO         2697    i.sd_state_evt_handler  nrf_drv_clock.o
    0x00020fb8   0x00020fb8   0x000000c0   Code   RO         6406    i.sdh_request_observer_notify  nrf_sdh.o
    0x00021078   0x00021078   0x00000060   Code   RO         6407    i.sdh_state_observer_notify  nrf_sdh.o
    0x000210d8   0x000210d8   0x00000010   Code   RO         2168    i.send_error_evt    ble_conn_params.o
    0x000210e8   0x000210e8   0x00000050   Code   RO         5658    i.serial_tx         nrf_log_backend_rtt.o
    0x00021138   0x00021138   0x00000088   Code   RO         1958    i.service_data_encode  ble_advdata.o
    0x000211c0   0x000211c0   0x0000003a   Code   RO          755    i.set_odr           bmm150.o
    0x000211fa   0x000211fa   0x00000022   Code   RO          756    i.set_odr_xyz_rep   bmm150.o
    0x0002121c   0x0002121c   0x00000048   Code   RO          757    i.set_power_control_bit  bmm150.o
    0x00021264   0x00021264   0x00000030   Code   RO         2447    i.set_security_req  ble_srv_common.o
    0x00021294   0x00021294   0x00000022   Code   RO          758    i.set_xy_rep        bmm150.o
    0x000212b6   0x000212b6   0x00000022   Code   RO          759    i.set_z_rep         bmm150.o
    0x000212d8   0x000212d8   0x0000004c   Code   RO           53    i.sleep_mode_enter  main.o
    0x00021324   0x00021324   0x00000018   Code   RO         2698    i.soc_evt_handler   nrf_drv_clock.o
    0x0002133c   0x0002133c   0x00000078   Code   RO         6408    i.softdevice_evt_irq_disable  nrf_sdh.o
    0x000213b4   0x000213b4   0x00000098   Code   RO         6409    i.softdevices_evt_irq_enable  nrf_sdh.o
    0x0002144c   0x0002144c   0x0000000c   Code   RO         4286    i.sortlist_pop      app_timer2.o
    0x00021458   0x00021458   0x0000000c   Code   RO           54    i.spi_disable       main.o
    0x00021464   0x00021464   0x00000064   Code   RO           55    i.spi_enable        main.o
    0x000214c8   0x000214c8   0x0000000c   Code   RO           56    i.spi_event_handler  main.o
    0x000214d4   0x000214d4   0x00000038   Code   RO         3440    i.spi_evt_handler   nrf_drv_spi.o
    0x0002150c   0x0002150c   0x0000007e   Code   RO         3648    i.spi_xfer          nrfx_spi.o
    0x0002158a   0x0002158a   0x00000002   PAD
    0x0002158c   0x0002158c   0x00000098   Code   RO         5822    i.std_n             nrf_log_frontend.o
    0x00021624   0x00021624   0x00000026   Code   RO          760    i.suspend_to_sleep_mode  bmm150.o
    0x0002164a   0x0002164a   0x00000002   PAD
    0x0002164c   0x0002164c   0x00000098   Code   RO         4287    i.timer_expire      app_timer2.o
    0x000216e4   0x000216e4   0x00000080   Code   RO         4288    i.timer_req_process  app_timer2.o
    0x00021764   0x00021764   0x00000038   Code   RO         4289    i.timer_req_schedule  app_timer2.o
    0x0002179c   0x0002179c   0x00000064   Code   RO         3649    i.transfer_byte     nrfx_spi.o
    0x00021800   0x00021800   0x0000000a   Code   RO         1959    i.uint16_encode     ble_advdata.o
    0x0002180a   0x0002180a   0x00000002   PAD
    0x0002180c   0x0002180c   0x00000020   Code   RO         5554    i.uninit            nrf_fstorage_sd.o
    0x0002182c   0x0002182c   0x00000042   Code   RO          991    i.unpack_accel_data  bmi160.o
    0x0002186e   0x0002186e   0x00000102   Code   RO          992    i.unpack_accel_frame  bmi160.o
    0x00021970   0x00021970   0x0000005e   Code   RO          993    i.unpack_aux_data   bmi160.o
    0x000219ce   0x000219ce   0x000000c2   Code   RO          994    i.unpack_aux_frame  bmi160.o
    0x00021a90   0x00021a90   0x00000042   Code   RO          995    i.unpack_gyro_data  bmi160.o
    0x00021ad2   0x00021ad2   0x000000fa   Code   RO          996    i.unpack_gyro_frame  bmi160.o
    0x00021bcc   0x00021bcc   0x0000002a   Code   RO          997    i.unpack_sensortime_frame  bmi160.o
    0x00021bf6   0x00021bf6   0x0000001c   Code   RO          998    i.unpack_skipped_frame  bmi160.o
    0x00021c12   0x00021c12   0x00000002   PAD
    0x00021c14   0x00021c14   0x000000b4   Code   RO         5062    i.unsigned_print    nrf_fprintf_format.o
    0x00021cc8   0x00021cc8   0x00000068   Code   RO         2169    i.update_timeout_handler  ble_conn_params.o
    0x00021d30   0x00021d30   0x00000018   Code   RO         2069    i.use_whitelist     ble_advertising.o
    0x00021d48   0x00021d48   0x00000024   Code   RO         2579    i.user_mem_reply    nrf_ble_qwr.o
    0x00021d6c   0x00021d6c   0x00000054   Code   RO           59    i.usr_get_volt      main.o
    0x00021dc0   0x00021dc0   0x00000030   Code   RO         1960    i.uuid_list_encode  ble_advdata.o
    0x00021df0   0x00021df0   0x0000009e   Code   RO         1961    i.uuid_list_sized_encode  ble_advdata.o
    0x00021e8e   0x00021e8e   0x0000003a   Code   RO         1726    i.wakeup_button_cfg  bsp.o
    0x00021ec8   0x00021ec8   0x00000002   Code   RO           60    i.wdt_event_handler  main.o
    0x00021eca   0x00021eca   0x00000004   Code   RO         5555    i.wmap              nrf_fstorage_sd.o
    0x00021ece   0x00021ece   0x00000002   PAD
    0x00021ed0   0x00021ed0   0x00000050   Code   RO         5556    i.write             nrf_fstorage_sd.o
    0x00021f20   0x00021f20   0x0000003a   Code   RO          761    i.write_op_mode     bmm150.o
    0x00021f5a   0x00021f5a   0x00000006   PAD
    0x00021f60   0x00021f60   0x0000007c   Data   RO           65    .constdata          main.o
    0x00021fdc   0x00021fdc   0x00000008   Data   RO         1597    .constdata          boards.o
    0x00021fe4   0x00021fe4   0x0000002c   Data   RO         1728    .constdata          bsp.o
    0x00022010   0x00022010   0x0000000e   Data   RO         2508    .constdata          nrf_ble_gatt.o
    0x0002201e   0x0002201e   0x00000002   PAD
    0x00022020   0x00022020   0x00000010   Data   RO         2625    .constdata          ble_nus.o
    0x00022030   0x00022030   0x00000004   Data   RO         3163    .constdata          nrfx_gpiote.o
    0x00022034   0x00022034   0x0000000c   PAD
    0x00022040   0x00022040   0x00000006   Data   RO         3505    .constdata          nrfx_saadc.o
    0x00022046   0x00022046   0x00000002   PAD
    0x00022048   0x00022048   0x00000014   Data   RO         4292    .constdata          app_timer2.o
    0x0002205c   0x0002205c   0x00000004   PAD
    0x00022060   0x00022060   0x00000006   Data   RO         4520    .constdata          drv_rtc.o
    0x00022066   0x00022066   0x00000010   Data   RO         5063    .constdata          nrf_fprintf_format.o
    0x00022076   0x00022076   0x00000002   PAD
    0x00022078   0x00022078   0x00000018   Data   RO         5183    .constdata          nrf_pwr_mgmt.o
    0x00022090   0x00022090   0x0000000c   Data   RO         5184    .constdata          nrf_pwr_mgmt.o
    0x0002209c   0x0002209c   0x0000013c   Data   RO         5406    .constdata          nrf_strerror.o
    0x000221d8   0x000221d8   0x0000005e   Data   RO         5465    .constdata          nrf_fstorage.o
    0x00022236   0x00022236   0x00000002   PAD
    0x00022238   0x00022238   0x00000010   Data   RO         5559    .constdata          nrf_fstorage_sd.o
    0x00022248   0x00022248   0x00000020   Data   RO         5560    .constdata          nrf_fstorage_sd.o
    0x00022268   0x00022268   0x0000000c   Data   RO         5660    .constdata          nrf_log_backend_rtt.o
    0x00022274   0x00022274   0x0000000c   PAD
    0x00022280   0x00022280   0x00000006   Data   RO         5661    .constdata          nrf_log_backend_rtt.o
    0x00022286   0x00022286   0x00000002   PAD
    0x00022288   0x00022288   0x0000000c   Data   RO         5827    .constdata          nrf_log_frontend.o
    0x00022294   0x00022294   0x00000010   Data   RO         6410    .constdata          nrf_sdh.o
    0x000222a4   0x000222a4   0x00000028   Data   RO         6411    .constdata          nrf_sdh.o
    0x000222cc   0x000222cc   0x00000010   Data   RO         6412    .constdata          nrf_sdh.o
    0x000222dc   0x000222dc   0x00000010   Data   RO         6413    .constdata          nrf_sdh.o
    0x000222ec   0x000222ec   0x00000020   Data   RO         6522    .constdata          nrf_sdh_ble.o
    0x0002230c   0x0002230c   0x00000010   Data   RO         6523    .constdata          nrf_sdh_ble.o
    0x0002231c   0x0002231c   0x00000010   Data   RO         6577    .constdata          nrf_sdh_soc.o
    0x0002232c   0x0002232c   0x0000000c   Data   RO         6578    .constdata          nrf_sdh_soc.o
    0x00022338   0x00022338   0x00000081   Data   RO         6668    .constdata          mc_w.l(ctype_o.o)
    0x000223b9   0x000223b9   0x00000003   PAD
    0x000223bc   0x000223bc   0x00000004   Data   RO         6669    .constdata          mc_w.l(ctype_o.o)
    0x000223c0   0x000223c0   0x00000041   Data   RO         1416    .conststring        nrf_flash.o
    0x00022401   0x00022401   0x00000003   PAD
    0x00022404   0x00022404   0x00000045   Data   RO         2509    .conststring        nrf_ble_gatt.o
    0x00022449   0x00022449   0x00000003   PAD
    0x0002244c   0x0002244c   0x000003eb   Data   RO         5407    .conststring        nrf_strerror.o
    0x00022837   0x00022837   0x00000001   PAD
    0x00022838   0x00022838   0x0000004f   Data   RO         5466    .conststring        nrf_fstorage.o
    0x00022887   0x00022887   0x00000001   PAD
    0x00022888   0x00022888   0x00000066   Data   RO         5994    .conststring        nrf_log_str_formatter.o
    0x000228ee   0x000228ee   0x00000002   PAD
    0x000228f0   0x000228f0   0x000001cf   Data   RO         6524    .conststring        nrf_sdh_ble.o
    0x00022abf   0x00022abf   0x00000001   PAD
    0x00022ac0   0x00022ac0   0x0000000d   Data   RO         2510    .conststrlit        nrf_ble_gatt.o
    0x00022acd   0x00022acd   0x00000003   PAD
    0x00022ad0   0x00022ad0   0x00000008   Data   RO         2626    .conststrlit        ble_nus.o
    0x00022ad8   0x00022ad8   0x00000006   Data   RO         2704    .conststrlit        nrf_drv_clock.o
    0x00022ade   0x00022ade   0x00000002   PAD
    0x00022ae0   0x00022ae0   0x00000006   Data   RO         2994    .conststrlit        nrfx_clock.o
    0x00022ae6   0x00022ae6   0x00000002   PAD
    0x00022ae8   0x00022ae8   0x00000007   Data   RO         3167    .conststrlit        nrfx_gpiote.o
    0x00022aef   0x00022aef   0x00000001   PAD
    0x00022af0   0x00022af0   0x00000006   Data   RO         3513    .conststrlit        nrfx_saadc.o
    0x00022af6   0x00022af6   0x00000002   PAD
    0x00022af8   0x00022af8   0x00000004   Data   RO         3653    .conststrlit        nrfx_spi.o
    0x00022afc   0x00022afc   0x00000004   Data   RO         3762    .conststrlit        nrfx_wdt.o
    0x00022b00   0x00022b00   0x00000004   Data   RO         3842    .conststrlit        nrfx_rtc.o
    0x00022b04   0x00022b04   0x0000000b   Data   RO         3956    .conststrlit        app_button.o
    0x00022b0f   0x00022b0f   0x00000001   PAD
    0x00022b10   0x00022b10   0x0000000a   Data   RO         4293    .conststrlit        app_timer2.o
    0x00022b1a   0x00022b1a   0x00000002   PAD
    0x00022b1c   0x00022b1c   0x00000009   Data   RO         5185    .conststrlit        nrf_pwr_mgmt.o
    0x00022b25   0x00022b25   0x00000003   PAD
    0x00022b28   0x00022b28   0x00000009   Data   RO         5353    .conststrlit        nrf_sortlist.o
    0x00022b31   0x00022b31   0x00000003   PAD
    0x00022b34   0x00022b34   0x0000000d   Data   RO         5467    .conststrlit        nrf_fstorage.o
    0x00022b41   0x00022b41   0x00000003   PAD
    0x00022b44   0x00022b44   0x00000010   Data   RO         5758    .conststrlit        nrf_log_default_backends.o
    0x00022b54   0x00022b54   0x00000004   Data   RO         5828    .conststrlit        nrf_log_frontend.o
    0x00022b58   0x00022b58   0x00000008   Data   RO         6414    .conststrlit        nrf_sdh.o
    0x00022b60   0x00022b60   0x0000000c   Data   RO         6525    .conststrlit        nrf_sdh_ble.o
    0x00022b6c   0x00022b6c   0x0000000c   Data   RO         6579    .conststrlit        nrf_sdh_soc.o
    0x00022b78   0x00022b78   0x00000020   Data   RO         6746    Region$$Table       anon$$obj.o
    0x00022b98   0x00022b98   0x00000010   Data   RO         5760    log_backends        nrf_log_default_backends.o
    0x00022ba8   0x00022ba8   0x00000008   Data   RO         2511    log_const_data      nrf_ble_gatt.o
    0x00022bb0   0x00022bb0   0x00000008   Data   RO         2627    log_const_data      ble_nus.o
    0x00022bb8   0x00022bb8   0x00000008   Data   RO         2705    log_const_data      nrf_drv_clock.o
    0x00022bc0   0x00022bc0   0x00000008   Data   RO         2996    log_const_data      nrfx_clock.o
    0x00022bc8   0x00022bc8   0x00000008   Data   RO         3168    log_const_data      nrfx_gpiote.o
    0x00022bd0   0x00022bd0   0x00000008   Data   RO         3514    log_const_data      nrfx_saadc.o
    0x00022bd8   0x00022bd8   0x00000008   Data   RO         3654    log_const_data      nrfx_spi.o
    0x00022be0   0x00022be0   0x00000008   Data   RO         3764    log_const_data      nrfx_wdt.o
    0x00022be8   0x00022be8   0x00000008   Data   RO         3844    log_const_data      nrfx_rtc.o
    0x00022bf0   0x00022bf0   0x00000008   Data   RO         3959    log_const_data      app_button.o
    0x00022bf8   0x00022bf8   0x00000008   Data   RO         4296    log_const_data      app_timer2.o
    0x00022c00   0x00022c00   0x00000008   Data   RO         5187    log_const_data      nrf_pwr_mgmt.o
    0x00022c08   0x00022c08   0x00000008   Data   RO         5354    log_const_data      nrf_sortlist.o
    0x00022c10   0x00022c10   0x00000008   Data   RO         5468    log_const_data      nrf_fstorage.o
    0x00022c18   0x00022c18   0x00000008   Data   RO         5832    log_const_data      nrf_log_frontend.o
    0x00022c20   0x00022c20   0x00000008   Data   RO         6416    log_const_data      nrf_sdh.o
    0x00022c28   0x00022c28   0x00000008   Data   RO         6527    log_const_data      nrf_sdh_ble.o
    0x00022c30   0x00022c30   0x00000008   Data   RO         6580    log_const_data      nrf_sdh_soc.o
    0x00022c38   0x00022c38   0x00000014   Data   RO         5833    nrf_balloc          nrf_log_frontend.o
    0x00022c4c   0x00022c4c   0x00000008   Data   RO         2267    sdh_ble_observers0  ble_conn_state.o
    0x00022c54   0x00022c54   0x00000010   Data   RO           72    sdh_ble_observers1  main.o
    0x00022c64   0x00022c64   0x00000008   Data   RO         1843    sdh_ble_observers1  bsp_btn_ble.o
    0x00022c6c   0x00022c6c   0x00000008   Data   RO         2172    sdh_ble_observers1  ble_conn_params.o
    0x00022c74   0x00022c74   0x00000010   Data   RO           73    sdh_ble_observers2  main.o
    0x00022c84   0x00022c84   0x00000008   Data   RO           74    sdh_ble_observers3  main.o
    0x00022c8c   0x00022c8c   0x00000008   Data   RO         5562    sdh_req_observers0  nrf_fstorage_sd.o
    0x00022c94   0x00022c94   0x00000008   Data   RO         2706    sdh_soc_observers0  nrf_drv_clock.o
    0x00022c9c   0x00022c9c   0x00000008   Data   RO         5563    sdh_soc_observers0  nrf_fstorage_sd.o
    0x00022ca4   0x00022ca4   0x00000008   Data   RO         6528    sdh_stack_observers0  nrf_sdh_ble.o
    0x00022cac   0x00022cac   0x00000008   Data   RO         6581    sdh_stack_observers0  nrf_sdh_soc.o
    0x00022cb4   0x00022cb4   0x00000008   Data   RO         2707    sdh_state_observers0  nrf_drv_clock.o
    0x00022cbc   0x00022cbc   0x00000008   Data   RO         5564    sdh_state_observers0  nrf_fstorage_sd.o


    Execution Region RW_IRAM1 (Exec base: 0x200022c8, Load base: 0x00022cc4, Size: 0x000036d0, Max: 0x00003d38, ABSOLUTE, COMPRESSED[0x00000080])

    Exec Addr    Load Addr    Size         Type   Attr      Idx    E Section Name        Object

    0x200022c8   COMPRESSED   0x0000008c   Data   RW           66    .data               main.o
    0x20002354   COMPRESSED   0x00000004   PAD
    0x20002358   COMPRESSED   0x00000020   Data   RW           67    .data               main.o
    0x20002378   COMPRESSED   0x00000008   Data   RW           68    .data               main.o
    0x20002380   COMPRESSED   0x00000004   Data   RW           70    .data               main.o
    0x20002384   COMPRESSED   0x00000010   Data   RW         1729    .data               bsp.o
    0x20002394   COMPRESSED   0x00000004   PAD
    0x20002398   COMPRESSED   0x00000020   Data   RW         1730    .data               bsp.o
    0x200023b8   COMPRESSED   0x00000020   Data   RW         1731    .data               bsp.o
    0x200023d8   COMPRESSED   0x00000020   Data   RW         1732    .data               bsp.o
    0x200023f8   COMPRESSED   0x00000008   Data   RW         1842    .data               bsp_btn_ble.o
    0x20002400   COMPRESSED   0x00000008   Data   RW         2171    .data               ble_conn_params.o
    0x20002408   COMPRESSED   0x00000008   Data   RW         2995    .data               nrfx_clock.o
    0x20002410   COMPRESSED   0x00000008   Data   RW         3441    .data               nrf_drv_spi.o
    0x20002418   COMPRESSED   0x00000008   Data   RW         3763    .data               nrfx_wdt.o
    0x20002420   COMPRESSED   0x00000008   Data   RW         3843    .data               nrfx_rtc.o
    0x20002428   COMPRESSED   0x00000020   Data   RW         4294    .data               app_timer2.o
    0x20002448   COMPRESSED   0x00000004   Data   RW         4295    .data               app_timer2.o
    0x2000244c   COMPRESSED   0x0000000c   Data   RW         4521    .data               drv_rtc.o
    0x20002458   COMPRESSED   0x00000008   Data   RW         5186    .data               nrf_pwr_mgmt.o
    0x20002460   COMPRESSED   0x00000008   Data   RW         5561    .data               nrf_fstorage_sd.o
    0x20002468   COMPRESSED   0x00000001   Data   RW         5662    .data               nrf_log_backend_rtt.o
    0x20002469   COMPRESSED   0x00000003   PAD
    0x2000246c   COMPRESSED   0x00000008   Data   RW         5759    .data               nrf_log_default_backends.o
    0x20002474   COMPRESSED   0x00000004   Data   RW         5829    .data               nrf_log_frontend.o
    0x20002478   COMPRESSED   0x00000008   Data   RW         5830    .data               nrf_log_frontend.o
    0x20002480   COMPRESSED   0x00000008   Data   RW         5831    .data               nrf_log_frontend.o
    0x20002488   COMPRESSED   0x00000040   Data   RW         5995    .data               nrf_log_str_formatter.o
    0x200024c8   COMPRESSED   0x00000003   Data   RW         6415    .data               nrf_sdh.o
    0x200024cb   COMPRESSED   0x00000001   Data   RW         6526    .data               nrf_sdh_ble.o
    0x200024cc   COMPRESSED   0x00000004   Data   RW         6620    .data               system_nrf52805.o
    0x200024d0   COMPRESSED   0x00000014   Data   RW         1418    fs_data             nrf_flash.o
    0x200024e4        -       0x00002180   Zero   RW           61    .bss                main.o
    0x20004664        -       0x0000000c   Zero   RW         1727    .bss                bsp.o
    0x20004670        -       0x00000050   Zero   RW         2170    .bss                ble_conn_params.o
    0x200046c0        -       0x0000007c   Zero   RW         2266    .bss                ble_conn_state.o
    0x2000473c        -       0x00000014   Zero   RW         2699    .bss                nrf_drv_clock.o
    0x20004750        -       0x0000005c   Zero   RW         3162    .bss                nrfx_gpiote.o
    0x200047ac        -       0x00000030   Zero   RW         3504    .bss                nrfx_saadc.o
    0x200047dc        -       0x0000002c   Zero   RW         3650    .bss                nrfx_spi.o
    0x20004808        -       0x00000020   Zero   RW         4044    .bss                app_error.o
    0x20004828        -       0x00000010   Zero   RW         4290    .bss                app_timer2.o
    0x20004838        -       0x00000058   Zero   RW         4291    .bss                app_timer2.o
    0x20004890        -       0x0000000c   Zero   RW         4435    .bss                app_util_platform.o
    0x2000489c        -       0x0000000c   Zero   RW         5182    .bss                nrf_pwr_mgmt.o
    0x200048a8        -       0x00000010   Zero   RW         5557    .bss                nrf_fstorage_sd.o
    0x200048b8        -       0x000000a0   Zero   RW         5558    .bss                nrf_fstorage_sd.o
    0x20004958        -       0x00000040   Zero   RW         5659    .bss                nrf_log_backend_rtt.o
    0x20004998        -       0x000000c0   Zero   RW         5823    .bss                nrf_log_frontend.o
    0x20004a58        -       0x00000080   Zero   RW         5824    .bss                nrf_log_frontend.o
    0x20004ad8        -       0x00000018   Zero   RW         5825    .bss                nrf_log_frontend.o
    0x20004af0        -       0x00000420   Zero   RW         5826    .bss                nrf_log_frontend.o
    0x20004f10        -       0x00000288   Zero   RW         6071    .bss                segger_rtt.o
    0x20005198        -       0x00000800   Zero   RW         6608    STACK               arm_startup_nrf52805.o


==============================================================================

Image component sizes


      Code (inc. data)   RO Data    RW Data    ZI Data      Debug   Object Name

         0          0         19          0          0       1851   app_button.o
       100          4          0          0         32       3398   app_error.o
        26          0          0          0          0        532   app_error_handler_keil.o
       356        194          0          0          0       8019   app_error_weak.o
      1052         90         38         36        104      16629   app_timer2.o
       124         14          0          0         12       9586   app_util_platform.o
        36          8        512          0       2048        896   arm_startup_nrf52805.o
      1338          0          0          0          0      60108   ble_advdata.o
       964          6          0          0          0      16731   ble_advertising.o
       636         44          8          8         80      12455   ble_conn_params.o
       438         70          8          0        124       7523   ble_conn_state.o
        72          0          0          0          0       2812   ble_link_ctx_manager.o
       672          6         32          0          0       8744   ble_nus.o
       456          6          0          0          0       3275   ble_srv_common.o
      4312          0          0          0          0      42022   bmi160.o
      1364         12          0          0          0      16949   bmm150.o
       206         32          8          0          0      34453   boards.o
       804         60         44        112         12      18432   bsp.o
       196          6          8          8          0       9137   bsp_btn_ble.o
       696         76          6         12          0      42869   drv_rtc.o
      5302       1080        164        184       8576     265672   main.o
       342          0          0          0          0       6450   nrf_atfifo.o
        64          0          0          0          0       2852   nrf_atflags.o
       322          0          0          0          0       8935   nrf_atomic.o
       164          0          0          0          0       3520   nrf_balloc.o
       802        324        104          0          0       8097   nrf_ble_gatt.o
       276          0          0          0          0       6089   nrf_ble_qwr.o
       304         36         30          0         20      39160   nrf_drv_clock.o
        96         14          0          8          0      15527   nrf_drv_spi.o
       788        396         65         20          0     112031   nrf_flash.o
        50          0          0          0          0       3517   nrf_fprintf.o
       866          4         16          0          0       6414   nrf_fprintf_format.o
      1404        596        194          0          0       8795   nrf_fstorage.o
       798         82         72          8        176      15459   nrf_fstorage_sd.o
       112         18         18          1         64       5973   nrf_log_backend_rtt.o
       194          0          0          0          0      10861   nrf_log_backend_serial.o
        28          4         32          8          0       3325   nrf_log_default_backends.o
      1526        128         44         20       1400      31355   nrf_log_frontend.o
       570        108        102         64          0       5528   nrf_log_str_formatter.o
       346          0          0          0          0       9287   nrf_memobj.o
        60         12         53          8         12       6295   nrf_pwr_mgmt.o
        28          0          0          0          0       2351   nrf_ringbuf.o
       876        314        104          3          0      39155   nrf_sdh.o
      1008        442        539          1          0       6309   nrf_sdh_ble.o
       128         68         56          0          0       2448   nrf_sdh_soc.o
        78          0          0          0          0       2672   nrf_section_iter.o
        84          0         17          0          0       3969   nrf_sortlist.o
        76         10       1319          0          0       2679   nrf_strerror.o
       230         32         14          8          0      40752   nrfx_clock.o
       506         38         19          0         92      48788   nrfx_gpiote.o
       188         12         12          8          0       8338   nrfx_rtc.o
      1216         94         20          0         48      25922   nrfx_saadc.o
       936         20         12          0         44      18672   nrfx_spi.o
       244         50         12          8          0       8012   nrfx_wdt.o
       378         34          0          0        648       8789   segger_rtt.o
       260          0          0          0          0       3853   sys_queue.o
       376         46          0          4          0      26286   system_nrf52805.o

    ----------------------------------------------------------------------
     34950       4590       3804        540      13492    1140558   Object Totals
         0          0         32          0          0          0   (incl. Generated)
        76          0         71         11          0          0   (incl. Padding)

    ----------------------------------------------------------------------

      Code (inc. data)   RO Data    RW Data    ZI Data      Debug   Library Member Name

        86          0          0          0          0          0   __dczerorl2.o
         8          4        133          0          0         68   ctype_o.o
         0          0          0          0          0          0   entry.o
         0          0          0          0          0          0   entry10a.o
         0          0          0          0          0          0   entry11a.o
         4          0          0          0          0          0   entry12b.o
         8          4          0          0          0          0   entry2.o
         4          0          0          0          0          0   entry5.o
         0          0          0          0          0          0   entry7b.o
         0          0          0          0          0          0   entry8b.o
         8          4          0          0          0          0   entry9a.o
        30          0          0          0          0          0   handlers.o
        36          8          0          0          0         68   init.o
         0          0          0          0          0          0   iusefp.o
        30          0          0          0          0         68   llshl.o
        32          0          0          0          0         68   llushr.o
        36          0          0          0          0         68   memcpya.o
        36          0          0          0          0        108   memseta.o
        18          0          0          0          0         68   strcpy.o
        14          0          0          0          0         68   strlen.o
        98          0          0          0          0         92   uldiv.o
       222          0          0          0          0        100   ddiv.o
       186          0          0          0          0        176   depilogue.o
        50          0          0          0          0         76   dfixui.o
        34          0          0          0          0         76   dflti.o
        26          0          0          0          0         76   dfltui.o
       228          0          0          0          0         96   dmul.o
        46          0          0          0          0         80   dscalb.o

    ----------------------------------------------------------------------
      1242         20        136          0          0       1356   Library Totals
         2          0          3          0          0          0   (incl. Padding)

    ----------------------------------------------------------------------

      Code (inc. data)   RO Data    RW Data    ZI Data      Debug   Library Name

       448         20        133          0          0        676   mc_w.l
       792          0          0          0          0        680   mf_w.l

    ----------------------------------------------------------------------
      1242         20        136          0          0       1356   Library Totals

    ----------------------------------------------------------------------

==============================================================================


      Code (inc. data)   RO Data    RW Data    ZI Data      Debug   

     36192       4610       3940        540      13492    1121034   Grand Totals
     36192       4610       3940        128      13492    1121034   ELF Image Totals (compressed)
     36192       4610       3940        128          0          0   ROM Totals

==============================================================================

    Total RO  Size (Code + RO Data)                40132 (  39.19kB)
    Total RW  Size (RW Data + ZI Data)             14032 (  13.70kB)
    Total ROM Size (Code + RO Data + RW Data)      40260 (  39.32kB)

==============================================================================

