Component: ARM Compiler 5.06 update 7 (build 960) Tool: armlink [4d3601]

==============================================================================

Section Cross References

    main.o(i.advertising_init) refers to memseta.o(.text) for __aeabi_memclr4
    main.o(i.advertising_init) refers to ble_advertising.o(i.ble_advertising_init) for ble_advertising_init
    main.o(i.advertising_init) refers to app_error_handler_keil.o(.emb_text) for app_error_handler
    main.o(i.advertising_init) refers to ble_advertising.o(i.ble_advertising_conn_cfg_tag_set) for ble_advertising_conn_cfg_tag_set
    main.o(i.advertising_init) refers to main.o(.bss) for .bss
    main.o(i.advertising_init) refers to main.o(.data) for .data
    main.o(i.advertising_init) refers to main.o(i.on_adv_evt) for on_adv_evt
    main.o(i.advertising_init) refers to main.o(i.main) for i.main
    main.o(i.app_close_bmi160_acc) refers to bmi160_1.o(i.bmi160_set_sens_conf) for bmi160_set_sens_conf
    main.o(i.app_close_bmi160_gyro) refers to bmi160_1.o(i.bmi160_set_sens_conf) for bmi160_set_sens_conf
    main.o(i.app_open_bmi160_acc) refers to bmi160_1.o(i.bmi160_set_sens_conf) for bmi160_set_sens_conf
    main.o(i.app_open_bmi160_aux) refers to bmi160_1.o(i.bmi160_set_regs) for bmi160_set_regs
    main.o(i.app_open_bmi160_aux) refers to bmi160_1.o(i.bmi160_aux_init) for bmi160_aux_init
    main.o(i.app_open_bmi160_aux) refers to bmm150.o(i.bmm150_init) for bmm150_init
    main.o(i.app_open_bmi160_aux) refers to bmm150.o(i.bmm150_set_presetmode) for bmm150_set_presetmode
    main.o(i.app_open_bmi160_aux) refers to bmm150.o(i.bmm150_set_op_mode) for bmm150_set_op_mode
    main.o(i.app_open_bmi160_aux) refers to nrf_log_frontend.o(i.nrf_log_frontend_std_1) for nrf_log_frontend_std_1
    main.o(i.app_open_bmi160_aux) refers to bmi160_1.o(i.bmi160_set_aux_auto_mode) for bmi160_set_aux_auto_mode
    main.o(i.app_open_bmi160_aux) refers to nrf_log_frontend.o(log_const_data) for m_nrf_log_app_logs_data_const
    main.o(i.app_open_bmi160_aux) refers to main.o(.data) for .data
    main.o(i.app_open_bmi160_fifo) refers to bmi160_1.o(i.bmi160_set_fifo_config) for bmi160_set_fifo_config
    main.o(i.app_open_bmi160_fifo) refers to nrf_log_frontend.o(i.nrf_log_frontend_std_1) for nrf_log_frontend_std_1
    main.o(i.app_open_bmi160_fifo) refers to bmi160_1.o(i.bmi160_set_fifo_flush) for bmi160_set_fifo_flush
    main.o(i.app_open_bmi160_fifo) refers to main.o(.bss) for .bss
    main.o(i.app_open_bmi160_fifo) refers to nrf_log_frontend.o(log_const_data) for m_nrf_log_app_logs_data_const
    main.o(i.app_open_bmi160_gyro) refers to bmi160_1.o(i.bmi160_set_sens_conf) for bmi160_set_sens_conf
    main.o(i.app_open_bmi160_no_motion) refers to bmi160_1.o(i.bmi160_set_int_config) for bmi160_set_int_config
    main.o(i.app_open_bmi160_no_motion) refers to nrf_log_frontend.o(i.nrf_log_frontend_std_1) for nrf_log_frontend_std_1
    main.o(i.app_open_bmi160_no_motion) refers to nrf_log_frontend.o(log_const_data) for m_nrf_log_app_logs_data_const
    main.o(i.app_open_bmi160_tap) refers to bmi160_1.o(i.bmi160_set_int_config) for bmi160_set_int_config
    main.o(i.app_open_bmi160_tap) refers to nrf_log_frontend.o(i.nrf_log_frontend_std_1) for nrf_log_frontend_std_1
    main.o(i.app_open_bmi160_tap) refers to nrf_log_frontend.o(log_const_data) for m_nrf_log_app_logs_data_const
    main.o(i.app_timer_callback) refers to nrf_log_frontend.o(i.nrf_log_frontend_std_0) for nrf_log_frontend_std_0
    main.o(i.app_timer_callback) refers to hal_wdt.o(i.hal_wdt_feed) for hal_wdt_feed
    main.o(i.app_timer_callback) refers to main.o(i.saadc_init) for saadc_init
    main.o(i.app_timer_callback) refers to main.o(i.usr_get_volt) for usr_get_volt
    main.o(i.app_timer_callback) refers to nrfx_saadc.o(i.nrfx_saadc_uninit) for nrfx_saadc_uninit
    main.o(i.app_timer_callback) refers to nrf_log_frontend.o(log_const_data) for m_nrf_log_app_logs_data_const
    main.o(i.app_timer_callback) refers to main.o(.data) for .data
    main.o(i.assert_nrf_callback) refers to app_error_handler_keil.o(.emb_text) for app_error_handler
    main.o(i.ble_evt_handler) refers to app_error_handler_keil.o(.emb_text) for app_error_handler
    main.o(i.ble_evt_handler) refers to nrf_log_frontend.o(i.nrf_log_frontend_std_0) for nrf_log_frontend_std_0
    main.o(i.ble_evt_handler) refers to bsp.o(i.bsp_indication_set) for bsp_indication_set
    main.o(i.ble_evt_handler) refers to nrf_ble_qwr.o(i.nrf_ble_qwr_conn_handle_assign) for nrf_ble_qwr_conn_handle_assign
    main.o(i.ble_evt_handler) refers to nrf_log_frontend.o(log_const_data) for m_nrf_log_app_logs_data_const
    main.o(i.ble_evt_handler) refers to main.o(.data) for .data
    main.o(i.ble_evt_handler) refers to main.o(.bss) for .bss
    main.o(i.ble_evt_handler) refers to main.o(.constdata) for .constdata
    main.o(i.ble_send_data) refers to ble_nus.o(i.ble_nus_data_send) for ble_nus_data_send
[...]
    hal_flash_init                           0x0001d25d   Thumb Code    10  nrf_flash.o(i.hal_flash_init)
    hal_flash_read                           0x0001d271   Thumb Code    56  nrf_flash.o(i.hal_flash_read)
    hal_flash_write                          0x0001d2d1   Thumb Code    68  nrf_flash.o(i.hal_flash_write)
    hal_led_init                             0x0001d33d   Thumb Code    10  hal_led.o(i.hal_led_init)
    hal_led_off                              0x0001d34d   Thumb Code    18  hal_led.o(i.hal_led_off)
    hal_led_on                               0x0001d35f   Thumb Code    18  hal_led.o(i.hal_led_on)
    hal_wdt_feed                             0x0001d371   Thumb Code     8  hal_wdt.o(i.hal_wdt_feed)
    hal_wdt_init                             0x0001d37d   Thumb Code    58  hal_wdt.o(i.hal_wdt_init)
    log_pending_hook                         0x0001d6b9   Thumb Code     2  nrf_log_frontend.o(i.log_pending_hook)
    main                                     0x0001d761   Thumb Code  1240  main.o(i.main)
    nrf52_read_spi                           0x0001de09   Thumb Code    56  hal_spi.o(i.nrf52_read_spi)
    nrf52_write_spi                          0x0001de51   Thumb Code    52  hal_spi.o(i.nrf52_write_spi)
    nrf_atfifo_clear                         0x0001de95   Thumb Code    16  nrf_atfifo.o(i.nrf_atfifo_clear)
    nrf_atfifo_init                          0x0001dea5   Thumb Code    38  nrf_atfifo.o(i.nrf_atfifo_init)
    nrf_atfifo_item_alloc                    0x0001decb   Thumb Code    22  nrf_atfifo.o(i.nrf_atfifo_item_alloc)
    nrf_atfifo_item_free                     0x0001dee1   Thumb Code    22  nrf_atfifo.o(i.nrf_atfifo_item_free)
    nrf_atfifo_item_get                      0x0001def7   Thumb Code    22  nrf_atfifo.o(i.nrf_atfifo_item_get)
    nrf_atfifo_item_put                      0x0001df0d   Thumb Code    22  nrf_atfifo.o(i.nrf_atfifo_item_put)
    nrf_atflags_clear                        0x0001df23   Thumb Code    22  nrf_atflags.o(i.nrf_atflags_clear)
    nrf_atflags_get                          0x0001df39   Thumb Code    22  nrf_atflags.o(i.nrf_atflags_get)
    nrf_atflags_set                          0x0001df4f   Thumb Code    20  nrf_atflags.o(i.nrf_atflags_set)
    nrf_atomic_flag_clear_fetch              0x0001df63   Thumb Code     6  nrf_atomic.o(i.nrf_atomic_flag_clear_fetch)
    nrf_atomic_flag_set                      0x0001df69   Thumb Code     6  nrf_atomic.o(i.nrf_atomic_flag_set)
    nrf_atomic_flag_set_fetch                0x0001df6f   Thumb Code     6  nrf_atomic.o(i.nrf_atomic_flag_set_fetch)
    nrf_atomic_u32_add                       0x0001df75   Thumb Code    12  nrf_atomic.o(i.nrf_atomic_u32_add)
    nrf_atomic_u32_and                       0x0001df81   Thumb Code    12  nrf_atomic.o(i.nrf_atomic_u32_and)
    nrf_atomic_u32_fetch_and                 0x0001df8d   Thumb Code    10  nrf_atomic.o(i.nrf_atomic_u32_fetch_and)
    nrf_atomic_u32_fetch_or                  0x0001df97   Thumb Code    10  nrf_atomic.o(i.nrf_atomic_u32_fetch_or)
    nrf_atomic_u32_fetch_store               0x0001dfa1   Thumb Code    10  nrf_atomic.o(i.nrf_atomic_u32_fetch_store)
    nrf_atomic_u32_or                        0x0001dfab   Thumb Code    12  nrf_atomic.o(i.nrf_atomic_u32_or)
    nrf_atomic_u32_sub                       0x0001dfb7   Thumb Code    12  nrf_atomic.o(i.nrf_atomic_u32_sub)
    nrf_balloc_alloc                         0x0001dfc3   Thumb Code    68  nrf_balloc.o(i.nrf_balloc_alloc)
    nrf_balloc_free                          0x0001e007   Thumb Code    48  nrf_balloc.o(i.nrf_balloc_free)
    nrf_balloc_init                          0x0001e037   Thumb Code    48  nrf_balloc.o(i.nrf_balloc_init)
    nrf_ble_gatt_att_mtu_periph_set          0x0001e077   Thumb Code    24  nrf_ble_gatt.o(i.nrf_ble_gatt_att_mtu_periph_set)
    nrf_ble_gatt_init                        0x0001e08f   Thumb Code    34  nrf_ble_gatt.o(i.nrf_ble_gatt_init)
    nrf_ble_gatt_on_ble_evt                  0x0001e0b1   Thumb Code   150  nrf_ble_gatt.o(i.nrf_ble_gatt_on_ble_evt)
    nrf_ble_qwr_conn_handle_assign           0x0001e189   Thumb Code    22  nrf_ble_qwr.o(i.nrf_ble_qwr_conn_handle_assign)
    nrf_ble_qwr_init                         0x0001e19f   Thumb Code    36  nrf_ble_qwr.o(i.nrf_ble_qwr_init)
    nrf_ble_qwr_on_ble_evt                   0x0001e1c3   Thumb Code   182  nrf_ble_qwr.o(i.nrf_ble_qwr_on_ble_evt)
    nrf_drv_clock_init                       0x0001e2b9   Thumb Code    56  nrf_drv_clock.o(i.nrf_drv_clock_init)
    nrf_drv_clock_lfclk_release              0x0001e2f9   Thumb Code    48  nrf_drv_clock.o(i.nrf_drv_clock_lfclk_release)
    nrf_drv_spi_init                         0x0001e32d   Thumb Code    30  nrf_drv_spi.o(i.nrf_drv_spi_init)
    nrf_fprintf                              0x0001e37b   Thumb Code    26  nrf_fprintf.o(i.nrf_fprintf)
    nrf_fprintf_buffer_flush                 0x0001e395   Thumb Code    24  nrf_fprintf.o(i.nrf_fprintf_buffer_flush)
    nrf_fprintf_fmt                          0x0001e3ad   Thumb Code   474  nrf_fprintf_format.o(i.nrf_fprintf_fmt)
    nrf_fstorage_erase                       0x0001e589   Thumb Code   188  nrf_fstorage.o(i.nrf_fstorage_erase)
    nrf_fstorage_init                        0x0001e6c1   Thumb Code    74  nrf_fstorage.o(i.nrf_fstorage_init)
    nrf_fstorage_is_busy                     0x0001e755   Thumb Code    70  nrf_fstorage.o(i.nrf_fstorage_is_busy)
    nrf_fstorage_read                        0x0001e7a5   Thumb Code   198  nrf_fstorage.o(i.nrf_fstorage_read)
    nrf_fstorage_sdh_req_handler             0x0001e905   Thumb Code    18  nrf_fstorage_sd.o(i.nrf_fstorage_sdh_req_handler)
    nrf_fstorage_sdh_state_handler           0x0001e91d   Thumb Code    28  nrf_fstorage_sd.o(i.nrf_fstorage_sdh_state_handler)
    nrf_fstorage_sys_evt_handler             0x0001e93d   Thumb Code   154  nrf_fstorage_sd.o(i.nrf_fstorage_sys_evt_handler)
    nrf_fstorage_write                       0x0001e9e1   Thumb Code   242  nrf_fstorage.o(i.nrf_fstorage_write)
    nrf_log_backend_add                      0x0001ece5   Thumb Code    86  nrf_log_frontend.o(i.nrf_log_backend_add)
    nrf_log_backend_rtt_init                 0x0001ed43   Thumb Code     4  nrf_log_backend_rtt.o(i.nrf_log_backend_rtt_init)
    nrf_log_backend_serial_put               0x0001ed61   Thumb Code   194  nrf_log_backend_serial.o(i.nrf_log_backend_serial_put)
    nrf_log_color_id_get                     0x0001ee25   Thumb Code    42  nrf_log_frontend.o(i.nrf_log_color_id_get)
    nrf_log_default_backends_init            0x0001ee55   Thumb Code    24  nrf_log_default_backends.o(i.nrf_log_default_backends_init)
    nrf_log_frontend_dequeue                 0x0001ee71   Thumb Code   524  nrf_log_frontend.o(i.nrf_log_frontend_dequeue)
    nrf_log_frontend_std_0                   0x0001f0a5   Thumb Code     8  nrf_log_frontend.o(i.nrf_log_frontend_std_0)
    nrf_log_frontend_std_1                   0x0001f0ad   Thumb Code    14  nrf_log_frontend.o(i.nrf_log_frontend_std_1)
    nrf_log_frontend_std_2                   0x0001f0bb   Thumb Code    16  nrf_log_frontend.o(i.nrf_log_frontend_std_2)
    nrf_log_frontend_std_3                   0x0001f0cb   Thumb Code    18  nrf_log_frontend.o(i.nrf_log_frontend_std_3)
    nrf_log_frontend_std_5                   0x0001f0dd   Thumb Code    28  nrf_log_frontend.o(i.nrf_log_frontend_std_5)
    nrf_log_hexdump_entry_process            0x0001f0f9   Thumb Code   150  nrf_log_str_formatter.o(i.nrf_log_hexdump_entry_process)
    nrf_log_init                             0x0001f1a9   Thumb Code    28  nrf_log_frontend.o(i.nrf_log_init)
    nrf_log_module_cnt_get                   0x0001f1d1   Thumb Code    10  nrf_log_frontend.o(i.nrf_log_module_cnt_get)
    nrf_log_module_name_get                  0x0001f1e5   Thumb Code    24  nrf_log_frontend.o(i.nrf_log_module_name_get)
    nrf_log_panic                            0x0001f201   Thumb Code    36  nrf_log_frontend.o(i.nrf_log_panic)
    nrf_log_std_entry_process                0x0001f229   Thumb Code   182  nrf_log_str_formatter.o(i.nrf_log_std_entry_process)
    nrf_memobj_alloc                         0x0001f2df   Thumb Code    96  nrf_memobj.o(i.nrf_memobj_alloc)
    nrf_memobj_free                          0x0001f33f   Thumb Code    50  nrf_memobj.o(i.nrf_memobj_free)
    nrf_memobj_get                           0x0001f371   Thumb Code     8  nrf_memobj.o(i.nrf_memobj_get)
    nrf_memobj_pool_init                     0x0001f379   Thumb Code     4  nrf_memobj.o(i.nrf_memobj_pool_init)
    nrf_memobj_put                           0x0001f37d   Thumb Code    30  nrf_memobj.o(i.nrf_memobj_put)
    nrf_memobj_read                          0x0001f39b   Thumb Code    16  nrf_memobj.o(i.nrf_memobj_read)
    nrf_memobj_write                         0x0001f3ab   Thumb Code    16  nrf_memobj.o(i.nrf_memobj_write)
    nrf_pwr_mgmt_init                        0x0001f3bd   Thumb Code    28  nrf_pwr_mgmt.o(i.nrf_pwr_mgmt_init)
    nrf_pwr_mgmt_run                         0x0001f3e5   Thumb Code    20  nrf_pwr_mgmt.o(i.nrf_pwr_mgmt_run)
    nrf_ringbuf_init                         0x0001f411   Thumb Code    28  nrf_ringbuf.o(i.nrf_ringbuf_init)
    nrf_sdh_ble_app_ram_start_get            0x0001f49d   Thumb Code    16  nrf_sdh_ble.o(i.nrf_sdh_ble_app_ram_start_get)
    nrf_sdh_ble_default_cfg_set              0x0001f4b1   Thumb Code   264  nrf_sdh_ble.o(i.nrf_sdh_ble_default_cfg_set)
    nrf_sdh_ble_enable                       0x0001f5d9   Thumb Code   150  nrf_sdh_ble.o(i.nrf_sdh_ble_enable)
    nrf_sdh_disable_request                  0x0001f87d   Thumb Code    80  nrf_sdh.o(i.nrf_sdh_disable_request)
    nrf_sdh_enable_request                   0x0001f8d1   Thumb Code   102  nrf_sdh.o(i.nrf_sdh_enable_request)
    nrf_sdh_evts_poll                        0x0001f945   Thumb Code    32  nrf_sdh.o(i.nrf_sdh_evts_poll)
    nrf_sdh_is_enabled                       0x0001f969   Thumb Code     6  nrf_sdh.o(i.nrf_sdh_is_enabled)
    nrf_sdh_request_continue                 0x0001f975   Thumb Code    22  nrf_sdh.o(i.nrf_sdh_request_continue)
    nrf_section_iter_init                    0x0001fa11   Thumb Code    10  nrf_section_iter.o(i.nrf_section_iter_init)
    nrf_section_iter_next                    0x0001fa3f   Thumb Code    32  nrf_section_iter.o(i.nrf_section_iter_next)
    nrf_sortlist_add                         0x0001fa5f   Thumb Code    34  nrf_sortlist.o(i.nrf_sortlist_add)
    nrf_sortlist_peek                        0x0001fa81   Thumb Code     6  nrf_sortlist.o(i.nrf_sortlist_peek)
    nrf_sortlist_pop                         0x0001fa87   Thumb Code    14  nrf_sortlist.o(i.nrf_sortlist_pop)
    nrf_sortlist_remove                      0x0001fa95   Thumb Code    30  nrf_sortlist.o(i.nrf_sortlist_remove)
    nrf_strerror_find                        0x0001fab5   Thumb Code    52  nrf_strerror.o(i.nrf_strerror_find)
    nrf_strerror_get                         0x0001faed   Thumb Code    14  nrf_strerror.o(i.nrf_strerror_get)
    nrfx_clock_enable                        0x0001fb11   Thumb Code    34  nrfx_clock.o(i.nrfx_clock_enable)
    nrfx_clock_init                          0x0001fb3d   Thumb Code    22  nrfx_clock.o(i.nrfx_clock_init)
    nrfx_clock_lfclk_stop                    0x0001fb59   Thumb Code    38  nrfx_clock.o(i.nrfx_clock_lfclk_stop)
    nrfx_saadc_channel_init                  0x0001fba9   Thumb Code   132  nrfx_saadc.o(i.nrfx_saadc_channel_init)
    nrfx_saadc_channel_uninit                0x0001fc35   Thumb Code    62  nrfx_saadc.o(i.nrfx_saadc_channel_uninit)
    nrfx_saadc_init                          0x0001fc79   Thumb Code   130  nrfx_saadc.o(i.nrfx_saadc_init)
    nrfx_saadc_limits_set                    0x0001fd0d   Thumb Code   120  nrfx_saadc.o(i.nrfx_saadc_limits_set)
    nrfx_saadc_sample_convert                0x0001fd8d   Thumb Code   182  nrfx_saadc.o(i.nrfx_saadc_sample_convert)
    nrfx_saadc_uninit                        0x0001fe4d   Thumb Code    94  nrfx_saadc.o(i.nrfx_saadc_uninit)
    nrfx_spi_init                            0x0001feb9   Thumb Code   372  nrfx_spi.o(i.nrfx_spi_init)
    nrfx_spi_uninit                          0x00020031   Thumb Code    90  nrfx_spi.o(i.nrfx_spi_uninit)
    nrfx_spi_xfer                            0x00020091   Thumb Code    96  nrfx_spi.o(i.nrfx_spi_xfer)
    nrfx_wdt_channel_alloc                   0x000200f5   Thumb Code    60  nrfx_wdt.o(i.nrfx_wdt_channel_alloc)
    nrfx_wdt_channel_feed                    0x00020139   Thumb Code    14  nrfx_wdt.o(i.nrfx_wdt_channel_feed)
    nrfx_wdt_enable                          0x00020151   Thumb Code    18  nrfx_wdt.o(i.nrfx_wdt_enable)
    nrfx_wdt_init                            0x0002016d   Thumb Code    76  nrfx_wdt.o(i.nrfx_wdt_init)
    queue_clear                              0x00020be9   Thumb Code    46  sys_queue_1.o(i.queue_clear)
    queue_empty                              0x00020c17   Thumb Code    14  sys_queue_1.o(i.queue_empty)
    queue_full                               0x00020c39   Thumb Code    16  sys_queue_1.o(i.queue_full)
    queue_in                                 0x00020c49   Thumb Code   114  sys_queue_1.o(i.queue_in)
    queue_init                               0x00020cbb   Thumb Code    20  sys_queue_1.o(i.queue_init)
    queue_out                                0x00020ccf   Thumb Code    88  sys_queue_1.o(i.queue_out)
    saadc_callback                           0x00021015   Thumb Code     2  main.o(i.saadc_callback)
    saadc_init                               0x00021019   Thumb Code    56  main.o(i.saadc_init)
    save_sensor_data_to_ram_and_flash        0x00021069   Thumb Code   154  main.o(i.save_sensor_data_to_ram_and_flash)
    spi_disable                              0x0002166d   Thumb Code     6  hal_spi.o(i.spi_disable)
    spi_enable                               0x00021679   Thumb Code    70  hal_spi.o(i.spi_enable)
    spi_event_handler                        0x000216ed   Thumb Code     8  hal_spi.o(i.spi_event_handler)
    usr_get_volt                             0x00021f91   Thumb Code    66  main.o(i.usr_get_volt)
    wdt_event_handler                        0x000220ed   Thumb Code     2  hal_wdt.o(i.wdt_event_handler)
    nrf_fstorage_sd                          0x00022418   Data          32  nrf_fstorage_sd.o(.constdata)
    nrf_log_backend_rtt_api                  0x00022438   Data          12  nrf_log_backend_rtt.o(.constdata)
    m_ram_start                              0x000224dc   Data           4  nrf_sdh_ble.o(.constdata)
    __ctype_table                            0x00022540   Data         129  ctype_o.o(.constdata)
    Region$$Table$$Base                      0x00022d80   Number         0  anon$$obj.o(Region$$Table)
    Region$$Table$$Limit                     0x00022da0   Number         0  anon$$obj.o(Region$$Table)
    log_const_data$$Base                     0x00022db0   Number         0  nrf_ble_gatt.o(log_const_data)
    m_nrf_log_nrf_ble_gatt_logs_data_const   0x00022db0   Data           8  nrf_ble_gatt.o(log_const_data)
    m_nrf_log_ble_nus_logs_data_const        0x00022db8   Data           8  ble_nus.o(log_const_data)
    m_nrf_log_clock_logs_data_const          0x00022dc0   Data           8  nrf_drv_clock.o(log_const_data)
    m_nrf_log_CLOCK_logs_data_const          0x00022dc8   Data           8  nrfx_clock.o(log_const_data)
    m_nrf_log_GPIOTE_logs_data_const         0x00022dd0   Data           8  nrfx_gpiote.o(log_const_data)
    m_nrf_log_SAADC_logs_data_const          0x00022dd8   Data           8  nrfx_saadc.o(log_const_data)
    m_nrf_log_SPI_logs_data_const            0x00022de0   Data           8  nrfx_spi.o(log_const_data)
    m_nrf_log_WDT_logs_data_const            0x00022de8   Data           8  nrfx_wdt.o(log_const_data)
    m_nrf_log_RTC_logs_data_const            0x00022df0   Data           8  nrfx_rtc.o(log_const_data)
    m_nrf_log_app_button_logs_data_const     0x00022df8   Data           8  app_button.o(log_const_data)
    m_nrf_log_app_timer_logs_data_const      0x00022e00   Data           8  app_timer2.o(log_const_data)
    m_nrf_log_pwr_mgmt_logs_data_const       0x00022e08   Data           8  nrf_pwr_mgmt.o(log_const_data)
    m_nrf_log_sortlist_logs_data_const       0x00022e10   Data           8  nrf_sortlist.o(log_const_data)
    m_nrf_log_nrf_fstorage_logs_data_const   0x00022e18   Data           8  nrf_fstorage.o(log_const_data)
    m_nrf_log_app_logs_data_const            0x00022e20   Data           8  nrf_log_frontend.o(log_const_data)
    m_nrf_log_nrf_sdh_logs_data_const        0x00022e28   Data           8  nrf_sdh.o(log_const_data)
    m_nrf_log_nrf_sdh_ble_logs_data_const    0x00022e30   Data           8  nrf_sdh_ble.o(log_const_data)
    m_nrf_log_nrf_sdh_soc_logs_data_const    0x00022e38   Data           8  nrf_sdh_soc.o(log_const_data)
    log_const_data$$Limit                    0x00022e40   Number         0  nrf_sdh_soc.o(log_const_data)
    log_mempool                              0x00022e40   Data          20  nrf_log_frontend.o(nrf_balloc)
    sdh_ble_observers0$$Base                 0x00022e54   Number         0  ble_conn_state.o(sdh_ble_observers0)
    sdh_ble_observers0$$Limit                0x00022e5c   Number         0  ble_conn_state.o(sdh_ble_observers0)
    sdh_ble_observers1$$Base                 0x00022e5c   Number         0  main.o(sdh_ble_observers1)
    sdh_ble_observers1$$Limit                0x00022e7c   Number         0  ble_conn_params.o(sdh_ble_observers1)
    sdh_ble_observers2$$Base                 0x00022e7c   Number         0  main.o(sdh_ble_observers2)
    sdh_ble_observers2$$Limit                0x00022e8c   Number         0  main.o(sdh_ble_observers2)
    sdh_ble_observers3$$Base                 0x00022e8c   Number         0  main.o(sdh_ble_observers3)
    m_req_obs                                0x00022e94   Data           8  nrf_fstorage_sd.o(sdh_req_observers0)
    sdh_ble_observers3$$Limit                0x00022e94   Number         0  main.o(sdh_ble_observers3)
    sdh_req_observers0$$Base                 0x00022e94   Number         0  nrf_fstorage_sd.o(sdh_req_observers0)
    sdh_req_observers0$$Limit                0x00022e9c   Number         0  nrf_fstorage_sd.o(sdh_req_observers0)
    sdh_soc_observers0$$Base                 0x00022e9c   Number         0  nrf_drv_clock.o(sdh_soc_observers0)
    sdh_soc_observers0$$Limit                0x00022eac   Number         0  nrf_fstorage_sd.o(sdh_soc_observers0)
    sdh_stack_observers0$$Base               0x00022eac   Number         0  nrf_sdh_ble.o(sdh_stack_observers0)
    sdh_stack_observers0$$Limit              0x00022ebc   Number         0  nrf_sdh_soc.o(sdh_stack_observers0)
    sdh_state_observers0$$Base               0x00022ebc   Number         0  nrf_drv_clock.o(sdh_state_observers0)
    sdh_state_observers0$$Limit              0x00022ecc   Number         0  nrf_fstorage_sd.o(sdh_state_observers0)
    Image$$RW_IRAM1$$Base                    0x200022c8   Number         0  anon$$obj.o ABSOLUTE
    acc_frames_req                           0x200022d5   Data           1  main.o(.data)
    gyro_frames_req                          0x200022d6   Data           1  main.o(.data)
    mag_frames_req                           0x200022d7   Data           1  main.o(.data)
    bmi160_fifo_ready                        0x200022e0   Data           2  main.o(.data)
    rx_frame_header                          0x200022f8   Data           4  main.o(.data)
    tx_frame_header                          0x200022fc   Data           4  main.o(.data)
    bmm150                                   0x2000231c   Data          60  main.o(.data)
    m_channel_id                             0x200024cd   Data           1  hal_wdt.o(.data)
    SystemCoreClock                          0x200024d0   Data           4  system_nrf52805.o(.data)
    fs_data$$Base                            0x200024d4   Number         0  nrf_flash.o(fs_data)
    fstorage                                 0x200024d4   Data          20  nrf_flash.o(fs_data)
    fs_data$$Limit                           0x200024e8   Number         0  nrf_flash.o(fs_data)
    bmi160dev                                0x20002d8c   Data          44  main.o(.bss)
    fifo_buff                                0x20002db8   Data        1024  main.o(.bss)
    fifo_frame                               0x200031b8   Data          24  main.o(.bss)
    fifo_acc_data                            0x200031d0   Data         120  main.o(.bss)
    fifo_gyro_data                           0x20003248   Data         120  main.o(.bss)
    fifo_mag_data                            0x200032c0   Data          80  main.o(.bss)
    g_s_tx_frame_buf                         0x20003310   Data          32  main.o(.bss)
    nrf_nvic_state                           0x20003560   Data          12  app_util_platform.o(.bss)
    _SEGGER_RTT                              0x20003be0   Data         120  segger_rtt.o(.bss)
    __initial_sp                             0x20004868   Data           0  arm_startup_nrf52805.o(STACK)



==============================================================================

Memory Map of the image

  Image Entry point : 0x00019201

  Load Region LR_IROM1 (Base: 0x00019000, Size: 0x0000a0ec, Max: 0x00017000, ABSOLUTE, COMPRESSED[0x00009f4c])

    Execution Region ER_IROM1 (Exec base: 0x00019000, Load base: 0x00019000, Size: 0x00009ecc, Max: 0x00017000, ABSOLUTE)

    Exec Addr    Load Addr    Size         Type   Attr      Idx    E Section Name        Object

    0x00019000   0x00019000   0x00000200   Data   RO         6740    RESET               arm_startup_nrf52805.o
    0x00019200   0x00019200   0x00000000   Code   RO         6785  * .ARM.Collect$$$$00000000  mc_w.l(entry.o)
    0x00019200   0x00019200   0x00000004   Code   RO         6851    .ARM.Collect$$$$00000001  mc_w.l(entry2.o)
    0x00019204   0x00019204   0x00000004   Code   RO         6854    .ARM.Collect$$$$00000004  mc_w.l(entry5.o)
    0x00019208   0x00019208   0x00000000   Code   RO         6856    .ARM.Collect$$$$00000008  mc_w.l(entry7b.o)
    0x00019208   0x00019208   0x00000000   Code   RO         6858    .ARM.Collect$$$$0000000A  mc_w.l(entry8b.o)
    0x00019208   0x00019208   0x00000008   Code   RO         6859    .ARM.Collect$$$$0000000B  mc_w.l(entry9a.o)
    0x00019210   0x00019210   0x00000004   Code   RO         6866    .ARM.Collect$$$$0000000E  mc_w.l(entry12b.o)
    0x00019214   0x00019214   0x00000000   Code   RO         6861    .ARM.Collect$$$$0000000F  mc_w.l(entry10a.o)
    0x00019214   0x00019214   0x00000000   Code   RO         6863    .ARM.Collect$$$$00000011  mc_w.l(entry11a.o)
    0x00019214   0x00019214   0x00000004   Code   RO         6852    .ARM.Collect$$$$00002712  mc_w.l(entry2.o)
    0x00019218   0x00019218   0x0000001a   Code   RO         3297    .emb_text           app_error_handler_keil.o
    0x00019232   0x00019232   0x00000002   PAD
    0x00019234   0x00019234   0x000000c8   Code   RO         3931    .emb_text           nrf_atfifo.o
    0x000192fc   0x000192fc   0x000000e2   Code   RO         4067    .emb_text           nrf_atomic.o
    0x000193de   0x000193de   0x00000002   PAD
    0x000193e0   0x000193e0   0x00000024   Code   RO         6741    .text               arm_startup_nrf52805.o
    0x00019404   0x00019404   0x00000062   Code   RO         6793    .text               mc_w.l(uldiv.o)
    0x00019466   0x00019466   0x0000001e   Code   RO         6795    .text               mc_w.l(llshl.o)
    0x00019484   0x00019484   0x00000008   Code   RO         6797    .text               mc_w.l(ctype_o.o)
    0x0001948c   0x0001948c   0x00000024   Code   RO         6825    .text               mc_w.l(memcpya.o)
    0x000194b0   0x000194b0   0x00000024   Code   RO         6827    .text               mc_w.l(memseta.o)
    0x000194d4   0x000194d4   0x0000000e   Code   RO         6829    .text               mc_w.l(strlen.o)
    0x000194e2   0x000194e2   0x00000012   Code   RO         6835    .text               mc_w.l(strcpy.o)
    0x000194f4   0x000194f4   0x000000e4   Code   RO         6839    .text               mf_w.l(dmul.o)
    0x000195d8   0x000195d8   0x000000de   Code   RO         6841    .text               mf_w.l(ddiv.o)
    0x000196b6   0x000196b6   0x0000002e   Code   RO         6843    .text               mf_w.l(dscalb.o)
    0x000196e4   0x000196e4   0x00000022   Code   RO         6845    .text               mf_w.l(dflti.o)
    0x00019706   0x00019706   0x0000001a   Code   RO         6847    .text               mf_w.l(dfltui.o)
    0x00019720   0x00019720   0x00000032   Code   RO         6849    .text               mf_w.l(dfixui.o)
    0x00019752   0x00019752   0x00000020   Code   RO         6868    .text               mc_w.l(llushr.o)
    0x00019772   0x00019772   0x00000000   Code   RO         6870    .text               mc_w.l(iusefp.o)
    0x00019772   0x00019772   0x000000ba   Code   RO         6872    .text               mf_w.l(depilogue.o)
    0x0001982c   0x0001982c   0x00000024   Code   RO         6874    .text               mc_w.l(init.o)
    0x00019850   0x00019850   0x00000056   Code   RO         6884    .text               mc_w.l(__dczerorl2.o)
    0x000198a6   0x000198a6   0x00000002   PAD
    0x000198a8   0x000198a8   0x000000a4   Code   RO         2333    i.GPIOTE_IRQHandler  nrfx_gpiote.o
    0x0001994c   0x0001994c   0x00000050   Code   RO         2194    i.POWER_CLOCK_IRQHandler  nrfx_clock.o
    0x0001999c   0x0001999c   0x00000010   Code   RO         3042    i.RTC0_IRQHandler   nrfx_rtc.o
    0x000199ac   0x000199ac   0x00000010   Code   RO         3717    i.RTC1_IRQHandler   drv_rtc.o
    0x000199bc   0x000199bc   0x00000148   Code   RO         2702    i.SAADC_IRQHandler  nrfx_saadc.o
    0x00019b04   0x00019b04   0x00000004   Code   RO         5271    i.SEGGER_RTT_Init   segger_rtt.o
    0x00019b08   0x00019b08   0x0000005c   Code   RO         5285    i.SEGGER_RTT_WriteNoLock  segger_rtt.o
    0x00019b64   0x00019b64   0x00000044   Code   RO         2857    i.SPIM0_SPIS0_SPI0_IRQHandler  nrfx_spi.o
    0x00019ba8   0x00019ba8   0x00000004   Code   RO         5619    i.SWI2_IRQHandler   nrf_sdh.o
    0x00019bac   0x00019bac   0x00000178   Code   RO         6749    i.SystemInit        system_nrf52805.o
    0x00019d24   0x00019d24   0x00000024   Code   RO         2971    i.WDT_IRQHandler    nrfx_wdt.o
    0x00019d48   0x00019d48   0x00000068   Code   RO         5289    i._DoInit           segger_rtt.o
    0x00019db0   0x00019db0   0x00000016   Code   RO         5290    i._GetAvailWriteSpace  segger_rtt.o
    0x00019dc6   0x00019dc6   0x0000005a   Code   RO         5292    i._WriteBlocking    segger_rtt.o
    0x00019e20   0x00019e20   0x00000042   Code   RO         5293    i._WriteNoCheck     segger_rtt.o
    0x00019e62   0x00019e62   0x0000000e   Code   RO         6878    i.__scatterload_copy  mc_w.l(handlers.o)
    0x00019e70   0x00019e70   0x00000002   Code   RO         6879    i.__scatterload_null  mc_w.l(handlers.o)
    0x00019e72   0x00019e72   0x0000000e   Code   RO         6880    i.__scatterload_zeroinit  mc_w.l(handlers.o)
    0x00019e80   0x00019e80   0x00000024   Code   RO         5620    i.__sd_nvic_app_accessible_irq  nrf_sdh.o
    0x00019ea4   0x00019ea4   0x0000000c   Code   RO         4675    i.addr_is_aligned32  nrf_fstorage.o
    0x00019eb0   0x00019eb0   0x00000018   Code   RO         4676    i.addr_is_within_bounds  nrf_fstorage.o
    0x00019ec8   0x00019ec8   0x00000008   Code   RO         1261    i.adv_set_data_size_max_get  ble_advertising.o
    0x00019ed0   0x00019ed0   0x00000036   Code   RO          998    i.advertising_buttons_configure  bsp_btn_ble.o
    0x00019f06   0x00019f06   0x00000002   PAD
    0x00019f08   0x00019f08   0x0000009c   Code   RO            4    i.advertising_init  main.o
    0x00019fa4   0x00019fa4   0x00000164   Code   RO         3319    i.app_error_fault_handler  app_error_weak.o
    0x0001a108   0x0001a108   0x00000064   Code   RO         3260    i.app_error_save_and_stop  app_error.o
    0x0001a16c   0x0001a16c   0x00000018   Code   RO            8    i.app_open_bmi160_acc  main.o
    0x0001a184   0x0001a184   0x0000013c   Code   RO            9    i.app_open_bmi160_aux  main.o
    0x0001a2c0   0x0001a2c0   0x00000104   Code   RO           10    i.app_open_bmi160_fifo  main.o
    0x0001a3c4   0x0001a3c4   0x00000014   Code   RO           11    i.app_open_bmi160_gyro  main.o
    0x0001a3d8   0x0001a3d8   0x00000068   Code   RO           14    i.app_timer_callback  main.o
    0x0001a440   0x0001a440   0x0000000c   Code   RO         3490    i.app_timer_cnt_get  app_timer2.o
    0x0001a44c   0x0001a44c   0x00000020   Code   RO         3491    i.app_timer_create  app_timer2.o
    0x0001a46c   0x0001a46c   0x0000005c   Code   RO         3492    i.app_timer_init    app_timer2.o
    0x0001a4c8   0x0001a4c8   0x00000054   Code   RO         3495    i.app_timer_start   app_timer2.o
    0x0001a51c   0x0001a51c   0x00000044   Code   RO         3496    i.app_timer_stop    app_timer2.o
    0x0001a560   0x0001a560   0x00000048   Code   RO         3649    i.app_util_critical_region_enter  app_util_platform.o
    0x0001a5a8   0x0001a5a8   0x00000034   Code   RO         3650    i.app_util_critical_region_exit  app_util_platform.o
    0x0001a5dc   0x0001a5dc   0x00000048   Code   RO         1625    i.blcm_link_ctx_get  ble_link_ctx_manager.o
    0x0001a624   0x0001a624   0x00000182   Code   RO         1152    i.ble_advdata_encode  ble_advdata.o
    0x0001a7a6   0x0001a7a6   0x00000020   Code   RO         1154    i.ble_advdata_parse  ble_advdata.o
    0x0001a7c6   0x0001a7c6   0x00000046   Code   RO         1155    i.ble_advdata_search  ble_advdata.o
    0x0001a80c   0x0001a80c   0x00000006   Code   RO         1263    i.ble_advertising_conn_cfg_tag_set  ble_advertising.o
    0x0001a812   0x0001a812   0x000000f8   Code   RO         1264    i.ble_advertising_init  ble_advertising.o
    0x0001a90a   0x0001a90a   0x0000006a   Code   RO         1266    i.ble_advertising_on_ble_evt  ble_advertising.o
    0x0001a974   0x0001a974   0x00000202   Code   RO         1269    i.ble_advertising_start  ble_advertising.o
    0x0001ab76   0x0001ab76   0x00000002   PAD
    0x0001ab78   0x0001ab78   0x00000068   Code   RO         1373    i.ble_conn_params_init  ble_conn_params.o
    0x0001abe0   0x0001abe0   0x00000012   Code   RO         1457    i.ble_conn_state_conn_idx  ble_conn_state.o
    0x0001abf2   0x0001abf2   0x00000002   PAD
    0x0001abf4   0x0001abf4   0x00000014   Code   RO         1471    i.ble_conn_state_valid  ble_conn_state.o
    0x0001ac08   0x0001ac08   0x00000060   Code   RO         1158    i.ble_device_addr_encode  ble_advdata.o
    0x0001ac68   0x0001ac68   0x00000174   Code   RO           16    i.ble_evt_handler   main.o
    0x0001addc   0x0001addc   0x00000070   Code   RO          999    i.ble_evt_handler   bsp_btn_ble.o
    0x0001ae4c   0x0001ae4c   0x000000fc   Code   RO         1375    i.ble_evt_handler   ble_conn_params.o
    0x0001af48   0x0001af48   0x00000148   Code   RO         1472    i.ble_evt_handler   ble_conn_state.o
    0x0001b090   0x0001b090   0x00000066   Code   RO         1834    i.ble_nus_data_send  ble_nus.o
    0x0001b0f6   0x0001b0f6   0x00000002   PAD
    0x0001b0f8   0x0001b0f8   0x000000d4   Code   RO         1835    i.ble_nus_init      ble_nus.o
    0x0001b1cc   0x0001b1cc   0x00000078   Code   RO         1836    i.ble_nus_on_ble_evt  ble_nus.o
    0x0001b244   0x0001b244   0x0000004c   Code   RO           17    i.ble_send_data     main.o
    0x0001b290   0x0001b290   0x0000009c   Code   RO           18    i.ble_send_event    main.o
    0x0001b32c   0x0001b32c   0x00000070   Code   RO           19    i.ble_send_packet   main.o
    0x0001b39c   0x0001b39c   0x00000140   Code   RO           20    i.ble_send_ram_and_flash_sensor_data  main.o
    0x0001b4dc   0x0001b4dc   0x00000008   Code   RO         1654    i.ble_srv_is_notification_enabled  ble_srv_common.o
    0x0001b4e4   0x0001b4e4   0x00000044   Code   RO           21    i.ble_stack_init    main.o
    0x0001b528   0x0001b528   0x00000070   Code   RO         6063    i.bmi160_aux_init   bmi160_1.o
    0x0001b598   0x0001b598   0x00000048   Code   RO         6064    i.bmi160_aux_read   bmi160_1.o
    0x0001b5e0   0x0001b5e0   0x0000006c   Code   RO         6065    i.bmi160_aux_write  bmi160_1.o
    0x0001b64c   0x0001b64c   0x00000066   Code   RO         6066    i.bmi160_config_aux_mode  bmi160_1.o
    0x0001b6b2   0x0001b6b2   0x00000080   Code   RO         6067    i.bmi160_extract_accel  bmi160_1.o
    0x0001b732   0x0001b732   0x000000ae   Code   RO         6068    i.bmi160_extract_aux  bmi160_1.o
    0x0001b7e0   0x0001b7e0   0x0000007e   Code   RO         6069    i.bmi160_extract_gyro  bmi160_1.o
    0x0001b85e   0x0001b85e   0x0000007c   Code   RO         6070    i.bmi160_get_fifo_data  bmi160_1.o
    0x0001b8da   0x0001b8da   0x00000034   Code   RO         6074    i.bmi160_get_regs   bmi160_1.o
    0x0001b90e   0x0001b90e   0x0000005c   Code   RO         6077    i.bmi160_init       bmi160_1.o
    0x0001b96a   0x0001b96a   0x00000078   Code   RO         6081    i.bmi160_set_aux_auto_mode  bmi160_1.o
    0x0001b9e2   0x0001b9e2   0x00000080   Code   RO         6082    i.bmi160_set_fifo_config  bmi160_1.o
    0x0001ba62   0x0001ba62   0x00000020   Code   RO         6084    i.bmi160_set_fifo_flush  bmi160_1.o
    0x0001ba82   0x0001ba82   0x000000ae   Code   RO         6088    i.bmi160_set_power_mode  bmi160_1.o
    0x0001bb30   0x0001bb30   0x0000008a   Code   RO         6089    i.bmi160_set_regs   bmi160_1.o
    0x0001bbba   0x0001bbba   0x000000da   Code   RO         6090    i.bmi160_set_sens_conf  bmi160_1.o
    0x0001bc94   0x0001bc94   0x0000006e   Code   RO         6092    i.bmi160_soft_reset  bmi160_1.o
    0x0001bd02   0x0001bd02   0x00000074   Code   RO         6504    i.bmm150_aux_mag_data  bmm150.o
    0x0001bd76   0x0001bd76   0x00000002   PAD
    0x0001bd78   0x0001bd78   0x00000018   Code   RO           24    i.bmm150_aux_read   main.o
    0x0001bd90   0x0001bd90   0x00000018   Code   RO           25    i.bmm150_aux_write  main.o
    0x0001bda8   0x0001bda8   0x0000003a   Code   RO         6507    i.bmm150_get_regs   bmm150.o
    0x0001bde2   0x0001bde2   0x00000050   Code   RO         6509    i.bmm150_init       bmm150.o
    0x0001be32   0x0001be32   0x00000044   Code   RO         6512    i.bmm150_set_op_mode  bmm150.o
    0x0001be76   0x0001be76   0x0000006a   Code   RO         6513    i.bmm150_set_presetmode  bmm150.o
    0x0001bee0   0x0001bee0   0x00000032   Code   RO         6514    i.bmm150_set_regs   bmm150.o
    0x0001bf12   0x0001bf12   0x00000002   PAD
    0x0001bf14   0x0001bf14   0x0000000c   Code   RO          707    i.bsp_board_button_idx_to_pin  boards.o
    0x0001bf20   0x0001bf20   0x00000024   Code   RO          711    i.bsp_board_led_invert  boards.o
    0x0001bf44   0x0001bf44   0x00000010   Code   RO          712    i.bsp_board_led_off  boards.o
    0x0001bf54   0x0001bf54   0x00000010   Code   RO          713    i.bsp_board_led_on  boards.o
    0x0001bf64   0x0001bf64   0x00000020   Code   RO          714    i.bsp_board_led_state_get  boards.o
    0x0001bf84   0x0001bf84   0x00000012   Code   RO          715    i.bsp_board_leds_off  boards.o
    0x0001bf96   0x0001bf96   0x00000012   Code   RO          716    i.bsp_board_leds_on  boards.o
    0x0001bfa8   0x0001bfa8   0x00000024   Code   RO          717    i.bsp_board_pin_to_button_idx  boards.o
    0x0001bfcc   0x0001bfcc   0x0000001e   Code   RO         1001    i.bsp_btn_ble_sleep_mode_prepare  bsp_btn_ble.o
    0x0001bfea   0x0001bfea   0x00000002   PAD
    0x0001bfec   0x0001bfec   0x00000090   Code   RO          866    i.bsp_button_event_handler  bsp.o
    0x0001c07c   0x0001c07c   0x00000044   Code   RO          870    i.bsp_event_to_button_action_assign  bsp.o
    0x0001c0c0   0x0001c0c0   0x00000018   Code   RO          871    i.bsp_indication_set  bsp.o
    0x0001c0d8   0x0001c0d8   0x000001c8   Code   RO          873    i.bsp_led_indication  bsp.o
    0x0001c2a0   0x0001c2a0   0x00000006   Code   RO          875    i.bsp_wakeup_button_enable  bsp.o
    0x0001c2a6   0x0001c2a6   0x00000002   PAD
    0x0001c2a8   0x0001c2a8   0x00000094   Code   RO         5019    i.buf_prealloc      nrf_log_frontend.o
    0x0001c33c   0x0001c33c   0x0000002e   Code   RO         4279    i.buffer_add        nrf_fprintf_format.o
    0x0001c36a   0x0001c36a   0x00000002   PAD
    0x0001c36c   0x0001c36c   0x00000018   Code   RO         5020    i.buffer_is_empty   nrf_log_frontend.o
    0x0001c384   0x0001c384   0x00000018   Code   RO           27    i.calc_checksum     main.o
    0x0001c39c   0x0001c39c   0x00000010   Code   RO         2336    i.channel_port_get  nrfx_gpiote.o
    0x0001c3ac   0x0001c3ac   0x00000190   Code   RO         1656    i.characteristic_add  ble_srv_common.o
    0x0001c53c   0x0001c53c   0x00000074   Code   RO         6095    i.check_accel_config  bmi160_1.o
    0x0001c5b0   0x0001c5b0   0x00000022   Code   RO           28    i.check_flash_data_is_valid  main.o
    0x0001c5d2   0x0001c5d2   0x00000022   Code   RO         6096    i.check_frame_validity  bmi160_1.o
    0x0001c5f4   0x0001c5f4   0x0000006e   Code   RO         6097    i.check_gyro_config  bmi160_1.o
    0x0001c662   0x0001c662   0x00000002   PAD
    0x0001c664   0x0001c664   0x00000028   Code   RO         1895    i.clock_clk_started_notify  nrf_drv_clock.o
    0x0001c68c   0x0001c68c   0x0000001c   Code   RO         1896    i.clock_irq_handler  nrf_drv_clock.o
    0x0001c6a8   0x0001c6a8   0x00000018   Code   RO         3498    i.compare_func      app_timer2.o
    0x0001c6c0   0x0001c6c0   0x0000007c   Code   RO         6517    i.compensate_x      bmm150.o
    0x0001c73c   0x0001c73c   0x00000078   Code   RO         6518    i.compensate_y      bmm150.o
    0x0001c7b4   0x0001c7b4   0x00000070   Code   RO         6519    i.compensate_z      bmm150.o
    0x0001c824   0x0001c824   0x0000003e   Code   RO         1473    i.conn_handle_list_get  ble_conn_state.o
    0x0001c862   0x0001c862   0x00000088   Code   RO         1159    i.conn_int_encode   ble_advdata.o
    0x0001c8ea   0x0001c8ea   0x00000002   PAD
    0x0001c8ec   0x0001c8ec   0x00000018   Code   RO           29    i.conn_params_error_handler  main.o
    0x0001c904   0x0001c904   0x00000048   Code   RO         1376    i.conn_params_negotiation  ble_conn_params.o
    0x0001c94c   0x0001c94c   0x00000014   Code   RO         5021    i.dropped_sat16_get  nrf_log_frontend.o
    0x0001c960   0x0001c960   0x00000014   Code   RO         3718    i.drv_rtc_compare_disable  drv_rtc.o
    0x0001c974   0x0001c974   0x0000000e   Code   RO         3721    i.drv_rtc_compare_pending  drv_rtc.o
    0x0001c982   0x0001c982   0x00000050   Code   RO         3722    i.drv_rtc_compare_set  drv_rtc.o
    0x0001c9d2   0x0001c9d2   0x00000008   Code   RO         3723    i.drv_rtc_counter_get  drv_rtc.o
    0x0001c9da   0x0001c9da   0x00000002   PAD
    0x0001c9dc   0x0001c9dc   0x000000d4   Code   RO         3724    i.drv_rtc_init      drv_rtc.o
    0x0001cab0   0x0001cab0   0x0000001a   Code   RO         3725    i.drv_rtc_irq_trigger  drv_rtc.o
    0x0001caca   0x0001caca   0x00000008   Code   RO         3727    i.drv_rtc_overflow_enable  drv_rtc.o
    0x0001cad2   0x0001cad2   0x00000008   Code   RO         3728    i.drv_rtc_overflow_pending  drv_rtc.o
    0x0001cada   0x0001cada   0x00000008   Code   RO         3729    i.drv_rtc_start     drv_rtc.o
    0x0001cae2   0x0001cae2   0x00000008   Code   RO         3730    i.drv_rtc_stop      drv_rtc.o
    0x0001caea   0x0001caea   0x000000de   Code   RO         3735    i.drv_rtc_windowed_compare_set  drv_rtc.o
    0x0001cbc8   0x0001cbc8   0x0000004c   Code   RO         4765    i.erase             nrf_fstorage_sd.o
    0x0001cc14   0x0001cc14   0x00000024   Code   RO           31    i.erase_save_sensor_flash_sector  main.o
    0x0001cc38   0x0001cc38   0x00000054   Code   RO         4766    i.event_send        nrf_fstorage_sd.o
    0x0001cc8c   0x0001cc8c   0x00000012   Code   RO         3736    i.evt_enable        drv_rtc.o
    0x0001cc9e   0x0001cc9e   0x00000014   Code   RO         3737    i.evt_pending       drv_rtc.o
    0x0001ccb2   0x0001ccb2   0x000000c8   Code   RO         6107    i.extract_accel_header_mode  bmi160_1.o
    0x0001cd7a   0x0001cd7a   0x000000c2   Code   RO         6108    i.extract_aux_header_mode  bmi160_1.o
    0x0001ce3c   0x0001ce3c   0x00000094   Code   RO         6109    i.extract_aux_read  bmi160_1.o
    0x0001ced0   0x0001ced0   0x000000c2   Code   RO         6110    i.extract_gyro_header_mode  bmi160_1.o
    0x0001cf92   0x0001cf92   0x0000000a   Code   RO         1474    i.flag_toggle       ble_conn_state.o
    0x0001cf9c   0x0001cf9c   0x00000028   Code   RO         1271    i.flags_set         ble_advertising.o
    0x0001cfc4   0x0001cfc4   0x00000028   Code   RO         5834    i.fstorage_evt_handler  nrf_flash.o
    0x0001cfec   0x0001cfec   0x00000068   Code   RO           32    i.gap_params_init   main.o
    0x0001d054   0x0001d054   0x00000080   Code   RO           33    i.gatt_evt_handler  main.o
    0x0001d0d4   0x0001d0d4   0x0000004c   Code   RO           34    i.gatt_init         main.o
    0x0001d120   0x0001d120   0x00000054   Code   RO         6113    i.get_accel_len_to_parse  bmi160_1.o
    0x0001d174   0x0001d174   0x00000054   Code   RO         6116    i.get_gyro_len_to_parse  bmi160_1.o
    0x0001d1c8   0x0001d1c8   0x00000034   Code   RO         3499    i.get_now           app_timer2.o
    0x0001d1fc   0x0001d1fc   0x00000060   Code   RO         5835    i.hal_flash_erase   nrf_flash.o
    0x0001d25c   0x0001d25c   0x00000014   Code   RO         5836    i.hal_flash_init    nrf_flash.o
    0x0001d270   0x0001d270   0x00000060   Code   RO         5837    i.hal_flash_read    nrf_flash.o
    0x0001d2d0   0x0001d2d0   0x0000006c   Code   RO         5838    i.hal_flash_write   nrf_flash.o
    0x0001d33c   0x0001d33c   0x00000010   Code   RO         5894    i.hal_led_init      hal_led.o
    0x0001d34c   0x0001d34c   0x00000012   Code   RO         5895    i.hal_led_off       hal_led.o
    0x0001d35e   0x0001d35e   0x00000012   Code   RO         5896    i.hal_led_on        hal_led.o
    0x0001d370   0x0001d370   0x0000000c   Code   RO         6005    i.hal_wdt_feed      hal_wdt.o
    0x0001d37c   0x0001d37c   0x0000006c   Code   RO         6006    i.hal_wdt_init      hal_wdt.o
    0x0001d3e8   0x0001d3e8   0x00000078   Code   RO           35    i.idle_state_handle  main.o
    0x0001d460   0x0001d460   0x00000034   Code   RO         4767    i.init              nrf_fstorage_sd.o
    0x0001d494   0x0001d494   0x00000014   Code   RO         1377    i.instance_get      ble_conn_params.o
    0x0001d4a8   0x0001d4a8   0x000000a6   Code   RO         4280    i.int_print         nrf_fprintf_format.o
    0x0001d54e   0x0001d54e   0x00000034   Code   RO         5022    i.invalid_packets_omit  nrf_log_frontend.o
    0x0001d582   0x0001d582   0x00000002   PAD
    0x0001d584   0x0001d584   0x000000a0   Code   RO         3043    i.irq_handler       nrfx_rtc.o
    0x0001d624   0x0001d624   0x00000010   Code   RO         4768    i.is_busy           nrf_fstorage_sd.o
    0x0001d634   0x0001d634   0x00000044   Code   RO         1378    i.is_conn_params_ok  ble_conn_params.o
    0x0001d678   0x0001d678   0x00000030   Code   RO          877    i.leds_off          bsp.o
    0x0001d6a8   0x0001d6a8   0x00000010   Code   RO         1714    i.link_init         nrf_ble_gatt.o
    0x0001d6b8   0x0001d6b8   0x00000002   Code   RO         5023    i.log_pending_hook  nrf_log_frontend.o
    0x0001d6ba   0x0001d6ba   0x00000002   PAD
    0x0001d6bc   0x0001d6bc   0x000000a4   Code   RO         5024    i.log_skip          nrf_log_frontend.o
    0x0001d760   0x0001d760   0x000004d8   Code   RO           36    i.main              main.o
    0x0001dc38   0x0001dc38   0x00000064   Code   RO         1160    i.manuf_specific_data_encode  ble_advdata.o
    0x0001dc9c   0x0001dc9c   0x0000007e   Code   RO         4319    i.memobj_op         nrf_memobj.o
    0x0001dd1a   0x0001dd1a   0x00000002   PAD
    0x0001dd1c   0x0001dd1c   0x00000030   Code   RO         5025    i.module_idx_get    nrf_log_frontend.o
    0x0001dd4c   0x0001dd4c   0x00000014   Code   RO         6119    i.move_next_frame   bmi160_1.o
    0x0001dd60   0x0001dd60   0x000000a6   Code   RO         1161    i.name_encode       ble_advdata.o
    0x0001de06   0x0001de06   0x00000002   PAD
    0x0001de08   0x0001de08   0x00000048   Code   RO         5936    i.nrf52_read_spi    hal_spi.o
    0x0001de50   0x0001de50   0x00000044   Code   RO         5937    i.nrf52_write_spi   hal_spi.o
    0x0001de94   0x0001de94   0x00000010   Code   RO         3933    i.nrf_atfifo_clear  nrf_atfifo.o
    0x0001dea4   0x0001dea4   0x00000026   Code   RO         3935    i.nrf_atfifo_init   nrf_atfifo.o
    0x0001deca   0x0001deca   0x00000016   Code   RO         3936    i.nrf_atfifo_item_alloc  nrf_atfifo.o
    0x0001dee0   0x0001dee0   0x00000016   Code   RO         3937    i.nrf_atfifo_item_free  nrf_atfifo.o
    0x0001def6   0x0001def6   0x00000016   Code   RO         3938    i.nrf_atfifo_item_get  nrf_atfifo.o
    0x0001df0c   0x0001df0c   0x00000016   Code   RO         3939    i.nrf_atfifo_item_put  nrf_atfifo.o
    0x0001df22   0x0001df22   0x00000016   Code   RO         4001    i.nrf_atflags_clear  nrf_atflags.o
    0x0001df38   0x0001df38   0x00000016   Code   RO         4006    i.nrf_atflags_get   nrf_atflags.o
    0x0001df4e   0x0001df4e   0x00000014   Code   RO         4008    i.nrf_atflags_set   nrf_atflags.o
    0x0001df62   0x0001df62   0x00000006   Code   RO         4069    i.nrf_atomic_flag_clear_fetch  nrf_atomic.o
    0x0001df68   0x0001df68   0x00000006   Code   RO         4070    i.nrf_atomic_flag_set  nrf_atomic.o
    0x0001df6e   0x0001df6e   0x00000006   Code   RO         4071    i.nrf_atomic_flag_set_fetch  nrf_atomic.o
    0x0001df74   0x0001df74   0x0000000c   Code   RO         4072    i.nrf_atomic_u32_add  nrf_atomic.o
    0x0001df80   0x0001df80   0x0000000c   Code   RO         4073    i.nrf_atomic_u32_and  nrf_atomic.o
    0x0001df8c   0x0001df8c   0x0000000a   Code   RO         4076    i.nrf_atomic_u32_fetch_and  nrf_atomic.o
    0x0001df96   0x0001df96   0x0000000a   Code   RO         4077    i.nrf_atomic_u32_fetch_or  nrf_atomic.o
    0x0001dfa0   0x0001dfa0   0x0000000a   Code   RO         4078    i.nrf_atomic_u32_fetch_store  nrf_atomic.o
    0x0001dfaa   0x0001dfaa   0x0000000c   Code   RO         4082    i.nrf_atomic_u32_or  nrf_atomic.o
    0x0001dfb6   0x0001dfb6   0x0000000c   Code   RO         4084    i.nrf_atomic_u32_sub  nrf_atomic.o
    0x0001dfc2   0x0001dfc2   0x00000044   Code   RO         4203    i.nrf_balloc_alloc  nrf_balloc.o
    0x0001e006   0x0001e006   0x00000030   Code   RO         4204    i.nrf_balloc_free   nrf_balloc.o
    0x0001e036   0x0001e036   0x00000030   Code   RO         4205    i.nrf_balloc_init   nrf_balloc.o
    0x0001e066   0x0001e066   0x00000010   Code   RO         2337    i.nrf_bitmask_bit_is_set  nrfx_gpiote.o
    0x0001e076   0x0001e076   0x00000018   Code   RO         1716    i.nrf_ble_gatt_att_mtu_periph_set  nrf_ble_gatt.o
    0x0001e08e   0x0001e08e   0x00000022   Code   RO         1718    i.nrf_ble_gatt_init  nrf_ble_gatt.o
    0x0001e0b0   0x0001e0b0   0x000000d8   Code   RO         1719    i.nrf_ble_gatt_on_ble_evt  nrf_ble_gatt.o
    0x0001e188   0x0001e188   0x00000016   Code   RO         1790    i.nrf_ble_qwr_conn_handle_assign  nrf_ble_qwr.o
    0x0001e19e   0x0001e19e   0x00000024   Code   RO         1791    i.nrf_ble_qwr_init  nrf_ble_qwr.o
    0x0001e1c2   0x0001e1c2   0x000000b6   Code   RO         1792    i.nrf_ble_qwr_on_ble_evt  nrf_ble_qwr.o
    0x0001e278   0x0001e278   0x0000000e   Code   RO         2195    i.nrf_clock_event_check  nrfx_clock.o
    0x0001e286   0x0001e286   0x00000010   Code   RO         2196    i.nrf_clock_event_clear  nrfx_clock.o
    0x0001e296   0x0001e296   0x00000002   PAD
    0x0001e298   0x0001e298   0x00000020   Code   RO           37    i.nrf_delay_ms      main.o
    0x0001e2b8   0x0001e2b8   0x00000040   Code   RO         1903    i.nrf_drv_clock_init  nrf_drv_clock.o
    0x0001e2f8   0x0001e2f8   0x00000034   Code   RO         1907    i.nrf_drv_clock_lfclk_release  nrf_drv_clock.o
    0x0001e32c   0x0001e32c   0x00000028   Code   RO         2656    i.nrf_drv_spi_init  nrf_drv_spi.o
    0x0001e354   0x0001e354   0x00000016   Code   RO         5938    i.nrf_drv_spi_transfer  hal_spi.o
    0x0001e36a   0x0001e36a   0x00000010   Code   RO         5839    i.nrf_flash_wait_ready  nrf_flash.o
    0x0001e37a   0x0001e37a   0x0000001a   Code   RO         4240    i.nrf_fprintf       nrf_fprintf.o
    0x0001e394   0x0001e394   0x00000018   Code   RO         4241    i.nrf_fprintf_buffer_flush  nrf_fprintf.o
    0x0001e3ac   0x0001e3ac   0x000001da   Code   RO         4281    i.nrf_fprintf_fmt   nrf_fprintf_format.o
    0x0001e586   0x0001e586   0x00000002   PAD
    0x0001e588   0x0001e588   0x00000138   Code   RO         4677    i.nrf_fstorage_erase  nrf_fstorage.o
    0x0001e6c0   0x0001e6c0   0x00000094   Code   RO         4678    i.nrf_fstorage_init  nrf_fstorage.o
    0x0001e754   0x0001e754   0x00000050   Code   RO         4679    i.nrf_fstorage_is_busy  nrf_fstorage.o
    0x0001e7a4   0x0001e7a4   0x00000160   Code   RO         4680    i.nrf_fstorage_read  nrf_fstorage.o
    0x0001e904   0x0001e904   0x00000018   Code   RO         4769    i.nrf_fstorage_sdh_req_handler  nrf_fstorage_sd.o
    0x0001e91c   0x0001e91c   0x00000020   Code   RO         4770    i.nrf_fstorage_sdh_state_handler  nrf_fstorage_sd.o
    0x0001e93c   0x0001e93c   0x000000a4   Code   RO         4771    i.nrf_fstorage_sys_evt_handler  nrf_fstorage_sd.o
    0x0001e9e0   0x0001e9e0   0x000001dc   Code   RO         4684    i.nrf_fstorage_write  nrf_fstorage.o
    0x0001ebbc   0x0001ebbc   0x00000024   Code   RO           38    i.nrf_gpio_cfg      main.o
    0x0001ebe0   0x0001ebe0   0x00000024   Code   RO         2858    i.nrf_gpio_cfg      nrfx_spi.o
    0x0001ec04   0x0001ec04   0x00000012   Code   RO           39    i.nrf_gpio_cfg_default  main.o
    0x0001ec16   0x0001ec16   0x00000014   Code   RO           40    i.nrf_gpio_cfg_output  main.o
    0x0001ec2a   0x0001ec2a   0x00000014   Code   RO         2859    i.nrf_gpio_cfg_output  nrfx_spi.o
    0x0001ec3e   0x0001ec3e   0x00000022   Code   RO         2340    i.nrf_gpio_cfg_sense_set  nrfx_gpiote.o
    0x0001ec60   0x0001ec60   0x0000002c   Code   RO         2341    i.nrf_gpio_latches_read_and_clear  nrfx_gpiote.o
    0x0001ec8c   0x0001ec8c   0x0000000e   Code   RO           41    i.nrf_gpio_pin_set  main.o
    0x0001ec9a   0x0001ec9a   0x0000000e   Code   RO         2860    i.nrf_gpio_pin_set  nrfx_spi.o
    0x0001eca8   0x0001eca8   0x00000016   Code   RO          720    i.nrf_gpio_pin_write  boards.o
    0x0001ecbe   0x0001ecbe   0x00000002   PAD
    0x0001ecc0   0x0001ecc0   0x00000014   Code   RO         2343    i.nrf_gpiote_event_clear  nrfx_gpiote.o
    0x0001ecd4   0x0001ecd4   0x00000010   Code   RO         2344    i.nrf_gpiote_event_is_set  nrfx_gpiote.o
    0x0001ece4   0x0001ece4   0x0000005c   Code   RO         5026    i.nrf_log_backend_add  nrf_log_frontend.o
    0x0001ed40   0x0001ed40   0x00000002   Code   RO         4877    i.nrf_log_backend_rtt_flush  nrf_log_backend_rtt.o
    0x0001ed42   0x0001ed42   0x00000004   Code   RO         4878    i.nrf_log_backend_rtt_init  nrf_log_backend_rtt.o
    0x0001ed46   0x0001ed46   0x00000002   Code   RO         4879    i.nrf_log_backend_rtt_panic_set  nrf_log_backend_rtt.o
    0x0001ed48   0x0001ed48   0x00000018   Code   RO         4880    i.nrf_log_backend_rtt_put  nrf_log_backend_rtt.o
    0x0001ed60   0x0001ed60   0x000000c2   Code   RO         4946    i.nrf_log_backend_serial_put  nrf_log_backend_serial.o
    0x0001ee22   0x0001ee22   0x00000002   PAD
    0x0001ee24   0x0001ee24   0x00000030   Code   RO         5028    i.nrf_log_color_id_get  nrf_log_frontend.o
    0x0001ee54   0x0001ee54   0x0000001c   Code   RO         4980    i.nrf_log_default_backends_init  nrf_log_default_backends.o
    0x0001ee70   0x0001ee70   0x00000234   Code   RO         5029    i.nrf_log_frontend_dequeue  nrf_log_frontend.o
    0x0001f0a4   0x0001f0a4   0x00000008   Code   RO         5031    i.nrf_log_frontend_std_0  nrf_log_frontend.o
    0x0001f0ac   0x0001f0ac   0x0000000e   Code   RO         5032    i.nrf_log_frontend_std_1  nrf_log_frontend.o
    0x0001f0ba   0x0001f0ba   0x00000010   Code   RO         5033    i.nrf_log_frontend_std_2  nrf_log_frontend.o
    0x0001f0ca   0x0001f0ca   0x00000012   Code   RO         5034    i.nrf_log_frontend_std_3  nrf_log_frontend.o
    0x0001f0dc   0x0001f0dc   0x0000001c   Code   RO         5036    i.nrf_log_frontend_std_5  nrf_log_frontend.o
    0x0001f0f8   0x0001f0f8   0x000000b0   Code   RO         5212    i.nrf_log_hexdump_entry_process  nrf_log_str_formatter.o
    0x0001f1a8   0x0001f1a8   0x00000028   Code   RO         5038    i.nrf_log_init      nrf_log_frontend.o
    0x0001f1d0   0x0001f1d0   0x00000014   Code   RO         5039    i.nrf_log_module_cnt_get  nrf_log_frontend.o
    0x0001f1e4   0x0001f1e4   0x0000001c   Code   RO         5042    i.nrf_log_module_name_get  nrf_log_frontend.o
    0x0001f200   0x0001f200   0x00000028   Code   RO         5043    i.nrf_log_panic     nrf_log_frontend.o
    0x0001f228   0x0001f228   0x000000b6   Code   RO         5213    i.nrf_log_std_entry_process  nrf_log_str_formatter.o
    0x0001f2de   0x0001f2de   0x00000060   Code   RO         4320    i.nrf_memobj_alloc  nrf_memobj.o
    0x0001f33e   0x0001f33e   0x00000032   Code   RO         4321    i.nrf_memobj_free   nrf_memobj.o
    0x0001f370   0x0001f370   0x00000008   Code   RO         4322    i.nrf_memobj_get    nrf_memobj.o
    0x0001f378   0x0001f378   0x00000004   Code   RO         4323    i.nrf_memobj_pool_init  nrf_memobj.o
    0x0001f37c   0x0001f37c   0x0000001e   Code   RO         4324    i.nrf_memobj_put    nrf_memobj.o
    0x0001f39a   0x0001f39a   0x00000010   Code   RO         4325    i.nrf_memobj_read   nrf_memobj.o
    0x0001f3aa   0x0001f3aa   0x00000010   Code   RO         4326    i.nrf_memobj_write  nrf_memobj.o
    0x0001f3ba   0x0001f3ba   0x00000002   PAD
    0x0001f3bc   0x0001f3bc   0x00000028   Code   RO         4398    i.nrf_pwr_mgmt_init  nrf_pwr_mgmt.o
    0x0001f3e4   0x0001f3e4   0x00000014   Code   RO         4399    i.nrf_pwr_mgmt_run  nrf_pwr_mgmt.o
    0x0001f3f8   0x0001f3f8   0x00000018   Code   RO           42    i.nrf_qwr_error_handler  main.o
    0x0001f410   0x0001f410   0x0000001c   Code   RO         4475    i.nrf_ringbuf_init  nrf_ringbuf.o
    0x0001f42c   0x0001f42c   0x0000000c   Code   RO         3044    i.nrf_rtc_event_clear  nrfx_rtc.o
    0x0001f438   0x0001f438   0x0000000c   Code   RO         3738    i.nrf_rtc_event_clear  drv_rtc.o
    0x0001f444   0x0001f444   0x00000010   Code   RO         2703    i.nrf_saadc_buffer_init  nrfx_saadc.o
    0x0001f454   0x0001f454   0x00000014   Code   RO         2704    i.nrf_saadc_channel_input_set  nrfx_saadc.o
    0x0001f468   0x0001f468   0x00000010   Code   RO         2705    i.nrf_saadc_event_check  nrfx_saadc.o
    0x0001f478   0x0001f478   0x00000014   Code   RO         2706    i.nrf_saadc_event_clear  nrfx_saadc.o
    0x0001f48c   0x0001f48c   0x00000010   Code   RO         2707    i.nrf_saadc_limit_int_get  nrfx_saadc.o
    0x0001f49c   0x0001f49c   0x00000014   Code   RO         5740    i.nrf_sdh_ble_app_ram_start_get  nrf_sdh_ble.o
    0x0001f4b0   0x0001f4b0   0x00000128   Code   RO         5741    i.nrf_sdh_ble_default_cfg_set  nrf_sdh_ble.o
    0x0001f5d8   0x0001f5d8   0x000001c8   Code   RO         5742    i.nrf_sdh_ble_enable  nrf_sdh_ble.o
    0x0001f7a0   0x0001f7a0   0x000000dc   Code   RO         5743    i.nrf_sdh_ble_evts_poll  nrf_sdh_ble.o
    0x0001f87c   0x0001f87c   0x00000054   Code   RO         5621    i.nrf_sdh_disable_request  nrf_sdh.o
    0x0001f8d0   0x0001f8d0   0x00000074   Code   RO         5622    i.nrf_sdh_enable_request  nrf_sdh.o
    0x0001f944   0x0001f944   0x00000024   Code   RO         5623    i.nrf_sdh_evts_poll  nrf_sdh.o
    0x0001f968   0x0001f968   0x0000000c   Code   RO         5624    i.nrf_sdh_is_enabled  nrf_sdh.o
    0x0001f974   0x0001f974   0x0000001c   Code   RO         5626    i.nrf_sdh_request_continue  nrf_sdh.o
    0x0001f990   0x0001f990   0x00000080   Code   RO         5799    i.nrf_sdh_soc_evts_poll  nrf_sdh_soc.o
    0x0001fa10   0x0001fa10   0x0000000a   Code   RO         4533    i.nrf_section_iter_init  nrf_section_iter.o
    0x0001fa1a   0x0001fa1a   0x00000024   Code   RO         4534    i.nrf_section_iter_item_set  nrf_section_iter.o
    0x0001fa3e   0x0001fa3e   0x00000020   Code   RO         4535    i.nrf_section_iter_next  nrf_section_iter.o
    0x0001fa5e   0x0001fa5e   0x00000022   Code   RO         4568    i.nrf_sortlist_add  nrf_sortlist.o
    0x0001fa80   0x0001fa80   0x00000006   Code   RO         4570    i.nrf_sortlist_peek  nrf_sortlist.o
    0x0001fa86   0x0001fa86   0x0000000e   Code   RO         4571    i.nrf_sortlist_pop  nrf_sortlist.o
    0x0001fa94   0x0001fa94   0x0000001e   Code   RO         4572    i.nrf_sortlist_remove  nrf_sortlist.o
    0x0001fab2   0x0001fab2   0x00000002   PAD
    0x0001fab4   0x0001fab4   0x00000038   Code   RO         4624    i.nrf_strerror_find  nrf_strerror.o
    0x0001faec   0x0001faec   0x00000014   Code   RO         4625    i.nrf_strerror_get  nrf_strerror.o
    0x0001fb00   0x0001fb00   0x00000010   Code   RO         1910    i.nrf_wdt_started   nrf_drv_clock.o
    0x0001fb10   0x0001fb10   0x0000002c   Code   RO         2201    i.nrfx_clock_enable  nrfx_clock.o
    0x0001fb3c   0x0001fb3c   0x0000001c   Code   RO         2204    i.nrfx_clock_init   nrfx_clock.o
    0x0001fb58   0x0001fb58   0x00000030   Code   RO         2207    i.nrfx_clock_lfclk_stop  nrfx_clock.o
    0x0001fb88   0x0001fb88   0x00000010   Code   RO         2708    i.nrfx_coredep_delay_us  nrfx_saadc.o
    0x0001fb98   0x0001fb98   0x00000010   Code   RO         3739    i.nrfx_coredep_delay_us  drv_rtc.o
    0x0001fba8   0x0001fba8   0x0000008c   Code   RO         2712    i.nrfx_saadc_channel_init  nrfx_saadc.o
    0x0001fc34   0x0001fc34   0x00000044   Code   RO         2713    i.nrfx_saadc_channel_uninit  nrfx_saadc.o
    0x0001fc78   0x0001fc78   0x00000094   Code   RO         2714    i.nrfx_saadc_init   nrfx_saadc.o
    0x0001fd0c   0x0001fd0c   0x00000080   Code   RO         2716    i.nrfx_saadc_limits_set  nrfx_saadc.o
    0x0001fd8c   0x0001fd8c   0x000000c0   Code   RO         2718    i.nrfx_saadc_sample_convert  nrfx_saadc.o
    0x0001fe4c   0x0001fe4c   0x0000006c   Code   RO         2720    i.nrfx_saadc_uninit  nrfx_saadc.o
    0x0001feb8   0x0001feb8   0x00000178   Code   RO         2862    i.nrfx_spi_init     nrfx_spi.o
    0x00020030   0x00020030   0x00000060   Code   RO         2863    i.nrfx_spi_uninit   nrfx_spi.o
    0x00020090   0x00020090   0x00000064   Code   RO         2864    i.nrfx_spi_xfer     nrfx_spi.o
    0x000200f4   0x000200f4   0x00000044   Code   RO         2972    i.nrfx_wdt_channel_alloc  nrfx_wdt.o
    0x00020138   0x00020138   0x00000018   Code   RO         2973    i.nrfx_wdt_channel_feed  nrfx_wdt.o
    0x00020150   0x00020150   0x0000001c   Code   RO         2974    i.nrfx_wdt_enable   nrfx_wdt.o
    0x0002016c   0x0002016c   0x00000058   Code   RO         2976    i.nrfx_wdt_init     nrfx_wdt.o
    0x000201c4   0x000201c4   0x00000018   Code   RO         6120    i.null_ptr_check    bmi160_1.o
    0x000201dc   0x000201dc   0x00000018   Code   RO         6522    i.null_ptr_check    bmm150.o
    0x000201f4   0x000201f4   0x0000048a   Code   RO           43    i.nus_data_handler  main.o
    0x0002067e   0x0002067e   0x00000002   PAD
    0x00020680   0x00020680   0x0000003c   Code   RO           44    i.on_adv_evt        main.o
    0x000206bc   0x000206bc   0x00000030   Code   RO           45    i.on_conn_params_evt  main.o
    0x000206ec   0x000206ec   0x0000006a   Code   RO         1837    i.on_connect        ble_nus.o
    0x00020756   0x00020756   0x00000002   PAD
    0x00020758   0x00020758   0x00000150   Code   RO         1720    i.on_exchange_mtu_request_evt  nrf_ble_gatt.o
    0x000208a8   0x000208a8   0x000000b0   Code   RO         1721    i.on_exchange_mtu_rsp_evt  nrf_ble_gatt.o
    0x00020958   0x00020958   0x00000084   Code   RO         1838    i.on_write          ble_nus.o
    0x000209dc   0x000209dc   0x00000012   Code   RO         1272    i.phy_is_valid      ble_advertising.o
    0x000209ee   0x000209ee   0x00000002   PAD
    0x000209f0   0x000209f0   0x000000b4   Code   RO         2377    i.port_event_handle  nrfx_gpiote.o
    0x00020aa4   0x00020aa4   0x00000010   Code   RO         2378    i.port_handler_polarity_get  nrfx_gpiote.o
    0x00020ab4   0x00020ab4   0x0000003c   Code   RO         5215    i.postfix_process   nrf_log_str_formatter.o
    0x00020af0   0x00020af0   0x00000098   Code   RO         5216    i.prefix_process    nrf_log_str_formatter.o
    0x00020b88   0x00020b88   0x00000060   Code   RO         6123    i.process_under_sampling  bmi160_1.o
    0x00020be8   0x00020be8   0x0000002e   Code   RO         6691    i.queue_clear       sys_queue_1.o
    0x00020c16   0x00020c16   0x0000000e   Code   RO         6692    i.queue_empty       sys_queue_1.o
    0x00020c24   0x00020c24   0x00000014   Code   RO         4772    i.queue_free        nrf_fstorage_sd.o
    0x00020c38   0x00020c38   0x00000010   Code   RO         6693    i.queue_full        sys_queue_1.o
    0x00020c48   0x00020c48   0x00000072   Code   RO         6694    i.queue_in          sys_queue_1.o
    0x00020cba   0x00020cba   0x00000014   Code   RO         6695    i.queue_init        sys_queue_1.o
    0x00020cce   0x00020cce   0x00000058   Code   RO         6696    i.queue_out         sys_queue_1.o
    0x00020d26   0x00020d26   0x00000002   PAD
    0x00020d28   0x00020d28   0x000000a0   Code   RO         4773    i.queue_process     nrf_fstorage_sd.o
    0x00020dc8   0x00020dc8   0x00000024   Code   RO         4774    i.queue_start       nrf_fstorage_sd.o
    0x00020dec   0x00020dec   0x00000010   Code   RO         5744    i.ram_end_address_get  nrf_sdh_ble.o
    0x00020dfc   0x00020dfc   0x0000000e   Code   RO         4775    i.read              nrf_fstorage_sd.o
    0x00020e0a   0x00020e0a   0x000000b2   Code   RO         6526    i.read_trim_registers  bmm150.o
    0x00020ebc   0x00020ebc   0x00000004   Code   RO         4776    i.rmap              nrf_fstorage_sd.o
    0x00020ec0   0x00020ec0   0x0000005c   Code   RO         3500    i.rtc_irq           app_timer2.o
    0x00020f1c   0x00020f1c   0x0000006c   Code   RO         3501    i.rtc_schedule      app_timer2.o
    0x00020f88   0x00020f88   0x0000008c   Code   RO         3502    i.rtc_update        app_timer2.o
    0x00021014   0x00021014   0x00000002   Code   RO           48    i.saadc_callback    main.o
    0x00021016   0x00021016   0x00000002   PAD
    0x00021018   0x00021018   0x00000050   Code   RO           49    i.saadc_init        main.o
    0x00021068   0x00021068   0x00000114   Code   RO           50    i.save_sensor_data_to_ram_and_flash  main.o
    0x0002117c   0x0002117c   0x00000050   Code   RO         1911    i.sd_state_evt_handler  nrf_drv_clock.o
    0x000211cc   0x000211cc   0x000000c0   Code   RO         5629    i.sdh_request_observer_notify  nrf_sdh.o
    0x0002128c   0x0002128c   0x00000060   Code   RO         5630    i.sdh_state_observer_notify  nrf_sdh.o
    0x000212ec   0x000212ec   0x00000010   Code   RO         1379    i.send_error_evt    ble_conn_params.o
    0x000212fc   0x000212fc   0x00000050   Code   RO         4881    i.serial_tx         nrf_log_backend_rtt.o
    0x0002134c   0x0002134c   0x00000088   Code   RO         1162    i.service_data_encode  ble_advdata.o
    0x000213d4   0x000213d4   0x0000003a   Code   RO         6529    i.set_odr           bmm150.o
    0x0002140e   0x0002140e   0x00000022   Code   RO         6530    i.set_odr_xyz_rep   bmm150.o
    0x00021430   0x00021430   0x00000048   Code   RO         6531    i.set_power_control_bit  bmm150.o
    0x00021478   0x00021478   0x00000030   Code   RO         1658    i.set_security_req  ble_srv_common.o
    0x000214a8   0x000214a8   0x00000022   Code   RO         6532    i.set_xy_rep        bmm150.o
    0x000214ca   0x000214ca   0x00000022   Code   RO         6533    i.set_z_rep         bmm150.o
    0x000214ec   0x000214ec   0x0000004c   Code   RO           51    i.sleep_mode_enter  main.o
    0x00021538   0x00021538   0x00000018   Code   RO         1912    i.soc_evt_handler   nrf_drv_clock.o
    0x00021550   0x00021550   0x00000078   Code   RO         5631    i.softdevice_evt_irq_disable  nrf_sdh.o
    0x000215c8   0x000215c8   0x00000098   Code   RO         5632    i.softdevices_evt_irq_enable  nrf_sdh.o
    0x00021660   0x00021660   0x0000000c   Code   RO         3503    i.sortlist_pop      app_timer2.o
    0x0002166c   0x0002166c   0x0000000c   Code   RO         5939    i.spi_disable       hal_spi.o
    0x00021678   0x00021678   0x00000074   Code   RO         5940    i.spi_enable        hal_spi.o
    0x000216ec   0x000216ec   0x0000000c   Code   RO         5941    i.spi_event_handler  hal_spi.o
    0x000216f8   0x000216f8   0x00000038   Code   RO         2657    i.spi_evt_handler   nrf_drv_spi.o
    0x00021730   0x00021730   0x0000007e   Code   RO         2865    i.spi_xfer          nrfx_spi.o
    0x000217ae   0x000217ae   0x00000002   PAD
    0x000217b0   0x000217b0   0x00000098   Code   RO         5045    i.std_n             nrf_log_frontend.o
    0x00021848   0x00021848   0x00000026   Code   RO         6534    i.suspend_to_sleep_mode  bmm150.o
    0x0002186e   0x0002186e   0x00000002   PAD
    0x00021870   0x00021870   0x00000098   Code   RO         3504    i.timer_expire      app_timer2.o
    0x00021908   0x00021908   0x00000080   Code   RO         3505    i.timer_req_process  app_timer2.o
    0x00021988   0x00021988   0x00000038   Code   RO         3506    i.timer_req_schedule  app_timer2.o
    0x000219c0   0x000219c0   0x00000064   Code   RO         2866    i.transfer_byte     nrfx_spi.o
    0x00021a24   0x00021a24   0x0000000a   Code   RO         1163    i.uint16_encode     ble_advdata.o
    0x00021a2e   0x00021a2e   0x00000002   PAD
    0x00021a30   0x00021a30   0x00000020   Code   RO         4777    i.uninit            nrf_fstorage_sd.o
    0x00021a50   0x00021a50   0x00000042   Code   RO         6134    i.unpack_accel_data  bmi160_1.o
    0x00021a92   0x00021a92   0x00000102   Code   RO         6135    i.unpack_accel_frame  bmi160_1.o
    0x00021b94   0x00021b94   0x0000005e   Code   RO         6136    i.unpack_aux_data   bmi160_1.o
    0x00021bf2   0x00021bf2   0x000000c2   Code   RO         6137    i.unpack_aux_frame  bmi160_1.o
    0x00021cb4   0x00021cb4   0x00000042   Code   RO         6138    i.unpack_gyro_data  bmi160_1.o
    0x00021cf6   0x00021cf6   0x000000fa   Code   RO         6139    i.unpack_gyro_frame  bmi160_1.o
    0x00021df0   0x00021df0   0x0000002a   Code   RO         6140    i.unpack_sensortime_frame  bmi160_1.o
    0x00021e1a   0x00021e1a   0x0000001c   Code   RO         6141    i.unpack_skipped_frame  bmi160_1.o
    0x00021e36   0x00021e36   0x00000002   PAD
    0x00021e38   0x00021e38   0x000000b4   Code   RO         4282    i.unsigned_print    nrf_fprintf_format.o
    0x00021eec   0x00021eec   0x00000068   Code   RO         1380    i.update_timeout_handler  ble_conn_params.o
    0x00021f54   0x00021f54   0x00000018   Code   RO         1273    i.use_whitelist     ble_advertising.o
    0x00021f6c   0x00021f6c   0x00000024   Code   RO         1793    i.user_mem_reply    nrf_ble_qwr.o
    0x00021f90   0x00021f90   0x00000054   Code   RO           53    i.usr_get_volt      main.o
    0x00021fe4   0x00021fe4   0x00000030   Code   RO         1164    i.uuid_list_encode  ble_advdata.o
    0x00022014   0x00022014   0x0000009e   Code   RO         1165    i.uuid_list_sized_encode  ble_advdata.o
    0x000220b2   0x000220b2   0x0000003a   Code   RO          879    i.wakeup_button_cfg  bsp.o
    0x000220ec   0x000220ec   0x00000002   Code   RO         6007    i.wdt_event_handler  hal_wdt.o
    0x000220ee   0x000220ee   0x00000004   Code   RO         4778    i.wmap              nrf_fstorage_sd.o
    0x000220f2   0x000220f2   0x00000002   PAD
    0x000220f4   0x000220f4   0x00000050   Code   RO         4779    i.write             nrf_fstorage_sd.o
    0x00022144   0x00022144   0x0000003a   Code   RO         6535    i.write_op_mode     bmm150.o
    0x0002217e   0x0002217e   0x00000002   PAD
    0x00022180   0x00022180   0x00000031   Data   RO           58    .constdata          main.o
    0x000221b1   0x000221b1   0x00000008   Data   RO          721    .constdata          boards.o
    0x000221b9   0x000221b9   0x00000003   PAD
    0x000221bc   0x000221bc   0x0000002c   Data   RO          881    .constdata          bsp.o
    0x000221e8   0x000221e8   0x0000000e   Data   RO         1722    .constdata          nrf_ble_gatt.o
    0x000221f6   0x000221f6   0x00000002   PAD
    0x000221f8   0x000221f8   0x00000010   Data   RO         1839    .constdata          ble_nus.o
    0x00022208   0x00022208   0x00000004   Data   RO         2380    .constdata          nrfx_gpiote.o
    0x0002220c   0x0002220c   0x00000004   PAD
    0x00022210   0x00022210   0x00000006   Data   RO         2722    .constdata          nrfx_saadc.o
    0x00022216   0x00022216   0x00000002   PAD
    0x00022218   0x00022218   0x00000014   Data   RO         3509    .constdata          app_timer2.o
    0x0002222c   0x0002222c   0x00000004   PAD
    0x00022230   0x00022230   0x00000006   Data   RO         3740    .constdata          drv_rtc.o
    0x00022236   0x00022236   0x00000010   Data   RO         4283    .constdata          nrf_fprintf_format.o
    0x00022246   0x00022246   0x00000002   PAD
    0x00022248   0x00022248   0x00000018   Data   RO         4403    .constdata          nrf_pwr_mgmt.o
    0x00022260   0x00022260   0x0000000c   Data   RO         4404    .constdata          nrf_pwr_mgmt.o
    0x0002226c   0x0002226c   0x0000013c   Data   RO         4626    .constdata          nrf_strerror.o
    0x000223a8   0x000223a8   0x0000005e   Data   RO         4685    .constdata          nrf_fstorage.o
    0x00022406   0x00022406   0x00000002   PAD
    0x00022408   0x00022408   0x00000010   Data   RO         4782    .constdata          nrf_fstorage_sd.o
    0x00022418   0x00022418   0x00000020   Data   RO         4783    .constdata          nrf_fstorage_sd.o
    0x00022438   0x00022438   0x0000000c   Data   RO         4883    .constdata          nrf_log_backend_rtt.o
    0x00022444   0x00022444   0x0000000c   PAD
    0x00022450   0x00022450   0x00000006   Data   RO         4884    .constdata          nrf_log_backend_rtt.o
    0x00022456   0x00022456   0x00000002   PAD
    0x00022458   0x00022458   0x0000000c   Data   RO         5050    .constdata          nrf_log_frontend.o
    0x00022464   0x00022464   0x00000010   Data   RO         5633    .constdata          nrf_sdh.o
    0x00022474   0x00022474   0x00000028   Data   RO         5634    .constdata          nrf_sdh.o
    0x0002249c   0x0002249c   0x00000010   Data   RO         5635    .constdata          nrf_sdh.o
    0x000224ac   0x000224ac   0x00000010   Data   RO         5636    .constdata          nrf_sdh.o
    0x000224bc   0x000224bc   0x00000020   Data   RO         5745    .constdata          nrf_sdh_ble.o
    0x000224dc   0x000224dc   0x00000010   Data   RO         5746    .constdata          nrf_sdh_ble.o
    0x000224ec   0x000224ec   0x00000010   Data   RO         5800    .constdata          nrf_sdh_soc.o
    0x000224fc   0x000224fc   0x0000000c   Data   RO         5801    .constdata          nrf_sdh_soc.o
    0x00022508   0x00022508   0x00000020   Data   RO         5943    .constdata          hal_spi.o
    0x00022528   0x00022528   0x00000018   Data   RO         6008    .constdata          hal_wdt.o
    0x00022540   0x00022540   0x00000081   Data   RO         6798    .constdata          mc_w.l(ctype_o.o)
    0x000225c1   0x000225c1   0x00000003   PAD
    0x000225c4   0x000225c4   0x00000004   Data   RO         6799    .constdata          mc_w.l(ctype_o.o)
    0x000225c8   0x000225c8   0x00000045   Data   RO         1723    .conststring        nrf_ble_gatt.o
    0x0002260d   0x0002260d   0x00000003   PAD
    0x00022610   0x00022610   0x000003eb   Data   RO         4627    .conststring        nrf_strerror.o
    0x000229fb   0x000229fb   0x00000001   PAD
    0x000229fc   0x000229fc   0x0000004f   Data   RO         4686    .conststring        nrf_fstorage.o
    0x00022a4b   0x00022a4b   0x00000001   PAD
    0x00022a4c   0x00022a4c   0x00000066   Data   RO         5217    .conststring        nrf_log_str_formatter.o
    0x00022ab2   0x00022ab2   0x00000002   PAD
    0x00022ab4   0x00022ab4   0x000001cf   Data   RO         5747    .conststring        nrf_sdh_ble.o
    0x00022c83   0x00022c83   0x00000001   PAD
    0x00022c84   0x00022c84   0x00000041   Data   RO         5840    .conststring        nrf_flash.o
    0x00022cc5   0x00022cc5   0x00000003   PAD
    0x00022cc8   0x00022cc8   0x0000000d   Data   RO         1724    .conststrlit        nrf_ble_gatt.o
    0x00022cd5   0x00022cd5   0x00000003   PAD
    0x00022cd8   0x00022cd8   0x00000008   Data   RO         1840    .conststrlit        ble_nus.o
    0x00022ce0   0x00022ce0   0x00000006   Data   RO         1918    .conststrlit        nrf_drv_clock.o
    0x00022ce6   0x00022ce6   0x00000002   PAD
    0x00022ce8   0x00022ce8   0x00000006   Data   RO         2211    .conststrlit        nrfx_clock.o
    0x00022cee   0x00022cee   0x00000002   PAD
    0x00022cf0   0x00022cf0   0x00000007   Data   RO         2384    .conststrlit        nrfx_gpiote.o
    0x00022cf7   0x00022cf7   0x00000001   PAD
    0x00022cf8   0x00022cf8   0x00000006   Data   RO         2730    .conststrlit        nrfx_saadc.o
    0x00022cfe   0x00022cfe   0x00000002   PAD
    0x00022d00   0x00022d00   0x00000004   Data   RO         2870    .conststrlit        nrfx_spi.o
    0x00022d04   0x00022d04   0x00000004   Data   RO         2979    .conststrlit        nrfx_wdt.o
    0x00022d08   0x00022d08   0x00000004   Data   RO         3059    .conststrlit        nrfx_rtc.o
    0x00022d0c   0x00022d0c   0x0000000b   Data   RO         3173    .conststrlit        app_button.o
    0x00022d17   0x00022d17   0x00000001   PAD
    0x00022d18   0x00022d18   0x0000000a   Data   RO         3510    .conststrlit        app_timer2.o
    0x00022d22   0x00022d22   0x00000002   PAD
    0x00022d24   0x00022d24   0x00000009   Data   RO         4405    .conststrlit        nrf_pwr_mgmt.o
    0x00022d2d   0x00022d2d   0x00000003   PAD
    0x00022d30   0x00022d30   0x00000009   Data   RO         4573    .conststrlit        nrf_sortlist.o
    0x00022d39   0x00022d39   0x00000003   PAD
    0x00022d3c   0x00022d3c   0x0000000d   Data   RO         4687    .conststrlit        nrf_fstorage.o
    0x00022d49   0x00022d49   0x00000003   PAD
    0x00022d4c   0x00022d4c   0x00000010   Data   RO         4981    .conststrlit        nrf_log_default_backends.o
    0x00022d5c   0x00022d5c   0x00000004   Data   RO         5051    .conststrlit        nrf_log_frontend.o
    0x00022d60   0x00022d60   0x00000008   Data   RO         5637    .conststrlit        nrf_sdh.o
    0x00022d68   0x00022d68   0x0000000c   Data   RO         5748    .conststrlit        nrf_sdh_ble.o
    0x00022d74   0x00022d74   0x0000000c   Data   RO         5802    .conststrlit        nrf_sdh_soc.o
    0x00022d80   0x00022d80   0x00000020   Data   RO         6876    Region$$Table       anon$$obj.o
    0x00022da0   0x00022da0   0x00000010   Data   RO         4983    log_backends        nrf_log_default_backends.o
    0x00022db0   0x00022db0   0x00000008   Data   RO         1725    log_const_data      nrf_ble_gatt.o
    0x00022db8   0x00022db8   0x00000008   Data   RO         1841    log_const_data      ble_nus.o
    0x00022dc0   0x00022dc0   0x00000008   Data   RO         1919    log_const_data      nrf_drv_clock.o
    0x00022dc8   0x00022dc8   0x00000008   Data   RO         2213    log_const_data      nrfx_clock.o
    0x00022dd0   0x00022dd0   0x00000008   Data   RO         2385    log_const_data      nrfx_gpiote.o
    0x00022dd8   0x00022dd8   0x00000008   Data   RO         2731    log_const_data      nrfx_saadc.o
    0x00022de0   0x00022de0   0x00000008   Data   RO         2871    log_const_data      nrfx_spi.o
    0x00022de8   0x00022de8   0x00000008   Data   RO         2981    log_const_data      nrfx_wdt.o
    0x00022df0   0x00022df0   0x00000008   Data   RO         3061    log_const_data      nrfx_rtc.o
    0x00022df8   0x00022df8   0x00000008   Data   RO         3176    log_const_data      app_button.o
    0x00022e00   0x00022e00   0x00000008   Data   RO         3513    log_const_data      app_timer2.o
    0x00022e08   0x00022e08   0x00000008   Data   RO         4407    log_const_data      nrf_pwr_mgmt.o
    0x00022e10   0x00022e10   0x00000008   Data   RO         4574    log_const_data      nrf_sortlist.o
    0x00022e18   0x00022e18   0x00000008   Data   RO         4688    log_const_data      nrf_fstorage.o
    0x00022e20   0x00022e20   0x00000008   Data   RO         5055    log_const_data      nrf_log_frontend.o
    0x00022e28   0x00022e28   0x00000008   Data   RO         5639    log_const_data      nrf_sdh.o
    0x00022e30   0x00022e30   0x00000008   Data   RO         5750    log_const_data      nrf_sdh_ble.o
    0x00022e38   0x00022e38   0x00000008   Data   RO         5803    log_const_data      nrf_sdh_soc.o
    0x00022e40   0x00022e40   0x00000014   Data   RO         5056    nrf_balloc          nrf_log_frontend.o
    0x00022e54   0x00022e54   0x00000008   Data   RO         1478    sdh_ble_observers0  ble_conn_state.o
    0x00022e5c   0x00022e5c   0x00000010   Data   RO           65    sdh_ble_observers1  main.o
    0x00022e6c   0x00022e6c   0x00000008   Data   RO         1003    sdh_ble_observers1  bsp_btn_ble.o
    0x00022e74   0x00022e74   0x00000008   Data   RO         1383    sdh_ble_observers1  ble_conn_params.o
    0x00022e7c   0x00022e7c   0x00000010   Data   RO           66    sdh_ble_observers2  main.o
    0x00022e8c   0x00022e8c   0x00000008   Data   RO           67    sdh_ble_observers3  main.o
    0x00022e94   0x00022e94   0x00000008   Data   RO         4785    sdh_req_observers0  nrf_fstorage_sd.o
    0x00022e9c   0x00022e9c   0x00000008   Data   RO         1920    sdh_soc_observers0  nrf_drv_clock.o
    0x00022ea4   0x00022ea4   0x00000008   Data   RO         4786    sdh_soc_observers0  nrf_fstorage_sd.o
    0x00022eac   0x00022eac   0x00000008   Data   RO         5751    sdh_stack_observers0  nrf_sdh_ble.o
    0x00022eb4   0x00022eb4   0x00000008   Data   RO         5804    sdh_stack_observers0  nrf_sdh_soc.o
    0x00022ebc   0x00022ebc   0x00000008   Data   RO         1921    sdh_state_observers0  nrf_drv_clock.o
    0x00022ec4   0x00022ec4   0x00000008   Data   RO         4787    sdh_state_observers0  nrf_fstorage_sd.o


    Execution Region RW_IRAM1 (Exec base: 0x200022c8, Load base: 0x00022ecc, Size: 0x000025a0, Max: 0x00003d38, ABSOLUTE, COMPRESSED[0x00000080])

    Exec Addr    Load Addr    Size         Type   Attr      Idx    E Section Name        Object

    0x200022c8   COMPRESSED   0x00000090   Data   RW           59    .data               main.o
    0x20002358   COMPRESSED   0x00000020   Data   RW           60    .data               main.o
    0x20002378   COMPRESSED   0x00000008   Data   RW           61    .data               main.o
    0x20002380   COMPRESSED   0x00000004   Data   RW           63    .data               main.o
    0x20002384   COMPRESSED   0x00000010   Data   RW          882    .data               bsp.o
    0x20002394   COMPRESSED   0x00000004   PAD
    0x20002398   COMPRESSED   0x00000020   Data   RW          883    .data               bsp.o
    0x200023b8   COMPRESSED   0x00000020   Data   RW          884    .data               bsp.o
    0x200023d8   COMPRESSED   0x00000020   Data   RW          885    .data               bsp.o
    0x200023f8   COMPRESSED   0x00000008   Data   RW         1002    .data               bsp_btn_ble.o
    0x20002400   COMPRESSED   0x00000008   Data   RW         1382    .data               ble_conn_params.o
    0x20002408   COMPRESSED   0x00000008   Data   RW         2212    .data               nrfx_clock.o
    0x20002410   COMPRESSED   0x00000008   Data   RW         2658    .data               nrf_drv_spi.o
    0x20002418   COMPRESSED   0x00000008   Data   RW         2980    .data               nrfx_wdt.o
    0x20002420   COMPRESSED   0x00000008   Data   RW         3060    .data               nrfx_rtc.o
    0x20002428   COMPRESSED   0x00000020   Data   RW         3511    .data               app_timer2.o
    0x20002448   COMPRESSED   0x00000004   Data   RW         3512    .data               app_timer2.o
    0x2000244c   COMPRESSED   0x0000000c   Data   RW         3741    .data               drv_rtc.o
    0x20002458   COMPRESSED   0x00000008   Data   RW         4406    .data               nrf_pwr_mgmt.o
    0x20002460   COMPRESSED   0x00000008   Data   RW         4784    .data               nrf_fstorage_sd.o
    0x20002468   COMPRESSED   0x00000001   Data   RW         4885    .data               nrf_log_backend_rtt.o
    0x20002469   COMPRESSED   0x00000003   PAD
    0x2000246c   COMPRESSED   0x00000008   Data   RW         4982    .data               nrf_log_default_backends.o
    0x20002474   COMPRESSED   0x00000004   Data   RW         5052    .data               nrf_log_frontend.o
    0x20002478   COMPRESSED   0x00000008   Data   RW         5053    .data               nrf_log_frontend.o
    0x20002480   COMPRESSED   0x00000008   Data   RW         5054    .data               nrf_log_frontend.o
    0x20002488   COMPRESSED   0x00000040   Data   RW         5218    .data               nrf_log_str_formatter.o
    0x200024c8   COMPRESSED   0x00000003   Data   RW         5638    .data               nrf_sdh.o
    0x200024cb   COMPRESSED   0x00000001   Data   RW         5749    .data               nrf_sdh_ble.o
    0x200024cc   COMPRESSED   0x00000001   Data   RW         5944    .data               hal_spi.o
    0x200024cd   COMPRESSED   0x00000001   Data   RW         6009    .data               hal_wdt.o
    0x200024ce   COMPRESSED   0x00000002   PAD
    0x200024d0   COMPRESSED   0x00000004   Data   RW         6750    .data               system_nrf52805.o
    0x200024d4   COMPRESSED   0x00000014   Data   RW         5841    fs_data             nrf_flash.o
    0x200024e8        -       0x00000e48   Zero   RW           54    .bss                main.o
    0x20003330        -       0x0000000c   Zero   RW          880    .bss                bsp.o
    0x2000333c   COMPRESSED   0x00000004   PAD
    0x20003340        -       0x00000050   Zero   RW         1381    .bss                ble_conn_params.o
    0x20003390        -       0x0000007c   Zero   RW         1477    .bss                ble_conn_state.o
    0x2000340c        -       0x00000014   Zero   RW         1913    .bss                nrf_drv_clock.o
    0x20003420        -       0x0000005c   Zero   RW         2379    .bss                nrfx_gpiote.o
    0x2000347c        -       0x00000030   Zero   RW         2721    .bss                nrfx_saadc.o
    0x200034ac        -       0x0000002c   Zero   RW         2867    .bss                nrfx_spi.o
    0x200034d8        -       0x00000020   Zero   RW         3261    .bss                app_error.o
    0x200034f8        -       0x00000010   Zero   RW         3507    .bss                app_timer2.o
    0x20003508        -       0x00000058   Zero   RW         3508    .bss                app_timer2.o
    0x20003560        -       0x0000000c   Zero   RW         3655    .bss                app_util_platform.o
    0x2000356c        -       0x0000000c   Zero   RW         4402    .bss                nrf_pwr_mgmt.o
    0x20003578        -       0x00000010   Zero   RW         4780    .bss                nrf_fstorage_sd.o
    0x20003588        -       0x000000a0   Zero   RW         4781    .bss                nrf_fstorage_sd.o
    0x20003628        -       0x00000040   Zero   RW         4882    .bss                nrf_log_backend_rtt.o
    0x20003668        -       0x000000c0   Zero   RW         5046    .bss                nrf_log_frontend.o
    0x20003728        -       0x00000080   Zero   RW         5047    .bss                nrf_log_frontend.o
    0x200037a8        -       0x00000018   Zero   RW         5048    .bss                nrf_log_frontend.o
    0x200037c0        -       0x00000420   Zero   RW         5049    .bss                nrf_log_frontend.o
    0x20003be0        -       0x00000288   Zero   RW         5294    .bss                segger_rtt.o
    0x20003e68        -       0x00000200   Zero   RW         5942    .bss                hal_spi.o
    0x20004068        -       0x00000800   Zero   RW         6738    STACK               arm_startup_nrf52805.o


==============================================================================

Image component sizes


      Code (inc. data)   RO Data    RW Data    ZI Data      Debug   Object Name

         0          0         19          0          0       1871   app_button.o
       100          4          0          0         32       3430   app_error.o
        26          0          0          0          0        540   app_error_handler_keil.o
       356        194          0          0          0       8063   app_error_weak.o
      1052         90         38         36        104      16801   app_timer2.o
       124         14          0          0         12       9634   app_util_platform.o
        36          8        512          0       2048        904   arm_startup_nrf52805.o
      1338          0          0          0          0      60244   ble_advdata.o
       964          6          0          0          0      16831   ble_advertising.o
       636         44          8          8         80      12567   ble_conn_params.o
       438         70          8          0        124       7595   ble_conn_state.o
        72          0          0          0          0       2836   ble_link_ctx_manager.o
       672          6         32          0          0       8812   ble_nus.o
       456          6          0          0          0       3311   ble_srv_common.o
      4312          0          0          0          0      42366   bmi160_1.o
      1364         12          0          0          0      16569   bmm150.o
       206         32          8          0          0      76311   boards.o
       804         60         44        112         12      19528   bsp.o
       196          6          8          8          0      68901   bsp_btn_ble.o
       696         76          6         12          0      43061   drv_rtc.o
        52          6          0          0          0       5922   hal_led.o
       302         88         32          1        512      16366   hal_spi.o
       122         54         24          1          0       6801   hal_wdt.o
      5750       1410         89        188       3656     242604   main.o
       342          0          0          0          0       6522   nrf_atfifo.o
        64          0          0          0          0       2888   nrf_atflags.o
       322          0          0          0          0       9039   nrf_atomic.o
       164          0          0          0          0       3560   nrf_balloc.o
       802        324        104          0          0       8181   nrf_ble_gatt.o
       276          0          0          0          0       6157   nrf_ble_qwr.o
       304         36         30          0         20      41592   nrf_drv_clock.o
        96         14          0          8          0      15611   nrf_drv_spi.o
       376        142         65         20          0       5209   nrf_flash.o
        50          0          0          0          0       3557   nrf_fprintf.o
       866          4         16          0          0       6458   nrf_fprintf_format.o
      1404        596        194          0          0      10707   nrf_fstorage.o
       798         82         72          8        176      15631   nrf_fstorage_sd.o
       112         18         18          1         64       6057   nrf_log_backend_rtt.o
       194          0          0          0          0      10901   nrf_log_backend_serial.o
        28          4         32          8          0       3349   nrf_log_default_backends.o
      1526        128         44         20       1400      31567   nrf_log_frontend.o
       570        108        102         64          0       5580   nrf_log_str_formatter.o
       346          0          0          0          0       9371   nrf_memobj.o
        60         12         53          8         12       6347   nrf_pwr_mgmt.o
        28          0          0          0          0       2387   nrf_ringbuf.o
       876        314        104          3          0      39291   nrf_sdh.o
      1008        442        539          1          0       6369   nrf_sdh_ble.o
       128         68         56          0          0       2476   nrf_sdh_soc.o
        78          0          0          0          0       2708   nrf_section_iter.o
        84          0         17          0          0       4021   nrf_sortlist.o
        76         10       1319          0          0       2715   nrf_strerror.o
       230         32         14          8          0      40872   nrfx_clock.o
       506         38         19          0         92      48944   nrfx_gpiote.o
       188         12         12          8          0       8398   nrfx_rtc.o
      1216         94         20          0         48      26110   nrfx_saadc.o
       936         20         12          0         44      18800   nrfx_spi.o
       244         50         12          8          0       8088   nrfx_wdt.o
       378         34          0          0        648       8865   segger_rtt.o
       298          0          0          0          0       4583   sys_queue_1.o
       376         46          0          4          0      26314   system_nrf52805.o

    ----------------------------------------------------------------------
     35494       4814       3780        544       9088    1151093   Object Totals
         0          0         32          0          0          0   (incl. Generated)
        70          0         66          9          4          0   (incl. Padding)

    ----------------------------------------------------------------------

      Code (inc. data)   RO Data    RW Data    ZI Data      Debug   Library Member Name

        86          0          0          0          0          0   __dczerorl2.o
         8          4        133          0          0         68   ctype_o.o
         0          0          0          0          0          0   entry.o
         0          0          0          0          0          0   entry10a.o
         0          0          0          0          0          0   entry11a.o
         4          0          0          0          0          0   entry12b.o
         8          4          0          0          0          0   entry2.o
         4          0          0          0          0          0   entry5.o
         0          0          0          0          0          0   entry7b.o
         0          0          0          0          0          0   entry8b.o
         8          4          0          0          0          0   entry9a.o
        30          0          0          0          0          0   handlers.o
        36          8          0          0          0         68   init.o
         0          0          0          0          0          0   iusefp.o
        30          0          0          0          0         68   llshl.o
        32          0          0          0          0         68   llushr.o
        36          0          0          0          0         68   memcpya.o
        36          0          0          0          0        108   memseta.o
        18          0          0          0          0         68   strcpy.o
        14          0          0          0          0         68   strlen.o
        98          0          0          0          0         92   uldiv.o
       222          0          0          0          0        100   ddiv.o
       186          0          0          0          0        176   depilogue.o
        50          0          0          0          0         76   dfixui.o
        34          0          0          0          0         76   dflti.o
        26          0          0          0          0         76   dfltui.o
       228          0          0          0          0         96   dmul.o
        46          0          0          0          0         80   dscalb.o

    ----------------------------------------------------------------------
      1242         20        136          0          0       1356   Library Totals
         2          0          3          0          0          0   (incl. Padding)

    ----------------------------------------------------------------------

      Code (inc. data)   RO Data    RW Data    ZI Data      Debug   Library Name

       448         20        133          0          0        676   mc_w.l
       792          0          0          0          0        680   mf_w.l

    ----------------------------------------------------------------------
      1242         20        136          0          0       1356   Library Totals

    ----------------------------------------------------------------------

==============================================================================


      Code (inc. data)   RO Data    RW Data    ZI Data      Debug   

     36736       4834       3916        544       9088    1131309   Grand Totals
     36736       4834       3916        128       9088    1131309   ELF Image Totals (compressed)
     36736       4834       3916        128          0          0   ROM Totals

==============================================================================

    Total RO  Size (Code + RO Data)                40652 (  39.70kB)
    Total RW  Size (RW Data + ZI Data)              9632 (   9.41kB)
    Total ROM Size (Code + RO Data + RW Data)      40780 (  39.82kB)

==============================================================================

