Component: ARM Compiler 5.06 update 7 (build 960) Tool: armlink [4d3601]

==============================================================================

Section Cross References

    main.o(i.advertising_init) refers to memseta.o(.text) for __aeabi_memclr4
    main.o(i.advertising_init) refers to ble_advertising.o(i.ble_advertising_init) for ble_advertising_init
    main.o(i.advertising_init) refers to app_error_handler_keil.o(.emb_text) for app_error_handler
    main.o(i.advertising_init) refers to ble_advertising.o(i.ble_advertising_conn_cfg_tag_set) for ble_advertising_conn_cfg_tag_set
    main.o(i.advertising_init) refers to main.o(.bss) for .bss
    main.o(i.advertising_init) refers to main.o(.data) for .data
    main.o(i.advertising_init) refers to main.o(i.on_adv_evt) for on_adv_evt
    main.o(i.advertising_init) refers to main.o(i.main) for i.main
    main.o(i.app_close_bmi160_acc) refers to bmi160.o(i.bmi160_set_sens_conf) for bmi160_set_sens_conf
    main.o(i.app_close_bmi160_gyro) refers to bmi160.o(i.bmi160_set_sens_conf) for bmi160_set_sens_conf
    main.o(i.app_open_bmi160_acc) refers to bmi160.o(i.bmi160_set_sens_conf) for bmi160_set_sens_conf
    main.o(i.app_open_bmi160_aux) refers to bmi160.o(i.bmi160_set_regs) for bmi160_set_regs
    main.o(i.app_open_bmi160_aux) refers to bmi160.o(i.bmi160_aux_init) for bmi160_aux_init
    main.o(i.app_open_bmi160_aux) refers to bmm150.o(i.bmm150_init) for bmm150_init
    main.o(i.app_open_bmi160_aux) refers to bmm150.o(i.bmm150_set_presetmode) for bmm150_set_presetmode
    main.o(i.app_open_bmi160_aux) refers to bmm150.o(i.bmm150_set_op_mode) for bmm150_set_op_mode
    main.o(i.app_open_bmi160_aux) refers to bmi160.o(i.bmi160_set_aux_auto_mode) for bmi160_set_aux_auto_mode
    main.o(i.app_open_bmi160_aux) refers to main.o(.data) for .data
    main.o(i.app_open_bmi160_fifo) refers to bmi160.o(i.bmi160_set_fifo_config) for bmi160_set_fifo_config
    main.o(i.app_open_bmi160_fifo) refers to bmi160.o(i.bmi160_set_fifo_flush) for bmi160_set_fifo_flush
    main.o(i.app_open_bmi160_fifo) refers to main.o(.bss) for .bss
    main.o(i.app_open_bmi160_gyro) refers to bmi160.o(i.bmi160_set_sens_conf) for bmi160_set_sens_conf
    main.o(i.app_open_bmi160_no_motion) refers to bmi160.o(i.bmi160_set_int_config) for bmi160_set_int_config
    main.o(i.app_open_bmi160_tap) refers to bmi160.o(i.bmi160_set_int_config) for bmi160_set_int_config
    main.o(i.app_timer_callback) refers to nrfx_wdt.o(i.nrfx_wdt_channel_feed) for nrfx_wdt_channel_feed
    main.o(i.app_timer_callback) refers to main.o(i.saadc_init) for saadc_init
    main.o(i.app_timer_callback) refers to main.o(i.usr_get_volt) for usr_get_volt
    main.o(i.app_timer_callback) refers to nrfx_saadc.o(i.nrfx_saadc_uninit) for nrfx_saadc_uninit
    main.o(i.app_timer_callback) refers to main.o(.data) for .data
    main.o(i.assert_nrf_callback) refers to app_error_handler_keil.o(.emb_text) for app_error_handler
    main.o(i.ble_evt_handler) refers to app_error_handler_keil.o(.emb_text) for app_error_handler
    main.o(i.ble_evt_handler) refers to bsp.o(i.bsp_indication_set) for bsp_indication_set
    main.o(i.ble_evt_handler) refers to nrf_ble_qwr.o(i.nrf_ble_qwr_conn_handle_assign) for nrf_ble_qwr_conn_handle_assign
    main.o(i.ble_evt_handler) refers to main.o(.data) for .data
    main.o(i.ble_evt_handler) refers to main.o(.bss) for .bss
    main.o(i.ble_evt_handler) refers to main.o(.constdata) for .constdata
    main.o(i.ble_send_data) refers to ble_nus.o(i.ble_nus_data_send) for ble_nus_data_send
    main.o(i.ble_send_data) refers to app_error_handler_keil.o(.emb_text) for app_error_handler
    main.o(i.ble_send_data) refers to main.o(.data) for .data
    main.o(i.ble_send_packet) refers to memcpya.o(.text) for __aeabi_memcpy
    main.o(i.ble_send_packet) refers to main.o(i.calc_checksum) for calc_checksum
    main.o(i.ble_send_packet) refers to main.o(i.ble_send_data) for ble_send_data
    main.o(i.ble_send_packet) refers to main.o(.data) for .data
    main.o(i.ble_send_ram_and_flash_sensor_data) refers to memseta.o(.text) for __aeabi_memclr4
    main.o(i.ble_send_ram_and_flash_sensor_data) refers to sys_queue.o(i.queue_empty) for queue_empty
    main.o(i.ble_send_ram_and_flash_sensor_data) refers to nrf_flash.o(i.nrf_flash_read) for nrf_flash_read
    main.o(i.ble_send_ram_and_flash_sensor_data) refers to main.o(i.check_flash_data_is_valid) for check_flash_data_is_valid
    main.o(i.ble_send_ram_and_flash_sensor_data) refers to sys_queue.o(i.queue_out) for queue_out
    main.o(i.ble_send_ram_and_flash_sensor_data) refers to main.o(i.endian_transfer) for endian_transfer
    main.o(i.ble_send_ram_and_flash_sensor_data) refers to main.o(i.ble_send_packet) for ble_send_packet
    main.o(i.ble_send_ram_and_flash_sensor_data) refers to main.o(.bss) for .bss
    main.o(i.ble_send_ram_and_flash_sensor_data) refers to main.o(.data) for .data
[...]
    m_p_cur_op                               0x20002460   Data           4  nrf_fstorage_sd.o(.data)
    m_iget_ctx                               0x20002464   Data           4  nrf_fstorage_sd.o(.data)
    .data                                    0x20002468   Section        3  nrf_sdh.o(.data)
    m_nrf_sdh_enabled                        0x20002468   Data           1  nrf_sdh.o(.data)
    m_nrf_sdh_suspended                      0x20002469   Data           1  nrf_sdh.o(.data)
    m_nrf_sdh_continue                       0x2000246a   Data           1  nrf_sdh.o(.data)
    .data                                    0x2000246b   Section        1  nrf_sdh_ble.o(.data)
    m_stack_is_enabled                       0x2000246b   Data           1  nrf_sdh_ble.o(.data)
    .data                                    0x2000246c   Section        4  system_nrf52805.o(.data)
    __tagsym$$used                           0x2000246c   Number         0  system_nrf52805.o(.data)
    fs_data                                  0x20002470   Section       20  nrf_flash.o(fs_data)
    __tagsym$$used                           0x20002470   Number         0  nrf_flash.o(fs_data)
    .bss                                     0x20002484   Section    10056  main.o(.bss)
    g_sensor_data_buf                        0x20002484   Data         144  main.o(.bss)
    g_s_save_sensor_data_queue               0x20002514   Data        7412  main.o(.bss)
    g_s_sensor_data_buf                      0x20004208   Data         144  main.o(.bss)
    g_s_send_sensor_buf                      0x20004298   Data         144  main.o(.bss)
    m_gatt                                   0x20004328   Data          16  main.o(.bss)
    m_qwr                                    0x20004338   Data          12  main.o(.bss)
    m_advertising                            0x20004344   Data         248  main.o(.bss)
    g_s_manuf_data                           0x2000443c   Data          12  main.o(.bss)
    spi_tx_buf                               0x20004448   Data         256  main.o(.bss)
    spi_rx_buf                               0x20004548   Data         256  main.o(.bss)
    .bss                                     0x20004bcc   Section       12  bsp.o(.bss)
    m_events_list                            0x20004bcc   Data          12  bsp.o(.bss)
    .bss                                     0x20004bd8   Section       80  ble_conn_params.o(.bss)
    m_timer_data                             0x20004bd8   Data          32  ble_conn_params.o(.bss)
    m_conn_params_instances                  0x20004bf8   Data          20  ble_conn_params.o(.bss)
    m_conn_params_config                     0x20004c0c   Data          28  ble_conn_params.o(.bss)
    .bss                                     0x20004c28   Section      124  ble_conn_state.o(.bss)
    m_bcs                                    0x20004c28   Data         124  ble_conn_state.o(.bss)
    .bss                                     0x20004ca4   Section       20  nrf_drv_clock.o(.bss)
    m_clock_cb                               0x20004ca4   Data          20  nrf_drv_clock.o(.bss)
    .bss                                     0x20004cb8   Section       92  nrfx_gpiote.o(.bss)
    m_cb                                     0x20004cb8   Data          92  nrfx_gpiote.o(.bss)
    .bss                                     0x20004d14   Section       48  nrfx_saadc.o(.bss)
    m_cb                                     0x20004d14   Data          48  nrfx_saadc.o(.bss)
    .bss                                     0x20004d44   Section       44  nrfx_spi.o(.bss)
    m_cb                                     0x20004d44   Data          44  nrfx_spi.o(.bss)
    .bss                                     0x20004d70   Section       32  app_error.o(.bss)
    m_error_data                             0x20004d70   Data          32  app_error.o(.bss)
    .bss                                     0x20004d90   Section       16  app_timer2.o(.bss)
    m_req_fifo_inst                          0x20004d90   Data          16  app_timer2.o(.bss)
    .bss                                     0x20004da0   Section       88  app_timer2.o(.bss)
    m_req_fifo_data                          0x20004da0   Data          88  app_timer2.o(.bss)
    .bss                                     0x20004df8   Section       12  app_util_platform.o(.bss)
    .bss                                     0x20004e04   Section       12  nrf_pwr_mgmt.o(.bss)
    m_handlers_iter                          0x20004e04   Data          12  nrf_pwr_mgmt.o(.bss)
    .bss                                     0x20004e10   Section       16  nrf_fstorage_sd.o(.bss)
    m_fifo_inst                              0x20004e10   Data          16  nrf_fstorage_sd.o(.bss)
    .bss                                     0x20004e20   Section      160  nrf_fstorage_sd.o(.bss)
    m_fifo_data                              0x20004e20   Data         140  nrf_fstorage_sd.o(.bss)
    m_flags                                  0x20004eac   Data          20  nrf_fstorage_sd.o(.bss)
    STACK                                    0x20004ec0   Section     2048  arm_startup_nrf52805.o(STACK)

    Global Symbols

    Symbol Name                              Value     Ov Type        Size  Object(Section)

    BuildAttributes$$THM_ISAv4$E$P$D$K$B$S$7EM$PE$A:L22UL41UL21$X:L11$S22US41US21$IEEE1$IW$USESV6$~STKCKD$USESV7$~SHL$OSPACE$ROPI$EBA8$MICROLIB$REQ8$EABIv2 0x00000000   Number         0  anon$$obj.o ABSOLUTE
    __ARM_use_no_argv                        0x00000000   Number         0  main.o ABSOLUTE
    __arm_fini_                               - Undefined Weak Reference
    __cpp_initialize__aeabi_                  - Undefined Weak Reference
    __cxa_finalize                            - Undefined Weak Reference
    _clock_init                               - Undefined Weak Reference
    _microlib_exit                            - Undefined Weak Reference
    pwr_mgmt_data0$$Base                      - Undefined Reference
    pwr_mgmt_data0$$Limit                     - Undefined Reference
    pwr_mgmt_data1$$Base                      - Undefined Reference
    pwr_mgmt_data1$$Limit                     - Undefined Reference
    pwr_mgmt_data2$$Base                      - Undefined Reference
    pwr_mgmt_data2$$Limit                     - Undefined Reference
    sdh_req_observers1$$Base                  - Undefined Reference
    sdh_req_observers1$$Limit                 - Undefined Reference
    sdh_soc_observers1$$Base                  - Undefined Reference
    sdh_soc_observers1$$Limit                 - Undefined Reference
    sdh_stack_observers1$$Base                - Undefined Reference
    sdh_stack_observers1$$Limit               - Undefined Reference
    sdh_state_observers1$$Base                - Undefined Reference
    sdh_state_observers1$$Limit               - Undefined Reference
    __Vectors_Size                           0x00000200   Number         0  arm_startup_nrf52805.o ABSOLUTE
    __Vectors                                0x00019000   Data           4  arm_startup_nrf52805.o(RESET)
    __Vectors_End                            0x00019200   Data           0  arm_startup_nrf52805.o(RESET)
    __main                                   0x00019201   Thumb Code     0  entry.o(.ARM.Collect$$$$00000000)
    _main_stk                                0x00019201   Thumb Code     0  entry2.o(.ARM.Collect$$$$00000001)
    _main_scatterload                        0x00019205   Thumb Code     0  entry5.o(.ARM.Collect$$$$00000004)
    __main_after_scatterload                 0x00019209   Thumb Code     0  entry5.o(.ARM.Collect$$$$00000004)
    _main_clock                              0x00019209   Thumb Code     0  entry7b.o(.ARM.Collect$$$$00000008)
    _main_cpp_init                           0x00019209   Thumb Code     0  entry8b.o(.ARM.Collect$$$$0000000A)
    _main_init                               0x00019209   Thumb Code     0  entry9a.o(.ARM.Collect$$$$0000000B)
    __rt_lib_shutdown_fini                   0x00019211   Thumb Code     0  entry12b.o(.ARM.Collect$$$$0000000E)
    __rt_final_cpp                           0x00019215   Thumb Code     0  entry10a.o(.ARM.Collect$$$$0000000F)
    __rt_final_exit                          0x00019215   Thumb Code     0  entry11a.o(.ARM.Collect$$$$00000011)
    app_error_handler                        0x00019219   Thumb Code    26  app_error_handler_keil.o(.emb_text)
    __asm___12_nrf_atfifo_c_51f461e1__nrf_atfifo_wspace_req 0x00019235   Thumb Code    56  nrf_atfifo.o(.emb_text)
    __asm___12_nrf_atfifo_c_51f461e1__nrf_atfifo_wspace_close 0x0001926d   Thumb Code    18  nrf_atfifo.o(.emb_text)
    __asm___12_nrf_atfifo_c_51f461e1__nrf_atfifo_rspace_req 0x0001927f   Thumb Code    58  nrf_atfifo.o(.emb_text)
    __asm___12_nrf_atfifo_c_51f461e1__nrf_atfifo_rspace_close 0x000192b9   Thumb Code    18  nrf_atfifo.o(.emb_text)
    __asm___12_nrf_atfifo_c_51f461e1__nrf_atfifo_space_clear 0x000192cb   Thumb Code    50  nrf_atfifo.o(.emb_text)
    __asm___12_nrf_atomic_c_85ca2469__nrf_atomic_internal_mov 0x000192fd   Thumb Code    24  nrf_atomic.o(.emb_text)
    __asm___12_nrf_atomic_c_85ca2469__nrf_atomic_internal_orr 0x00019315   Thumb Code    26  nrf_atomic.o(.emb_text)
    __asm___12_nrf_atomic_c_85ca2469__nrf_atomic_internal_and 0x0001932f   Thumb Code    26  nrf_atomic.o(.emb_text)
    __asm___12_nrf_atomic_c_85ca2469__nrf_atomic_internal_eor 0x00019349   Thumb Code    26  nrf_atomic.o(.emb_text)
    __asm___12_nrf_atomic_c_85ca2469__nrf_atomic_internal_add 0x00019363   Thumb Code    26  nrf_atomic.o(.emb_text)
    __asm___12_nrf_atomic_c_85ca2469__nrf_atomic_internal_sub 0x0001937d   Thumb Code    26  nrf_atomic.o(.emb_text)
    __asm___12_nrf_atomic_c_85ca2469__nrf_atomic_internal_cmp_exch 0x00019397   Thumb Code    42  nrf_atomic.o(.emb_text)
    __asm___12_nrf_atomic_c_85ca2469__nrf_atomic_internal_sub_hs 0x000193c1   Thumb Code    30  nrf_atomic.o(.emb_text)
    Reset_Handler                            0x000193e1   Thumb Code     8  arm_startup_nrf52805.o(.text)
    NMI_Handler                              0x000193e9   Thumb Code     2  arm_startup_nrf52805.o(.text)
    HardFault_Handler                        0x000193eb   Thumb Code     2  arm_startup_nrf52805.o(.text)
    MemoryManagement_Handler                 0x000193ed   Thumb Code     2  arm_startup_nrf52805.o(.text)
    BusFault_Handler                         0x000193ef   Thumb Code     2  arm_startup_nrf52805.o(.text)
    UsageFault_Handler                       0x000193f1   Thumb Code     2  arm_startup_nrf52805.o(.text)
    SVC_Handler                              0x000193f3   Thumb Code     2  arm_startup_nrf52805.o(.text)
    DebugMon_Handler                         0x000193f5   Thumb Code     2  arm_startup_nrf52805.o(.text)
    PendSV_Handler                           0x000193f7   Thumb Code     2  arm_startup_nrf52805.o(.text)
    SysTick_Handler                          0x000193f9   Thumb Code     2  arm_startup_nrf52805.o(.text)
    CCM_AAR_IRQHandler                       0x000193fb   Thumb Code     0  arm_startup_nrf52805.o(.text)
    ECB_IRQHandler                           0x000193fb   Thumb Code     0  arm_startup_nrf52805.o(.text)
    RADIO_IRQHandler                         0x000193fb   Thumb Code     0  arm_startup_nrf52805.o(.text)
    RNG_IRQHandler                           0x000193fb   Thumb Code     0  arm_startup_nrf52805.o(.text)
    SWI0_EGU0_IRQHandler                     0x000193fb   Thumb Code     0  arm_startup_nrf52805.o(.text)
    SWI1_EGU1_IRQHandler                     0x000193fb   Thumb Code     0  arm_startup_nrf52805.o(.text)
    SWI3_IRQHandler                          0x000193fb   Thumb Code     0  arm_startup_nrf52805.o(.text)
    SWI4_IRQHandler                          0x000193fb   Thumb Code     0  arm_startup_nrf52805.o(.text)
    SWI5_IRQHandler                          0x000193fb   Thumb Code     0  arm_startup_nrf52805.o(.text)
    TEMP_IRQHandler                          0x000193fb   Thumb Code     0  arm_startup_nrf52805.o(.text)
    TIMER0_IRQHandler                        0x000193fb   Thumb Code     0  arm_startup_nrf52805.o(.text)
    TIMER1_IRQHandler                        0x000193fb   Thumb Code     0  arm_startup_nrf52805.o(.text)
    TIMER2_IRQHandler                        0x000193fb   Thumb Code     0  arm_startup_nrf52805.o(.text)
    TWIM0_TWIS0_TWI0_IRQHandler              0x000193fb   Thumb Code     0  arm_startup_nrf52805.o(.text)
    UARTE0_UART0_IRQHandler                  0x000193fb   Thumb Code     0  arm_startup_nrf52805.o(.text)
    __aeabi_uldivmod                         0x00019405   Thumb Code    98  uldiv.o(.text)
    __aeabi_llsl                             0x00019467   Thumb Code    30  llshl.o(.text)
    _ll_shift_l                              0x00019467   Thumb Code     0  llshl.o(.text)
    __aeabi_memcpy                           0x00019485   Thumb Code    36  memcpya.o(.text)
    __aeabi_memcpy4                          0x00019485   Thumb Code     0  memcpya.o(.text)
    __aeabi_memcpy8                          0x00019485   Thumb Code     0  memcpya.o(.text)
    __aeabi_memset                           0x000194a9   Thumb Code    14  memseta.o(.text)
    __aeabi_memset4                          0x000194a9   Thumb Code     0  memseta.o(.text)
    __aeabi_memset8                          0x000194a9   Thumb Code     0  memseta.o(.text)
    __aeabi_memclr                           0x000194b7   Thumb Code     4  memseta.o(.text)
    __aeabi_memclr4                          0x000194b7   Thumb Code     0  memseta.o(.text)
    __aeabi_memclr8                          0x000194b7   Thumb Code     0  memseta.o(.text)
    _memset$wrapper                          0x000194bb   Thumb Code    18  memseta.o(.text)
    __aeabi_dmul                             0x000194cd   Thumb Code   228  dmul.o(.text)
    __aeabi_ddiv                             0x000195b1   Thumb Code   222  ddiv.o(.text)
    __ARM_scalbn                             0x0001968f   Thumb Code    46  dscalb.o(.text)
    scalbn                                   0x0001968f   Thumb Code     0  dscalb.o(.text)
    __aeabi_i2d                              0x000196bd   Thumb Code    34  dflti.o(.text)
    __aeabi_ui2d                             0x000196df   Thumb Code    26  dfltui.o(.text)
    __aeabi_d2uiz                            0x000196f9   Thumb Code    50  dfixui.o(.text)
    __aeabi_llsr                             0x0001972b   Thumb Code    32  llushr.o(.text)
    _ll_ushift_r                             0x0001972b   Thumb Code     0  llushr.o(.text)
    __I$use$fp                               0x0001974b   Thumb Code     0  iusefp.o(.text)
    _double_round                            0x0001974b   Thumb Code    30  depilogue.o(.text)
    _double_epilogue                         0x00019769   Thumb Code   156  depilogue.o(.text)
    __scatterload                            0x00019805   Thumb Code    28  init.o(.text)
    __scatterload_rt2                        0x00019805   Thumb Code     0  init.o(.text)
    __decompress                             0x00019829   Thumb Code     0  __dczerorl2.o(.text)
    __decompress1                            0x00019829   Thumb Code    86  __dczerorl2.o(.text)
    GPIOTE_IRQHandler                        0x00019881   Thumb Code   154  nrfx_gpiote.o(i.GPIOTE_IRQHandler)
    POWER_CLOCK_IRQHandler                   0x00019925   Thumb Code    74  nrfx_clock.o(i.POWER_CLOCK_IRQHandler)
    RTC0_IRQHandler                          0x00019975   Thumb Code    10  nrfx_rtc.o(i.RTC0_IRQHandler)
    RTC1_IRQHandler                          0x00019985   Thumb Code    12  drv_rtc.o(i.RTC1_IRQHandler)
    SAADC_IRQHandler                         0x00019995   Thumb Code   320  nrfx_saadc.o(i.SAADC_IRQHandler)
    SPIM0_SPIS0_SPI0_IRQHandler              0x00019add   Thumb Code    62  nrfx_spi.o(i.SPIM0_SPIS0_SPI0_IRQHandler)
    SWI2_IRQHandler                          0x00019b21   Thumb Code     4  nrf_sdh.o(i.SWI2_IRQHandler)
    SystemInit                               0x00019b25   Thumb Code   330  system_nrf52805.o(i.SystemInit)
    WDT_IRQHandler                           0x00019c9d   Thumb Code    26  nrfx_wdt.o(i.WDT_IRQHandler)
    __scatterload_copy                       0x00019cc1   Thumb Code    14  handlers.o(i.__scatterload_copy)
    __scatterload_null                       0x00019ccf   Thumb Code     2  handlers.o(i.__scatterload_null)
    __scatterload_zeroinit                   0x00019cd1   Thumb Code    14  handlers.o(i.__scatterload_zeroinit)
    app_error_fault_handler                  0x00019e05   Thumb Code    20  app_error_weak.o(i.app_error_fault_handler)
    app_error_save_and_stop                  0x00019e1d   Thumb Code    96  app_error.o(i.app_error_save_and_stop)
    app_open_bmi160_acc                      0x00019e81   Thumb Code    24  main.o(i.app_open_bmi160_acc)
    app_open_bmi160_aux                      0x00019e99   Thumb Code   120  main.o(i.app_open_bmi160_aux)
    app_open_bmi160_fifo                     0x00019f15   Thumb Code    56  main.o(i.app_open_bmi160_fifo)
    app_open_bmi160_gyro                     0x00019f51   Thumb Code    20  main.o(i.app_open_bmi160_gyro)
    app_timer_callback                       0x00019f65   Thumb Code    54  main.o(i.app_timer_callback)
    app_timer_cnt_get                        0x00019fa1   Thumb Code     6  app_timer2.o(i.app_timer_cnt_get)
    app_timer_create                         0x00019fad   Thumb Code    32  app_timer2.o(i.app_timer_create)
    app_timer_init                           0x00019fcd   Thumb Code    70  app_timer2.o(i.app_timer_init)
    app_timer_start                          0x0001a029   Thumb Code    84  app_timer2.o(i.app_timer_start)
    app_timer_stop                           0x0001a07d   Thumb Code    68  app_timer2.o(i.app_timer_stop)
    app_util_critical_region_enter           0x0001a0c1   Thumb Code    64  app_util_platform.o(i.app_util_critical_region_enter)
    app_util_critical_region_exit            0x0001a109   Thumb Code    46  app_util_platform.o(i.app_util_critical_region_exit)
    blcm_link_ctx_get                        0x0001a13d   Thumb Code    72  ble_link_ctx_manager.o(i.blcm_link_ctx_get)
    ble_advdata_encode                       0x0001a185   Thumb Code   386  ble_advdata.o(i.ble_advdata_encode)
    ble_advdata_parse                        0x0001a307   Thumb Code    32  ble_advdata.o(i.ble_advdata_parse)
    ble_advdata_search                       0x0001a327   Thumb Code    70  ble_advdata.o(i.ble_advdata_search)
    ble_advertising_conn_cfg_tag_set         0x0001a36d   Thumb Code     6  ble_advertising.o(i.ble_advertising_conn_cfg_tag_set)
    ble_advertising_init                     0x0001a373   Thumb Code   248  ble_advertising.o(i.ble_advertising_init)
    ble_advertising_on_ble_evt               0x0001a46b   Thumb Code   106  ble_advertising.o(i.ble_advertising_on_ble_evt)
    ble_advertising_start                    0x0001a4d5   Thumb Code   514  ble_advertising.o(i.ble_advertising_start)
    ble_conn_params_init                     0x0001a6d9   Thumb Code    90  ble_conn_params.o(i.ble_conn_params_init)
    ble_conn_state_conn_idx                  0x0001a741   Thumb Code    18  ble_conn_state.o(i.ble_conn_state_conn_idx)
    ble_conn_state_valid                     0x0001a755   Thumb Code    16  ble_conn_state.o(i.ble_conn_state_valid)
    ble_nus_data_send                        0x0001ab75   Thumb Code   102  ble_nus.o(i.ble_nus_data_send)
    ble_nus_init                             0x0001abdd   Thumb Code   206  ble_nus.o(i.ble_nus_init)
    ble_nus_on_ble_evt                       0x0001acb1   Thumb Code   120  ble_nus.o(i.ble_nus_on_ble_evt)
    ble_send_packet                          0x0001ad75   Thumb Code   108  main.o(i.ble_send_packet)
    ble_send_ram_and_flash_sensor_data       0x0001ade5   Thumb Code   128  main.o(i.ble_send_ram_and_flash_sensor_data)
    ble_send_save_sensor_finish_event        0x0001ae71   Thumb Code    54  main.o(i.ble_send_save_sensor_finish_event)
    ble_srv_is_notification_enabled          0x0001aead   Thumb Code     8  ble_srv_common.o(i.ble_srv_is_notification_enabled)
    bmi160_aux_init                          0x0001aef9   Thumb Code   112  bmi160.o(i.bmi160_aux_init)
    bmi160_aux_read                          0x0001af69   Thumb Code    72  bmi160.o(i.bmi160_aux_read)
    bmi160_aux_write                         0x0001afb1   Thumb Code   108  bmi160.o(i.bmi160_aux_write)
    bmi160_config_aux_mode                   0x0001b01d   Thumb Code   102  bmi160.o(i.bmi160_config_aux_mode)
    bmi160_extract_accel                     0x0001b083   Thumb Code   128  bmi160.o(i.bmi160_extract_accel)
    bmi160_extract_aux                       0x0001b103   Thumb Code   174  bmi160.o(i.bmi160_extract_aux)
    bmi160_extract_gyro                      0x0001b1b1   Thumb Code   126  bmi160.o(i.bmi160_extract_gyro)
    bmi160_get_fifo_data                     0x0001b22f   Thumb Code   124  bmi160.o(i.bmi160_get_fifo_data)
    bmi160_get_regs                          0x0001b2ab   Thumb Code    52  bmi160.o(i.bmi160_get_regs)
    bmi160_init                              0x0001b2df   Thumb Code    92  bmi160.o(i.bmi160_init)
    bmi160_set_aux_auto_mode                 0x0001b33b   Thumb Code   120  bmi160.o(i.bmi160_set_aux_auto_mode)
    bmi160_set_fifo_config                   0x0001b3b3   Thumb Code   128  bmi160.o(i.bmi160_set_fifo_config)
    bmi160_set_fifo_flush                    0x0001b433   Thumb Code    32  bmi160.o(i.bmi160_set_fifo_flush)
    bmi160_set_power_mode                    0x0001b453   Thumb Code   174  bmi160.o(i.bmi160_set_power_mode)
    bmi160_set_regs                          0x0001b501   Thumb Code   138  bmi160.o(i.bmi160_set_regs)
    bmi160_set_sens_conf                     0x0001b58b   Thumb Code   218  bmi160.o(i.bmi160_set_sens_conf)
    bmi160_soft_reset                        0x0001b665   Thumb Code   110  bmi160.o(i.bmi160_soft_reset)
    bmm150_aux_mag_data                      0x0001b6d3   Thumb Code   116  bmm150.o(i.bmm150_aux_mag_data)
    bmm150_aux_read                          0x0001b749   Thumb Code    20  main.o(i.bmm150_aux_read)
    bmm150_aux_write                         0x0001b761   Thumb Code    20  main.o(i.bmm150_aux_write)
    bmm150_get_regs                          0x0001b779   Thumb Code    58  bmm150.o(i.bmm150_get_regs)
    bmm150_init                              0x0001b7b3   Thumb Code    80  bmm150.o(i.bmm150_init)
    bmm150_set_op_mode                       0x0001b803   Thumb Code    68  bmm150.o(i.bmm150_set_op_mode)
    bmm150_set_presetmode                    0x0001b847   Thumb Code   106  bmm150.o(i.bmm150_set_presetmode)
    bmm150_set_regs                          0x0001b8b1   Thumb Code    50  bmm150.o(i.bmm150_set_regs)
    bsp_board_button_idx_to_pin              0x0001b8e5   Thumb Code     6  boards.o(i.bsp_board_button_idx_to_pin)
    bsp_board_led_invert                     0x0001b8f1   Thumb Code    32  boards.o(i.bsp_board_led_invert)
    bsp_board_led_off                        0x0001b915   Thumb Code    10  boards.o(i.bsp_board_led_off)
    bsp_board_led_on                         0x0001b925   Thumb Code    10  boards.o(i.bsp_board_led_on)
    bsp_board_led_state_get                  0x0001b935   Thumb Code    28  boards.o(i.bsp_board_led_state_get)
    bsp_board_leds_off                       0x0001b955   Thumb Code    18  boards.o(i.bsp_board_leds_off)
    bsp_board_leds_on                        0x0001b967   Thumb Code    18  boards.o(i.bsp_board_leds_on)
    bsp_board_pin_to_button_idx              0x0001b979   Thumb Code    30  boards.o(i.bsp_board_pin_to_button_idx)
    bsp_btn_ble_sleep_mode_prepare           0x0001b99d   Thumb Code    30  bsp_btn_ble.o(i.bsp_btn_ble_sleep_mode_prepare)
    bsp_event_to_button_action_assign        0x0001ba4d   Thumb Code    64  bsp.o(i.bsp_event_to_button_action_assign)
    bsp_indication_set                       0x0001ba91   Thumb Code    20  bsp.o(i.bsp_indication_set)
    bsp_wakeup_button_enable                 0x0001bc71   Thumb Code     6  bsp.o(i.bsp_wakeup_button_enable)
    characteristic_add                       0x0001bca1   Thumb Code   400  ble_srv_common.o(i.characteristic_add)
    check_flash_data_is_valid                0x0001bea5   Thumb Code    34  main.o(i.check_flash_data_is_valid)
    conn_handle_list_get                     0x0001c119   Thumb Code    62  ble_conn_state.o(i.conn_handle_list_get)
    drv_rtc_compare_disable                  0x0001c245   Thumb Code    20  drv_rtc.o(i.drv_rtc_compare_disable)
    drv_rtc_compare_pending                  0x0001c259   Thumb Code    14  drv_rtc.o(i.drv_rtc_compare_pending)
    drv_rtc_compare_set                      0x0001c267   Thumb Code    80  drv_rtc.o(i.drv_rtc_compare_set)
    drv_rtc_counter_get                      0x0001c2b7   Thumb Code     8  drv_rtc.o(i.drv_rtc_counter_get)
    drv_rtc_init                             0x0001c2c1   Thumb Code   114  drv_rtc.o(i.drv_rtc_init)
    drv_rtc_irq_trigger                      0x0001c339   Thumb Code    26  drv_rtc.o(i.drv_rtc_irq_trigger)
    drv_rtc_overflow_enable                  0x0001c353   Thumb Code     8  drv_rtc.o(i.drv_rtc_overflow_enable)
    drv_rtc_overflow_pending                 0x0001c35b   Thumb Code     8  drv_rtc.o(i.drv_rtc_overflow_pending)
    drv_rtc_start                            0x0001c363   Thumb Code     8  drv_rtc.o(i.drv_rtc_start)
    drv_rtc_stop                             0x0001c36b   Thumb Code     8  drv_rtc.o(i.drv_rtc_stop)
    drv_rtc_windowed_compare_set             0x0001c373   Thumb Code   222  drv_rtc.o(i.drv_rtc_windowed_compare_set)
    endian_transfer                          0x0001c451   Thumb Code    34  main.o(i.endian_transfer)
    erase_save_sensor_flash_sector           0x0001c4c1   Thumb Code    36  main.o(i.erase_save_sensor_flash_sector)
    gatt_evt_handler                         0x0001c8e1   Thumb Code    28  main.o(i.gatt_evt_handler)
    gatt_init                                0x0001c901   Thumb Code    50  main.o(i.gatt_init)
    main                                     0x0001cc1d   Thumb Code   948  main.o(i.main)
    nrf52_read_spi                           0x0001d141   Thumb Code    56  main.o(i.nrf52_read_spi)
    nrf52_write_spi                          0x0001d189   Thumb Code    52  main.o(i.nrf52_write_spi)
    nrf_atfifo_clear                         0x0001d1cd   Thumb Code    16  nrf_atfifo.o(i.nrf_atfifo_clear)
    nrf_atfifo_init                          0x0001d1dd   Thumb Code    38  nrf_atfifo.o(i.nrf_atfifo_init)
    nrf_atfifo_item_alloc                    0x0001d203   Thumb Code    22  nrf_atfifo.o(i.nrf_atfifo_item_alloc)
    nrf_atfifo_item_free                     0x0001d219   Thumb Code    22  nrf_atfifo.o(i.nrf_atfifo_item_free)
    nrf_atfifo_item_get                      0x0001d22f   Thumb Code    22  nrf_atfifo.o(i.nrf_atfifo_item_get)
    nrf_atfifo_item_put                      0x0001d245   Thumb Code    22  nrf_atfifo.o(i.nrf_atfifo_item_put)
    nrf_atflags_clear                        0x0001d25b   Thumb Code    22  nrf_atflags.o(i.nrf_atflags_clear)
    nrf_atflags_get                          0x0001d271   Thumb Code    22  nrf_atflags.o(i.nrf_atflags_get)
    nrf_atflags_set                          0x0001d287   Thumb Code    20  nrf_atflags.o(i.nrf_atflags_set)
    nrf_atomic_flag_set_fetch                0x0001d29b   Thumb Code     6  nrf_atomic.o(i.nrf_atomic_flag_set_fetch)
    nrf_atomic_u32_and                       0x0001d2a1   Thumb Code    12  nrf_atomic.o(i.nrf_atomic_u32_and)
    nrf_atomic_u32_fetch_or                  0x0001d2ad   Thumb Code    10  nrf_atomic.o(i.nrf_atomic_u32_fetch_or)
    nrf_atomic_u32_or                        0x0001d2b7   Thumb Code    12  nrf_atomic.o(i.nrf_atomic_u32_or)
    nrf_ble_gatt_att_mtu_periph_set          0x0001d2d3   Thumb Code    24  nrf_ble_gatt.o(i.nrf_ble_gatt_att_mtu_periph_set)
    nrf_ble_gatt_init                        0x0001d2eb   Thumb Code    34  nrf_ble_gatt.o(i.nrf_ble_gatt_init)
    nrf_ble_gatt_on_ble_evt                  0x0001d30d   Thumb Code   224  nrf_ble_gatt.o(i.nrf_ble_gatt_on_ble_evt)
    nrf_ble_qwr_conn_handle_assign           0x0001d3f1   Thumb Code    22  nrf_ble_qwr.o(i.nrf_ble_qwr_conn_handle_assign)
    nrf_ble_qwr_init                         0x0001d407   Thumb Code    36  nrf_ble_qwr.o(i.nrf_ble_qwr_init)
    nrf_ble_qwr_on_ble_evt                   0x0001d42b   Thumb Code   182  nrf_ble_qwr.o(i.nrf_ble_qwr_on_ble_evt)
    nrf_drv_clock_init                       0x0001d521   Thumb Code    56  nrf_drv_clock.o(i.nrf_drv_clock_init)
    nrf_drv_clock_lfclk_release              0x0001d561   Thumb Code    48  nrf_drv_clock.o(i.nrf_drv_clock_lfclk_release)
    nrf_drv_spi_init                         0x0001d595   Thumb Code    30  nrf_drv_spi.o(i.nrf_drv_spi_init)
    nrf_flash_erase                          0x0001d5d5   Thumb Code    34  nrf_flash.o(i.nrf_flash_erase)
    nrf_flash_init                           0x0001d5fd   Thumb Code    10  nrf_flash.o(i.nrf_flash_init)
    nrf_flash_read                           0x0001d611   Thumb Code    32  nrf_flash.o(i.nrf_flash_read)
    nrf_flash_write                          0x0001d645   Thumb Code    46  nrf_flash.o(i.nrf_flash_write)
    nrf_fstorage_erase                       0x0001d679   Thumb Code    78  nrf_fstorage.o(i.nrf_fstorage_erase)
    nrf_fstorage_init                        0x0001d6c7   Thumb Code    16  nrf_fstorage.o(i.nrf_fstorage_init)
    nrf_fstorage_is_busy                     0x0001d6d9   Thumb Code    70  nrf_fstorage.o(i.nrf_fstorage_is_busy)
    nrf_fstorage_read                        0x0001d729   Thumb Code    80  nrf_fstorage.o(i.nrf_fstorage_read)
    nrf_fstorage_sdh_req_handler             0x0001d779   Thumb Code    18  nrf_fstorage_sd.o(i.nrf_fstorage_sdh_req_handler)
    nrf_fstorage_sdh_state_handler           0x0001d791   Thumb Code    28  nrf_fstorage_sd.o(i.nrf_fstorage_sdh_state_handler)
    nrf_fstorage_sys_evt_handler             0x0001d7b1   Thumb Code   154  nrf_fstorage_sd.o(i.nrf_fstorage_sys_evt_handler)
    nrf_fstorage_write                       0x0001d855   Thumb Code   102  nrf_fstorage.o(i.nrf_fstorage_write)
    nrf_pwr_mgmt_init                        0x0001d9e5   Thumb Code    28  nrf_pwr_mgmt.o(i.nrf_pwr_mgmt_init)
    nrf_pwr_mgmt_run                         0x0001da0d   Thumb Code    20  nrf_pwr_mgmt.o(i.nrf_pwr_mgmt_run)
    nrf_sdh_ble_app_ram_start_get            0x0001daad   Thumb Code    16  nrf_sdh_ble.o(i.nrf_sdh_ble_app_ram_start_get)
    nrf_sdh_ble_default_cfg_set              0x0001dac1   Thumb Code   148  nrf_sdh_ble.o(i.nrf_sdh_ble_default_cfg_set)
    nrf_sdh_ble_enable                       0x0001db55   Thumb Code    14  nrf_sdh_ble.o(i.nrf_sdh_ble_enable)
    nrf_sdh_disable_request                  0x0001dc11   Thumb Code    80  nrf_sdh.o(i.nrf_sdh_disable_request)
    nrf_sdh_enable_request                   0x0001dc65   Thumb Code   102  nrf_sdh.o(i.nrf_sdh_enable_request)
    nrf_sdh_evts_poll                        0x0001dcd9   Thumb Code    32  nrf_sdh.o(i.nrf_sdh_evts_poll)
    nrf_sdh_is_enabled                       0x0001dcfd   Thumb Code     6  nrf_sdh.o(i.nrf_sdh_is_enabled)
    nrf_sdh_request_continue                 0x0001dd09   Thumb Code    22  nrf_sdh.o(i.nrf_sdh_request_continue)
    nrf_section_iter_init                    0x0001dda5   Thumb Code    10  nrf_section_iter.o(i.nrf_section_iter_init)
    nrf_section_iter_next                    0x0001ddd3   Thumb Code    32  nrf_section_iter.o(i.nrf_section_iter_next)
    nrf_sortlist_add                         0x0001ddf3   Thumb Code    34  nrf_sortlist.o(i.nrf_sortlist_add)
    nrf_sortlist_peek                        0x0001de15   Thumb Code     6  nrf_sortlist.o(i.nrf_sortlist_peek)
    nrf_sortlist_pop                         0x0001de1b   Thumb Code    14  nrf_sortlist.o(i.nrf_sortlist_pop)
    nrf_sortlist_remove                      0x0001de29   Thumb Code    30  nrf_sortlist.o(i.nrf_sortlist_remove)
    nrfx_clock_enable                        0x0001de59   Thumb Code    34  nrfx_clock.o(i.nrfx_clock_enable)
    nrfx_clock_init                          0x0001de85   Thumb Code    22  nrfx_clock.o(i.nrfx_clock_init)
    nrfx_clock_lfclk_stop                    0x0001dea1   Thumb Code    38  nrfx_clock.o(i.nrfx_clock_lfclk_stop)
    nrfx_saadc_channel_init                  0x0001def1   Thumb Code   132  nrfx_saadc.o(i.nrfx_saadc_channel_init)
    nrfx_saadc_channel_uninit                0x0001df7d   Thumb Code    62  nrfx_saadc.o(i.nrfx_saadc_channel_uninit)
    nrfx_saadc_init                          0x0001dfc1   Thumb Code   130  nrfx_saadc.o(i.nrfx_saadc_init)
    nrfx_saadc_limits_set                    0x0001e055   Thumb Code   120  nrfx_saadc.o(i.nrfx_saadc_limits_set)
    nrfx_saadc_sample_convert                0x0001e0d5   Thumb Code   182  nrfx_saadc.o(i.nrfx_saadc_sample_convert)
    nrfx_saadc_uninit                        0x0001e195   Thumb Code    94  nrfx_saadc.o(i.nrfx_saadc_uninit)
    nrfx_spi_init                            0x0001e201   Thumb Code   372  nrfx_spi.o(i.nrfx_spi_init)
    nrfx_spi_uninit                          0x0001e379   Thumb Code    90  nrfx_spi.o(i.nrfx_spi_uninit)
    nrfx_spi_xfer                            0x0001e3d9   Thumb Code    96  nrfx_spi.o(i.nrfx_spi_xfer)
    nrfx_wdt_channel_alloc                   0x0001e43d   Thumb Code    60  nrfx_wdt.o(i.nrfx_wdt_channel_alloc)
    nrfx_wdt_channel_feed                    0x0001e481   Thumb Code    14  nrfx_wdt.o(i.nrfx_wdt_channel_feed)
    nrfx_wdt_enable                          0x0001e499   Thumb Code    18  nrfx_wdt.o(i.nrfx_wdt_enable)
    nrfx_wdt_init                            0x0001e4b5   Thumb Code    76  nrfx_wdt.o(i.nrfx_wdt_init)
    queue_empty                              0x0001eb59   Thumb Code    18  sys_queue.o(i.queue_empty)
    queue_full                               0x0001eb81   Thumb Code    20  sys_queue.o(i.queue_full)
    queue_in                                 0x0001eb95   Thumb Code   122  sys_queue.o(i.queue_in)
    queue_init                               0x0001ec0f   Thumb Code    22  sys_queue.o(i.queue_init)
    queue_out                                0x0001ec25   Thumb Code    94  sys_queue.o(i.queue_out)
    saadc_callback                           0x0001ef61   Thumb Code     2  main.o(i.saadc_callback)
    saadc_init                               0x0001ef65   Thumb Code    56  main.o(i.saadc_init)
    save_sensor_data_to_ram_and_flash        0x0001efb5   Thumb Code    94  main.o(i.save_sensor_data_to_ram_and_flash)
    spi_disable                              0x0001f3f9   Thumb Code     6  main.o(i.spi_disable)
    spi_enable                               0x0001f405   Thumb Code    74  main.o(i.spi_enable)
    spi_event_handler                        0x0001f469   Thumb Code     8  main.o(i.spi_event_handler)
    usr_get_volt                             0x0001fbbd   Thumb Code    66  main.o(i.usr_get_volt)
    wdt_event_handler                        0x0001fd19   Thumb Code     2  main.o(i.wdt_event_handler)
    nrf_fstorage_sd                          0x0001fedc   Data          32  nrf_fstorage_sd.o(.constdata)
    m_ram_start                              0x0001ff74   Data           4  nrf_sdh_ble.o(.constdata)
    Region$$Table$$Base                      0x0001ffa0   Number         0  anon$$obj.o(Region$$Table)
    Region$$Table$$Limit                     0x0001ffc0   Number         0  anon$$obj.o(Region$$Table)
    sdh_ble_observers0$$Base                 0x0001ffc0   Number         0  ble_conn_state.o(sdh_ble_observers0)
    sdh_ble_observers0$$Limit                0x0001ffc8   Number         0  ble_conn_state.o(sdh_ble_observers0)
    sdh_ble_observers1$$Base                 0x0001ffc8   Number         0  main.o(sdh_ble_observers1)
    sdh_ble_observers1$$Limit                0x0001ffe8   Number         0  ble_conn_params.o(sdh_ble_observers1)
    sdh_ble_observers2$$Base                 0x0001ffe8   Number         0  main.o(sdh_ble_observers2)
    sdh_ble_observers2$$Limit                0x0001fff8   Number         0  main.o(sdh_ble_observers2)
    sdh_ble_observers3$$Base                 0x0001fff8   Number         0  main.o(sdh_ble_observers3)
    m_req_obs                                0x00020000   Data           8  nrf_fstorage_sd.o(sdh_req_observers0)
    sdh_ble_observers3$$Limit                0x00020000   Number         0  main.o(sdh_ble_observers3)
    sdh_req_observers0$$Base                 0x00020000   Number         0  nrf_fstorage_sd.o(sdh_req_observers0)
    sdh_req_observers0$$Limit                0x00020008   Number         0  nrf_fstorage_sd.o(sdh_req_observers0)
    sdh_soc_observers0$$Base                 0x00020008   Number         0  nrf_drv_clock.o(sdh_soc_observers0)
    sdh_soc_observers0$$Limit                0x00020018   Number         0  nrf_fstorage_sd.o(sdh_soc_observers0)
    sdh_stack_observers0$$Base               0x00020018   Number         0  nrf_sdh_ble.o(sdh_stack_observers0)
    sdh_stack_observers0$$Limit              0x00020028   Number         0  nrf_sdh_soc.o(sdh_stack_observers0)
    sdh_state_observers0$$Base               0x00020028   Number         0  nrf_drv_clock.o(sdh_state_observers0)
    sdh_state_observers0$$Limit              0x00020038   Number         0  nrf_fstorage_sd.o(sdh_state_observers0)
    Image$$RW_IRAM1$$Base                    0x200022c8   Number         0  anon$$obj.o ABSOLUTE
    acc_frames_req                           0x200022d5   Data           1  main.o(.data)
    gyro_frames_req                          0x200022d6   Data           1  main.o(.data)
    mag_frames_req                           0x200022d7   Data           1  main.o(.data)
    m_channel_id                             0x200022d8   Data           1  main.o(.data)
    bmi160_fifo_ready                        0x200022e2   Data           2  main.o(.data)
    rx_frame_header                          0x200022f8   Data           4  main.o(.data)
    tx_frame_header                          0x200022fc   Data           4  main.o(.data)
    bmm150                                   0x2000231c   Data          60  main.o(.data)
    SystemCoreClock                          0x2000246c   Data           4  system_nrf52805.o(.data)
    fs_data$$Base                            0x20002470   Number         0  nrf_flash.o(fs_data)
    fstorage                                 0x20002470   Data          20  nrf_flash.o(fs_data)
    fs_data$$Limit                           0x20002484   Number         0  nrf_flash.o(fs_data)
    bmi160dev                                0x20004648   Data          44  main.o(.bss)
    fifo_buff                                0x20004674   Data        1024  main.o(.bss)
    fifo_frame                               0x20004a74   Data          24  main.o(.bss)
    fifo_acc_data                            0x20004a8c   Data         120  main.o(.bss)
    fifo_gyro_data                           0x20004b04   Data         120  main.o(.bss)
    fifo_mag_data                            0x20004b7c   Data          80  main.o(.bss)
    nrf_nvic_state                           0x20004df8   Data          12  app_util_platform.o(.bss)
    __initial_sp                             0x200056c0   Data           0  arm_startup_nrf52805.o(STACK)



==============================================================================

Memory Map of the image

  Image Entry point : 0x00019201

  Load Region LR_IROM1 (Base: 0x00019000, Size: 0x000071f4, Max: 0x00017000, ABSOLUTE, COMPRESSED[0x00007088])

    Execution Region ER_IROM1 (Exec base: 0x00019000, Load base: 0x00019000, Size: 0x00007038, Max: 0x00017000, ABSOLUTE)

    Exec Addr    Load Addr    Size         Type   Attr      Idx    E Section Name        Object

    0x00019000   0x00019000   0x00000200   Data   RO         6227    RESET               arm_startup_nrf52805.o
    0x00019200   0x00019200   0x00000000   Code   RO         6272  * .ARM.Collect$$$$00000000  mc_w.l(entry.o)
    0x00019200   0x00019200   0x00000004   Code   RO         6310    .ARM.Collect$$$$00000001  mc_w.l(entry2.o)
    0x00019204   0x00019204   0x00000004   Code   RO         6313    .ARM.Collect$$$$00000004  mc_w.l(entry5.o)
    0x00019208   0x00019208   0x00000000   Code   RO         6315    .ARM.Collect$$$$00000008  mc_w.l(entry7b.o)
    0x00019208   0x00019208   0x00000000   Code   RO         6317    .ARM.Collect$$$$0000000A  mc_w.l(entry8b.o)
    0x00019208   0x00019208   0x00000008   Code   RO         6318    .ARM.Collect$$$$0000000B  mc_w.l(entry9a.o)
    0x00019210   0x00019210   0x00000004   Code   RO         6325    .ARM.Collect$$$$0000000E  mc_w.l(entry12b.o)
    0x00019214   0x00019214   0x00000000   Code   RO         6320    .ARM.Collect$$$$0000000F  mc_w.l(entry10a.o)
    0x00019214   0x00019214   0x00000000   Code   RO         6322    .ARM.Collect$$$$00000011  mc_w.l(entry11a.o)
    0x00019214   0x00019214   0x00000004   Code   RO         6311    .ARM.Collect$$$$00002712  mc_w.l(entry2.o)
    0x00019218   0x00019218   0x0000001a   Code   RO         4013    .emb_text           app_error_handler_keil.o
    0x00019232   0x00019232   0x00000002   PAD
    0x00019234   0x00019234   0x000000c8   Code   RO         4634    .emb_text           nrf_atfifo.o
    0x000192fc   0x000192fc   0x000000e2   Code   RO         4770    .emb_text           nrf_atomic.o
    0x000193de   0x000193de   0x00000002   PAD
    0x000193e0   0x000193e0   0x00000024   Code   RO         6228    .text               arm_startup_nrf52805.o
    0x00019404   0x00019404   0x00000062   Code   RO         6280    .text               mc_w.l(uldiv.o)
    0x00019466   0x00019466   0x0000001e   Code   RO         6282    .text               mc_w.l(llshl.o)
    0x00019484   0x00019484   0x00000024   Code   RO         6284    .text               mc_w.l(memcpya.o)
    0x000194a8   0x000194a8   0x00000024   Code   RO         6286    .text               mc_w.l(memseta.o)
    0x000194cc   0x000194cc   0x000000e4   Code   RO         6298    .text               mf_w.l(dmul.o)
    0x000195b0   0x000195b0   0x000000de   Code   RO         6300    .text               mf_w.l(ddiv.o)
    0x0001968e   0x0001968e   0x0000002e   Code   RO         6302    .text               mf_w.l(dscalb.o)
    0x000196bc   0x000196bc   0x00000022   Code   RO         6304    .text               mf_w.l(dflti.o)
    0x000196de   0x000196de   0x0000001a   Code   RO         6306    .text               mf_w.l(dfltui.o)
    0x000196f8   0x000196f8   0x00000032   Code   RO         6308    .text               mf_w.l(dfixui.o)
    0x0001972a   0x0001972a   0x00000020   Code   RO         6327    .text               mc_w.l(llushr.o)
    0x0001974a   0x0001974a   0x00000000   Code   RO         6329    .text               mc_w.l(iusefp.o)
    0x0001974a   0x0001974a   0x000000ba   Code   RO         6331    .text               mf_w.l(depilogue.o)
    0x00019804   0x00019804   0x00000024   Code   RO         6333    .text               mc_w.l(init.o)
    0x00019828   0x00019828   0x00000056   Code   RO         6343    .text               mc_w.l(__dczerorl2.o)
    0x0001987e   0x0001987e   0x00000002   PAD
    0x00019880   0x00019880   0x000000a4   Code   RO         3067    i.GPIOTE_IRQHandler  nrfx_gpiote.o
    0x00019924   0x00019924   0x00000050   Code   RO         2931    i.POWER_CLOCK_IRQHandler  nrfx_clock.o
    0x00019974   0x00019974   0x00000010   Code   RO         3764    i.RTC0_IRQHandler   nrfx_rtc.o
    0x00019984   0x00019984   0x00000010   Code   RO         4424    i.RTC1_IRQHandler   drv_rtc.o
    0x00019994   0x00019994   0x00000148   Code   RO         3433    i.SAADC_IRQHandler  nrfx_saadc.o
    0x00019adc   0x00019adc   0x00000044   Code   RO         3585    i.SPIM0_SPIS0_SPI0_IRQHandler  nrfx_spi.o
    0x00019b20   0x00019b20   0x00000004   Code   RO         6027    i.SWI2_IRQHandler   nrf_sdh.o
    0x00019b24   0x00019b24   0x00000178   Code   RO         6236    i.SystemInit        system_nrf52805.o
    0x00019c9c   0x00019c9c   0x00000024   Code   RO         3696    i.WDT_IRQHandler    nrfx_wdt.o
    0x00019cc0   0x00019cc0   0x0000000e   Code   RO         6337    i.__scatterload_copy  mc_w.l(handlers.o)
    0x00019cce   0x00019cce   0x00000002   Code   RO         6338    i.__scatterload_null  mc_w.l(handlers.o)
    0x00019cd0   0x00019cd0   0x0000000e   Code   RO         6339    i.__scatterload_zeroinit  mc_w.l(handlers.o)
    0x00019cde   0x00019cde   0x00000002   PAD
    0x00019ce0   0x00019ce0   0x00000024   Code   RO         6028    i.__sd_nvic_app_accessible_irq  nrf_sdh.o
    0x00019d04   0x00019d04   0x0000000c   Code   RO         5377    i.addr_is_aligned32  nrf_fstorage.o
    0x00019d10   0x00019d10   0x00000018   Code   RO         5378    i.addr_is_within_bounds  nrf_fstorage.o
    0x00019d28   0x00019d28   0x00000008   Code   RO         2030    i.adv_set_data_size_max_get  ble_advertising.o
    0x00019d30   0x00019d30   0x00000036   Code   RO         1811    i.advertising_buttons_configure  bsp_btn_ble.o
    0x00019d66   0x00019d66   0x00000002   PAD
    0x00019d68   0x00019d68   0x0000009c   Code   RO            4    i.advertising_init  main.o
    0x00019e04   0x00019e04   0x00000018   Code   RO         4035    i.app_error_fault_handler  app_error_weak.o
    0x00019e1c   0x00019e1c   0x00000064   Code   RO         3976    i.app_error_save_and_stop  app_error.o
    0x00019e80   0x00019e80   0x00000018   Code   RO            8    i.app_open_bmi160_acc  main.o
    0x00019e98   0x00019e98   0x0000007c   Code   RO            9    i.app_open_bmi160_aux  main.o
    0x00019f14   0x00019f14   0x0000003c   Code   RO           10    i.app_open_bmi160_fifo  main.o
    0x00019f50   0x00019f50   0x00000014   Code   RO           11    i.app_open_bmi160_gyro  main.o
    0x00019f64   0x00019f64   0x0000003c   Code   RO           14    i.app_timer_callback  main.o
    0x00019fa0   0x00019fa0   0x0000000c   Code   RO         4203    i.app_timer_cnt_get  app_timer2.o
    0x00019fac   0x00019fac   0x00000020   Code   RO         4204    i.app_timer_create  app_timer2.o
    0x00019fcc   0x00019fcc   0x0000005c   Code   RO         4205    i.app_timer_init    app_timer2.o
    0x0001a028   0x0001a028   0x00000054   Code   RO         4208    i.app_timer_start   app_timer2.o
    0x0001a07c   0x0001a07c   0x00000044   Code   RO         4209    i.app_timer_stop    app_timer2.o
    0x0001a0c0   0x0001a0c0   0x00000048   Code   RO         4356    i.app_util_critical_region_enter  app_util_platform.o
    0x0001a108   0x0001a108   0x00000034   Code   RO         4357    i.app_util_critical_region_exit  app_util_platform.o
    0x0001a13c   0x0001a13c   0x00000048   Code   RO         2387    i.blcm_link_ctx_get  ble_link_ctx_manager.o
    0x0001a184   0x0001a184   0x00000182   Code   RO         1921    i.ble_advdata_encode  ble_advdata.o
    0x0001a306   0x0001a306   0x00000020   Code   RO         1923    i.ble_advdata_parse  ble_advdata.o
    0x0001a326   0x0001a326   0x00000046   Code   RO         1924    i.ble_advdata_search  ble_advdata.o
    0x0001a36c   0x0001a36c   0x00000006   Code   RO         2032    i.ble_advertising_conn_cfg_tag_set  ble_advertising.o
    0x0001a372   0x0001a372   0x000000f8   Code   RO         2033    i.ble_advertising_init  ble_advertising.o
    0x0001a46a   0x0001a46a   0x0000006a   Code   RO         2035    i.ble_advertising_on_ble_evt  ble_advertising.o
    0x0001a4d4   0x0001a4d4   0x00000202   Code   RO         2038    i.ble_advertising_start  ble_advertising.o
    0x0001a6d6   0x0001a6d6   0x00000002   PAD
    0x0001a6d8   0x0001a6d8   0x00000068   Code   RO         2135    i.ble_conn_params_init  ble_conn_params.o
    0x0001a740   0x0001a740   0x00000012   Code   RO         2219    i.ble_conn_state_conn_idx  ble_conn_state.o
    0x0001a752   0x0001a752   0x00000002   PAD
    0x0001a754   0x0001a754   0x00000014   Code   RO         2233    i.ble_conn_state_valid  ble_conn_state.o
    0x0001a768   0x0001a768   0x00000060   Code   RO         1927    i.ble_device_addr_encode  ble_advdata.o
    0x0001a7c8   0x0001a7c8   0x000000f8   Code   RO           16    i.ble_evt_handler   main.o
    0x0001a8c0   0x0001a8c0   0x00000070   Code   RO         1812    i.ble_evt_handler   bsp_btn_ble.o
    0x0001a930   0x0001a930   0x000000fc   Code   RO         2137    i.ble_evt_handler   ble_conn_params.o
    0x0001aa2c   0x0001aa2c   0x00000148   Code   RO         2234    i.ble_evt_handler   ble_conn_state.o
    0x0001ab74   0x0001ab74   0x00000066   Code   RO         2581    i.ble_nus_data_send  ble_nus.o
    0x0001abda   0x0001abda   0x00000002   PAD
    0x0001abdc   0x0001abdc   0x000000d4   Code   RO         2582    i.ble_nus_init      ble_nus.o
    0x0001acb0   0x0001acb0   0x00000078   Code   RO         2583    i.ble_nus_on_ble_evt  ble_nus.o
    0x0001ad28   0x0001ad28   0x0000004c   Code   RO           17    i.ble_send_data     main.o
    0x0001ad74   0x0001ad74   0x00000070   Code   RO           18    i.ble_send_packet   main.o
    0x0001ade4   0x0001ade4   0x0000008c   Code   RO           19    i.ble_send_ram_and_flash_sensor_data  main.o
    0x0001ae70   0x0001ae70   0x0000003c   Code   RO           20    i.ble_send_save_sensor_finish_event  main.o
    0x0001aeac   0x0001aeac   0x00000008   Code   RO         2416    i.ble_srv_is_notification_enabled  ble_srv_common.o
    0x0001aeb4   0x0001aeb4   0x00000044   Code   RO           21    i.ble_stack_init    main.o
    0x0001aef8   0x0001aef8   0x00000070   Code   RO          918    i.bmi160_aux_init   bmi160.o
    0x0001af68   0x0001af68   0x00000048   Code   RO          919    i.bmi160_aux_read   bmi160.o
    0x0001afb0   0x0001afb0   0x0000006c   Code   RO          920    i.bmi160_aux_write  bmi160.o
    0x0001b01c   0x0001b01c   0x00000066   Code   RO          921    i.bmi160_config_aux_mode  bmi160.o
    0x0001b082   0x0001b082   0x00000080   Code   RO          922    i.bmi160_extract_accel  bmi160.o
    0x0001b102   0x0001b102   0x000000ae   Code   RO          923    i.bmi160_extract_aux  bmi160.o
    0x0001b1b0   0x0001b1b0   0x0000007e   Code   RO          924    i.bmi160_extract_gyro  bmi160.o
    0x0001b22e   0x0001b22e   0x0000007c   Code   RO          925    i.bmi160_get_fifo_data  bmi160.o
    0x0001b2aa   0x0001b2aa   0x00000034   Code   RO          929    i.bmi160_get_regs   bmi160.o
    0x0001b2de   0x0001b2de   0x0000005c   Code   RO          932    i.bmi160_init       bmi160.o
    0x0001b33a   0x0001b33a   0x00000078   Code   RO          936    i.bmi160_set_aux_auto_mode  bmi160.o
    0x0001b3b2   0x0001b3b2   0x00000080   Code   RO          937    i.bmi160_set_fifo_config  bmi160.o
    0x0001b432   0x0001b432   0x00000020   Code   RO          939    i.bmi160_set_fifo_flush  bmi160.o
    0x0001b452   0x0001b452   0x000000ae   Code   RO          943    i.bmi160_set_power_mode  bmi160.o
    0x0001b500   0x0001b500   0x0000008a   Code   RO          944    i.bmi160_set_regs   bmi160.o
    0x0001b58a   0x0001b58a   0x000000da   Code   RO          945    i.bmi160_set_sens_conf  bmi160.o
    0x0001b664   0x0001b664   0x0000006e   Code   RO          947    i.bmi160_soft_reset  bmi160.o
    0x0001b6d2   0x0001b6d2   0x00000074   Code   RO          728    i.bmm150_aux_mag_data  bmm150.o
    0x0001b746   0x0001b746   0x00000002   PAD
    0x0001b748   0x0001b748   0x00000018   Code   RO           24    i.bmm150_aux_read   main.o
    0x0001b760   0x0001b760   0x00000018   Code   RO           25    i.bmm150_aux_write  main.o
    0x0001b778   0x0001b778   0x0000003a   Code   RO          731    i.bmm150_get_regs   bmm150.o
    0x0001b7b2   0x0001b7b2   0x00000050   Code   RO          733    i.bmm150_init       bmm150.o
    0x0001b802   0x0001b802   0x00000044   Code   RO          736    i.bmm150_set_op_mode  bmm150.o
    0x0001b846   0x0001b846   0x0000006a   Code   RO          737    i.bmm150_set_presetmode  bmm150.o
    0x0001b8b0   0x0001b8b0   0x00000032   Code   RO          738    i.bmm150_set_regs   bmm150.o
    0x0001b8e2   0x0001b8e2   0x00000002   PAD
    0x0001b8e4   0x0001b8e4   0x0000000c   Code   RO         1556    i.bsp_board_button_idx_to_pin  boards.o
    0x0001b8f0   0x0001b8f0   0x00000024   Code   RO         1560    i.bsp_board_led_invert  boards.o
    0x0001b914   0x0001b914   0x00000010   Code   RO         1561    i.bsp_board_led_off  boards.o
    0x0001b924   0x0001b924   0x00000010   Code   RO         1562    i.bsp_board_led_on  boards.o
    0x0001b934   0x0001b934   0x00000020   Code   RO         1563    i.bsp_board_led_state_get  boards.o
    0x0001b954   0x0001b954   0x00000012   Code   RO         1564    i.bsp_board_leds_off  boards.o
    0x0001b966   0x0001b966   0x00000012   Code   RO         1565    i.bsp_board_leds_on  boards.o
    0x0001b978   0x0001b978   0x00000024   Code   RO         1566    i.bsp_board_pin_to_button_idx  boards.o
    0x0001b99c   0x0001b99c   0x0000001e   Code   RO         1814    i.bsp_btn_ble_sleep_mode_prepare  bsp_btn_ble.o
    0x0001b9ba   0x0001b9ba   0x00000002   PAD
    0x0001b9bc   0x0001b9bc   0x00000090   Code   RO         1686    i.bsp_button_event_handler  bsp.o
    0x0001ba4c   0x0001ba4c   0x00000044   Code   RO         1690    i.bsp_event_to_button_action_assign  bsp.o
    0x0001ba90   0x0001ba90   0x00000018   Code   RO         1691    i.bsp_indication_set  bsp.o
    0x0001baa8   0x0001baa8   0x000001c8   Code   RO         1693    i.bsp_led_indication  bsp.o
    0x0001bc70   0x0001bc70   0x00000006   Code   RO         1695    i.bsp_wakeup_button_enable  bsp.o
    0x0001bc76   0x0001bc76   0x00000018   Code   RO           27    i.calc_checksum     main.o
    0x0001bc8e   0x0001bc8e   0x00000002   PAD
    0x0001bc90   0x0001bc90   0x00000010   Code   RO         3070    i.channel_port_get  nrfx_gpiote.o
    0x0001bca0   0x0001bca0   0x00000190   Code   RO         2418    i.characteristic_add  ble_srv_common.o
    0x0001be30   0x0001be30   0x00000074   Code   RO          950    i.check_accel_config  bmi160.o
    0x0001bea4   0x0001bea4   0x00000022   Code   RO           28    i.check_flash_data_is_valid  main.o
    0x0001bec6   0x0001bec6   0x00000022   Code   RO          951    i.check_frame_validity  bmi160.o
    0x0001bee8   0x0001bee8   0x0000006e   Code   RO          952    i.check_gyro_config  bmi160.o
    0x0001bf56   0x0001bf56   0x00000002   PAD
    0x0001bf58   0x0001bf58   0x00000028   Code   RO         2638    i.clock_clk_started_notify  nrf_drv_clock.o
    0x0001bf80   0x0001bf80   0x0000001c   Code   RO         2639    i.clock_irq_handler  nrf_drv_clock.o
    0x0001bf9c   0x0001bf9c   0x00000018   Code   RO         4211    i.compare_func      app_timer2.o
    0x0001bfb4   0x0001bfb4   0x0000007c   Code   RO          741    i.compensate_x      bmm150.o
    0x0001c030   0x0001c030   0x00000078   Code   RO          742    i.compensate_y      bmm150.o
    0x0001c0a8   0x0001c0a8   0x00000070   Code   RO          743    i.compensate_z      bmm150.o
    0x0001c118   0x0001c118   0x0000003e   Code   RO         2235    i.conn_handle_list_get  ble_conn_state.o
    0x0001c156   0x0001c156   0x00000088   Code   RO         1928    i.conn_int_encode   ble_advdata.o
    0x0001c1de   0x0001c1de   0x00000002   PAD
    0x0001c1e0   0x0001c1e0   0x0000001c   Code   RO           29    i.conn_params_error_handler  main.o
    0x0001c1fc   0x0001c1fc   0x00000048   Code   RO         2138    i.conn_params_negotiation  ble_conn_params.o
    0x0001c244   0x0001c244   0x00000014   Code   RO         4425    i.drv_rtc_compare_disable  drv_rtc.o
    0x0001c258   0x0001c258   0x0000000e   Code   RO         4428    i.drv_rtc_compare_pending  drv_rtc.o
    0x0001c266   0x0001c266   0x00000050   Code   RO         4429    i.drv_rtc_compare_set  drv_rtc.o
    0x0001c2b6   0x0001c2b6   0x00000008   Code   RO         4430    i.drv_rtc_counter_get  drv_rtc.o
    0x0001c2be   0x0001c2be   0x00000002   PAD
    0x0001c2c0   0x0001c2c0   0x00000078   Code   RO         4431    i.drv_rtc_init      drv_rtc.o
    0x0001c338   0x0001c338   0x0000001a   Code   RO         4432    i.drv_rtc_irq_trigger  drv_rtc.o
    0x0001c352   0x0001c352   0x00000008   Code   RO         4434    i.drv_rtc_overflow_enable  drv_rtc.o
    0x0001c35a   0x0001c35a   0x00000008   Code   RO         4435    i.drv_rtc_overflow_pending  drv_rtc.o
    0x0001c362   0x0001c362   0x00000008   Code   RO         4436    i.drv_rtc_start     drv_rtc.o
    0x0001c36a   0x0001c36a   0x00000008   Code   RO         4437    i.drv_rtc_stop      drv_rtc.o
    0x0001c372   0x0001c372   0x000000de   Code   RO         4442    i.drv_rtc_windowed_compare_set  drv_rtc.o
    0x0001c450   0x0001c450   0x00000022   Code   RO           30    i.endian_transfer   main.o
    0x0001c472   0x0001c472   0x00000002   PAD
    0x0001c474   0x0001c474   0x0000004c   Code   RO         5463    i.erase             nrf_fstorage_sd.o
    0x0001c4c0   0x0001c4c0   0x00000024   Code   RO           31    i.erase_save_sensor_flash_sector  main.o
    0x0001c4e4   0x0001c4e4   0x00000054   Code   RO         5464    i.event_send        nrf_fstorage_sd.o
    0x0001c538   0x0001c538   0x00000012   Code   RO         4443    i.evt_enable        drv_rtc.o
    0x0001c54a   0x0001c54a   0x00000014   Code   RO         4444    i.evt_pending       drv_rtc.o
    0x0001c55e   0x0001c55e   0x000000c8   Code   RO          962    i.extract_accel_header_mode  bmi160.o
    0x0001c626   0x0001c626   0x000000c2   Code   RO          963    i.extract_aux_header_mode  bmi160.o
    0x0001c6e8   0x0001c6e8   0x00000094   Code   RO          964    i.extract_aux_read  bmi160.o
    0x0001c77c   0x0001c77c   0x000000c2   Code   RO          965    i.extract_gyro_header_mode  bmi160.o
    0x0001c83e   0x0001c83e   0x0000000a   Code   RO         2236    i.flag_toggle       ble_conn_state.o
    0x0001c848   0x0001c848   0x00000028   Code   RO         2040    i.flags_set         ble_advertising.o
    0x0001c870   0x0001c870   0x00000002   Code   RO         1404    i.fstorage_evt_handler  nrf_flash.o
    0x0001c872   0x0001c872   0x00000002   PAD
    0x0001c874   0x0001c874   0x0000006c   Code   RO           32    i.gap_params_init   main.o
    0x0001c8e0   0x0001c8e0   0x00000020   Code   RO           33    i.gatt_evt_handler  main.o
    0x0001c900   0x0001c900   0x0000004c   Code   RO           34    i.gatt_init         main.o
    0x0001c94c   0x0001c94c   0x00000054   Code   RO          968    i.get_accel_len_to_parse  bmi160.o
    0x0001c9a0   0x0001c9a0   0x00000054   Code   RO          971    i.get_gyro_len_to_parse  bmi160.o
    0x0001c9f4   0x0001c9f4   0x00000034   Code   RO         4212    i.get_now           app_timer2.o
    0x0001ca28   0x0001ca28   0x00000078   Code   RO           35    i.idle_state_handle  main.o
    0x0001caa0   0x0001caa0   0x00000034   Code   RO         5465    i.init              nrf_fstorage_sd.o
    0x0001cad4   0x0001cad4   0x00000014   Code   RO         2139    i.instance_get      ble_conn_params.o
    0x0001cae8   0x0001cae8   0x000000a0   Code   RO         3765    i.irq_handler       nrfx_rtc.o
    0x0001cb88   0x0001cb88   0x00000010   Code   RO         5466    i.is_busy           nrf_fstorage_sd.o
    0x0001cb98   0x0001cb98   0x00000044   Code   RO         2140    i.is_conn_params_ok  ble_conn_params.o
    0x0001cbdc   0x0001cbdc   0x00000030   Code   RO         1697    i.leds_off          bsp.o
    0x0001cc0c   0x0001cc0c   0x00000010   Code   RO         2473    i.link_init         nrf_ble_gatt.o
    0x0001cc1c   0x0001cc1c   0x00000404   Code   RO           36    i.main              main.o
    0x0001d020   0x0001d020   0x00000064   Code   RO         1929    i.manuf_specific_data_encode  ble_advdata.o
    0x0001d084   0x0001d084   0x00000014   Code   RO          974    i.move_next_frame   bmi160.o
    0x0001d098   0x0001d098   0x000000a6   Code   RO         1930    i.name_encode       ble_advdata.o
    0x0001d13e   0x0001d13e   0x00000002   PAD
    0x0001d140   0x0001d140   0x00000048   Code   RO           37    i.nrf52_read_spi    main.o
    0x0001d188   0x0001d188   0x00000044   Code   RO           38    i.nrf52_write_spi   main.o
    0x0001d1cc   0x0001d1cc   0x00000010   Code   RO         4636    i.nrf_atfifo_clear  nrf_atfifo.o
    0x0001d1dc   0x0001d1dc   0x00000026   Code   RO         4638    i.nrf_atfifo_init   nrf_atfifo.o
    0x0001d202   0x0001d202   0x00000016   Code   RO         4639    i.nrf_atfifo_item_alloc  nrf_atfifo.o
    0x0001d218   0x0001d218   0x00000016   Code   RO         4640    i.nrf_atfifo_item_free  nrf_atfifo.o
    0x0001d22e   0x0001d22e   0x00000016   Code   RO         4641    i.nrf_atfifo_item_get  nrf_atfifo.o
    0x0001d244   0x0001d244   0x00000016   Code   RO         4642    i.nrf_atfifo_item_put  nrf_atfifo.o
    0x0001d25a   0x0001d25a   0x00000016   Code   RO         4704    i.nrf_atflags_clear  nrf_atflags.o
    0x0001d270   0x0001d270   0x00000016   Code   RO         4709    i.nrf_atflags_get   nrf_atflags.o
    0x0001d286   0x0001d286   0x00000014   Code   RO         4711    i.nrf_atflags_set   nrf_atflags.o
    0x0001d29a   0x0001d29a   0x00000006   Code   RO         4774    i.nrf_atomic_flag_set_fetch  nrf_atomic.o
    0x0001d2a0   0x0001d2a0   0x0000000c   Code   RO         4776    i.nrf_atomic_u32_and  nrf_atomic.o
    0x0001d2ac   0x0001d2ac   0x0000000a   Code   RO         4780    i.nrf_atomic_u32_fetch_or  nrf_atomic.o
    0x0001d2b6   0x0001d2b6   0x0000000c   Code   RO         4785    i.nrf_atomic_u32_or  nrf_atomic.o
    0x0001d2c2   0x0001d2c2   0x00000010   Code   RO         3071    i.nrf_bitmask_bit_is_set  nrfx_gpiote.o
    0x0001d2d2   0x0001d2d2   0x00000018   Code   RO         2475    i.nrf_ble_gatt_att_mtu_periph_set  nrf_ble_gatt.o
    0x0001d2ea   0x0001d2ea   0x00000022   Code   RO         2477    i.nrf_ble_gatt_init  nrf_ble_gatt.o
    0x0001d30c   0x0001d30c   0x000000e4   Code   RO         2478    i.nrf_ble_gatt_on_ble_evt  nrf_ble_gatt.o
    0x0001d3f0   0x0001d3f0   0x00000016   Code   RO         2537    i.nrf_ble_qwr_conn_handle_assign  nrf_ble_qwr.o
    0x0001d406   0x0001d406   0x00000024   Code   RO         2538    i.nrf_ble_qwr_init  nrf_ble_qwr.o
    0x0001d42a   0x0001d42a   0x000000b6   Code   RO         2539    i.nrf_ble_qwr_on_ble_evt  nrf_ble_qwr.o
    0x0001d4e0   0x0001d4e0   0x0000000e   Code   RO         2932    i.nrf_clock_event_check  nrfx_clock.o
    0x0001d4ee   0x0001d4ee   0x00000010   Code   RO         2933    i.nrf_clock_event_clear  nrfx_clock.o
    0x0001d4fe   0x0001d4fe   0x00000002   PAD
    0x0001d500   0x0001d500   0x00000020   Code   RO           39    i.nrf_delay_ms      main.o
    0x0001d520   0x0001d520   0x00000040   Code   RO         2646    i.nrf_drv_clock_init  nrf_drv_clock.o
    0x0001d560   0x0001d560   0x00000034   Code   RO         2650    i.nrf_drv_clock_lfclk_release  nrf_drv_clock.o
    0x0001d594   0x0001d594   0x00000028   Code   RO         3387    i.nrf_drv_spi_init  nrf_drv_spi.o
    0x0001d5bc   0x0001d5bc   0x00000016   Code   RO           40    i.nrf_drv_spi_transfer  main.o
    0x0001d5d2   0x0001d5d2   0x00000002   PAD
    0x0001d5d4   0x0001d5d4   0x00000028   Code   RO         1405    i.nrf_flash_erase   nrf_flash.o
    0x0001d5fc   0x0001d5fc   0x00000014   Code   RO         1406    i.nrf_flash_init    nrf_flash.o
    0x0001d610   0x0001d610   0x00000024   Code   RO         1407    i.nrf_flash_read    nrf_flash.o
    0x0001d634   0x0001d634   0x00000010   Code   RO         1408    i.nrf_flash_wait_ready  nrf_flash.o
    0x0001d644   0x0001d644   0x00000034   Code   RO         1409    i.nrf_flash_write   nrf_flash.o
    0x0001d678   0x0001d678   0x0000004e   Code   RO         5379    i.nrf_fstorage_erase  nrf_fstorage.o
    0x0001d6c6   0x0001d6c6   0x00000010   Code   RO         5380    i.nrf_fstorage_init  nrf_fstorage.o
    0x0001d6d6   0x0001d6d6   0x00000002   PAD
    0x0001d6d8   0x0001d6d8   0x00000050   Code   RO         5381    i.nrf_fstorage_is_busy  nrf_fstorage.o
    0x0001d728   0x0001d728   0x00000050   Code   RO         5382    i.nrf_fstorage_read  nrf_fstorage.o
    0x0001d778   0x0001d778   0x00000018   Code   RO         5467    i.nrf_fstorage_sdh_req_handler  nrf_fstorage_sd.o
    0x0001d790   0x0001d790   0x00000020   Code   RO         5468    i.nrf_fstorage_sdh_state_handler  nrf_fstorage_sd.o
    0x0001d7b0   0x0001d7b0   0x000000a4   Code   RO         5469    i.nrf_fstorage_sys_evt_handler  nrf_fstorage_sd.o
    0x0001d854   0x0001d854   0x00000066   Code   RO         5386    i.nrf_fstorage_write  nrf_fstorage.o
    0x0001d8ba   0x0001d8ba   0x00000024   Code   RO           41    i.nrf_gpio_cfg      main.o
    0x0001d8de   0x0001d8de   0x00000024   Code   RO         3586    i.nrf_gpio_cfg      nrfx_spi.o
    0x0001d902   0x0001d902   0x00000012   Code   RO           42    i.nrf_gpio_cfg_default  main.o
    0x0001d914   0x0001d914   0x00000014   Code   RO           43    i.nrf_gpio_cfg_output  main.o
    0x0001d928   0x0001d928   0x00000014   Code   RO         3587    i.nrf_gpio_cfg_output  nrfx_spi.o
    0x0001d93c   0x0001d93c   0x00000022   Code   RO         3074    i.nrf_gpio_cfg_sense_set  nrfx_gpiote.o
    0x0001d95e   0x0001d95e   0x00000002   PAD
    0x0001d960   0x0001d960   0x0000002c   Code   RO         3075    i.nrf_gpio_latches_read_and_clear  nrfx_gpiote.o
    0x0001d98c   0x0001d98c   0x0000000e   Code   RO           44    i.nrf_gpio_pin_set  main.o
    0x0001d99a   0x0001d99a   0x0000000e   Code   RO         3588    i.nrf_gpio_pin_set  nrfx_spi.o
    0x0001d9a8   0x0001d9a8   0x00000016   Code   RO         1569    i.nrf_gpio_pin_write  boards.o
    0x0001d9be   0x0001d9be   0x00000002   PAD
    0x0001d9c0   0x0001d9c0   0x00000014   Code   RO         3077    i.nrf_gpiote_event_clear  nrfx_gpiote.o
    0x0001d9d4   0x0001d9d4   0x00000010   Code   RO         3078    i.nrf_gpiote_event_is_set  nrfx_gpiote.o
    0x0001d9e4   0x0001d9e4   0x00000028   Code   RO         5107    i.nrf_pwr_mgmt_init  nrf_pwr_mgmt.o
    0x0001da0c   0x0001da0c   0x00000014   Code   RO         5108    i.nrf_pwr_mgmt_run  nrf_pwr_mgmt.o
    0x0001da20   0x0001da20   0x0000001c   Code   RO           45    i.nrf_qwr_error_handler  main.o
    0x0001da3c   0x0001da3c   0x0000000c   Code   RO         3766    i.nrf_rtc_event_clear  nrfx_rtc.o
    0x0001da48   0x0001da48   0x0000000c   Code   RO         4445    i.nrf_rtc_event_clear  drv_rtc.o
    0x0001da54   0x0001da54   0x00000010   Code   RO         3434    i.nrf_saadc_buffer_init  nrfx_saadc.o
    0x0001da64   0x0001da64   0x00000014   Code   RO         3435    i.nrf_saadc_channel_input_set  nrfx_saadc.o
    0x0001da78   0x0001da78   0x00000010   Code   RO         3436    i.nrf_saadc_event_check  nrfx_saadc.o
    0x0001da88   0x0001da88   0x00000014   Code   RO         3437    i.nrf_saadc_event_clear  nrfx_saadc.o
    0x0001da9c   0x0001da9c   0x00000010   Code   RO         3438    i.nrf_saadc_limit_int_get  nrfx_saadc.o
    0x0001daac   0x0001daac   0x00000014   Code   RO         6145    i.nrf_sdh_ble_app_ram_start_get  nrf_sdh_ble.o
    0x0001dac0   0x0001dac0   0x00000094   Code   RO         6146    i.nrf_sdh_ble_default_cfg_set  nrf_sdh_ble.o
    0x0001db54   0x0001db54   0x00000014   Code   RO         6147    i.nrf_sdh_ble_enable  nrf_sdh_ble.o
    0x0001db68   0x0001db68   0x000000a8   Code   RO         6148    i.nrf_sdh_ble_evts_poll  nrf_sdh_ble.o
    0x0001dc10   0x0001dc10   0x00000054   Code   RO         6029    i.nrf_sdh_disable_request  nrf_sdh.o
    0x0001dc64   0x0001dc64   0x00000074   Code   RO         6030    i.nrf_sdh_enable_request  nrf_sdh.o
    0x0001dcd8   0x0001dcd8   0x00000024   Code   RO         6031    i.nrf_sdh_evts_poll  nrf_sdh.o
    0x0001dcfc   0x0001dcfc   0x0000000c   Code   RO         6032    i.nrf_sdh_is_enabled  nrf_sdh.o
    0x0001dd08   0x0001dd08   0x0000001c   Code   RO         6034    i.nrf_sdh_request_continue  nrf_sdh.o
    0x0001dd24   0x0001dd24   0x00000080   Code   RO         6196    i.nrf_sdh_soc_evts_poll  nrf_sdh_soc.o
    0x0001dda4   0x0001dda4   0x0000000a   Code   RO         5239    i.nrf_section_iter_init  nrf_section_iter.o
    0x0001ddae   0x0001ddae   0x00000024   Code   RO         5240    i.nrf_section_iter_item_set  nrf_section_iter.o
    0x0001ddd2   0x0001ddd2   0x00000020   Code   RO         5241    i.nrf_section_iter_next  nrf_section_iter.o
    0x0001ddf2   0x0001ddf2   0x00000022   Code   RO         5274    i.nrf_sortlist_add  nrf_sortlist.o
    0x0001de14   0x0001de14   0x00000006   Code   RO         5276    i.nrf_sortlist_peek  nrf_sortlist.o
    0x0001de1a   0x0001de1a   0x0000000e   Code   RO         5277    i.nrf_sortlist_pop  nrf_sortlist.o
    0x0001de28   0x0001de28   0x0000001e   Code   RO         5278    i.nrf_sortlist_remove  nrf_sortlist.o
    0x0001de46   0x0001de46   0x00000002   PAD
    0x0001de48   0x0001de48   0x00000010   Code   RO         2653    i.nrf_wdt_started   nrf_drv_clock.o
    0x0001de58   0x0001de58   0x0000002c   Code   RO         2938    i.nrfx_clock_enable  nrfx_clock.o
    0x0001de84   0x0001de84   0x0000001c   Code   RO         2941    i.nrfx_clock_init   nrfx_clock.o
    0x0001dea0   0x0001dea0   0x00000030   Code   RO         2944    i.nrfx_clock_lfclk_stop  nrfx_clock.o
    0x0001ded0   0x0001ded0   0x00000010   Code   RO         3439    i.nrfx_coredep_delay_us  nrfx_saadc.o
    0x0001dee0   0x0001dee0   0x00000010   Code   RO         4446    i.nrfx_coredep_delay_us  drv_rtc.o
    0x0001def0   0x0001def0   0x0000008c   Code   RO         3443    i.nrfx_saadc_channel_init  nrfx_saadc.o
    0x0001df7c   0x0001df7c   0x00000044   Code   RO         3444    i.nrfx_saadc_channel_uninit  nrfx_saadc.o
    0x0001dfc0   0x0001dfc0   0x00000094   Code   RO         3445    i.nrfx_saadc_init   nrfx_saadc.o
    0x0001e054   0x0001e054   0x00000080   Code   RO         3447    i.nrfx_saadc_limits_set  nrfx_saadc.o
    0x0001e0d4   0x0001e0d4   0x000000c0   Code   RO         3449    i.nrfx_saadc_sample_convert  nrfx_saadc.o
    0x0001e194   0x0001e194   0x0000006c   Code   RO         3451    i.nrfx_saadc_uninit  nrfx_saadc.o
    0x0001e200   0x0001e200   0x00000178   Code   RO         3590    i.nrfx_spi_init     nrfx_spi.o
    0x0001e378   0x0001e378   0x00000060   Code   RO         3591    i.nrfx_spi_uninit   nrfx_spi.o
    0x0001e3d8   0x0001e3d8   0x00000064   Code   RO         3592    i.nrfx_spi_xfer     nrfx_spi.o
    0x0001e43c   0x0001e43c   0x00000044   Code   RO         3697    i.nrfx_wdt_channel_alloc  nrfx_wdt.o
    0x0001e480   0x0001e480   0x00000018   Code   RO         3698    i.nrfx_wdt_channel_feed  nrfx_wdt.o
    0x0001e498   0x0001e498   0x0000001c   Code   RO         3699    i.nrfx_wdt_enable   nrfx_wdt.o
    0x0001e4b4   0x0001e4b4   0x00000058   Code   RO         3701    i.nrfx_wdt_init     nrfx_wdt.o
    0x0001e50c   0x0001e50c   0x00000018   Code   RO          746    i.null_ptr_check    bmm150.o
    0x0001e524   0x0001e524   0x00000018   Code   RO          975    i.null_ptr_check    bmi160.o
    0x0001e53c   0x0001e53c   0x00000388   Code   RO           46    i.nus_data_handler  main.o
    0x0001e8c4   0x0001e8c4   0x0000003c   Code   RO           47    i.on_adv_evt        main.o
    0x0001e900   0x0001e900   0x00000034   Code   RO           48    i.on_conn_params_evt  main.o
    0x0001e934   0x0001e934   0x0000006a   Code   RO         2584    i.on_connect        ble_nus.o
    0x0001e99e   0x0001e99e   0x00000084   Code   RO         2585    i.on_write          ble_nus.o
    0x0001ea22   0x0001ea22   0x00000012   Code   RO         2041    i.phy_is_valid      ble_advertising.o
    0x0001ea34   0x0001ea34   0x000000b4   Code   RO         3111    i.port_event_handle  nrfx_gpiote.o
    0x0001eae8   0x0001eae8   0x00000010   Code   RO         3112    i.port_handler_polarity_get  nrfx_gpiote.o
    0x0001eaf8   0x0001eaf8   0x00000060   Code   RO          978    i.process_under_sampling  bmi160.o
    0x0001eb58   0x0001eb58   0x00000012   Code   RO         1360    i.queue_empty       sys_queue.o
    0x0001eb6a   0x0001eb6a   0x00000002   PAD
    0x0001eb6c   0x0001eb6c   0x00000014   Code   RO         5470    i.queue_free        nrf_fstorage_sd.o
    0x0001eb80   0x0001eb80   0x00000014   Code   RO         1361    i.queue_full        sys_queue.o
    0x0001eb94   0x0001eb94   0x0000007a   Code   RO         1362    i.queue_in          sys_queue.o
    0x0001ec0e   0x0001ec0e   0x00000016   Code   RO         1363    i.queue_init        sys_queue.o
    0x0001ec24   0x0001ec24   0x0000005e   Code   RO         1364    i.queue_out         sys_queue.o
    0x0001ec82   0x0001ec82   0x00000002   PAD
    0x0001ec84   0x0001ec84   0x000000a0   Code   RO         5471    i.queue_process     nrf_fstorage_sd.o
    0x0001ed24   0x0001ed24   0x00000024   Code   RO         5472    i.queue_start       nrf_fstorage_sd.o
    0x0001ed48   0x0001ed48   0x0000000e   Code   RO         5473    i.read              nrf_fstorage_sd.o
    0x0001ed56   0x0001ed56   0x000000b2   Code   RO          750    i.read_trim_registers  bmm150.o
    0x0001ee08   0x0001ee08   0x00000004   Code   RO         5474    i.rmap              nrf_fstorage_sd.o
    0x0001ee0c   0x0001ee0c   0x0000005c   Code   RO         4213    i.rtc_irq           app_timer2.o
    0x0001ee68   0x0001ee68   0x0000006c   Code   RO         4214    i.rtc_schedule      app_timer2.o
    0x0001eed4   0x0001eed4   0x0000008c   Code   RO         4215    i.rtc_update        app_timer2.o
    0x0001ef60   0x0001ef60   0x00000002   Code   RO           51    i.saadc_callback    main.o
    0x0001ef62   0x0001ef62   0x00000002   PAD
    0x0001ef64   0x0001ef64   0x00000050   Code   RO           52    i.saadc_init        main.o
    0x0001efb4   0x0001efb4   0x00000068   Code   RO           53    i.save_sensor_data_to_ram_and_flash  main.o
    0x0001f01c   0x0001f01c   0x00000050   Code   RO         2654    i.sd_state_evt_handler  nrf_drv_clock.o
    0x0001f06c   0x0001f06c   0x00000030   Code   RO         6037    i.sdh_request_observer_notify  nrf_sdh.o
    0x0001f09c   0x0001f09c   0x0000002c   Code   RO         6038    i.sdh_state_observer_notify  nrf_sdh.o
    0x0001f0c8   0x0001f0c8   0x00000010   Code   RO         2141    i.send_error_evt    ble_conn_params.o
    0x0001f0d8   0x0001f0d8   0x00000088   Code   RO         1931    i.service_data_encode  ble_advdata.o
    0x0001f160   0x0001f160   0x0000003a   Code   RO          753    i.set_odr           bmm150.o
    0x0001f19a   0x0001f19a   0x00000022   Code   RO          754    i.set_odr_xyz_rep   bmm150.o
    0x0001f1bc   0x0001f1bc   0x00000048   Code   RO          755    i.set_power_control_bit  bmm150.o
    0x0001f204   0x0001f204   0x00000030   Code   RO         2420    i.set_security_req  ble_srv_common.o
    0x0001f234   0x0001f234   0x00000022   Code   RO          756    i.set_xy_rep        bmm150.o
    0x0001f256   0x0001f256   0x00000022   Code   RO          757    i.set_z_rep         bmm150.o
    0x0001f278   0x0001f278   0x0000004c   Code   RO           54    i.sleep_mode_enter  main.o
    0x0001f2c4   0x0001f2c4   0x00000018   Code   RO         2655    i.soc_evt_handler   nrf_drv_clock.o
    0x0001f2dc   0x0001f2dc   0x00000078   Code   RO         6039    i.softdevice_evt_irq_disable  nrf_sdh.o
    0x0001f354   0x0001f354   0x00000098   Code   RO         6040    i.softdevices_evt_irq_enable  nrf_sdh.o
    0x0001f3ec   0x0001f3ec   0x0000000c   Code   RO         4216    i.sortlist_pop      app_timer2.o
    0x0001f3f8   0x0001f3f8   0x0000000c   Code   RO           55    i.spi_disable       main.o
    0x0001f404   0x0001f404   0x00000064   Code   RO           56    i.spi_enable        main.o
    0x0001f468   0x0001f468   0x0000000c   Code   RO           57    i.spi_event_handler  main.o
    0x0001f474   0x0001f474   0x00000038   Code   RO         3388    i.spi_evt_handler   nrf_drv_spi.o
    0x0001f4ac   0x0001f4ac   0x0000007e   Code   RO         3593    i.spi_xfer          nrfx_spi.o
    0x0001f52a   0x0001f52a   0x00000026   Code   RO          758    i.suspend_to_sleep_mode  bmm150.o
    0x0001f550   0x0001f550   0x00000098   Code   RO         4217    i.timer_expire      app_timer2.o
    0x0001f5e8   0x0001f5e8   0x00000080   Code   RO         4218    i.timer_req_process  app_timer2.o
    0x0001f668   0x0001f668   0x00000038   Code   RO         4219    i.timer_req_schedule  app_timer2.o
    0x0001f6a0   0x0001f6a0   0x00000064   Code   RO         3594    i.transfer_byte     nrfx_spi.o
    0x0001f704   0x0001f704   0x0000000a   Code   RO         1932    i.uint16_encode     ble_advdata.o
    0x0001f70e   0x0001f70e   0x00000002   PAD
    0x0001f710   0x0001f710   0x00000020   Code   RO         5475    i.uninit            nrf_fstorage_sd.o
    0x0001f730   0x0001f730   0x00000042   Code   RO          989    i.unpack_accel_data  bmi160.o
    0x0001f772   0x0001f772   0x00000102   Code   RO          990    i.unpack_accel_frame  bmi160.o
    0x0001f874   0x0001f874   0x0000005e   Code   RO          991    i.unpack_aux_data   bmi160.o
    0x0001f8d2   0x0001f8d2   0x000000c2   Code   RO          992    i.unpack_aux_frame  bmi160.o
    0x0001f994   0x0001f994   0x00000042   Code   RO          993    i.unpack_gyro_data  bmi160.o
    0x0001f9d6   0x0001f9d6   0x000000fa   Code   RO          994    i.unpack_gyro_frame  bmi160.o
    0x0001fad0   0x0001fad0   0x0000002a   Code   RO          995    i.unpack_sensortime_frame  bmi160.o
    0x0001fafa   0x0001fafa   0x0000001c   Code   RO          996    i.unpack_skipped_frame  bmi160.o
    0x0001fb16   0x0001fb16   0x00000002   PAD
    0x0001fb18   0x0001fb18   0x00000068   Code   RO         2142    i.update_timeout_handler  ble_conn_params.o
    0x0001fb80   0x0001fb80   0x00000018   Code   RO         2042    i.use_whitelist     ble_advertising.o
    0x0001fb98   0x0001fb98   0x00000024   Code   RO         2540    i.user_mem_reply    nrf_ble_qwr.o
    0x0001fbbc   0x0001fbbc   0x00000054   Code   RO           60    i.usr_get_volt      main.o
    0x0001fc10   0x0001fc10   0x00000030   Code   RO         1933    i.uuid_list_encode  ble_advdata.o
    0x0001fc40   0x0001fc40   0x0000009e   Code   RO         1934    i.uuid_list_sized_encode  ble_advdata.o
    0x0001fcde   0x0001fcde   0x0000003a   Code   RO         1699    i.wakeup_button_cfg  bsp.o
    0x0001fd18   0x0001fd18   0x00000002   Code   RO           61    i.wdt_event_handler  main.o
    0x0001fd1a   0x0001fd1a   0x00000004   Code   RO         5476    i.wmap              nrf_fstorage_sd.o
    0x0001fd1e   0x0001fd1e   0x00000002   PAD
    0x0001fd20   0x0001fd20   0x00000050   Code   RO         5477    i.write             nrf_fstorage_sd.o
    0x0001fd70   0x0001fd70   0x0000003a   Code   RO          759    i.write_op_mode     bmm150.o
    0x0001fdaa   0x0001fdaa   0x00000006   PAD
    0x0001fdb0   0x0001fdb0   0x0000006c   Data   RO           66    .constdata          main.o
    0x0001fe1c   0x0001fe1c   0x00000008   Data   RO         1570    .constdata          boards.o
    0x0001fe24   0x0001fe24   0x0000002c   Data   RO         1701    .constdata          bsp.o
    0x0001fe50   0x0001fe50   0x0000000e   Data   RO         2479    .constdata          nrf_ble_gatt.o
    0x0001fe5e   0x0001fe5e   0x00000002   PAD
    0x0001fe60   0x0001fe60   0x00000010   Data   RO         2586    .constdata          ble_nus.o
    0x0001fe70   0x0001fe70   0x00000004   Data   RO         3114    .constdata          nrfx_gpiote.o
    0x0001fe74   0x0001fe74   0x0000000c   PAD
    0x0001fe80   0x0001fe80   0x00000006   Data   RO         3453    .constdata          nrfx_saadc.o
    0x0001fe86   0x0001fe86   0x00000002   PAD
    0x0001fe88   0x0001fe88   0x00000014   Data   RO         4222    .constdata          app_timer2.o
    0x0001fe9c   0x0001fe9c   0x00000004   PAD
    0x0001fea0   0x0001fea0   0x00000006   Data   RO         4447    .constdata          drv_rtc.o
    0x0001fea6   0x0001fea6   0x00000002   PAD
    0x0001fea8   0x0001fea8   0x00000018   Data   RO         5112    .constdata          nrf_pwr_mgmt.o
    0x0001fec0   0x0001fec0   0x0000000c   Data   RO         5113    .constdata          nrf_pwr_mgmt.o
    0x0001fecc   0x0001fecc   0x00000010   Data   RO         5480    .constdata          nrf_fstorage_sd.o
    0x0001fedc   0x0001fedc   0x00000020   Data   RO         5481    .constdata          nrf_fstorage_sd.o
    0x0001fefc   0x0001fefc   0x00000010   Data   RO         6041    .constdata          nrf_sdh.o
    0x0001ff0c   0x0001ff0c   0x00000028   Data   RO         6042    .constdata          nrf_sdh.o
    0x0001ff34   0x0001ff34   0x00000010   Data   RO         6043    .constdata          nrf_sdh.o
    0x0001ff44   0x0001ff44   0x00000010   Data   RO         6044    .constdata          nrf_sdh.o
    0x0001ff54   0x0001ff54   0x00000020   Data   RO         6149    .constdata          nrf_sdh_ble.o
    0x0001ff74   0x0001ff74   0x00000010   Data   RO         6150    .constdata          nrf_sdh_ble.o
    0x0001ff84   0x0001ff84   0x00000010   Data   RO         6197    .constdata          nrf_sdh_soc.o
    0x0001ff94   0x0001ff94   0x0000000c   Data   RO         6198    .constdata          nrf_sdh_soc.o
    0x0001ffa0   0x0001ffa0   0x00000020   Data   RO         6335    Region$$Table       anon$$obj.o
    0x0001ffc0   0x0001ffc0   0x00000008   Data   RO         2240    sdh_ble_observers0  ble_conn_state.o
    0x0001ffc8   0x0001ffc8   0x00000010   Data   RO           74    sdh_ble_observers1  main.o
    0x0001ffd8   0x0001ffd8   0x00000008   Data   RO         1816    sdh_ble_observers1  bsp_btn_ble.o
    0x0001ffe0   0x0001ffe0   0x00000008   Data   RO         2145    sdh_ble_observers1  ble_conn_params.o
    0x0001ffe8   0x0001ffe8   0x00000010   Data   RO           75    sdh_ble_observers2  main.o
    0x0001fff8   0x0001fff8   0x00000008   Data   RO           76    sdh_ble_observers3  main.o
    0x00020000   0x00020000   0x00000008   Data   RO         5483    sdh_req_observers0  nrf_fstorage_sd.o
    0x00020008   0x00020008   0x00000008   Data   RO         2661    sdh_soc_observers0  nrf_drv_clock.o
    0x00020010   0x00020010   0x00000008   Data   RO         5484    sdh_soc_observers0  nrf_fstorage_sd.o
    0x00020018   0x00020018   0x00000008   Data   RO         6152    sdh_stack_observers0  nrf_sdh_ble.o
    0x00020020   0x00020020   0x00000008   Data   RO         6199    sdh_stack_observers0  nrf_sdh_soc.o
    0x00020028   0x00020028   0x00000008   Data   RO         2662    sdh_state_observers0  nrf_drv_clock.o
    0x00020030   0x00020030   0x00000008   Data   RO         5485    sdh_state_observers0  nrf_fstorage_sd.o


    Execution Region RW_IRAM1 (Exec base: 0x200022c8, Load base: 0x00020038, Size: 0x000033f8, Max: 0x00003d38, ABSOLUTE, COMPRESSED[0x00000050])

    Exec Addr    Load Addr    Size         Type   Attr      Idx    E Section Name        Object

    0x200022c8   COMPRESSED   0x00000090   Data   RW           68    .data               main.o
    0x20002358   COMPRESSED   0x00000020   Data   RW           69    .data               main.o
    0x20002378   COMPRESSED   0x00000008   Data   RW           70    .data               main.o
    0x20002380   COMPRESSED   0x00000004   Data   RW           72    .data               main.o
    0x20002384   COMPRESSED   0x00000010   Data   RW         1702    .data               bsp.o
    0x20002394   COMPRESSED   0x00000004   PAD
    0x20002398   COMPRESSED   0x00000020   Data   RW         1703    .data               bsp.o
    0x200023b8   COMPRESSED   0x00000020   Data   RW         1704    .data               bsp.o
    0x200023d8   COMPRESSED   0x00000020   Data   RW         1705    .data               bsp.o
    0x200023f8   COMPRESSED   0x00000008   Data   RW         1815    .data               bsp_btn_ble.o
    0x20002400   COMPRESSED   0x00000008   Data   RW         2144    .data               ble_conn_params.o
    0x20002408   COMPRESSED   0x00000008   Data   RW         2948    .data               nrfx_clock.o
    0x20002410   COMPRESSED   0x00000008   Data   RW         3389    .data               nrf_drv_spi.o
    0x20002418   COMPRESSED   0x00000008   Data   RW         3704    .data               nrfx_wdt.o
    0x20002420   COMPRESSED   0x00000008   Data   RW         3781    .data               nrfx_rtc.o
    0x20002428   COMPRESSED   0x00000020   Data   RW         4223    .data               app_timer2.o
    0x20002448   COMPRESSED   0x00000004   Data   RW         4224    .data               app_timer2.o
    0x2000244c   COMPRESSED   0x0000000c   Data   RW         4448    .data               drv_rtc.o
    0x20002458   COMPRESSED   0x00000008   Data   RW         5114    .data               nrf_pwr_mgmt.o
    0x20002460   COMPRESSED   0x00000008   Data   RW         5482    .data               nrf_fstorage_sd.o
    0x20002468   COMPRESSED   0x00000003   Data   RW         6045    .data               nrf_sdh.o
    0x2000246b   COMPRESSED   0x00000001   Data   RW         6151    .data               nrf_sdh_ble.o
    0x2000246c   COMPRESSED   0x00000004   Data   RW         6237    .data               system_nrf52805.o
    0x20002470   COMPRESSED   0x00000014   Data   RW         1410    fs_data             nrf_flash.o
    0x20002484        -       0x00002748   Zero   RW           62    .bss                main.o
    0x20004bcc        -       0x0000000c   Zero   RW         1700    .bss                bsp.o
    0x20004bd8        -       0x00000050   Zero   RW         2143    .bss                ble_conn_params.o
    0x20004c28        -       0x0000007c   Zero   RW         2239    .bss                ble_conn_state.o
    0x20004ca4        -       0x00000014   Zero   RW         2656    .bss                nrf_drv_clock.o
    0x20004cb8        -       0x0000005c   Zero   RW         3113    .bss                nrfx_gpiote.o
    0x20004d14        -       0x00000030   Zero   RW         3452    .bss                nrfx_saadc.o
    0x20004d44        -       0x0000002c   Zero   RW         3595    .bss                nrfx_spi.o
    0x20004d70        -       0x00000020   Zero   RW         3977    .bss                app_error.o
    0x20004d90        -       0x00000010   Zero   RW         4220    .bss                app_timer2.o
    0x20004da0        -       0x00000058   Zero   RW         4221    .bss                app_timer2.o
    0x20004df8        -       0x0000000c   Zero   RW         4362    .bss                app_util_platform.o
    0x20004e04        -       0x0000000c   Zero   RW         5111    .bss                nrf_pwr_mgmt.o
    0x20004e10        -       0x00000010   Zero   RW         5478    .bss                nrf_fstorage_sd.o
    0x20004e20        -       0x000000a0   Zero   RW         5479    .bss                nrf_fstorage_sd.o
    0x20004ec0        -       0x00000800   Zero   RW         6225    STACK               arm_startup_nrf52805.o


==============================================================================

Image component sizes


      Code (inc. data)   RO Data    RW Data    ZI Data      Debug   Object Name

       100          4          0          0         32       3398   app_error.o
        26          0          0          0          0        532   app_error_handler_keil.o
        24          4          0          0          0       4698   app_error_weak.o
      1052         90         20         36        104      16515   app_timer2.o
       124         14          0          0         12       9586   app_util_platform.o
        36          8        512          0       2048        896   arm_startup_nrf52805.o
      1338          0          0          0          0      60108   ble_advdata.o
       964          6          0          0          0      16731   ble_advertising.o
       636         44          8          8         80      12455   ble_conn_params.o
       438         70          8          0        124       7523   ble_conn_state.o
        72          0          0          0          0       2812   ble_link_ctx_manager.o
       672          6         16          0          0       8360   ble_nus.o
       456          6          0          0          0       3275   ble_srv_common.o
      4312          0          0          0          0      42022   bmi160.o
      1364         12          0          0          0      16949   bmm150.o
       206         32          8          0          0      34453   boards.o
       804         60         44        112         12      18432   bsp.o
       196          6          8          8          0       4429   bsp_btn_ble.o
       604         14          6         12          0      42865   drv_rtc.o
      4514        530        148        188      10056     260780   main.o
       342          0          0          0          0       6450   nrf_atfifo.o
        64          0          0          0          0       2852   nrf_atflags.o
       266          0          0          0          0       4844   nrf_atomic.o
       302          4         14          0          0       6384   nrf_ble_gatt.o
       276          0          0          0          0       6089   nrf_ble_qwr.o
       304         36         16          0         20      39054   nrf_drv_clock.o
        96         14          0          8          0      15527   nrf_drv_spi.o
       166         26          0         20          0     110267   nrf_flash.o
       392         10          0          0          0       7284   nrf_fstorage.o
       798         82         72          8        176      15459   nrf_fstorage_sd.o
        60         12         36          8         12       6186   nrf_pwr_mgmt.o
       680        180         88          3          0      38903   nrf_sdh.o
       356         82         56          1          0       5419   nrf_sdh_ble.o
       128         68         36          0          0       2332   nrf_sdh_soc.o
        78          0          0          0          0       2672   nrf_section_iter.o
        84          0          0          0          0       3580   nrf_sortlist.o
       230         32          0          8          0      39386   nrfx_clock.o
       506         38          4          0         92      48685   nrfx_gpiote.o
       188         12          0          8          0       8242   nrfx_rtc.o
      1216         94          6          0         48      25824   nrfx_saadc.o
       936         20          0          0         44      18580   nrfx_spi.o
       244         50          0          8          0       7916   nrfx_wdt.o
       276          0          0          0          0       3853   sys_queue.o
       376         46          0          4          0      26286   system_nrf52805.o

    ----------------------------------------------------------------------
     26364       1712       1160        444      12860    1018893   Object Totals
         0          0         32          0          0          0   (incl. Generated)
        62          0         22          4          0          0   (incl. Padding)

    ----------------------------------------------------------------------

      Code (inc. data)   RO Data    RW Data    ZI Data      Debug   Library Member Name

        86          0          0          0          0          0   __dczerorl2.o
         0          0          0          0          0          0   entry.o
         0          0          0          0          0          0   entry10a.o
         0          0          0          0          0          0   entry11a.o
         4          0          0          0          0          0   entry12b.o
         8          4          0          0          0          0   entry2.o
         4          0          0          0          0          0   entry5.o
         0          0          0          0          0          0   entry7b.o
         0          0          0          0          0          0   entry8b.o
         8          4          0          0          0          0   entry9a.o
        30          0          0          0          0          0   handlers.o
        36          8          0          0          0         68   init.o
         0          0          0          0          0          0   iusefp.o
        30          0          0          0          0         68   llshl.o
        32          0          0          0          0         68   llushr.o
        36          0          0          0          0         68   memcpya.o
        36          0          0          0          0        108   memseta.o
        98          0          0          0          0         92   uldiv.o
       222          0          0          0          0        100   ddiv.o
       186          0          0          0          0        176   depilogue.o
        50          0          0          0          0         76   dfixui.o
        34          0          0          0          0         76   dflti.o
        26          0          0          0          0         76   dfltui.o
       228          0          0          0          0         96   dmul.o
        46          0          0          0          0         80   dscalb.o

    ----------------------------------------------------------------------
      1204         16          0          0          0       1152   Library Totals
         4          0          0          0          0          0   (incl. Padding)

    ----------------------------------------------------------------------

      Code (inc. data)   RO Data    RW Data    ZI Data      Debug   Library Name

       408         16          0          0          0        472   mc_w.l
       792          0          0          0          0        680   mf_w.l

    ----------------------------------------------------------------------
      1204         16          0          0          0       1152   Library Totals

    ----------------------------------------------------------------------

==============================================================================


      Code (inc. data)   RO Data    RW Data    ZI Data      Debug   

     27568       1728       1160        444      12860    1002753   Grand Totals
     27568       1728       1160         80      12860    1002753   ELF Image Totals (compressed)
     27568       1728       1160         80          0          0   ROM Totals

==============================================================================

    Total RO  Size (Code + RO Data)                28728 (  28.05kB)
    Total RW  Size (RW Data + ZI Data)             13304 (  12.99kB)
    Total ROM Size (Code + RO Data + RW Data)      28808 (  28.13kB)

==============================================================================

