<html>
<body>
<pre>
<h1>µVision Build Log</h1>
<h2>Tool Versions:</h2>
IDE-Version: ¦ÌVision V5.34.0.0
Copyright (C) 2021 ARM Ltd and ARM Germany GmbH. All rights reserved.
License Information: yang yang, yang, LIC=FYKYW-Q2862-63JMB-2XZ37-IXFR0-XTUN5
 
Tool Versions:
Toolchain:       MDK-ARM Plus  Version: 5.34.0.0
Toolchain Path:  D:\application\keil5_34\ARM\ARMCC\Bin
C Compiler:      Armcc.exe V5.06 update 7 (build 960)
Assembler:       Armasm.exe V5.06 update 7 (build 960)
Linker/Locator:  ArmLink.exe V5.06 update 7 (build 960)
Library Manager: ArmAr.exe V5.06 update 7 (build 960)
Hex Converter:   FromElf.exe V5.06 update 7 (build 960)
CPU DLL:         SARMCM3.DLL V5.34.0.0
Dialog DLL:      DCM.DLL V1.17.3.0
Target DLL:      Segger\JL2CM3.dll V2.99.38.0
Dialog DLL:      TCM.DLL V1.48.0.0
 
<h2>Project:</h2>
D:\od_project\BLE_EarPot\FirmWare\master\earportv1_2\examples\ble_peripheral\ble_app_uart\pca10040e_nrf52805\s112\arm5_no_packs\ble_app_uart_pca10040e_nrf52805_s112.uvprojx
Project File Date:  08/12/2023

<h2>Output:</h2>
*** Using Compiler 'V5.06 update 7 (build 960)', folder: 'D:\application\keil5_34\ARM\ARMCC\Bin'
Rebuild target 'nrf52805_xxaa'
Note: source file '..\..\..\..\..\..\Middle\bmi160\bmi160.c' - object file renamed from '.\_build\bmi160.o' to '.\_build\bmi160_1.o'.
Note: source file '..\..\..\..\..\..\Middle\sys_queue\sys_queue.c' - object file renamed from '.\_build\sys_queue.o' to '.\_build\sys_queue_1.o'.
compiling utf.c...
compiling boards.c...
compiling ble_advdata.c...
compiling ble_advertising.c...
compiling ble_conn_params.c...
compiling bsp_btn_ble.c...
compiling bsp.c...
compiling main.c...
..\..\..\protocol_type.h(48): warning:  #1-D: last line of file ends without a newline
  #endif //__PROTOCOL_TYPE_H__
..\..\..\main.c(464): warning:  #177-D: variable "err_code"  was declared but never referenced
  	uint8_t err_code = 0;
..\..\..\main.c(521): warning:  #167-D: argument of type "void (*)(void)" is incompatible with parameter of type "nrfx_gpiote_evt_handler_t"
      (void)nrf_drv_gpiote_in_init(GPIO_CHARGE_STA, &config, charger_sta_detect_callback);
..\..\..\main.c(535): warning:  #167-D: argument of type "void (*)(void)" is incompatible with parameter of type "nrfx_gpiote_evt_handler_t"
      (void)nrf_drv_gpiote_in_init(GPIO_BMX160_INT, &config, bm_mcu_int2_callback);
..\..\..\main.c(1212): warning:  #177-D: variable "i"  was declared but never referenced
  	uint32_t i;
..\..\..\main.c(1215): warning:  #550-D: variable "checksum"  was set but never used
  	uint8_t checksum = 0;
..\..\..\main.c(1551): warning:  #223-D: function "hal_wdt_feed" declared implicitly
  	hal_wdt_feed();
..\..\..\main.c(1548): warning:  #177-D: variable "err_code"  was declared but never referenced
  	uint8_t err_code, volt_cnt;
..\..\..\main.c(1548): warning:  #177-D: variable "volt_cnt"  was declared but never referenced
  	uint8_t err_code, volt_cnt;
..\..\..\main.c(1549): warning:  #177-D: variable "tmp_val"  was declared but never referenced
  	uint16_t tmp_val;
..\..\..\main.c(1730): warning:  #223-D: function "hal_wdt_init" declared implicitly
  	hal_wdt_init();
..\..\..\main.c(1745): warning:  #167-D: argument of type "void (*)(void)" is incompatible with parameter of type "app_timer_timeout_handler_t"
  	err_code = app_timer_create(&app_timer, APP_TIMER_MODE_REPEATED, app_timer_callback);
..\..\..\main.c(1753): warning:  #223-D: function "saadc_init" declared implicitly
  	saadc_init();
..\..\..\main.c(1754): warning:  #223-D: function "get_adc_voltage" declared implicitly
  	g_bat_volt = get_adc_voltage();
..\..\..\main.c(1756): warning:  #223-D: function "saadc_uninit" declared implicitly
  	saadc_uninit();
..\..\..\main.c(1710): warning:  #550-D: variable "rslt"  was set but never used
  	uint8_t rslt = 0;
..\..\..\main.c(1713): warning:  #177-D: variable "i"  was declared but never referenced
  	uint8_t i;
..\..\..\main.c(1714): warning:  #177-D: variable "Err_Timeout"  was declared but never referenced
  	uint8_t Err_Timeout = 0;
..\..\..\main.c(133): warning:  #177-D: variable "g_ble_connect_changed"  was declared but never referenced
  static uint8_t g_ble_connect_changed = 0; //
..\..\..\main.c(144): warning:  #177-D: variable "g_s_sensor_data_buf"  was declared but never referenced
  static uint16_t g_s_sensor_data_buf[SENSOR_DATA_LEN/2];   
..\..\..\main.c(152): warning:  #550-D: variable "m_ble_nus_max_data_len"  was set but never used
  static uint16_t m_ble_nus_max_data_len = BLE_GATT_ATT_MTU_DEFAULT - 3; /**< Maximum length of data (in bytes) that can be transmitted to the peer by the Nordic UART service module. */
..\..\..\main.c(158): warning:  #177-D: variable "bmi160_timer"  was declared but never referenced
  APP_TIMER_DEF(bmi160_timer);
..\..\..\main.c(1012): warning:  #177-D: function "_get_mag_config_fifo"  was declared but never referenced
  static void _get_mag_config_fifo(struct bmi160_dev *hdev)
..\..\..\main.c: 23 warnings, 0 errors
compiling ble_srv_common.c...
compiling ble_link_ctx_manager.c...
compiling nrf_ble_qwr.c...
compiling nrf_ble_gatt.c...
compiling ble_nus.c...
compiling ble_conn_state.c...
compiling nrfx_prs.c...
compiling nrfx_atomic.c...
compiling nrf_drv_spi.c...
compiling nrfx_clock.c...
compiling nrf_drv_clock.c...
compiling nrfx_saadc.c...
compiling nrfx_gpiote.c...
compiling app_error.c...
compiling app_error_handler_keil.c...
compiling nrfx_spim.c...
compiling nrfx_wdt.c...
compiling nrfx_spi.c...
compiling nrfx_rtc.c...
compiling app_button.c...
compiling app_error_weak.c...
compiling app_fifo.c...
compiling app_util_platform.c...
compiling app_scheduler.c...
compiling hardfault_implementation.c...
compiling app_uart_fifo.c...
compiling nrf_assert.c...
compiling drv_rtc.c...
compiling app_timer2.c...
compiling nrf_atfifo.c...
compiling nrf_atomic.c...
compiling nrf_fprintf.c...
compiling nrf_atflags.c...
compiling nrf_fprintf_format.c...
compiling nrf_balloc.c...
compiling nrf_memobj.c...
compiling nrf_pwr_mgmt.c...
compiling retarget.c...
compiling nrf_section_iter.c...
compiling nrf_strerror.c...
compiling nrf_ringbuf.c...
compiling nrf_sortlist.c...
compiling nrf_fstorage.c...
compiling nrf_fstorage_sd.c...
compiling SEGGER_RTT.c...
compiling nrf_log_backend_serial.c...
compiling nrf_log_str_formatter.c...
compiling nrf_log_default_backends.c...
compiling SEGGER_RTT_Syscalls_KEIL.c...
compiling nrf_log_backend_rtt.c...
compiling nrf_log_frontend.c...
compiling SEGGER_RTT_printf.c...
compiling nrf_sdh_soc.c...
compiling hal_led.c...
compiling nrf_sdh.c...
compiling hal_spi.c...
compiling nrf_sdh_ble.c...
compiling nrf_flash.c...
compiling sys_plugin.c...
compiling sys_queue.c...
assembling arm_startup_nrf52805.s...
compiling bmm150.c...
compiling hal_wdt.c...
compiling bmi160.c...
compiling hal_adc.c...
compiling system_nrf52805.c...
linking...
Program Size: Code=38368 RO-data=3924 RW-data=536 ZI-data=8648  
FromELF: creating hex file...
".\_build\nrf52805_xxaa.axf" - 0 Error(s), 23 Warning(s).

<h2>Software Packages used:</h2>

Package Vendor: ARM
                http://www.keil.com/pack/ARM.CMSIS.4.5.0.pack
                ARM.CMSIS.4.5.0
                CMSIS (Cortex Microcontroller Software Interface Standard)
   * Component: CORE Version: 4.3.0

Package Vendor: NordicSemiconductor
                http://developer.nordicsemi.com/nRF5_SDK/pieces/nRF_DeviceFamilyPack/NordicSemiconductor.nRF_DeviceFamilyPack.8.27.0.pack
                NordicSemiconductor.nRF_DeviceFamilyPack.8.27.0
                Nordic Semiconductor nRF ARM devices Device Family Pack with BSD license.
   * Component: Startup Version: 8.27.0

<h2>Collection of Component include folders:</h2>
  .\RTE\_nrf52805_xxaa
  C:\Users\yang\AppData\Local\Arm\Packs\ARM\CMSIS\4.5.0\CMSIS\Include
  C:\Users\yang\AppData\Local\Arm\Packs\NordicSemiconductor\nRF_DeviceFamilyPack\8.27.0\Device\Include

<h2>Collection of Component Files used:</h2>

   * Component: ARM::CMSIS:CORE:4.3.0

   * Component: NordicSemiconductor::Device:Startup:8.27.0
      Source file:   Device\Source\arm\arm_startup_nrf52805.s
      Source file:   Device\Source\system_nrf52805.c
      Include file:  Device\Include\system_nrf52805.h
      Include file:  Device\Include\system_nrf.h
Build Time Elapsed:  00:00:21
</pre>
</body>
</html>
