Component: ARM Compiler 5.06 update 7 (build 960) Tool: armlink [4d3601]

==============================================================================

Section Cross References

    main.o(i.app_close_bmi160_acc) refers to bmi160.o(i.bmi160_set_sens_conf) for bmi160_set_sens_conf
    main.o(i.app_close_bmi160_gyro) refers to bmi160.o(i.bmi160_set_sens_conf) for bmi160_set_sens_conf
    main.o(i.app_open_bmi160_acc) refers to bmi160.o(i.bmi160_set_sens_conf) for bmi160_set_sens_conf
    main.o(i.app_open_bmi160_aux) refers to bmi160.o(i.bmi160_set_regs) for bmi160_set_regs
    main.o(i.app_open_bmi160_aux) refers to bmi160.o(i.bmi160_aux_init) for bmi160_aux_init
    main.o(i.app_open_bmi160_aux) refers to nrf_log_frontend.o(i.nrf_log_frontend_std_1) for nrf_log_frontend_std_1
    main.o(i.app_open_bmi160_aux) refers to bmm150.o(i.bmm150_init) for bmm150_init
    main.o(i.app_open_bmi160_aux) refers to bmm150.o(i.bmm150_set_presetmode) for bmm150_set_presetmode
    main.o(i.app_open_bmi160_aux) refers to bmm150.o(i.bmm150_set_op_mode) for bmm150_set_op_mode
    main.o(i.app_open_bmi160_aux) refers to bmi160.o(i.bmi160_set_aux_auto_mode) for bmi160_set_aux_auto_mode
    main.o(i.app_open_bmi160_aux) refers to nrf_log_frontend.o(log_const_data) for m_nrf_log_app_logs_data_const
    main.o(i.app_open_bmi160_aux) refers to main.o(.data) for .data
    main.o(i.app_open_bmi160_fifo) refers to bmi160.o(i.bmi160_set_fifo_config) for bmi160_set_fifo_config
    main.o(i.app_open_bmi160_fifo) refers to nrf_log_frontend.o(i.nrf_log_frontend_std_1) for nrf_log_frontend_std_1
    main.o(i.app_open_bmi160_fifo) refers to bmi160.o(i.bmi160_set_fifo_flush) for bmi160_set_fifo_flush
    main.o(i.app_open_bmi160_fifo) refers to main.o(.bss) for .bss
    main.o(i.app_open_bmi160_fifo) refers to nrf_log_frontend.o(log_const_data) for m_nrf_log_app_logs_data_const
    main.o(i.app_open_bmi160_gyro) refers to bmi160.o(i.bmi160_set_sens_conf) for bmi160_set_sens_conf
    main.o(i.app_open_bmi160_no_motion) refers to bmi160.o(i.bmi160_set_int_config) for bmi160_set_int_config
    main.o(i.app_open_bmi160_no_motion) refers to nrf_log_frontend.o(i.nrf_log_frontend_std_1) for nrf_log_frontend_std_1
    main.o(i.app_open_bmi160_no_motion) refers to nrf_log_frontend.o(log_const_data) for m_nrf_log_app_logs_data_const
    main.o(i.app_open_bmi160_tap) refers to bmi160.o(i.bmi160_set_int_config) for bmi160_set_int_config
    main.o(i.app_open_bmi160_tap) refers to nrf_log_frontend.o(i.nrf_log_frontend_std_1) for nrf_log_frontend_std_1
    main.o(i.app_open_bmi160_tap) refers to nrf_log_frontend.o(log_const_data) for m_nrf_log_app_logs_data_const
    main.o(i.app_timer_callback) refers to nrfx_wdt.o(i.nrfx_wdt_channel_feed) for nrfx_wdt_channel_feed
    main.o(i.app_timer_callback) refers to nrfx_saadc.o(i.nrfx_saadc_init) for nrfx_saadc_init
    main.o(i.app_timer_callback) refers to app_error_handler_keil.o(.emb_text) for app_error_handler
    main.o(i.app_timer_callback) refers to nrfx_saadc.o(i.nrfx_saadc_channel_init) for nrfx_saadc_channel_init
    main.o(i.app_timer_callback) refers to main.o(i.usr_get_volt) for usr_get_volt
    main.o(i.app_timer_callback) refers to nrfx_saadc.o(i.nrfx_saadc_uninit) for nrfx_saadc_uninit
    main.o(i.app_timer_callback) refers to main.o(.data) for .data
    main.o(i.app_timer_callback) refers to main.o(.constdata) for .constdata
    main.o(i.app_timer_callback) refers to main.o(i.saadc_callback) for saadc_callback
    main.o(i.app_timer_callback) refers to main.o(i.on_adv_evt) for i.on_adv_evt
    main.o(i.assert_nrf_callback) refers to app_error_handler_keil.o(.emb_text) for app_error_handler
    main.o(i.ble_evt_handler) refers to app_error_handler_keil.o(.emb_text) for app_error_handler
    main.o(i.ble_evt_handler) refers to nrf_log_frontend.o(i.nrf_log_frontend_std_0) for nrf_log_frontend_std_0
    main.o(i.ble_evt_handler) refers to bsp.o(i.bsp_indication_set) for bsp_indication_set
    main.o(i.ble_evt_handler) refers to nrf_ble_qwr.o(i.nrf_ble_qwr_conn_handle_assign) for nrf_ble_qwr_conn_handle_assign
    main.o(i.ble_evt_handler) refers to nrf_log_frontend.o(log_const_data) for m_nrf_log_app_logs_data_const
    main.o(i.ble_evt_handler) refers to main.o(.data) for .data
    main.o(i.ble_evt_handler) refers to main.o(.bss) for .bss
    main.o(i.ble_evt_handler) refers to main.o(.constdata) for .constdata
    main.o(i.ble_send_data) refers to ble_nus.o(i.ble_nus_data_send) for ble_nus_data_send
    main.o(i.ble_send_data) refers to app_error_handler_keil.o(.emb_text) for app_error_handler
    main.o(i.ble_send_data) refers to main.o(.data) for .data
    main.o(i.ble_send_data) refers to main.o(i.on_adv_evt) for i.on_adv_evt
    main.o(i.ble_send_packet) refers to memcpya.o(.text) for __aeabi_memcpy
    main.o(i.ble_send_packet) refers to main.o(i.calc_checksum) for calc_checksum
    main.o(i.ble_send_packet) refers to main.o(i.ble_send_data) for ble_send_data
[...]
    pwr_mgmt_data1$$Base                      - Undefined Reference
    pwr_mgmt_data1$$Limit                     - Undefined Reference
    pwr_mgmt_data2$$Base                      - Undefined Reference
    pwr_mgmt_data2$$Limit                     - Undefined Reference
    sdh_req_observers1$$Base                  - Undefined Reference
    sdh_req_observers1$$Limit                 - Undefined Reference
    sdh_soc_observers1$$Base                  - Undefined Reference
    sdh_soc_observers1$$Limit                 - Undefined Reference
    sdh_stack_observers1$$Base                - Undefined Reference
    sdh_stack_observers1$$Limit               - Undefined Reference
    sdh_state_observers1$$Base                - Undefined Reference
    sdh_state_observers1$$Limit               - Undefined Reference
    __Vectors_Size                           0x00000200   Number         0  arm_startup_nrf52805.o ABSOLUTE
    __Vectors                                0x00019000   Data           4  arm_startup_nrf52805.o(RESET)
    __Vectors_End                            0x00019200   Data           0  arm_startup_nrf52805.o(RESET)
    __main                                   0x00019201   Thumb Code     0  entry.o(.ARM.Collect$$$$00000000)
    _main_stk                                0x00019201   Thumb Code     0  entry2.o(.ARM.Collect$$$$00000001)
    _main_scatterload                        0x00019205   Thumb Code     0  entry5.o(.ARM.Collect$$$$00000004)
    __main_after_scatterload                 0x00019209   Thumb Code     0  entry5.o(.ARM.Collect$$$$00000004)
    _main_clock                              0x00019209   Thumb Code     0  entry7b.o(.ARM.Collect$$$$00000008)
    _main_cpp_init                           0x00019209   Thumb Code     0  entry8b.o(.ARM.Collect$$$$0000000A)
    _main_init                               0x00019209   Thumb Code     0  entry9a.o(.ARM.Collect$$$$0000000B)
    __rt_lib_shutdown_fini                   0x00019211   Thumb Code     0  entry12b.o(.ARM.Collect$$$$0000000E)
    __rt_final_cpp                           0x00019215   Thumb Code     0  entry10a.o(.ARM.Collect$$$$0000000F)
    __rt_final_exit                          0x00019215   Thumb Code     0  entry11a.o(.ARM.Collect$$$$00000011)
    app_error_handler                        0x00019219   Thumb Code    26  app_error_handler_keil.o(.emb_text)
    __asm___12_nrf_atfifo_c_51f461e1__nrf_atfifo_wspace_req 0x00019235   Thumb Code    56  nrf_atfifo.o(.emb_text)
    __asm___12_nrf_atfifo_c_51f461e1__nrf_atfifo_wspace_close 0x0001926d   Thumb Code    18  nrf_atfifo.o(.emb_text)
    __asm___12_nrf_atfifo_c_51f461e1__nrf_atfifo_rspace_req 0x0001927f   Thumb Code    58  nrf_atfifo.o(.emb_text)
    __asm___12_nrf_atfifo_c_51f461e1__nrf_atfifo_rspace_close 0x000192b9   Thumb Code    18  nrf_atfifo.o(.emb_text)
    __asm___12_nrf_atfifo_c_51f461e1__nrf_atfifo_space_clear 0x000192cb   Thumb Code    50  nrf_atfifo.o(.emb_text)
    __asm___12_nrf_atomic_c_85ca2469__nrf_atomic_internal_mov 0x000192fd   Thumb Code    24  nrf_atomic.o(.emb_text)
    __asm___12_nrf_atomic_c_85ca2469__nrf_atomic_internal_orr 0x00019315   Thumb Code    26  nrf_atomic.o(.emb_text)
    __asm___12_nrf_atomic_c_85ca2469__nrf_atomic_internal_and 0x0001932f   Thumb Code    26  nrf_atomic.o(.emb_text)
    __asm___12_nrf_atomic_c_85ca2469__nrf_atomic_internal_eor 0x00019349   Thumb Code    26  nrf_atomic.o(.emb_text)
    __asm___12_nrf_atomic_c_85ca2469__nrf_atomic_internal_add 0x00019363   Thumb Code    26  nrf_atomic.o(.emb_text)
    __asm___12_nrf_atomic_c_85ca2469__nrf_atomic_internal_sub 0x0001937d   Thumb Code    26  nrf_atomic.o(.emb_text)
    __asm___12_nrf_atomic_c_85ca2469__nrf_atomic_internal_cmp_exch 0x00019397   Thumb Code    42  nrf_atomic.o(.emb_text)
    __asm___12_nrf_atomic_c_85ca2469__nrf_atomic_internal_sub_hs 0x000193c1   Thumb Code    30  nrf_atomic.o(.emb_text)
    Reset_Handler                            0x000193e1   Thumb Code     8  arm_startup_nrf52805.o(.text)
    NMI_Handler                              0x000193e9   Thumb Code     2  arm_startup_nrf52805.o(.text)
    HardFault_Handler                        0x000193eb   Thumb Code     2  arm_startup_nrf52805.o(.text)
    MemoryManagement_Handler                 0x000193ed   Thumb Code     2  arm_startup_nrf52805.o(.text)
    BusFault_Handler                         0x000193ef   Thumb Code     2  arm_startup_nrf52805.o(.text)
    UsageFault_Handler                       0x000193f1   Thumb Code     2  arm_startup_nrf52805.o(.text)
    SVC_Handler                              0x000193f3   Thumb Code     2  arm_startup_nrf52805.o(.text)
    DebugMon_Handler                         0x000193f5   Thumb Code     2  arm_startup_nrf52805.o(.text)
    PendSV_Handler                           0x000193f7   Thumb Code     2  arm_startup_nrf52805.o(.text)
    SysTick_Handler                          0x000193f9   Thumb Code     2  arm_startup_nrf52805.o(.text)
    CCM_AAR_IRQHandler                       0x000193fb   Thumb Code     0  arm_startup_nrf52805.o(.text)
    ECB_IRQHandler                           0x000193fb   Thumb Code     0  arm_startup_nrf52805.o(.text)
    RADIO_IRQHandler                         0x000193fb   Thumb Code     0  arm_startup_nrf52805.o(.text)
    RNG_IRQHandler                           0x000193fb   Thumb Code     0  arm_startup_nrf52805.o(.text)
    SWI0_EGU0_IRQHandler                     0x000193fb   Thumb Code     0  arm_startup_nrf52805.o(.text)
    SWI1_EGU1_IRQHandler                     0x000193fb   Thumb Code     0  arm_startup_nrf52805.o(.text)
    SWI3_IRQHandler                          0x000193fb   Thumb Code     0  arm_startup_nrf52805.o(.text)
    SWI4_IRQHandler                          0x000193fb   Thumb Code     0  arm_startup_nrf52805.o(.text)
    SWI5_IRQHandler                          0x000193fb   Thumb Code     0  arm_startup_nrf52805.o(.text)
    TEMP_IRQHandler                          0x000193fb   Thumb Code     0  arm_startup_nrf52805.o(.text)
    TIMER0_IRQHandler                        0x000193fb   Thumb Code     0  arm_startup_nrf52805.o(.text)
    TIMER1_IRQHandler                        0x000193fb   Thumb Code     0  arm_startup_nrf52805.o(.text)
    TIMER2_IRQHandler                        0x000193fb   Thumb Code     0  arm_startup_nrf52805.o(.text)
    TWIM0_TWIS0_TWI0_IRQHandler              0x000193fb   Thumb Code     0  arm_startup_nrf52805.o(.text)
    UARTE0_UART0_IRQHandler                  0x000193fb   Thumb Code     0  arm_startup_nrf52805.o(.text)
    __aeabi_uldivmod                         0x00019405   Thumb Code    98  uldiv.o(.text)
    __aeabi_llsl                             0x00019467   Thumb Code    30  llshl.o(.text)
    _ll_shift_l                              0x00019467   Thumb Code     0  llshl.o(.text)
    __rt_ctype_table                         0x00019485   Thumb Code     4  ctype_o.o(.text)
    __aeabi_memcpy                           0x0001948d   Thumb Code    36  memcpya.o(.text)
    __aeabi_memcpy4                          0x0001948d   Thumb Code     0  memcpya.o(.text)
    __aeabi_memcpy8                          0x0001948d   Thumb Code     0  memcpya.o(.text)
    __aeabi_memset                           0x000194b1   Thumb Code    14  memseta.o(.text)
    __aeabi_memset4                          0x000194b1   Thumb Code     0  memseta.o(.text)
    __aeabi_memset8                          0x000194b1   Thumb Code     0  memseta.o(.text)
    __aeabi_memclr                           0x000194bf   Thumb Code     4  memseta.o(.text)
    __aeabi_memclr4                          0x000194bf   Thumb Code     0  memseta.o(.text)
    __aeabi_memclr8                          0x000194bf   Thumb Code     0  memseta.o(.text)
    _memset$wrapper                          0x000194c3   Thumb Code    18  memseta.o(.text)
    strlen                                   0x000194d5   Thumb Code    14  strlen.o(.text)
    __aeabi_dmul                             0x000194e3   Thumb Code   228  dmul.o(.text)
    __aeabi_ddiv                             0x000195c7   Thumb Code   222  ddiv.o(.text)
    __ARM_scalbn                             0x000196a5   Thumb Code    46  dscalb.o(.text)
    scalbn                                   0x000196a5   Thumb Code     0  dscalb.o(.text)
    __aeabi_i2d                              0x000196d3   Thumb Code    34  dflti.o(.text)
    __aeabi_ui2d                             0x000196f5   Thumb Code    26  dfltui.o(.text)
    __aeabi_d2uiz                            0x0001970f   Thumb Code    50  dfixui.o(.text)
    __aeabi_llsr                             0x00019741   Thumb Code    32  llushr.o(.text)
    _ll_ushift_r                             0x00019741   Thumb Code     0  llushr.o(.text)
    __I$use$fp                               0x00019761   Thumb Code     0  iusefp.o(.text)
    _double_round                            0x00019761   Thumb Code    30  depilogue.o(.text)
    _double_epilogue                         0x0001977f   Thumb Code   156  depilogue.o(.text)
    __scatterload                            0x0001981d   Thumb Code    28  init.o(.text)
    __scatterload_rt2                        0x0001981d   Thumb Code     0  init.o(.text)
    __decompress                             0x00019841   Thumb Code     0  __dczerorl2.o(.text)
    __decompress1                            0x00019841   Thumb Code    86  __dczerorl2.o(.text)
    GPIOTE_IRQHandler                        0x00019899   Thumb Code   350  nrfx_gpiote.o(i.GPIOTE_IRQHandler)
    POWER_CLOCK_IRQHandler                   0x00019a09   Thumb Code    72  nrfx_clock.o(i.POWER_CLOCK_IRQHandler)
    RTC0_IRQHandler                          0x00019a5d   Thumb Code   166  nrfx_rtc.o(i.RTC0_IRQHandler)
    RTC1_IRQHandler                          0x00019b0d   Thumb Code    10  drv_rtc.o(i.RTC1_IRQHandler)
    SAADC_IRQHandler                         0x00019b21   Thumb Code   342  nrfx_saadc.o(i.SAADC_IRQHandler)
    SEGGER_RTT_Init                          0x00019c95   Thumb Code     4  segger_rtt.o(i.SEGGER_RTT_Init)
    SEGGER_RTT_WriteNoLock                   0x00019c99   Thumb Code   214  segger_rtt.o(i.SEGGER_RTT_WriteNoLock)
    SPIM0_SPIS0_SPI0_IRQHandler              0x00019d75   Thumb Code   176  nrfx_spi.o(i.SPIM0_SPIS0_SPI0_IRQHandler)
    SWI2_IRQHandler                          0x00019e29   Thumb Code    46  nrf_sdh.o(i.SWI2_IRQHandler)
    SystemInit                               0x00019e5d   Thumb Code   308  system_nrf52805.o(i.SystemInit)
    WDT_IRQHandler                           0x0001a009   Thumb Code    32  nrfx_wdt.o(i.WDT_IRQHandler)
    __ARM_common_memclr4_7                   0x0001a0f5   Thumb Code    10  ble_advertising.o(i.__ARM_common_memclr4_7)
    __ARM_common_memcpy4_7                   0x0001a0ff   Thumb Code    18  segger_rtt.o(i.__ARM_common_memcpy4_7)
    __scatterload_copy                       0x0001a111   Thumb Code    14  handlers.o(i.__scatterload_copy)
    __scatterload_null                       0x0001a11f   Thumb Code     2  handlers.o(i.__scatterload_null)
    __scatterload_zeroinit                   0x0001a121   Thumb Code    14  handlers.o(i.__scatterload_zeroinit)
    app_error_fault_handler                  0x0001a131   Thumb Code   170  app_error_weak.o(i.app_error_fault_handler)
    app_error_save_and_stop                  0x0001a29d   Thumb Code   102  app_error.o(i.app_error_save_and_stop)
    app_open_bmi160_aux                      0x0001a309   Thumb Code   212  main.o(i.app_open_bmi160_aux)
    app_open_bmi160_fifo                     0x0001a459   Thumb Code   116  main.o(i.app_open_bmi160_fifo)
    app_timer_callback                       0x0001a565   Thumb Code   114  main.o(i.app_timer_callback)
    app_timer_create                         0x0001a5ed   Thumb Code    32  app_timer2.o(i.app_timer_create)
    app_timer_init                           0x0001a60d   Thumb Code    72  app_timer2.o(i.app_timer_init)
    app_timer_start                          0x0001a66d   Thumb Code   154  app_timer2.o(i.app_timer_start)
    app_timer_stop                           0x0001a715   Thumb Code   100  app_timer2.o(i.app_timer_stop)
    app_util_critical_region_enter           0x0001a781   Thumb Code    84  app_util_platform.o(i.app_util_critical_region_enter)
    app_util_critical_region_exit            0x0001a7dd   Thumb Code    52  app_util_platform.o(i.app_util_critical_region_exit)
    blcm_link_ctx_get                        0x0001a815   Thumb Code    82  ble_link_ctx_manager.o(i.blcm_link_ctx_get)
    ble_advdata_encode                       0x0001a869   Thumb Code   976  ble_advdata.o(i.ble_advdata_encode)
    ble_advdata_parse                        0x0001ac39   Thumb Code    32  ble_advdata.o(i.ble_advdata_parse)
    ble_advdata_search                       0x0001ac59   Thumb Code    96  ble_advdata.o(i.ble_advdata_search)
    ble_advertising_conn_cfg_tag_set         0x0001acb9   Thumb Code     6  ble_advertising.o(i.ble_advertising_conn_cfg_tag_set)
    ble_advertising_init                     0x0001acbf   Thumb Code   270  ble_advertising.o(i.ble_advertising_init)
    ble_advertising_on_ble_evt               0x0001adcd   Thumb Code   140  ble_advertising.o(i.ble_advertising_on_ble_evt)
    ble_advertising_start                    0x0001ae5d   Thumb Code   654  ble_advertising.o(i.ble_advertising_start)
    ble_conn_params_init                     0x0001b0ed   Thumb Code   108  ble_conn_params.o(i.ble_conn_params_init)
    ble_conn_state_conn_idx                  0x0001b169   Thumb Code    28  ble_conn_state.o(i.ble_conn_state_conn_idx)
    ble_nus_data_send                        0x0001b77d   Thumb Code   118  ble_nus.o(i.ble_nus_data_send)
    ble_nus_init                             0x0001b7f5   Thumb Code   238  ble_nus.o(i.ble_nus_init)
    ble_nus_on_ble_evt                       0x0001b8e9   Thumb Code   402  ble_nus.o(i.ble_nus_on_ble_evt)
    ble_send_packet                          0x0001bac1   Thumb Code   106  main.o(i.ble_send_packet)
    ble_send_ram_and_flash_sensor_data       0x0001bb35   Thumb Code   236  main.o(i.ble_send_ram_and_flash_sensor_data)
    ble_srv_is_notification_enabled          0x0001bc81   Thumb Code     8  ble_srv_common.o(i.ble_srv_is_notification_enabled)
    bmi160_aux_init                          0x0001bc89   Thumb Code   234  bmi160.o(i.bmi160_aux_init)
    bmi160_aux_read                          0x0001bd75   Thumb Code   284  bmi160.o(i.bmi160_aux_read)
    bmi160_aux_write                         0x0001be91   Thumb Code   116  bmi160.o(i.bmi160_aux_write)
    bmi160_extract_accel                     0x0001bf05   Thumb Code   942  bmi160.o(i.bmi160_extract_accel)
    bmi160_extract_aux                       0x0001c2b3   Thumb Code   972  bmi160.o(i.bmi160_extract_aux)
    bmi160_extract_gyro                      0x0001c681   Thumb Code   896  bmi160.o(i.bmi160_extract_gyro)
    bmi160_get_fifo_data                     0x0001ca01   Thumb Code   126  bmi160.o(i.bmi160_get_fifo_data)
    bmi160_get_regs                          0x0001ca7f   Thumb Code    54  bmi160.o(i.bmi160_get_regs)
    bmi160_init                              0x0001cab5   Thumb Code   226  bmi160.o(i.bmi160_init)
    bmi160_set_aux_auto_mode                 0x0001cb97   Thumb Code   224  bmi160.o(i.bmi160_set_aux_auto_mode)
    bmi160_set_fifo_config                   0x0001cc77   Thumb Code   132  bmi160.o(i.bmi160_set_fifo_config)
    bmi160_set_fifo_flush                    0x0001ccfb   Thumb Code    36  bmi160.o(i.bmi160_set_fifo_flush)
    bmi160_set_power_mode                    0x0001cd1f   Thumb Code   274  bmi160.o(i.bmi160_set_power_mode)
    bmi160_set_regs                          0x0001ce31   Thumb Code   146  bmi160.o(i.bmi160_set_regs)
    bmi160_set_sens_conf                     0x0001cec3   Thumb Code   462  bmi160.o(i.bmi160_set_sens_conf)
    bmi160_soft_reset                        0x0001d091   Thumb Code   112  bmi160.o(i.bmi160_soft_reset)
    bmm150_aux_mag_data                      0x0001d101   Thumb Code   476  bmm150.o(i.bmm150_aux_mag_data)
    bmm150_aux_read                          0x0001d2e5   Thumb Code    20  main.o(i.bmm150_aux_read)
    bmm150_aux_write                         0x0001d2fd   Thumb Code    20  main.o(i.bmm150_aux_write)
    bmm150_get_regs                          0x0001d315   Thumb Code    64  bmm150.o(i.bmm150_get_regs)
    bmm150_init                              0x0001d355   Thumb Code   314  bmm150.o(i.bmm150_init)
    bmm150_set_op_mode                       0x0001d48f   Thumb Code   288  bmm150.o(i.bmm150_set_op_mode)
    bmm150_set_presetmode                    0x0001d5af   Thumb Code   140  bmm150.o(i.bmm150_set_presetmode)
    bmm150_set_regs                          0x0001d63b   Thumb Code    58  bmm150.o(i.bmm150_set_regs)
    bsp_board_button_idx_to_pin              0x0001d675   Thumb Code     6  boards.o(i.bsp_board_button_idx_to_pin)
    bsp_board_led_invert                     0x0001d681   Thumb Code    34  boards.o(i.bsp_board_led_invert)
    bsp_board_led_off                        0x0001d6a9   Thumb Code    20  boards.o(i.bsp_board_led_off)
    bsp_board_led_on                         0x0001d6c1   Thumb Code    20  boards.o(i.bsp_board_led_on)
    bsp_board_led_state_get                  0x0001d6d9   Thumb Code    30  boards.o(i.bsp_board_led_state_get)
    bsp_board_leds_off                       0x0001d6fd   Thumb Code    30  boards.o(i.bsp_board_leds_off)
    bsp_board_leds_on                        0x0001d721   Thumb Code    30  boards.o(i.bsp_board_leds_on)
    bsp_board_pin_to_button_idx              0x0001d745   Thumb Code    38  boards.o(i.bsp_board_pin_to_button_idx)
    bsp_btn_ble_sleep_mode_prepare           0x0001d76b   Thumb Code    34  bsp_btn_ble.o(i.bsp_btn_ble_sleep_mode_prepare)
    bsp_event_to_button_action_assign        0x0001d82d   Thumb Code    74  bsp.o(i.bsp_event_to_button_action_assign)
    bsp_indication_set                       0x0001d87d   Thumb Code    22  bsp.o(i.bsp_indication_set)
    bsp_wakeup_button_enable                 0x0001db55   Thumb Code    50  bsp.o(i.bsp_wakeup_button_enable)
    characteristic_add                       0x0001dd13   Thumb Code   410  ble_srv_common.o(i.characteristic_add)
    conn_handle_list_get                     0x0001df0f   Thumb Code    82  ble_conn_state.o(i.conn_handle_list_get)
    drv_rtc_compare_disable                  0x0001df7d   Thumb Code    22  drv_rtc.o(i.drv_rtc_compare_disable)
    drv_rtc_compare_pending                  0x0001df93   Thumb Code    38  drv_rtc.o(i.drv_rtc_compare_pending)
    drv_rtc_compare_set                      0x0001dfb9   Thumb Code    76  drv_rtc.o(i.drv_rtc_compare_set)
    drv_rtc_counter_get                      0x0001e005   Thumb Code     8  drv_rtc.o(i.drv_rtc_counter_get)
    drv_rtc_init                             0x0001e00d   Thumb Code   156  drv_rtc.o(i.drv_rtc_init)
    drv_rtc_irq_trigger                      0x0001e0ed   Thumb Code    28  drv_rtc.o(i.drv_rtc_irq_trigger)
    drv_rtc_overflow_enable                  0x0001e109   Thumb Code    20  drv_rtc.o(i.drv_rtc_overflow_enable)
    drv_rtc_overflow_pending                 0x0001e11d   Thumb Code    34  drv_rtc.o(i.drv_rtc_overflow_pending)
    drv_rtc_start                            0x0001e13f   Thumb Code     8  drv_rtc.o(i.drv_rtc_start)
    drv_rtc_stop                             0x0001e147   Thumb Code     8  drv_rtc.o(i.drv_rtc_stop)
    drv_rtc_windowed_compare_set             0x0001e151   Thumb Code   252  drv_rtc.o(i.drv_rtc_windowed_compare_set)
    gatt_evt_handler                         0x0001e369   Thumb Code    54  main.o(i.gatt_evt_handler)
    log_pending_hook                         0x0001e42d   Thumb Code     2  nrf_log_frontend.o(i.log_pending_hook)
    main                                     0x0001e431   Thumb Code  1880  main.o(i.main)
    nrf52_read_spi                           0x0001ebc5   Thumb Code    80  main.o(i.nrf52_read_spi)
    nrf52_write_spi                          0x0001ec25   Thumb Code    72  main.o(i.nrf52_write_spi)
    nrf_atfifo_clear                         0x0001ec79   Thumb Code    16  nrf_atfifo.o(i.nrf_atfifo_clear)
    nrf_atfifo_init                          0x0001ec89   Thumb Code    42  nrf_atfifo.o(i.nrf_atfifo_init)
    nrf_atfifo_item_alloc                    0x0001ecb3   Thumb Code    24  nrf_atfifo.o(i.nrf_atfifo_item_alloc)
    nrf_atfifo_item_free                     0x0001eccb   Thumb Code    22  nrf_atfifo.o(i.nrf_atfifo_item_free)
    nrf_atfifo_item_get                      0x0001ece1   Thumb Code    24  nrf_atfifo.o(i.nrf_atfifo_item_get)
    nrf_atfifo_item_put                      0x0001ecf9   Thumb Code    22  nrf_atfifo.o(i.nrf_atfifo_item_put)
    nrf_atflags_clear                        0x0001ed0f   Thumb Code    24  nrf_atflags.o(i.nrf_atflags_clear)
    nrf_atflags_get                          0x0001ed27   Thumb Code    24  nrf_atflags.o(i.nrf_atflags_get)
    nrf_atflags_set                          0x0001ed3f   Thumb Code    22  nrf_atflags.o(i.nrf_atflags_set)
    nrf_atomic_flag_clear_fetch              0x0001ed55   Thumb Code    12  nrf_atomic.o(i.nrf_atomic_flag_clear_fetch)
    nrf_atomic_flag_set                      0x0001ed61   Thumb Code    14  nrf_atomic.o(i.nrf_atomic_flag_set)
    nrf_atomic_flag_set_fetch                0x0001ed6f   Thumb Code    12  nrf_atomic.o(i.nrf_atomic_flag_set_fetch)
    nrf_atomic_u32_add                       0x0001ed7b   Thumb Code    12  nrf_atomic.o(i.nrf_atomic_u32_add)
    nrf_atomic_u32_and                       0x0001ed87   Thumb Code    12  nrf_atomic.o(i.nrf_atomic_u32_and)
    nrf_atomic_u32_fetch_store               0x0001ed93   Thumb Code    10  nrf_atomic.o(i.nrf_atomic_u32_fetch_store)
    nrf_atomic_u32_or                        0x0001ed9d   Thumb Code    12  nrf_atomic.o(i.nrf_atomic_u32_or)
    nrf_atomic_u32_sub                       0x0001eda9   Thumb Code    12  nrf_atomic.o(i.nrf_atomic_u32_sub)
    nrf_balloc_alloc                         0x0001edb5   Thumb Code    68  nrf_balloc.o(i.nrf_balloc_alloc)
    nrf_balloc_free                          0x0001edf9   Thumb Code    48  nrf_balloc.o(i.nrf_balloc_free)
    nrf_balloc_init                          0x0001ee29   Thumb Code    56  nrf_balloc.o(i.nrf_balloc_init)
    nrf_ble_gatt_att_mtu_periph_set          0x0001ee61   Thumb Code    24  nrf_ble_gatt.o(i.nrf_ble_gatt_att_mtu_periph_set)
    nrf_ble_gatt_init                        0x0001ee79   Thumb Code    36  nrf_ble_gatt.o(i.nrf_ble_gatt_init)
    nrf_ble_gatt_on_ble_evt                  0x0001ee9d   Thumb Code   390  nrf_ble_gatt.o(i.nrf_ble_gatt_on_ble_evt)
    nrf_ble_qwr_conn_handle_assign           0x0001f151   Thumb Code    22  nrf_ble_qwr.o(i.nrf_ble_qwr_conn_handle_assign)
    nrf_ble_qwr_init                         0x0001f167   Thumb Code    38  nrf_ble_qwr.o(i.nrf_ble_qwr_init)
    nrf_ble_qwr_on_ble_evt                   0x0001f18d   Thumb Code   260  nrf_ble_qwr.o(i.nrf_ble_qwr_on_ble_evt)
    nrf_drv_spi_init                         0x0001f2b1   Thumb Code    32  nrf_drv_spi.o(i.nrf_drv_spi_init)
    nrf_flash_erase                          0x0001f2d9   Thumb Code    64  nrf_flash.o(i.nrf_flash_erase)
    nrf_flash_init                           0x0001f341   Thumb Code   118  nrf_flash.o(i.nrf_flash_init)
    nrf_flash_read                           0x0001f449   Thumb Code    60  nrf_flash.o(i.nrf_flash_read)
    nrf_flash_write                          0x0001f4ad   Thumb Code    78  nrf_flash.o(i.nrf_flash_write)
    nrf_fprintf                              0x0001f525   Thumb Code    32  nrf_fprintf.o(i.nrf_fprintf)
    nrf_fprintf_buffer_flush                 0x0001f545   Thumb Code    26  nrf_fprintf.o(i.nrf_fprintf_buffer_flush)
    nrf_fprintf_fmt                          0x0001f561   Thumb Code  1076  nrf_fprintf_format.o(i.nrf_fprintf_fmt)
    nrf_fstorage_erase                       0x0001f999   Thumb Code   178  nrf_fstorage.o(i.nrf_fstorage_erase)
    nrf_fstorage_init                        0x0001fac9   Thumb Code    86  nrf_fstorage.o(i.nrf_fstorage_init)
    nrf_fstorage_is_busy                     0x0001fb69   Thumb Code    76  nrf_fstorage.o(i.nrf_fstorage_is_busy)
    nrf_fstorage_read                        0x0001fbc1   Thumb Code   192  nrf_fstorage.o(i.nrf_fstorage_read)
    nrf_fstorage_sdh_req_handler             0x0001fd19   Thumb Code    18  nrf_fstorage_sd.o(i.nrf_fstorage_sdh_req_handler)
    nrf_fstorage_sdh_state_handler           0x0001fd31   Thumb Code    30  nrf_fstorage_sd.o(i.nrf_fstorage_sdh_state_handler)
    nrf_fstorage_sys_evt_handler             0x0001fd55   Thumb Code   238  nrf_fstorage_sd.o(i.nrf_fstorage_sys_evt_handler)
    nrf_fstorage_write                       0x0001fe55   Thumb Code   266  nrf_fstorage.o(i.nrf_fstorage_write)
    nrf_log_backend_add                      0x00020049   Thumb Code   100  nrf_log_frontend.o(i.nrf_log_backend_add)
    nrf_log_backend_rtt_init                 0x000200b3   Thumb Code     4  nrf_log_backend_rtt.o(i.nrf_log_backend_rtt_init)
    nrf_log_backend_serial_put               0x000200d1   Thumb Code   196  nrf_log_backend_serial.o(i.nrf_log_backend_serial_put)
    nrf_log_color_id_get                     0x00020195   Thumb Code    40  nrf_log_frontend.o(i.nrf_log_color_id_get)
    nrf_log_default_backends_init            0x000201c1   Thumb Code    22  nrf_log_default_backends.o(i.nrf_log_default_backends_init)
    nrf_log_frontend_dequeue                 0x000201e1   Thumb Code   594  nrf_log_frontend.o(i.nrf_log_frontend_dequeue)
    nrf_log_frontend_std_0                   0x0002045d   Thumb Code     8  nrf_log_frontend.o(i.nrf_log_frontend_std_0)
    nrf_log_frontend_std_1                   0x00020465   Thumb Code    14  nrf_log_frontend.o(i.nrf_log_frontend_std_1)
    nrf_log_frontend_std_2                   0x00020473   Thumb Code    20  nrf_log_frontend.o(i.nrf_log_frontend_std_2)
    nrf_log_frontend_std_3                   0x00020487   Thumb Code    28  nrf_log_frontend.o(i.nrf_log_frontend_std_3)
    nrf_log_frontend_std_5                   0x000204a3   Thumb Code    28  nrf_log_frontend.o(i.nrf_log_frontend_std_5)
    nrf_log_hexdump_entry_process            0x000204c1   Thumb Code   256  nrf_log_str_formatter.o(i.nrf_log_hexdump_entry_process)
    nrf_log_init                             0x000205f1   Thumb Code    30  nrf_log_frontend.o(i.nrf_log_init)
    nrf_log_module_name_get                  0x0002061d   Thumb Code    54  nrf_log_frontend.o(i.nrf_log_module_name_get)
    nrf_log_panic                            0x00020661   Thumb Code    40  nrf_log_frontend.o(i.nrf_log_panic)
    nrf_log_std_entry_process                0x0002068d   Thumb Code   286  nrf_log_str_formatter.o(i.nrf_log_std_entry_process)
    nrf_memobj_alloc                         0x000207f1   Thumb Code   148  nrf_memobj.o(i.nrf_memobj_alloc)
    nrf_memobj_get                           0x00020885   Thumb Code     8  nrf_memobj.o(i.nrf_memobj_get)
    nrf_memobj_pool_init                     0x0002088d   Thumb Code     4  nrf_memobj.o(i.nrf_memobj_pool_init)
    nrf_memobj_put                           0x00020891   Thumb Code    86  nrf_memobj.o(i.nrf_memobj_put)
    nrf_memobj_read                          0x000208e7   Thumb Code   158  nrf_memobj.o(i.nrf_memobj_read)
    nrf_memobj_write                         0x00020985   Thumb Code   146  nrf_memobj.o(i.nrf_memobj_write)
    nrf_pwr_mgmt_init                        0x00020a19   Thumb Code    28  nrf_pwr_mgmt.o(i.nrf_pwr_mgmt_init)
    nrf_pwr_mgmt_run                         0x00020a41   Thumb Code    20  nrf_pwr_mgmt.o(i.nrf_pwr_mgmt_run)
    nrf_ringbuf_init                         0x00020a71   Thumb Code    28  nrf_ringbuf.o(i.nrf_ringbuf_init)
    nrf_sdh_ble_default_cfg_set              0x00020a8d   Thumb Code   270  nrf_sdh_ble.o(i.nrf_sdh_ble_default_cfg_set)
    nrf_sdh_ble_enable                       0x00020bc1   Thumb Code   168  nrf_sdh_ble.o(i.nrf_sdh_ble_enable)
    nrf_sdh_disable_request                  0x00020e81   Thumb Code   272  nrf_sdh.o(i.nrf_sdh_disable_request)
    nrf_sdh_enable_request                   0x00020fb9   Thumb Code   340  nrf_sdh.o(i.nrf_sdh_enable_request)
    nrf_sdh_is_enabled                       0x000211e1   Thumb Code     6  nrf_sdh.o(i.nrf_sdh_is_enabled)
    nrf_sdh_request_continue                 0x000211ed   Thumb Code    24  nrf_sdh.o(i.nrf_sdh_request_continue)
    nrf_section_iter_init                    0x00021295   Thumb Code    34  nrf_section_iter.o(i.nrf_section_iter_init)
    nrf_section_iter_next                    0x000212b7   Thumb Code    56  nrf_section_iter.o(i.nrf_section_iter_next)
    nrf_sortlist_add                         0x000212ef   Thumb Code    36  nrf_sortlist.o(i.nrf_sortlist_add)
    nrf_sortlist_peek                        0x00021313   Thumb Code     6  nrf_sortlist.o(i.nrf_sortlist_peek)
    nrf_sortlist_pop                         0x00021319   Thumb Code    16  nrf_sortlist.o(i.nrf_sortlist_pop)
    nrf_sortlist_remove                      0x00021329   Thumb Code    38  nrf_sortlist.o(i.nrf_sortlist_remove)
    nrf_strerror_get                         0x00021351   Thumb Code    60  nrf_strerror.o(i.nrf_strerror_get)
    nrfx_clock_enable                        0x00021395   Thumb Code    34  nrfx_clock.o(i.nrfx_clock_enable)
    nrfx_clock_init                          0x000213c1   Thumb Code    24  nrfx_clock.o(i.nrfx_clock_init)
    nrfx_clock_lfclk_stop                    0x000213dd   Thumb Code    38  nrfx_clock.o(i.nrfx_clock_lfclk_stop)
    nrfx_saadc_channel_init                  0x0002140d   Thumb Code   154  nrfx_saadc.o(i.nrfx_saadc_channel_init)
    nrfx_saadc_init                          0x000214ad   Thumb Code   138  nrfx_saadc.o(i.nrfx_saadc_init)
    nrfx_saadc_sample_convert                0x00021559   Thumb Code   258  nrfx_saadc.o(i.nrfx_saadc_sample_convert)
    nrfx_saadc_uninit                        0x0002168d   Thumb Code   200  nrfx_saadc.o(i.nrfx_saadc_uninit)
    nrfx_spi_init                            0x00021765   Thumb Code   380  nrfx_spi.o(i.nrfx_spi_init)
    nrfx_spi_uninit                          0x000218e5   Thumb Code    94  nrfx_spi.o(i.nrfx_spi_uninit)
    nrfx_spi_xfer                            0x00021949   Thumb Code   356  nrfx_spi.o(i.nrfx_spi_xfer)
    nrfx_wdt_channel_alloc                   0x00021ab1   Thumb Code    62  nrfx_wdt.o(i.nrfx_wdt_channel_alloc)
    nrfx_wdt_channel_feed                    0x00021af9   Thumb Code    18  nrfx_wdt.o(i.nrfx_wdt_channel_feed)
    nrfx_wdt_enable                          0x00021b11   Thumb Code    18  nrfx_wdt.o(i.nrfx_wdt_enable)
    nrfx_wdt_init                            0x00021b2d   Thumb Code    76  nrfx_wdt.o(i.nrfx_wdt_init)
    queue_empty                              0x000220c5   Thumb Code    18  sys_queue.o(i.queue_empty)
    queue_full                               0x000220d7   Thumb Code    18  sys_queue.o(i.queue_full)
    queue_in                                 0x000220e9   Thumb Code   134  sys_queue.o(i.queue_in)
    queue_init                               0x00022175   Thumb Code    24  sys_queue.o(i.queue_init)
    queue_out                                0x0002218d   Thumb Code   104  sys_queue.o(i.queue_out)
    saadc_callback                           0x000224f5   Thumb Code     2  main.o(i.saadc_callback)
    save_sensor_data_to_ram_and_flash        0x000224f9   Thumb Code   112  main.o(i.save_sensor_data_to_ram_and_flash)
    spi_event_handler                        0x000227bd   Thumb Code     8  main.o(i.spi_event_handler)
    usr_get_volt                             0x00022c69   Thumb Code    66  main.o(i.usr_get_volt)
    wdt_event_handler                        0x00022e21   Thumb Code     2  main.o(i.wdt_event_handler)
    nrf_fstorage_sd                          0x00023168   Data          32  nrf_fstorage_sd.o(.constdata)
    nrf_log_backend_rtt_api                  0x00023188   Data          12  nrf_log_backend_rtt.o(.constdata)
    m_ram_start                              0x0002322c   Data           4  nrf_sdh_ble.o(.constdata)
    __ctype_table                            0x00023258   Data         129  ctype_o.o(.constdata)
    Region$$Table$$Base                      0x00023a98   Number         0  anon$$obj.o(Region$$Table)
    Region$$Table$$Limit                     0x00023ab8   Number         0  anon$$obj.o(Region$$Table)
    log_const_data$$Base                     0x00023ac8   Number         0  nrf_ble_gatt.o(log_const_data)
    m_nrf_log_nrf_ble_gatt_logs_data_const   0x00023ac8   Data           8  nrf_ble_gatt.o(log_const_data)
    m_nrf_log_ble_nus_logs_data_const        0x00023ad0   Data           8  ble_nus.o(log_const_data)
    m_nrf_log_clock_logs_data_const          0x00023ad8   Data           8  nrf_drv_clock.o(log_const_data)
    m_nrf_log_CLOCK_logs_data_const          0x00023ae0   Data           8  nrfx_clock.o(log_const_data)
    m_nrf_log_GPIOTE_logs_data_const         0x00023ae8   Data           8  nrfx_gpiote.o(log_const_data)
    m_nrf_log_SAADC_logs_data_const          0x00023af0   Data           8  nrfx_saadc.o(log_const_data)
    m_nrf_log_SPI_logs_data_const            0x00023af8   Data           8  nrfx_spi.o(log_const_data)
    m_nrf_log_WDT_logs_data_const            0x00023b00   Data           8  nrfx_wdt.o(log_const_data)
    m_nrf_log_RTC_logs_data_const            0x00023b08   Data           8  nrfx_rtc.o(log_const_data)
    m_nrf_log_app_button_logs_data_const     0x00023b10   Data           8  app_button.o(log_const_data)
    m_nrf_log_app_timer_logs_data_const      0x00023b18   Data           8  app_timer2.o(log_const_data)
    m_nrf_log_pwr_mgmt_logs_data_const       0x00023b20   Data           8  nrf_pwr_mgmt.o(log_const_data)
    m_nrf_log_sortlist_logs_data_const       0x00023b28   Data           8  nrf_sortlist.o(log_const_data)
    m_nrf_log_nrf_fstorage_logs_data_const   0x00023b30   Data           8  nrf_fstorage.o(log_const_data)
    m_nrf_log_app_logs_data_const            0x00023b38   Data           8  nrf_log_frontend.o(log_const_data)
    m_nrf_log_nrf_sdh_logs_data_const        0x00023b40   Data           8  nrf_sdh.o(log_const_data)
    m_nrf_log_nrf_sdh_ble_logs_data_const    0x00023b48   Data           8  nrf_sdh_ble.o(log_const_data)
    m_nrf_log_nrf_sdh_soc_logs_data_const    0x00023b50   Data           8  nrf_sdh_soc.o(log_const_data)
    log_const_data$$Limit                    0x00023b58   Number         0  nrf_sdh_soc.o(log_const_data)
    log_mempool                              0x00023b58   Data          20  nrf_log_frontend.o(nrf_balloc)
    sdh_ble_observers0$$Base                 0x00023b6c   Number         0  ble_conn_state.o(sdh_ble_observers0)
    sdh_ble_observers0$$Limit                0x00023b74   Number         0  ble_conn_state.o(sdh_ble_observers0)
    sdh_ble_observers1$$Base                 0x00023b74   Number         0  main.o(sdh_ble_observers1)
    sdh_ble_observers1$$Limit                0x00023b94   Number         0  ble_conn_params.o(sdh_ble_observers1)
    sdh_ble_observers2$$Base                 0x00023b94   Number         0  main.o(sdh_ble_observers2)
    sdh_ble_observers2$$Limit                0x00023ba4   Number         0  main.o(sdh_ble_observers2)
    sdh_ble_observers3$$Base                 0x00023ba4   Number         0  main.o(sdh_ble_observers3)
    m_req_obs                                0x00023bac   Data           8  nrf_fstorage_sd.o(sdh_req_observers0)
    sdh_ble_observers3$$Limit                0x00023bac   Number         0  main.o(sdh_ble_observers3)
    sdh_req_observers0$$Base                 0x00023bac   Number         0  nrf_fstorage_sd.o(sdh_req_observers0)
    sdh_req_observers0$$Limit                0x00023bb4   Number         0  nrf_fstorage_sd.o(sdh_req_observers0)
    sdh_soc_observers0$$Base                 0x00023bb4   Number         0  nrf_drv_clock.o(sdh_soc_observers0)
    sdh_soc_observers0$$Limit                0x00023bc4   Number         0  nrf_fstorage_sd.o(sdh_soc_observers0)
    sdh_stack_observers0$$Base               0x00023bc4   Number         0  nrf_sdh_ble.o(sdh_stack_observers0)
    sdh_stack_observers0$$Limit              0x00023bd4   Number         0  nrf_sdh_soc.o(sdh_stack_observers0)
    sdh_state_observers0$$Base               0x00023bd4   Number         0  nrf_drv_clock.o(sdh_state_observers0)
    sdh_state_observers0$$Limit              0x00023be4   Number         0  nrf_fstorage_sd.o(sdh_state_observers0)
    Image$$RW_IRAM1$$Base                    0x200022c8   Number         0  anon$$obj.o ABSOLUTE
    acc_frames_req                           0x200022d5   Data           1  main.o(.data)
    gyro_frames_req                          0x200022d6   Data           1  main.o(.data)
    mag_frames_req                           0x200022d7   Data           1  main.o(.data)
    m_channel_id                             0x200022d8   Data           1  main.o(.data)
    bmi160_fifo_ready                        0x200022e2   Data           2  main.o(.data)
    rx_frame_header                          0x200022f4   Data           4  main.o(.data)
    tx_frame_header                          0x200022f8   Data           4  main.o(.data)
    bmm150                                   0x20002318   Data          60  main.o(.data)
    SystemCoreClock                          0x200024cc   Data           4  system_nrf52805.o(.data)
    fs_data$$Base                            0x200024d0   Number         0  nrf_flash.o(fs_data)
    fstorage                                 0x200024d0   Data          20  nrf_flash.o(fs_data)
    fs_data$$Limit                           0x200024e4   Number         0  nrf_flash.o(fs_data)
    bmi160dev                                0x200040d4   Data          44  main.o(.bss)
    fifo_buff                                0x20004100   Data        1024  main.o(.bss)
    fifo_frame                               0x20004500   Data          24  main.o(.bss)
    fifo_acc_data                            0x20004518   Data         120  main.o(.bss)
    fifo_gyro_data                           0x20004590   Data         120  main.o(.bss)
    fifo_mag_data                            0x20004608   Data          80  main.o(.bss)
    nrf_nvic_state                           0x20004888   Data          12  app_util_platform.o(.bss)
    _SEGGER_RTT                              0x20004f08   Data         120  segger_rtt.o(.bss)
    __initial_sp                             0x20005990   Data           0  arm_startup_nrf52805.o(STACK)



==============================================================================

Memory Map of the image

  Image Entry point : 0x00019201

  Load Region LR_IROM1 (Base: 0x00019000, Size: 0x0000ae00, Max: 0x00017000, ABSOLUTE, COMPRESSED[0x0000ac64])

    Execution Region ER_IROM1 (Exec base: 0x00019000, Load base: 0x00019000, Size: 0x0000abe4, Max: 0x00017000, ABSOLUTE)

    Exec Addr    Load Addr    Size         Type   Attr      Idx    E Section Name        Object

    0x00019000   0x00019000   0x00000200   Data   RO         5686    RESET               arm_startup_nrf52805.o
    0x00019200   0x00019200   0x00000000   Code   RO         5731  * .ARM.Collect$$$$00000000  mc_w.l(entry.o)
    0x00019200   0x00019200   0x00000004   Code   RO         5795    .ARM.Collect$$$$00000001  mc_w.l(entry2.o)
    0x00019204   0x00019204   0x00000004   Code   RO         5798    .ARM.Collect$$$$00000004  mc_w.l(entry5.o)
    0x00019208   0x00019208   0x00000000   Code   RO         5800    .ARM.Collect$$$$00000008  mc_w.l(entry7b.o)
    0x00019208   0x00019208   0x00000000   Code   RO         5802    .ARM.Collect$$$$0000000A  mc_w.l(entry8b.o)
    0x00019208   0x00019208   0x00000008   Code   RO         5803    .ARM.Collect$$$$0000000B  mc_w.l(entry9a.o)
    0x00019210   0x00019210   0x00000004   Code   RO         5810    .ARM.Collect$$$$0000000E  mc_w.l(entry12b.o)
    0x00019214   0x00019214   0x00000000   Code   RO         5805    .ARM.Collect$$$$0000000F  mc_w.l(entry10a.o)
    0x00019214   0x00019214   0x00000000   Code   RO         5807    .ARM.Collect$$$$00000011  mc_w.l(entry11a.o)
    0x00019214   0x00019214   0x00000004   Code   RO         5796    .ARM.Collect$$$$00002712  mc_w.l(entry2.o)
    0x00019218   0x00019218   0x0000001a   Code   RO         3351    .emb_text           app_error_handler_keil.o
    0x00019232   0x00019232   0x00000002   PAD
    0x00019234   0x00019234   0x000000c8   Code   RO         3918    .emb_text           nrf_atfifo.o
    0x000192fc   0x000192fc   0x000000e2   Code   RO         4053    .emb_text           nrf_atomic.o
    0x000193de   0x000193de   0x00000002   PAD
    0x000193e0   0x000193e0   0x00000024   Code   RO         5687    .text               arm_startup_nrf52805.o
    0x00019404   0x00019404   0x00000062   Code   RO         5739    .text               mc_w.l(uldiv.o)
    0x00019466   0x00019466   0x0000001e   Code   RO         5741    .text               mc_w.l(llshl.o)
    0x00019484   0x00019484   0x00000008   Code   RO         5743    .text               mc_w.l(ctype_o.o)
    0x0001948c   0x0001948c   0x00000024   Code   RO         5771    .text               mc_w.l(memcpya.o)
    0x000194b0   0x000194b0   0x00000024   Code   RO         5773    .text               mc_w.l(memseta.o)
    0x000194d4   0x000194d4   0x0000000e   Code   RO         5775    .text               mc_w.l(strlen.o)
    0x000194e2   0x000194e2   0x000000e4   Code   RO         5783    .text               mf_w.l(dmul.o)
    0x000195c6   0x000195c6   0x000000de   Code   RO         5785    .text               mf_w.l(ddiv.o)
    0x000196a4   0x000196a4   0x0000002e   Code   RO         5787    .text               mf_w.l(dscalb.o)
    0x000196d2   0x000196d2   0x00000022   Code   RO         5789    .text               mf_w.l(dflti.o)
    0x000196f4   0x000196f4   0x0000001a   Code   RO         5791    .text               mf_w.l(dfltui.o)
    0x0001970e   0x0001970e   0x00000032   Code   RO         5793    .text               mf_w.l(dfixui.o)
    0x00019740   0x00019740   0x00000020   Code   RO         5812    .text               mc_w.l(llushr.o)
    0x00019760   0x00019760   0x00000000   Code   RO         5814    .text               mc_w.l(iusefp.o)
    0x00019760   0x00019760   0x000000ba   Code   RO         5816    .text               mf_w.l(depilogue.o)
    0x0001981a   0x0001981a   0x00000002   PAD
    0x0001981c   0x0001981c   0x00000024   Code   RO         5818    .text               mc_w.l(init.o)
    0x00019840   0x00019840   0x00000056   Code   RO         5828    .text               mc_w.l(__dczerorl2.o)
    0x00019896   0x00019896   0x00000002   PAD
    0x00019898   0x00019898   0x00000170   Code   RO         2565    i.GPIOTE_IRQHandler  nrfx_gpiote.o
    0x00019a08   0x00019a08   0x00000054   Code   RO         2440    i.POWER_CLOCK_IRQHandler  nrfx_clock.o
    0x00019a5c   0x00019a5c   0x000000b0   Code   RO         3121    i.RTC0_IRQHandler   nrfx_rtc.o
    0x00019b0c   0x00019b0c   0x00000014   Code   RO         3724    i.RTC1_IRQHandler   drv_rtc.o
    0x00019b20   0x00019b20   0x00000174   Code   RO         2841    i.SAADC_IRQHandler  nrfx_saadc.o
    0x00019c94   0x00019c94   0x00000004   Code   RO         5175    i.SEGGER_RTT_Init   segger_rtt.o
    0x00019c98   0x00019c98   0x000000dc   Code   RO         5189    i.SEGGER_RTT_WriteNoLock  segger_rtt.o
    0x00019d74   0x00019d74   0x000000b4   Code   RO         2961    i.SPIM0_SPIS0_SPI0_IRQHandler  nrfx_spi.o
    0x00019e28   0x00019e28   0x00000034   Code   RO         5502    i.SWI2_IRQHandler   nrf_sdh.o
    0x00019e5c   0x00019e5c   0x000001ac   Code   RO         5695    i.SystemInit        system_nrf52805.o
    0x0001a008   0x0001a008   0x0000002c   Code   RO         3050    i.WDT_IRQHandler    nrfx_wdt.o
    0x0001a034   0x0001a034   0x00000068   Code   RO         5193    i._DoInit           segger_rtt.o
    0x0001a09c   0x0001a09c   0x00000058   Code   RO         5194    i._WriteBlocking    segger_rtt.o
    0x0001a0f4   0x0001a0f4   0x0000000a   Code   RO         1686    i.__ARM_common_memclr4_7  ble_advertising.o
    0x0001a0fe   0x0001a0fe   0x00000012   Code   RO         5339    i.__ARM_common_memcpy4_7  segger_rtt.o
    0x0001a110   0x0001a110   0x0000000e   Code   RO         5822    i.__scatterload_copy  mc_w.l(handlers.o)
    0x0001a11e   0x0001a11e   0x00000002   Code   RO         5823    i.__scatterload_null  mc_w.l(handlers.o)
    0x0001a120   0x0001a120   0x0000000e   Code   RO         5824    i.__scatterload_zeroinit  mc_w.l(handlers.o)
    0x0001a12e   0x0001a12e   0x00000002   PAD
    0x0001a130   0x0001a130   0x0000016c   Code   RO         3373    i.app_error_fault_handler  app_error_weak.o
    0x0001a29c   0x0001a29c   0x0000006c   Code   RO         3314    i.app_error_save_and_stop  app_error.o
    0x0001a308   0x0001a308   0x00000150   Code   RO            8    i.app_open_bmi160_aux  main.o
    0x0001a458   0x0001a458   0x0000010c   Code   RO            9    i.app_open_bmi160_fifo  main.o
    0x0001a564   0x0001a564   0x00000088   Code   RO           13    i.app_timer_callback  main.o
    0x0001a5ec   0x0001a5ec   0x00000020   Code   RO         3531    i.app_timer_create  app_timer2.o
    0x0001a60c   0x0001a60c   0x00000060   Code   RO         3532    i.app_timer_init    app_timer2.o
    0x0001a66c   0x0001a66c   0x000000a8   Code   RO         3535    i.app_timer_start   app_timer2.o
    0x0001a714   0x0001a714   0x0000006c   Code   RO         3536    i.app_timer_stop    app_timer2.o
    0x0001a780   0x0001a780   0x0000005c   Code   RO         3656    i.app_util_critical_region_enter  app_util_platform.o
    0x0001a7dc   0x0001a7dc   0x00000038   Code   RO         3657    i.app_util_critical_region_exit  app_util_platform.o
    0x0001a814   0x0001a814   0x00000052   Code   RO         1923    i.blcm_link_ctx_get  ble_link_ctx_manager.o
    0x0001a866   0x0001a866   0x00000002   PAD
    0x0001a868   0x0001a868   0x000003d0   Code   RO         1546    i.ble_advdata_encode  ble_advdata.o
    0x0001ac38   0x0001ac38   0x00000020   Code   RO         1548    i.ble_advdata_parse  ble_advdata.o
    0x0001ac58   0x0001ac58   0x00000060   Code   RO         1549    i.ble_advdata_search  ble_advdata.o
    0x0001acb8   0x0001acb8   0x00000006   Code   RO         1621    i.ble_advertising_conn_cfg_tag_set  ble_advertising.o
    0x0001acbe   0x0001acbe   0x0000010e   Code   RO         1622    i.ble_advertising_init  ble_advertising.o
    0x0001adcc   0x0001adcc   0x00000090   Code   RO         1624    i.ble_advertising_on_ble_evt  ble_advertising.o
    0x0001ae5c   0x0001ae5c   0x0000028e   Code   RO         1627    i.ble_advertising_start  ble_advertising.o
    0x0001b0ea   0x0001b0ea   0x00000002   PAD
    0x0001b0ec   0x0001b0ec   0x0000007c   Code   RO         1707    i.ble_conn_params_init  ble_conn_params.o
    0x0001b168   0x0001b168   0x00000020   Code   RO         1771    i.ble_conn_state_conn_idx  ble_conn_state.o
    0x0001b188   0x0001b188   0x0000019c   Code   RO           15    i.ble_evt_handler   main.o
    0x0001b324   0x0001b324   0x000000c0   Code   RO         1443    i.ble_evt_handler   bsp_btn_ble.o
    0x0001b3e4   0x0001b3e4   0x00000224   Code   RO         1709    i.ble_evt_handler   ble_conn_params.o
    0x0001b608   0x0001b608   0x00000174   Code   RO         1786    i.ble_evt_handler   ble_conn_state.o
    0x0001b77c   0x0001b77c   0x00000076   Code   RO         2109    i.ble_nus_data_send  ble_nus.o
    0x0001b7f2   0x0001b7f2   0x00000002   PAD
    0x0001b7f4   0x0001b7f4   0x000000f4   Code   RO         2110    i.ble_nus_init      ble_nus.o
    0x0001b8e8   0x0001b8e8   0x00000192   Code   RO         2111    i.ble_nus_on_ble_evt  ble_nus.o
    0x0001ba7a   0x0001ba7a   0x00000002   PAD
    0x0001ba7c   0x0001ba7c   0x00000044   Code   RO           16    i.ble_send_data     main.o
    0x0001bac0   0x0001bac0   0x00000074   Code   RO           17    i.ble_send_packet   main.o
    0x0001bb34   0x0001bb34   0x0000014c   Code   RO           18    i.ble_send_ram_and_flash_sensor_data  main.o
    0x0001bc80   0x0001bc80   0x00000008   Code   RO         1952    i.ble_srv_is_notification_enabled  ble_srv_common.o
    0x0001bc88   0x0001bc88   0x000000ea   Code   RO          767    i.bmi160_aux_init   bmi160.o
    0x0001bd72   0x0001bd72   0x00000002   PAD
    0x0001bd74   0x0001bd74   0x0000011c   Code   RO          768    i.bmi160_aux_read   bmi160.o
    0x0001be90   0x0001be90   0x00000074   Code   RO          769    i.bmi160_aux_write  bmi160.o
    0x0001bf04   0x0001bf04   0x000003ae   Code   RO          771    i.bmi160_extract_accel  bmi160.o
    0x0001c2b2   0x0001c2b2   0x000003cc   Code   RO          772    i.bmi160_extract_aux  bmi160.o
    0x0001c67e   0x0001c67e   0x00000002   PAD
    0x0001c680   0x0001c680   0x00000380   Code   RO          773    i.bmi160_extract_gyro  bmi160.o
    0x0001ca00   0x0001ca00   0x0000007e   Code   RO          774    i.bmi160_get_fifo_data  bmi160.o
    0x0001ca7e   0x0001ca7e   0x00000036   Code   RO          778    i.bmi160_get_regs   bmi160.o
    0x0001cab4   0x0001cab4   0x000000e2   Code   RO          781    i.bmi160_init       bmi160.o
    0x0001cb96   0x0001cb96   0x000000e0   Code   RO          785    i.bmi160_set_aux_auto_mode  bmi160.o
    0x0001cc76   0x0001cc76   0x00000084   Code   RO          786    i.bmi160_set_fifo_config  bmi160.o
    0x0001ccfa   0x0001ccfa   0x00000024   Code   RO          788    i.bmi160_set_fifo_flush  bmi160.o
    0x0001cd1e   0x0001cd1e   0x00000112   Code   RO          792    i.bmi160_set_power_mode  bmi160.o
    0x0001ce30   0x0001ce30   0x00000092   Code   RO          793    i.bmi160_set_regs   bmi160.o
    0x0001cec2   0x0001cec2   0x000001ce   Code   RO          794    i.bmi160_set_sens_conf  bmi160.o
    0x0001d090   0x0001d090   0x00000070   Code   RO          796    i.bmi160_soft_reset  bmi160.o
    0x0001d100   0x0001d100   0x000001e4   Code   RO          670    i.bmm150_aux_mag_data  bmm150.o
    0x0001d2e4   0x0001d2e4   0x00000018   Code   RO           21    i.bmm150_aux_read   main.o
    0x0001d2fc   0x0001d2fc   0x00000018   Code   RO           22    i.bmm150_aux_write  main.o
    0x0001d314   0x0001d314   0x00000040   Code   RO          673    i.bmm150_get_regs   bmm150.o
    0x0001d354   0x0001d354   0x0000013a   Code   RO          675    i.bmm150_init       bmm150.o
    0x0001d48e   0x0001d48e   0x00000120   Code   RO          678    i.bmm150_set_op_mode  bmm150.o
    0x0001d5ae   0x0001d5ae   0x0000008c   Code   RO          679    i.bmm150_set_presetmode  bmm150.o
    0x0001d63a   0x0001d63a   0x0000003a   Code   RO          680    i.bmm150_set_regs   bmm150.o
    0x0001d674   0x0001d674   0x0000000c   Code   RO         1208    i.bsp_board_button_idx_to_pin  boards.o
    0x0001d680   0x0001d680   0x00000028   Code   RO         1212    i.bsp_board_led_invert  boards.o
    0x0001d6a8   0x0001d6a8   0x00000018   Code   RO         1213    i.bsp_board_led_off  boards.o
    0x0001d6c0   0x0001d6c0   0x00000018   Code   RO         1214    i.bsp_board_led_on  boards.o
    0x0001d6d8   0x0001d6d8   0x00000024   Code   RO         1215    i.bsp_board_led_state_get  boards.o
    0x0001d6fc   0x0001d6fc   0x00000024   Code   RO         1216    i.bsp_board_leds_off  boards.o
    0x0001d720   0x0001d720   0x00000024   Code   RO         1217    i.bsp_board_leds_on  boards.o
    0x0001d744   0x0001d744   0x00000026   Code   RO         1218    i.bsp_board_pin_to_button_idx  boards.o
    0x0001d76a   0x0001d76a   0x00000022   Code   RO         1445    i.bsp_btn_ble_sleep_mode_prepare  bsp_btn_ble.o
    0x0001d78c   0x0001d78c   0x000000a0   Code   RO         1328    i.bsp_button_event_handler  bsp.o
    0x0001d82c   0x0001d82c   0x00000050   Code   RO         1332    i.bsp_event_to_button_action_assign  bsp.o
    0x0001d87c   0x0001d87c   0x0000001c   Code   RO         1333    i.bsp_indication_set  bsp.o
    0x0001d898   0x0001d898   0x000002bc   Code   RO         1335    i.bsp_led_indication  bsp.o
    0x0001db54   0x0001db54   0x00000032   Code   RO         1337    i.bsp_wakeup_button_enable  bsp.o
    0x0001db86   0x0001db86   0x00000002   PAD
    0x0001db88   0x0001db88   0x0000012c   Code   RO         4953    i.buf_prealloc      nrf_log_frontend.o
    0x0001dcb4   0x0001dcb4   0x0000002e   Code   RO         4265    i.buffer_add        nrf_fprintf_format.o
    0x0001dce2   0x0001dce2   0x00000030   Code   RO           24    i.calc_checksum     main.o
    0x0001dd12   0x0001dd12   0x0000019a   Code   RO         1954    i.characteristic_add  ble_srv_common.o
    0x0001deac   0x0001deac   0x0000004c   Code   RO         2160    i.clock_irq_handler  nrf_drv_clock.o
    0x0001def8   0x0001def8   0x00000016   Code   RO         3538    i.compare_func      app_timer2.o
    0x0001df0e   0x0001df0e   0x00000052   Code   RO         1787    i.conn_handle_list_get  ble_conn_state.o
    0x0001df60   0x0001df60   0x0000001c   Code   RO           26    i.conn_params_error_handler  main.o
    0x0001df7c   0x0001df7c   0x00000016   Code   RO         3725    i.drv_rtc_compare_disable  drv_rtc.o
    0x0001df92   0x0001df92   0x00000026   Code   RO         3728    i.drv_rtc_compare_pending  drv_rtc.o
    0x0001dfb8   0x0001dfb8   0x0000004c   Code   RO         3729    i.drv_rtc_compare_set  drv_rtc.o
    0x0001e004   0x0001e004   0x00000008   Code   RO         3730    i.drv_rtc_counter_get  drv_rtc.o
    0x0001e00c   0x0001e00c   0x000000e0   Code   RO         3731    i.drv_rtc_init      drv_rtc.o
    0x0001e0ec   0x0001e0ec   0x0000001c   Code   RO         3732    i.drv_rtc_irq_trigger  drv_rtc.o
    0x0001e108   0x0001e108   0x00000014   Code   RO         3734    i.drv_rtc_overflow_enable  drv_rtc.o
    0x0001e11c   0x0001e11c   0x00000022   Code   RO         3735    i.drv_rtc_overflow_pending  drv_rtc.o
    0x0001e13e   0x0001e13e   0x00000008   Code   RO         3736    i.drv_rtc_start     drv_rtc.o
    0x0001e146   0x0001e146   0x00000008   Code   RO         3737    i.drv_rtc_stop      drv_rtc.o
    0x0001e14e   0x0001e14e   0x00000002   PAD
    0x0001e150   0x0001e150   0x00000100   Code   RO         3742    i.drv_rtc_windowed_compare_set  drv_rtc.o
    0x0001e250   0x0001e250   0x00000064   Code   RO         4718    i.erase             nrf_fstorage_sd.o
    0x0001e2b4   0x0001e2b4   0x000000b4   Code   RO         1040    i.fstorage_evt_handler  nrf_flash.o
    0x0001e368   0x0001e368   0x00000080   Code   RO           29    i.gatt_evt_handler  main.o
    0x0001e3e8   0x0001e3e8   0x00000034   Code   RO         4719    i.init              nrf_fstorage_sd.o
    0x0001e41c   0x0001e41c   0x00000010   Code   RO         4720    i.is_busy           nrf_fstorage_sd.o
    0x0001e42c   0x0001e42c   0x00000002   Code   RO         4955    i.log_pending_hook  nrf_log_frontend.o
    0x0001e42e   0x0001e42e   0x00000002   PAD
    0x0001e430   0x0001e430   0x00000794   Code   RO           31    i.main              main.o
    0x0001ebc4   0x0001ebc4   0x00000060   Code   RO           32    i.nrf52_read_spi    main.o
    0x0001ec24   0x0001ec24   0x00000054   Code   RO           33    i.nrf52_write_spi   main.o
    0x0001ec78   0x0001ec78   0x00000010   Code   RO         3920    i.nrf_atfifo_clear  nrf_atfifo.o
    0x0001ec88   0x0001ec88   0x0000002a   Code   RO         3922    i.nrf_atfifo_init   nrf_atfifo.o
    0x0001ecb2   0x0001ecb2   0x00000018   Code   RO         3923    i.nrf_atfifo_item_alloc  nrf_atfifo.o
    0x0001ecca   0x0001ecca   0x00000016   Code   RO         3924    i.nrf_atfifo_item_free  nrf_atfifo.o
    0x0001ece0   0x0001ece0   0x00000018   Code   RO         3925    i.nrf_atfifo_item_get  nrf_atfifo.o
    0x0001ecf8   0x0001ecf8   0x00000016   Code   RO         3926    i.nrf_atfifo_item_put  nrf_atfifo.o
    0x0001ed0e   0x0001ed0e   0x00000018   Code   RO         3988    i.nrf_atflags_clear  nrf_atflags.o
    0x0001ed26   0x0001ed26   0x00000018   Code   RO         3993    i.nrf_atflags_get   nrf_atflags.o
    0x0001ed3e   0x0001ed3e   0x00000016   Code   RO         3995    i.nrf_atflags_set   nrf_atflags.o
    0x0001ed54   0x0001ed54   0x0000000c   Code   RO         4055    i.nrf_atomic_flag_clear_fetch  nrf_atomic.o
    0x0001ed60   0x0001ed60   0x0000000e   Code   RO         4056    i.nrf_atomic_flag_set  nrf_atomic.o
    0x0001ed6e   0x0001ed6e   0x0000000c   Code   RO         4057    i.nrf_atomic_flag_set_fetch  nrf_atomic.o
    0x0001ed7a   0x0001ed7a   0x0000000c   Code   RO         4058    i.nrf_atomic_u32_add  nrf_atomic.o
    0x0001ed86   0x0001ed86   0x0000000c   Code   RO         4059    i.nrf_atomic_u32_and  nrf_atomic.o
    0x0001ed92   0x0001ed92   0x0000000a   Code   RO         4064    i.nrf_atomic_u32_fetch_store  nrf_atomic.o
    0x0001ed9c   0x0001ed9c   0x0000000c   Code   RO         4068    i.nrf_atomic_u32_or  nrf_atomic.o
    0x0001eda8   0x0001eda8   0x0000000c   Code   RO         4070    i.nrf_atomic_u32_sub  nrf_atomic.o
    0x0001edb4   0x0001edb4   0x00000044   Code   RO         4189    i.nrf_balloc_alloc  nrf_balloc.o
    0x0001edf8   0x0001edf8   0x00000030   Code   RO         4190    i.nrf_balloc_free   nrf_balloc.o
    0x0001ee28   0x0001ee28   0x00000038   Code   RO         4191    i.nrf_balloc_init   nrf_balloc.o
    0x0001ee60   0x0001ee60   0x00000018   Code   RO         2010    i.nrf_ble_gatt_att_mtu_periph_set  nrf_ble_gatt.o
    0x0001ee78   0x0001ee78   0x00000024   Code   RO         2012    i.nrf_ble_gatt_init  nrf_ble_gatt.o
    0x0001ee9c   0x0001ee9c   0x000002b4   Code   RO         2013    i.nrf_ble_gatt_on_ble_evt  nrf_ble_gatt.o
    0x0001f150   0x0001f150   0x00000016   Code   RO         2070    i.nrf_ble_qwr_conn_handle_assign  nrf_ble_qwr.o
    0x0001f166   0x0001f166   0x00000026   Code   RO         2071    i.nrf_ble_qwr_init  nrf_ble_qwr.o
    0x0001f18c   0x0001f18c   0x00000104   Code   RO         2072    i.nrf_ble_qwr_on_ble_evt  nrf_ble_qwr.o
    0x0001f290   0x0001f290   0x00000020   Code   RO           34    i.nrf_delay_ms      main.o
    0x0001f2b0   0x0001f2b0   0x00000028   Code   RO         2795    i.nrf_drv_spi_init  nrf_drv_spi.o
    0x0001f2d8   0x0001f2d8   0x00000068   Code   RO         1041    i.nrf_flash_erase   nrf_flash.o
    0x0001f340   0x0001f340   0x00000108   Code   RO         1043    i.nrf_flash_init    nrf_flash.o
    0x0001f448   0x0001f448   0x00000064   Code   RO         1044    i.nrf_flash_read    nrf_flash.o
    0x0001f4ac   0x0001f4ac   0x00000078   Code   RO         1046    i.nrf_flash_write   nrf_flash.o
    0x0001f524   0x0001f524   0x00000020   Code   RO         4226    i.nrf_fprintf       nrf_fprintf.o
    0x0001f544   0x0001f544   0x0000001a   Code   RO         4227    i.nrf_fprintf_buffer_flush  nrf_fprintf.o
    0x0001f55e   0x0001f55e   0x00000002   PAD
    0x0001f560   0x0001f560   0x00000438   Code   RO         4266    i.nrf_fprintf_fmt   nrf_fprintf_format.o
    0x0001f998   0x0001f998   0x00000130   Code   RO         4641    i.nrf_fstorage_erase  nrf_fstorage.o
    0x0001fac8   0x0001fac8   0x000000a0   Code   RO         4642    i.nrf_fstorage_init  nrf_fstorage.o
    0x0001fb68   0x0001fb68   0x00000058   Code   RO         4643    i.nrf_fstorage_is_busy  nrf_fstorage.o
    0x0001fbc0   0x0001fbc0   0x00000158   Code   RO         4644    i.nrf_fstorage_read  nrf_fstorage.o
    0x0001fd18   0x0001fd18   0x00000018   Code   RO         4721    i.nrf_fstorage_sdh_req_handler  nrf_fstorage_sd.o
    0x0001fd30   0x0001fd30   0x00000024   Code   RO         4722    i.nrf_fstorage_sdh_state_handler  nrf_fstorage_sd.o
    0x0001fd54   0x0001fd54   0x00000100   Code   RO         4723    i.nrf_fstorage_sys_evt_handler  nrf_fstorage_sd.o
    0x0001fe54   0x0001fe54   0x000001f4   Code   RO         4648    i.nrf_fstorage_write  nrf_fstorage.o
    0x00020048   0x00020048   0x00000068   Code   RO         4956    i.nrf_log_backend_add  nrf_log_frontend.o
    0x000200b0   0x000200b0   0x00000002   Code   RO         4815    i.nrf_log_backend_rtt_flush  nrf_log_backend_rtt.o
    0x000200b2   0x000200b2   0x00000004   Code   RO         4816    i.nrf_log_backend_rtt_init  nrf_log_backend_rtt.o
    0x000200b6   0x000200b6   0x00000002   Code   RO         4817    i.nrf_log_backend_rtt_panic_set  nrf_log_backend_rtt.o
    0x000200b8   0x000200b8   0x00000018   Code   RO         4818    i.nrf_log_backend_rtt_put  nrf_log_backend_rtt.o
    0x000200d0   0x000200d0   0x000000c4   Code   RO         4884    i.nrf_log_backend_serial_put  nrf_log_backend_serial.o
    0x00020194   0x00020194   0x0000002c   Code   RO         4958    i.nrf_log_color_id_get  nrf_log_frontend.o
    0x000201c0   0x000201c0   0x00000020   Code   RO         4918    i.nrf_log_default_backends_init  nrf_log_default_backends.o
    0x000201e0   0x000201e0   0x0000027c   Code   RO         4959    i.nrf_log_frontend_dequeue  nrf_log_frontend.o
    0x0002045c   0x0002045c   0x00000008   Code   RO         4961    i.nrf_log_frontend_std_0  nrf_log_frontend.o
    0x00020464   0x00020464   0x0000000e   Code   RO         4962    i.nrf_log_frontend_std_1  nrf_log_frontend.o
    0x00020472   0x00020472   0x00000014   Code   RO         4963    i.nrf_log_frontend_std_2  nrf_log_frontend.o
    0x00020486   0x00020486   0x0000001c   Code   RO         4964    i.nrf_log_frontend_std_3  nrf_log_frontend.o
    0x000204a2   0x000204a2   0x0000001c   Code   RO         4966    i.nrf_log_frontend_std_5  nrf_log_frontend.o
    0x000204be   0x000204be   0x00000002   PAD
    0x000204c0   0x000204c0   0x00000130   Code   RO         5126    i.nrf_log_hexdump_entry_process  nrf_log_str_formatter.o
    0x000205f0   0x000205f0   0x0000002c   Code   RO         4968    i.nrf_log_init      nrf_log_frontend.o
    0x0002061c   0x0002061c   0x00000044   Code   RO         4972    i.nrf_log_module_name_get  nrf_log_frontend.o
    0x00020660   0x00020660   0x0000002c   Code   RO         4973    i.nrf_log_panic     nrf_log_frontend.o
    0x0002068c   0x0002068c   0x00000164   Code   RO         5127    i.nrf_log_std_entry_process  nrf_log_str_formatter.o
    0x000207f0   0x000207f0   0x00000094   Code   RO         4300    i.nrf_memobj_alloc  nrf_memobj.o
    0x00020884   0x00020884   0x00000008   Code   RO         4302    i.nrf_memobj_get    nrf_memobj.o
    0x0002088c   0x0002088c   0x00000004   Code   RO         4303    i.nrf_memobj_pool_init  nrf_memobj.o
    0x00020890   0x00020890   0x00000056   Code   RO         4304    i.nrf_memobj_put    nrf_memobj.o
    0x000208e6   0x000208e6   0x0000009e   Code   RO         4305    i.nrf_memobj_read   nrf_memobj.o
    0x00020984   0x00020984   0x00000092   Code   RO         4306    i.nrf_memobj_write  nrf_memobj.o
    0x00020a16   0x00020a16   0x00000002   PAD
    0x00020a18   0x00020a18   0x00000028   Code   RO         4374    i.nrf_pwr_mgmt_init  nrf_pwr_mgmt.o
    0x00020a40   0x00020a40   0x00000014   Code   RO         4375    i.nrf_pwr_mgmt_run  nrf_pwr_mgmt.o
    0x00020a54   0x00020a54   0x0000001c   Code   RO           35    i.nrf_qwr_error_handler  main.o
    0x00020a70   0x00020a70   0x0000001c   Code   RO         4446    i.nrf_ringbuf_init  nrf_ringbuf.o
    0x00020a8c   0x00020a8c   0x00000134   Code   RO         5599    i.nrf_sdh_ble_default_cfg_set  nrf_sdh_ble.o
    0x00020bc0   0x00020bc0   0x000001d8   Code   RO         5600    i.nrf_sdh_ble_enable  nrf_sdh_ble.o
    0x00020d98   0x00020d98   0x000000e8   Code   RO         5601    i.nrf_sdh_ble_evts_poll  nrf_sdh_ble.o
    0x00020e80   0x00020e80   0x00000138   Code   RO         5503    i.nrf_sdh_disable_request  nrf_sdh.o
    0x00020fb8   0x00020fb8   0x00000228   Code   RO         5504    i.nrf_sdh_enable_request  nrf_sdh.o
    0x000211e0   0x000211e0   0x0000000c   Code   RO         5506    i.nrf_sdh_is_enabled  nrf_sdh.o
    0x000211ec   0x000211ec   0x0000001c   Code   RO         5508    i.nrf_sdh_request_continue  nrf_sdh.o
    0x00021208   0x00021208   0x0000008c   Code   RO         5652    i.nrf_sdh_soc_evts_poll  nrf_sdh_soc.o
    0x00021294   0x00021294   0x00000022   Code   RO         4504    i.nrf_section_iter_init  nrf_section_iter.o
    0x000212b6   0x000212b6   0x00000038   Code   RO         4505    i.nrf_section_iter_next  nrf_section_iter.o
    0x000212ee   0x000212ee   0x00000024   Code   RO         4534    i.nrf_sortlist_add  nrf_sortlist.o
    0x00021312   0x00021312   0x00000006   Code   RO         4536    i.nrf_sortlist_peek  nrf_sortlist.o
    0x00021318   0x00021318   0x00000010   Code   RO         4537    i.nrf_sortlist_pop  nrf_sortlist.o
    0x00021328   0x00021328   0x00000026   Code   RO         4538    i.nrf_sortlist_remove  nrf_sortlist.o
    0x0002134e   0x0002134e   0x00000002   PAD
    0x00021350   0x00021350   0x00000044   Code   RO         4591    i.nrf_strerror_get  nrf_strerror.o
    0x00021394   0x00021394   0x0000002c   Code   RO         2445    i.nrfx_clock_enable  nrfx_clock.o
    0x000213c0   0x000213c0   0x0000001c   Code   RO         2448    i.nrfx_clock_init   nrfx_clock.o
    0x000213dc   0x000213dc   0x00000030   Code   RO         2451    i.nrfx_clock_lfclk_stop  nrfx_clock.o
    0x0002140c   0x0002140c   0x000000a0   Code   RO         2845    i.nrfx_saadc_channel_init  nrfx_saadc.o
    0x000214ac   0x000214ac   0x000000ac   Code   RO         2847    i.nrfx_saadc_init   nrfx_saadc.o
    0x00021558   0x00021558   0x00000134   Code   RO         2851    i.nrfx_saadc_sample_convert  nrfx_saadc.o
    0x0002168c   0x0002168c   0x000000d8   Code   RO         2853    i.nrfx_saadc_uninit  nrfx_saadc.o
    0x00021764   0x00021764   0x00000180   Code   RO         2963    i.nrfx_spi_init     nrfx_spi.o
    0x000218e4   0x000218e4   0x00000064   Code   RO         2964    i.nrfx_spi_uninit   nrfx_spi.o
    0x00021948   0x00021948   0x00000168   Code   RO         2965    i.nrfx_spi_xfer     nrfx_spi.o
    0x00021ab0   0x00021ab0   0x00000048   Code   RO         3051    i.nrfx_wdt_channel_alloc  nrfx_wdt.o
    0x00021af8   0x00021af8   0x00000018   Code   RO         3052    i.nrfx_wdt_channel_feed  nrfx_wdt.o
    0x00021b10   0x00021b10   0x0000001c   Code   RO         3053    i.nrfx_wdt_enable   nrfx_wdt.o
    0x00021b2c   0x00021b2c   0x0000005c   Code   RO         3055    i.nrfx_wdt_init     nrfx_wdt.o
    0x00021b88   0x00021b88   0x0000048c   Code   RO           36    i.nus_data_handler  main.o
    0x00022014   0x00022014   0x0000007c   Code   RO           37    i.on_adv_evt        main.o
    0x00022090   0x00022090   0x00000034   Code   RO           38    i.on_conn_params_evt  main.o
    0x000220c4   0x000220c4   0x00000012   Code   RO          996    i.queue_empty       sys_queue.o
    0x000220d6   0x000220d6   0x00000012   Code   RO          997    i.queue_full        sys_queue.o
    0x000220e8   0x000220e8   0x0000008c   Code   RO          998    i.queue_in          sys_queue.o
    0x00022174   0x00022174   0x00000018   Code   RO          999    i.queue_init        sys_queue.o
    0x0002218c   0x0002218c   0x0000006c   Code   RO         1000    i.queue_out         sys_queue.o
    0x000221f8   0x000221f8   0x00000108   Code   RO         4724    i.queue_process     nrf_fstorage_sd.o
    0x00022300   0x00022300   0x0000000e   Code   RO         4725    i.read              nrf_fstorage_sd.o
    0x0002230e   0x0002230e   0x00000004   Code   RO         4726    i.rmap              nrf_fstorage_sd.o
    0x00022312   0x00022312   0x00000002   PAD
    0x00022314   0x00022314   0x000001e0   Code   RO         3539    i.rtc_irq           app_timer2.o
    0x000224f4   0x000224f4   0x00000002   Code   RO           41    i.saadc_callback    main.o
    0x000224f6   0x000224f6   0x00000002   PAD
    0x000224f8   0x000224f8   0x000000a4   Code   RO           43    i.save_sensor_data_to_ram_and_flash  main.o
    0x0002259c   0x0002259c   0x000000a4   Code   RO         2173    i.sd_state_evt_handler  nrf_drv_clock.o
    0x00022640   0x00022640   0x00000064   Code   RO         4819    i.serial_tx         nrf_log_backend_rtt.o
    0x000226a4   0x000226a4   0x000000ba   Code   RO          683    i.set_odr_xyz_rep   bmm150.o
    0x0002275e   0x0002275e   0x00000032   Code   RO         1956    i.set_security_req  ble_srv_common.o
    0x00022790   0x00022790   0x0000002c   Code   RO         2174    i.soc_evt_handler   nrf_drv_clock.o
    0x000227bc   0x000227bc   0x0000000c   Code   RO           46    i.spi_event_handler  main.o
    0x000227c8   0x000227c8   0x00000038   Code   RO         2796    i.spi_evt_handler   nrf_drv_spi.o
    0x00022800   0x00022800   0x000000d8   Code   RO         4975    i.std_n             nrf_log_frontend.o
    0x000228d8   0x000228d8   0x00000072   Code   RO          684    i.suspend_to_sleep_mode  bmm150.o
    0x0002294a   0x0002294a   0x00000002   PAD
    0x0002294c   0x0002294c   0x000000c0   Code   RO         3540    i.timer_expire      app_timer2.o
    0x00022a0c   0x00022a0c   0x00000030   Code   RO         4727    i.uninit            nrf_fstorage_sd.o
    0x00022a3c   0x00022a3c   0x0000004c   Code   RO          802    i.unpack_accel_data  bmi160.o
    0x00022a88   0x00022a88   0x0000004c   Code   RO          803    i.unpack_gyro_data  bmi160.o
    0x00022ad4   0x00022ad4   0x00000118   Code   RO         4267    i.unsigned_print    nrf_fprintf_format.o
    0x00022bec   0x00022bec   0x0000007c   Code   RO         1710    i.update_timeout_handler  ble_conn_params.o
    0x00022c68   0x00022c68   0x00000054   Code   RO           49    i.usr_get_volt      main.o
    0x00022cbc   0x00022cbc   0x00000164   Code   RO         1552    i.uuid_list_encode  ble_advdata.o
    0x00022e20   0x00022e20   0x00000002   Code   RO           50    i.wdt_event_handler  main.o
    0x00022e22   0x00022e22   0x00000004   Code   RO         4728    i.wmap              nrf_fstorage_sd.o
    0x00022e26   0x00022e26   0x00000002   PAD
    0x00022e28   0x00022e28   0x00000064   Code   RO         4729    i.write             nrf_fstorage_sd.o
    0x00022e8c   0x00022e8c   0x00000004   PAD
    0x00022e90   0x00022e90   0x0000007c   Data   RO           55    .constdata          main.o
    0x00022f0c   0x00022f0c   0x00000008   Data   RO         1220    .constdata          boards.o
    0x00022f14   0x00022f14   0x0000002c   Data   RO         1341    .constdata          bsp.o
    0x00022f40   0x00022f40   0x0000000e   Data   RO         2014    .constdata          nrf_ble_gatt.o
    0x00022f4e   0x00022f4e   0x00000002   PAD
    0x00022f50   0x00022f50   0x00000010   Data   RO         2112    .constdata          ble_nus.o
    0x00022f60   0x00022f60   0x00000004   Data   RO         2594    .constdata          nrfx_gpiote.o
    0x00022f64   0x00022f64   0x00000014   Data   RO         3543    .constdata          app_timer2.o
    0x00022f78   0x00022f78   0x00000008   PAD
    0x00022f80   0x00022f80   0x00000006   Data   RO         3743    .constdata          drv_rtc.o
    0x00022f86   0x00022f86   0x00000010   Data   RO         4268    .constdata          nrf_fprintf_format.o
    0x00022f96   0x00022f96   0x00000002   PAD
    0x00022f98   0x00022f98   0x00000018   Data   RO         4378    .constdata          nrf_pwr_mgmt.o
    0x00022fb0   0x00022fb0   0x0000000c   Data   RO         4379    .constdata          nrf_pwr_mgmt.o
    0x00022fbc   0x00022fbc   0x0000013c   Data   RO         4592    .constdata          nrf_strerror.o
    0x000230f8   0x000230f8   0x0000005e   Data   RO         4649    .constdata          nrf_fstorage.o
    0x00023156   0x00023156   0x00000002   PAD
    0x00023158   0x00023158   0x00000010   Data   RO         4732    .constdata          nrf_fstorage_sd.o
    0x00023168   0x00023168   0x00000020   Data   RO         4733    .constdata          nrf_fstorage_sd.o
    0x00023188   0x00023188   0x0000000c   Data   RO         4821    .constdata          nrf_log_backend_rtt.o
    0x00023194   0x00023194   0x0000000c   PAD
    0x000231a0   0x000231a0   0x00000006   Data   RO         4822    .constdata          nrf_log_backend_rtt.o
    0x000231a6   0x000231a6   0x00000002   PAD
    0x000231a8   0x000231a8   0x0000000c   Data   RO         4980    .constdata          nrf_log_frontend.o
    0x000231b4   0x000231b4   0x00000010   Data   RO         5511    .constdata          nrf_sdh.o
    0x000231c4   0x000231c4   0x00000028   Data   RO         5512    .constdata          nrf_sdh.o
    0x000231ec   0x000231ec   0x00000010   Data   RO         5513    .constdata          nrf_sdh.o
    0x000231fc   0x000231fc   0x00000010   Data   RO         5514    .constdata          nrf_sdh.o
    0x0002320c   0x0002320c   0x00000020   Data   RO         5602    .constdata          nrf_sdh_ble.o
    0x0002322c   0x0002322c   0x00000010   Data   RO         5603    .constdata          nrf_sdh_ble.o
    0x0002323c   0x0002323c   0x00000010   Data   RO         5653    .constdata          nrf_sdh_soc.o
    0x0002324c   0x0002324c   0x0000000c   Data   RO         5654    .constdata          nrf_sdh_soc.o
    0x00023258   0x00023258   0x00000081   Data   RO         5744    .constdata          mc_w.l(ctype_o.o)
    0x000232d9   0x000232d9   0x00000003   PAD
    0x000232dc   0x000232dc   0x00000004   Data   RO         5745    .constdata          mc_w.l(ctype_o.o)
    0x000232e0   0x000232e0   0x00000041   Data   RO         1048    .conststring        nrf_flash.o
    0x00023321   0x00023321   0x00000003   PAD
    0x00023324   0x00023324   0x00000045   Data   RO         2015    .conststring        nrf_ble_gatt.o
    0x00023369   0x00023369   0x00000003   PAD
    0x0002336c   0x0002336c   0x000003eb   Data   RO         4593    .conststring        nrf_strerror.o
    0x00023757   0x00023757   0x00000001   PAD
    0x00023758   0x00023758   0x0000004f   Data   RO         4650    .conststring        nrf_fstorage.o
    0x000237a7   0x000237a7   0x00000001   PAD
    0x000237a8   0x000237a8   0x00000066   Data   RO         5129    .conststring        nrf_log_str_formatter.o
    0x0002380e   0x0002380e   0x00000002   PAD
    0x00023810   0x00023810   0x000001cf   Data   RO         5604    .conststring        nrf_sdh_ble.o
    0x000239df   0x000239df   0x00000001   PAD
    0x000239e0   0x000239e0   0x0000000d   Data   RO         2016    .conststrlit        nrf_ble_gatt.o
    0x000239ed   0x000239ed   0x00000003   PAD
    0x000239f0   0x000239f0   0x00000008   Data   RO         2113    .conststrlit        ble_nus.o
    0x000239f8   0x000239f8   0x00000006   Data   RO         2180    .conststrlit        nrf_drv_clock.o
    0x000239fe   0x000239fe   0x00000002   PAD
    0x00023a00   0x00023a00   0x00000006   Data   RO         2455    .conststrlit        nrfx_clock.o
    0x00023a06   0x00023a06   0x00000002   PAD
    0x00023a08   0x00023a08   0x00000007   Data   RO         2598    .conststrlit        nrfx_gpiote.o
    0x00023a0f   0x00023a0f   0x00000001   PAD
    0x00023a10   0x00023a10   0x00000006   Data   RO         2863    .conststrlit        nrfx_saadc.o
    0x00023a16   0x00023a16   0x00000002   PAD
    0x00023a18   0x00023a18   0x00000004   Data   RO         2969    .conststrlit        nrfx_spi.o
    0x00023a1c   0x00023a1c   0x00000004   Data   RO         3058    .conststrlit        nrfx_wdt.o
    0x00023a20   0x00023a20   0x00000004   Data   RO         3136    .conststrlit        nrfx_rtc.o
    0x00023a24   0x00023a24   0x0000000b   Data   RO         3239    .conststrlit        app_button.o
    0x00023a2f   0x00023a2f   0x00000001   PAD
    0x00023a30   0x00023a30   0x0000000a   Data   RO         3544    .conststrlit        app_timer2.o
    0x00023a3a   0x00023a3a   0x00000002   PAD
    0x00023a3c   0x00023a3c   0x00000009   Data   RO         4380    .conststrlit        nrf_pwr_mgmt.o
    0x00023a45   0x00023a45   0x00000003   PAD
    0x00023a48   0x00023a48   0x00000009   Data   RO         4539    .conststrlit        nrf_sortlist.o
    0x00023a51   0x00023a51   0x00000003   PAD
    0x00023a54   0x00023a54   0x0000000d   Data   RO         4651    .conststrlit        nrf_fstorage.o
    0x00023a61   0x00023a61   0x00000003   PAD
    0x00023a64   0x00023a64   0x00000010   Data   RO         4919    .conststrlit        nrf_log_default_backends.o
    0x00023a74   0x00023a74   0x00000004   Data   RO         4981    .conststrlit        nrf_log_frontend.o
    0x00023a78   0x00023a78   0x00000008   Data   RO         5515    .conststrlit        nrf_sdh.o
    0x00023a80   0x00023a80   0x0000000c   Data   RO         5605    .conststrlit        nrf_sdh_ble.o
    0x00023a8c   0x00023a8c   0x0000000c   Data   RO         5655    .conststrlit        nrf_sdh_soc.o
    0x00023a98   0x00023a98   0x00000020   Data   RO         5820    Region$$Table       anon$$obj.o
    0x00023ab8   0x00023ab8   0x00000010   Data   RO         4921    log_backends        nrf_log_default_backends.o
    0x00023ac8   0x00023ac8   0x00000008   Data   RO         2017    log_const_data      nrf_ble_gatt.o
    0x00023ad0   0x00023ad0   0x00000008   Data   RO         2114    log_const_data      ble_nus.o
    0x00023ad8   0x00023ad8   0x00000008   Data   RO         2181    log_const_data      nrf_drv_clock.o
    0x00023ae0   0x00023ae0   0x00000008   Data   RO         2457    log_const_data      nrfx_clock.o
    0x00023ae8   0x00023ae8   0x00000008   Data   RO         2599    log_const_data      nrfx_gpiote.o
    0x00023af0   0x00023af0   0x00000008   Data   RO         2864    log_const_data      nrfx_saadc.o
    0x00023af8   0x00023af8   0x00000008   Data   RO         2970    log_const_data      nrfx_spi.o
    0x00023b00   0x00023b00   0x00000008   Data   RO         3060    log_const_data      nrfx_wdt.o
    0x00023b08   0x00023b08   0x00000008   Data   RO         3138    log_const_data      nrfx_rtc.o
    0x00023b10   0x00023b10   0x00000008   Data   RO         3242    log_const_data      app_button.o
    0x00023b18   0x00023b18   0x00000008   Data   RO         3547    log_const_data      app_timer2.o
    0x00023b20   0x00023b20   0x00000008   Data   RO         4382    log_const_data      nrf_pwr_mgmt.o
    0x00023b28   0x00023b28   0x00000008   Data   RO         4540    log_const_data      nrf_sortlist.o
    0x00023b30   0x00023b30   0x00000008   Data   RO         4652    log_const_data      nrf_fstorage.o
    0x00023b38   0x00023b38   0x00000008   Data   RO         4985    log_const_data      nrf_log_frontend.o
    0x00023b40   0x00023b40   0x00000008   Data   RO         5517    log_const_data      nrf_sdh.o
    0x00023b48   0x00023b48   0x00000008   Data   RO         5607    log_const_data      nrf_sdh_ble.o
    0x00023b50   0x00023b50   0x00000008   Data   RO         5656    log_const_data      nrf_sdh_soc.o
    0x00023b58   0x00023b58   0x00000014   Data   RO         4986    nrf_balloc          nrf_log_frontend.o
    0x00023b6c   0x00023b6c   0x00000008   Data   RO         1789    sdh_ble_observers0  ble_conn_state.o
    0x00023b74   0x00023b74   0x00000010   Data   RO           62    sdh_ble_observers1  main.o
    0x00023b84   0x00023b84   0x00000008   Data   RO         1447    sdh_ble_observers1  bsp_btn_ble.o
    0x00023b8c   0x00023b8c   0x00000008   Data   RO         1713    sdh_ble_observers1  ble_conn_params.o
    0x00023b94   0x00023b94   0x00000010   Data   RO           63    sdh_ble_observers2  main.o
    0x00023ba4   0x00023ba4   0x00000008   Data   RO           64    sdh_ble_observers3  main.o
    0x00023bac   0x00023bac   0x00000008   Data   RO         4735    sdh_req_observers0  nrf_fstorage_sd.o
    0x00023bb4   0x00023bb4   0x00000008   Data   RO         2182    sdh_soc_observers0  nrf_drv_clock.o
    0x00023bbc   0x00023bbc   0x00000008   Data   RO         4736    sdh_soc_observers0  nrf_fstorage_sd.o
    0x00023bc4   0x00023bc4   0x00000008   Data   RO         5608    sdh_stack_observers0  nrf_sdh_ble.o
    0x00023bcc   0x00023bcc   0x00000008   Data   RO         5657    sdh_stack_observers0  nrf_sdh_soc.o
    0x00023bd4   0x00023bd4   0x00000008   Data   RO         2183    sdh_state_observers0  nrf_drv_clock.o
    0x00023bdc   0x00023bdc   0x00000008   Data   RO         4737    sdh_state_observers0  nrf_fstorage_sd.o


    Execution Region RW_IRAM1 (Exec base: 0x200022c8, Load base: 0x00023be4, Size: 0x000036c8, Max: 0x00003d38, ABSOLUTE, COMPRESSED[0x00000080])

    Exec Addr    Load Addr    Size         Type   Attr      Idx    E Section Name        Object

    0x200022c8   COMPRESSED   0x0000008c   Data   RW           56    .data               main.o
    0x20002354   COMPRESSED   0x00000004   PAD
    0x20002358   COMPRESSED   0x00000020   Data   RW           57    .data               main.o
    0x20002378   COMPRESSED   0x00000008   Data   RW           58    .data               main.o
    0x20002380   COMPRESSED   0x00000004   Data   RW           60    .data               main.o
    0x20002384   COMPRESSED   0x00000010   Data   RW         1342    .data               bsp.o
    0x20002394   COMPRESSED   0x00000004   PAD
    0x20002398   COMPRESSED   0x00000020   Data   RW         1343    .data               bsp.o
    0x200023b8   COMPRESSED   0x00000020   Data   RW         1344    .data               bsp.o
    0x200023d8   COMPRESSED   0x00000020   Data   RW         1345    .data               bsp.o
    0x200023f8   COMPRESSED   0x00000008   Data   RW         1446    .data               bsp_btn_ble.o
    0x20002400   COMPRESSED   0x00000008   Data   RW         1712    .data               ble_conn_params.o
    0x20002408   COMPRESSED   0x00000008   Data   RW         2456    .data               nrfx_clock.o
    0x20002410   COMPRESSED   0x00000008   Data   RW         2797    .data               nrf_drv_spi.o
    0x20002418   COMPRESSED   0x00000008   Data   RW         3059    .data               nrfx_wdt.o
    0x20002420   COMPRESSED   0x00000008   Data   RW         3137    .data               nrfx_rtc.o
    0x20002428   COMPRESSED   0x00000020   Data   RW         3545    .data               app_timer2.o
    0x20002448   COMPRESSED   0x00000004   Data   RW         3546    .data               app_timer2.o
    0x2000244c   COMPRESSED   0x0000000c   Data   RW         3744    .data               drv_rtc.o
    0x20002458   COMPRESSED   0x00000008   Data   RW         4381    .data               nrf_pwr_mgmt.o
    0x20002460   COMPRESSED   0x00000008   Data   RW         4734    .data               nrf_fstorage_sd.o
    0x20002468   COMPRESSED   0x00000001   Data   RW         4823    .data               nrf_log_backend_rtt.o
    0x20002469   COMPRESSED   0x00000003   PAD
    0x2000246c   COMPRESSED   0x00000008   Data   RW         4920    .data               nrf_log_default_backends.o
    0x20002474   COMPRESSED   0x00000004   Data   RW         4982    .data               nrf_log_frontend.o
    0x20002478   COMPRESSED   0x00000008   Data   RW         4983    .data               nrf_log_frontend.o
    0x20002480   COMPRESSED   0x00000008   Data   RW         4984    .data               nrf_log_frontend.o
    0x20002488   COMPRESSED   0x00000040   Data   RW         5130    .data               nrf_log_str_formatter.o
    0x200024c8   COMPRESSED   0x00000003   Data   RW         5516    .data               nrf_sdh.o
    0x200024cb   COMPRESSED   0x00000001   Data   RW         5606    .data               nrf_sdh_ble.o
    0x200024cc   COMPRESSED   0x00000004   Data   RW         5696    .data               system_nrf52805.o
    0x200024d0   COMPRESSED   0x00000014   Data   RW         1050    fs_data             nrf_flash.o
    0x200024e4        -       0x00002174   Zero   RW           51    .bss                main.o
    0x20004658        -       0x0000000c   Zero   RW         1340    .bss                bsp.o
    0x20004664   COMPRESSED   0x00000004   PAD
    0x20004668        -       0x00000050   Zero   RW         1711    .bss                ble_conn_params.o
    0x200046b8        -       0x0000007c   Zero   RW         1788    .bss                ble_conn_state.o
    0x20004734        -       0x00000014   Zero   RW         2175    .bss                nrf_drv_clock.o
    0x20004748        -       0x0000005c   Zero   RW         2593    .bss                nrfx_gpiote.o
    0x200047a4        -       0x00000030   Zero   RW         2854    .bss                nrfx_saadc.o
    0x200047d4        -       0x0000002c   Zero   RW         2966    .bss                nrfx_spi.o
    0x20004800        -       0x00000020   Zero   RW         3315    .bss                app_error.o
    0x20004820        -       0x00000010   Zero   RW         3541    .bss                app_timer2.o
    0x20004830        -       0x00000058   Zero   RW         3542    .bss                app_timer2.o
    0x20004888        -       0x0000000c   Zero   RW         3662    .bss                app_util_platform.o
    0x20004894        -       0x0000000c   Zero   RW         4377    .bss                nrf_pwr_mgmt.o
    0x200048a0        -       0x00000010   Zero   RW         4730    .bss                nrf_fstorage_sd.o
    0x200048b0        -       0x000000a0   Zero   RW         4731    .bss                nrf_fstorage_sd.o
    0x20004950        -       0x00000040   Zero   RW         4820    .bss                nrf_log_backend_rtt.o
    0x20004990        -       0x000000c0   Zero   RW         4976    .bss                nrf_log_frontend.o
    0x20004a50        -       0x00000080   Zero   RW         4977    .bss                nrf_log_frontend.o
    0x20004ad0        -       0x00000018   Zero   RW         4978    .bss                nrf_log_frontend.o
    0x20004ae8        -       0x00000420   Zero   RW         4979    .bss                nrf_log_frontend.o
    0x20004f08        -       0x00000288   Zero   RW         5195    .bss                segger_rtt.o
    0x20005190        -       0x00000800   Zero   RW         5684    STACK               arm_startup_nrf52805.o


==============================================================================

Image component sizes


      Code (inc. data)   RO Data    RW Data    ZI Data      Debug   Object Name

         0          0         19          0          0       2036   app_button.o
       108          6          0          0         32       3410   app_error.o
        26          0          0          0          0        532   app_error_handler_keil.o
       364        194          0          0          0       8047   app_error_weak.o
      1098         78         38         36        104      13661   app_timer2.o
       148         12          0          0         12       9674   app_util_platform.o
        36          8        512          0       2048        896   arm_startup_nrf52805.o
      1460          0          0          0          0      57884   ble_advdata.o
      1084         10          0          0          0      14975   ble_advertising.o
       796         36          8          8         80      11379   ble_conn_params.o
       486         70          8          0        124       7025   ble_conn_state.o
        82          0          0          0          0       2844   ble_link_ctx_manager.o
       764          6         32          0          0       8264   ble_nus.o
       468          6          0          0          0       3267   ble_srv_common.o
      5388          0          0          0          0      36897   bmi160.o
      1648          8          0          0          0      14653   bmm150.o
       246         38          8          0          0      34649   boards.o
      1018         62         44        112         12      18172   bsp.o
       226          6          8          8          0       8721   bsp_btn_ble.o
       742         82          6         12          0      41429   drv_rtc.o
      5704       1106        164        184       8564     260876   main.o
       350          0          0          0          0       6478   nrf_atfifo.o
        70          0          0          0          0       3096   nrf_atflags.o
       322          0          0          0          0       8099   nrf_atomic.o
       172          0          0          0          0       3492   nrf_balloc.o
       752        302        104          0          0       6721   nrf_ble_gatt.o
       320          0          0          0          0       5989   nrf_ble_qwr.o
       284         22         30          0         20      35618   nrf_drv_clock.o
        96         12          0          8          0      15503   nrf_drv_spi.o
       768        390         65         20          0     111107   nrf_flash.o
        58          0          0          0          0       3577   nrf_fprintf.o
      1406         10         16          0          0       7846   nrf_fprintf_format.o
      1396        598        194          0          0       8567   nrf_fstorage.o
       918         88         72          8        176      14287   nrf_fstorage_sd.o
       132         18         18          1         64       6029   nrf_log_backend_rtt.o
       196          0          0          0          0      10889   nrf_log_backend_serial.o
        32         10         32          8          0       1028   nrf_log_default_backends.o
      1556        100         44         20       1400      28947   nrf_log_frontend.o
       660        126        102         64          0       4552   nrf_log_str_formatter.o
       550          0          0          0          0       9575   nrf_memobj.o
        60         12         53          8         12       6295   nrf_pwr_mgmt.o
        28          0          0          0          0       2351   nrf_ringbuf.o
       956        268        104          3          0      37263   nrf_sdh.o
      1012        444        539          1          0       5477   nrf_sdh_ble.o
       140         70         56          0          0       2484   nrf_sdh_soc.o
        90          0          0          0          0       2172   nrf_section_iter.o
        96          0         17          0          0       4021   nrf_sortlist.o
        68          8       1319          0          0       2087   nrf_strerror.o
       204         36         14          8          0      37682   nrfx_clock.o
       368         18         19          0         92      45214   nrfx_gpiote.o
       176         10         12          8          0       7370   nrfx_rtc.o
      1228        136         14          0         48      18802   nrfx_saadc.o
      1024         18         12          0         44      16072   nrfx_spi.o
       260         54         12          8          0       7804   nrfx_wdt.o
       434         34          0          0        648       8366   segger_rtt.o
       308         10          0          0          0       3853   sys_queue.o
       428        120          0          4          0      26298   system_nrf52805.o

    ----------------------------------------------------------------------
     38852       4646       3788        540      13484    1084302   Object Totals
         0          0         32          0          0          0   (incl. Generated)
        42          4         61         11          4          0   (incl. Padding)

    ----------------------------------------------------------------------

      Code (inc. data)   RO Data    RW Data    ZI Data      Debug   Library Member Name

        86          0          0          0          0          0   __dczerorl2.o
         8          4        133          0          0         68   ctype_o.o
         0          0          0          0          0          0   entry.o
         0          0          0          0          0          0   entry10a.o
         0          0          0          0          0          0   entry11a.o
         4          0          0          0          0          0   entry12b.o
         8          4          0          0          0          0   entry2.o
         4          0          0          0          0          0   entry5.o
         0          0          0          0          0          0   entry7b.o
         0          0          0          0          0          0   entry8b.o
         8          4          0          0          0          0   entry9a.o
        30          0          0          0          0          0   handlers.o
        36          8          0          0          0         68   init.o
         0          0          0          0          0          0   iusefp.o
        30          0          0          0          0         68   llshl.o
        32          0          0          0          0         68   llushr.o
        36          0          0          0          0         68   memcpya.o
        36          0          0          0          0        108   memseta.o
        14          0          0          0          0         68   strlen.o
        98          0          0          0          0         92   uldiv.o
       222          0          0          0          0        100   ddiv.o
       186          0          0          0          0        176   depilogue.o
        50          0          0          0          0         76   dfixui.o
        34          0          0          0          0         76   dflti.o
        26          0          0          0          0         76   dfltui.o
       228          0          0          0          0         96   dmul.o
        46          0          0          0          0         80   dscalb.o

    ----------------------------------------------------------------------
      1228         20        136          0          0       1288   Library Totals
         6          0          3          0          0          0   (incl. Padding)

    ----------------------------------------------------------------------

      Code (inc. data)   RO Data    RW Data    ZI Data      Debug   Library Name

       430         20        133          0          0        608   mc_w.l
       792          0          0          0          0        680   mf_w.l

    ----------------------------------------------------------------------
      1228         20        136          0          0       1288   Library Totals

    ----------------------------------------------------------------------

==============================================================================


      Code (inc. data)   RO Data    RW Data    ZI Data      Debug   

     40080       4666       3924        540      13484    1072302   Grand Totals
     40080       4666       3924        128      13484    1072302   ELF Image Totals (compressed)
     40080       4666       3924        128          0          0   ROM Totals

==============================================================================

    Total RO  Size (Code + RO Data)                44004 (  42.97kB)
    Total RW  Size (RW Data + ZI Data)             14024 (  13.70kB)
    Total ROM Size (Code + RO Data + RW Data)      44132 (  43.10kB)

==============================================================================

