Component: ARM Compiler 5.06 update 7 (build 960) Tool: armlink [4d3601]

==============================================================================

Section Cross References

    main.o(i.advertising_init) refers to memseta.o(.text) for __aeabi_memclr4
    main.o(i.advertising_init) refers to ble_advertising.o(i.ble_advertising_init) for ble_advertising_init
    main.o(i.advertising_init) refers to app_error_handler_keil.o(.emb_text) for app_error_handler
    main.o(i.advertising_init) refers to ble_advertising.o(i.ble_advertising_conn_cfg_tag_set) for ble_advertising_conn_cfg_tag_set
    main.o(i.advertising_init) refers to main.o(.bss) for .bss
    main.o(i.advertising_init) refers to main.o(.data) for .data
    main.o(i.advertising_init) refers to main.o(i.on_adv_evt) for on_adv_evt
    main.o(i.advertising_init) refers to main.o(i.main) for i.main
    main.o(i.app_close_bmi160_acc) refers to bmi160.o(i.bmi160_set_sens_conf) for bmi160_set_sens_conf
    main.o(i.app_close_bmi160_gyro) refers to bmi160.o(i.bmi160_set_sens_conf) for bmi160_set_sens_conf
    main.o(i.app_open_bmi160_acc) refers to bmi160.o(i.bmi160_set_sens_conf) for bmi160_set_sens_conf
    main.o(i.app_open_bmi160_aux) refers to bmi160.o(i.bmi160_set_regs) for bmi160_set_regs
    main.o(i.app_open_bmi160_aux) refers to bmi160.o(i.bmi160_aux_init) for bmi160_aux_init
    main.o(i.app_open_bmi160_aux) refers to bmm150.o(i.bmm150_init) for bmm150_init
    main.o(i.app_open_bmi160_aux) refers to bmm150.o(i.bmm150_set_presetmode) for bmm150_set_presetmode
    main.o(i.app_open_bmi160_aux) refers to bmm150.o(i.bmm150_set_op_mode) for bmm150_set_op_mode
    main.o(i.app_open_bmi160_aux) refers to bmi160.o(i.bmi160_set_aux_auto_mode) for bmi160_set_aux_auto_mode
    main.o(i.app_open_bmi160_aux) refers to main.o(.data) for .data
    main.o(i.app_open_bmi160_fifo) refers to bmi160.o(i.bmi160_set_fifo_config) for bmi160_set_fifo_config
    main.o(i.app_open_bmi160_fifo) refers to bmi160.o(i.bmi160_set_fifo_flush) for bmi160_set_fifo_flush
    main.o(i.app_open_bmi160_fifo) refers to main.o(.bss) for .bss
    main.o(i.app_open_bmi160_gyro) refers to bmi160.o(i.bmi160_set_sens_conf) for bmi160_set_sens_conf
    main.o(i.app_open_bmi160_no_motion) refers to bmi160.o(i.bmi160_set_int_config) for bmi160_set_int_config
    main.o(i.app_open_bmi160_tap) refers to bmi160.o(i.bmi160_set_int_config) for bmi160_set_int_config
    main.o(i.app_timer_callback) refers to nrfx_wdt.o(i.nrfx_wdt_channel_feed) for nrfx_wdt_channel_feed
    main.o(i.app_timer_callback) refers to main.o(i.saadc_init) for saadc_init
    main.o(i.app_timer_callback) refers to main.o(i.usr_get_volt) for usr_get_volt
    main.o(i.app_timer_callback) refers to nrfx_saadc.o(i.nrfx_saadc_uninit) for nrfx_saadc_uninit
    main.o(i.app_timer_callback) refers to main.o(.data) for .data
    main.o(i.assert_nrf_callback) refers to app_error_handler_keil.o(.emb_text) for app_error_handler
    main.o(i.ble_evt_handler) refers to app_error_handler_keil.o(.emb_text) for app_error_handler
    main.o(i.ble_evt_handler) refers to bsp.o(i.bsp_indication_set) for bsp_indication_set
    main.o(i.ble_evt_handler) refers to nrf_ble_qwr.o(i.nrf_ble_qwr_conn_handle_assign) for nrf_ble_qwr_conn_handle_assign
    main.o(i.ble_evt_handler) refers to main.o(.data) for .data
    main.o(i.ble_evt_handler) refers to main.o(.bss) for .bss
    main.o(i.ble_evt_handler) refers to main.o(.constdata) for .constdata
    main.o(i.ble_send_data) refers to ble_nus.o(i.ble_nus_data_send) for ble_nus_data_send
    main.o(i.ble_send_data) refers to app_error_handler_keil.o(.emb_text) for app_error_handler
    main.o(i.ble_send_data) refers to main.o(.data) for .data
    main.o(i.ble_send_event) refers to memseta.o(.text) for __aeabi_memclr4
    main.o(i.ble_send_event) refers to main.o(i.calc_checksum) for calc_checksum
    main.o(i.ble_send_event) refers to main.o(i.ble_send_data) for ble_send_data
    main.o(i.ble_send_event) refers to main.o(.data) for .data
    main.o(i.ble_send_event) refers to main.o(.bss) for .bss
    main.o(i.ble_send_packet) refers to memcpya.o(.text) for __aeabi_memcpy
    main.o(i.ble_send_packet) refers to main.o(i.calc_checksum) for calc_checksum
    main.o(i.ble_send_packet) refers to main.o(i.ble_send_data) for ble_send_data
    main.o(i.ble_send_packet) refers to main.o(.data) for .data
    main.o(i.ble_send_ram_and_flash_sensor_data) refers to memseta.o(.text) for __aeabi_memclr4
    main.o(i.ble_send_ram_and_flash_sensor_data) refers to nrf_flash.o(i.nrf_flash_read) for nrf_flash_read
    main.o(i.ble_send_ram_and_flash_sensor_data) refers to main.o(i.check_flash_data_is_valid) for check_flash_data_is_valid
    main.o(i.ble_send_ram_and_flash_sensor_data) refers to main.o(i.ble_send_packet) for ble_send_packet
    main.o(i.ble_send_ram_and_flash_sensor_data) refers to sys_queue.o(i.queue_empty) for queue_empty
[...]
    m_p_cur_op                               0x20002460   Data           4  nrf_fstorage_sd.o(.data)
    m_iget_ctx                               0x20002464   Data           4  nrf_fstorage_sd.o(.data)
    .data                                    0x20002468   Section        3  nrf_sdh.o(.data)
    m_nrf_sdh_enabled                        0x20002468   Data           1  nrf_sdh.o(.data)
    m_nrf_sdh_suspended                      0x20002469   Data           1  nrf_sdh.o(.data)
    m_nrf_sdh_continue                       0x2000246a   Data           1  nrf_sdh.o(.data)
    .data                                    0x2000246b   Section        1  nrf_sdh_ble.o(.data)
    m_stack_is_enabled                       0x2000246b   Data           1  nrf_sdh_ble.o(.data)
    .data                                    0x2000246c   Section        4  system_nrf52805.o(.data)
    __tagsym$$used                           0x2000246c   Number         0  system_nrf52805.o(.data)
    fs_data                                  0x20002470   Section       20  nrf_flash.o(fs_data)
    __tagsym$$used                           0x20002470   Number         0  nrf_flash.o(fs_data)
    .bss                                     0x20002484   Section    10088  main.o(.bss)
    g_sensor_data_buf                        0x20002484   Data         144  main.o(.bss)
    g_s_save_sensor_data_queue               0x20002514   Data        7412  main.o(.bss)
    g_s_sensor_data_buf                      0x20004208   Data         144  main.o(.bss)
    g_s_send_sensor_buf                      0x20004298   Data         144  main.o(.bss)
    m_gatt                                   0x20004328   Data          16  main.o(.bss)
    m_qwr                                    0x20004338   Data          12  main.o(.bss)
    m_advertising                            0x20004344   Data         248  main.o(.bss)
    g_s_manuf_data                           0x2000443c   Data          12  main.o(.bss)
    spi_tx_buf                               0x20004448   Data         256  main.o(.bss)
    spi_rx_buf                               0x20004548   Data         256  main.o(.bss)
    .bss                                     0x20004bec   Section       12  bsp.o(.bss)
    m_events_list                            0x20004bec   Data          12  bsp.o(.bss)
    .bss                                     0x20004bf8   Section       80  ble_conn_params.o(.bss)
    m_timer_data                             0x20004bf8   Data          32  ble_conn_params.o(.bss)
    m_conn_params_instances                  0x20004c18   Data          20  ble_conn_params.o(.bss)
    m_conn_params_config                     0x20004c2c   Data          28  ble_conn_params.o(.bss)
    .bss                                     0x20004c48   Section      124  ble_conn_state.o(.bss)
    m_bcs                                    0x20004c48   Data         124  ble_conn_state.o(.bss)
    .bss                                     0x20004cc4   Section       20  nrf_drv_clock.o(.bss)
    m_clock_cb                               0x20004cc4   Data          20  nrf_drv_clock.o(.bss)
    .bss                                     0x20004cd8   Section       92  nrfx_gpiote.o(.bss)
    m_cb                                     0x20004cd8   Data          92  nrfx_gpiote.o(.bss)
    .bss                                     0x20004d34   Section       48  nrfx_saadc.o(.bss)
    m_cb                                     0x20004d34   Data          48  nrfx_saadc.o(.bss)
    .bss                                     0x20004d64   Section       44  nrfx_spi.o(.bss)
    m_cb                                     0x20004d64   Data          44  nrfx_spi.o(.bss)
    .bss                                     0x20004d90   Section       32  app_error.o(.bss)
    m_error_data                             0x20004d90   Data          32  app_error.o(.bss)
    .bss                                     0x20004db0   Section       16  app_timer2.o(.bss)
    m_req_fifo_inst                          0x20004db0   Data          16  app_timer2.o(.bss)
    .bss                                     0x20004dc0   Section       88  app_timer2.o(.bss)
    m_req_fifo_data                          0x20004dc0   Data          88  app_timer2.o(.bss)
    .bss                                     0x20004e18   Section       12  app_util_platform.o(.bss)
    .bss                                     0x20004e24   Section       12  nrf_pwr_mgmt.o(.bss)
    m_handlers_iter                          0x20004e24   Data          12  nrf_pwr_mgmt.o(.bss)
    .bss                                     0x20004e30   Section       16  nrf_fstorage_sd.o(.bss)
    m_fifo_inst                              0x20004e30   Data          16  nrf_fstorage_sd.o(.bss)
    .bss                                     0x20004e40   Section      160  nrf_fstorage_sd.o(.bss)
    m_fifo_data                              0x20004e40   Data         140  nrf_fstorage_sd.o(.bss)
    m_flags                                  0x20004ecc   Data          20  nrf_fstorage_sd.o(.bss)
    STACK                                    0x20004ee0   Section     2048  arm_startup_nrf52805.o(STACK)

    Global Symbols

    Symbol Name                              Value     Ov Type        Size  Object(Section)

    BuildAttributes$$THM_ISAv4$E$P$D$K$B$S$7EM$PE$A:L22UL41UL21$X:L11$S22US41US21$IEEE1$IW$USESV6$~STKCKD$USESV7$~SHL$OSPACE$ROPI$EBA8$MICROLIB$REQ8$EABIv2 0x00000000   Number         0  anon$$obj.o ABSOLUTE
    __ARM_use_no_argv                        0x00000000   Number         0  main.o ABSOLUTE
    __arm_fini_                               - Undefined Weak Reference
    __cpp_initialize__aeabi_                  - Undefined Weak Reference
    __cxa_finalize                            - Undefined Weak Reference
    _clock_init                               - Undefined Weak Reference
    _microlib_exit                            - Undefined Weak Reference
    pwr_mgmt_data0$$Base                      - Undefined Reference
    pwr_mgmt_data0$$Limit                     - Undefined Reference
    pwr_mgmt_data1$$Base                      - Undefined Reference
    pwr_mgmt_data1$$Limit                     - Undefined Reference
    pwr_mgmt_data2$$Base                      - Undefined Reference
    pwr_mgmt_data2$$Limit                     - Undefined Reference
    sdh_req_observers1$$Base                  - Undefined Reference
    sdh_req_observers1$$Limit                 - Undefined Reference
    sdh_soc_observers1$$Base                  - Undefined Reference
    sdh_soc_observers1$$Limit                 - Undefined Reference
    sdh_stack_observers1$$Base                - Undefined Reference
    sdh_stack_observers1$$Limit               - Undefined Reference
    sdh_state_observers1$$Base                - Undefined Reference
    sdh_state_observers1$$Limit               - Undefined Reference
    __Vectors_Size                           0x00000200   Number         0  arm_startup_nrf52805.o ABSOLUTE
    __Vectors                                0x00019000   Data           4  arm_startup_nrf52805.o(RESET)
    __Vectors_End                            0x00019200   Data           0  arm_startup_nrf52805.o(RESET)
    __main                                   0x00019201   Thumb Code     0  entry.o(.ARM.Collect$$$$00000000)
    _main_stk                                0x00019201   Thumb Code     0  entry2.o(.ARM.Collect$$$$00000001)
    _main_scatterload                        0x00019205   Thumb Code     0  entry5.o(.ARM.Collect$$$$00000004)
    __main_after_scatterload                 0x00019209   Thumb Code     0  entry5.o(.ARM.Collect$$$$00000004)
    _main_clock                              0x00019209   Thumb Code     0  entry7b.o(.ARM.Collect$$$$00000008)
    _main_cpp_init                           0x00019209   Thumb Code     0  entry8b.o(.ARM.Collect$$$$0000000A)
    _main_init                               0x00019209   Thumb Code     0  entry9a.o(.ARM.Collect$$$$0000000B)
    __rt_lib_shutdown_fini                   0x00019211   Thumb Code     0  entry12b.o(.ARM.Collect$$$$0000000E)
    __rt_final_cpp                           0x00019215   Thumb Code     0  entry10a.o(.ARM.Collect$$$$0000000F)
    __rt_final_exit                          0x00019215   Thumb Code     0  entry11a.o(.ARM.Collect$$$$00000011)
    app_error_handler                        0x00019219   Thumb Code    26  app_error_handler_keil.o(.emb_text)
    __asm___12_nrf_atfifo_c_51f461e1__nrf_atfifo_wspace_req 0x00019235   Thumb Code    56  nrf_atfifo.o(.emb_text)
    __asm___12_nrf_atfifo_c_51f461e1__nrf_atfifo_wspace_close 0x0001926d   Thumb Code    18  nrf_atfifo.o(.emb_text)
    __asm___12_nrf_atfifo_c_51f461e1__nrf_atfifo_rspace_req 0x0001927f   Thumb Code    58  nrf_atfifo.o(.emb_text)
    __asm___12_nrf_atfifo_c_51f461e1__nrf_atfifo_rspace_close 0x000192b9   Thumb Code    18  nrf_atfifo.o(.emb_text)
    __asm___12_nrf_atfifo_c_51f461e1__nrf_atfifo_space_clear 0x000192cb   Thumb Code    50  nrf_atfifo.o(.emb_text)
    __asm___12_nrf_atomic_c_85ca2469__nrf_atomic_internal_mov 0x000192fd   Thumb Code    24  nrf_atomic.o(.emb_text)
    __asm___12_nrf_atomic_c_85ca2469__nrf_atomic_internal_orr 0x00019315   Thumb Code    26  nrf_atomic.o(.emb_text)
    __asm___12_nrf_atomic_c_85ca2469__nrf_atomic_internal_and 0x0001932f   Thumb Code    26  nrf_atomic.o(.emb_text)
    __asm___12_nrf_atomic_c_85ca2469__nrf_atomic_internal_eor 0x00019349   Thumb Code    26  nrf_atomic.o(.emb_text)
    __asm___12_nrf_atomic_c_85ca2469__nrf_atomic_internal_add 0x00019363   Thumb Code    26  nrf_atomic.o(.emb_text)
    __asm___12_nrf_atomic_c_85ca2469__nrf_atomic_internal_sub 0x0001937d   Thumb Code    26  nrf_atomic.o(.emb_text)
    __asm___12_nrf_atomic_c_85ca2469__nrf_atomic_internal_cmp_exch 0x00019397   Thumb Code    42  nrf_atomic.o(.emb_text)
    __asm___12_nrf_atomic_c_85ca2469__nrf_atomic_internal_sub_hs 0x000193c1   Thumb Code    30  nrf_atomic.o(.emb_text)
    Reset_Handler                            0x000193e1   Thumb Code     8  arm_startup_nrf52805.o(.text)
    NMI_Handler                              0x000193e9   Thumb Code     2  arm_startup_nrf52805.o(.text)
    HardFault_Handler                        0x000193eb   Thumb Code     2  arm_startup_nrf52805.o(.text)
    MemoryManagement_Handler                 0x000193ed   Thumb Code     2  arm_startup_nrf52805.o(.text)
    BusFault_Handler                         0x000193ef   Thumb Code     2  arm_startup_nrf52805.o(.text)
    UsageFault_Handler                       0x000193f1   Thumb Code     2  arm_startup_nrf52805.o(.text)
    SVC_Handler                              0x000193f3   Thumb Code     2  arm_startup_nrf52805.o(.text)
    DebugMon_Handler                         0x000193f5   Thumb Code     2  arm_startup_nrf52805.o(.text)
    PendSV_Handler                           0x000193f7   Thumb Code     2  arm_startup_nrf52805.o(.text)
    SysTick_Handler                          0x000193f9   Thumb Code     2  arm_startup_nrf52805.o(.text)
    CCM_AAR_IRQHandler                       0x000193fb   Thumb Code     0  arm_startup_nrf52805.o(.text)
    ECB_IRQHandler                           0x000193fb   Thumb Code     0  arm_startup_nrf52805.o(.text)
    RADIO_IRQHandler                         0x000193fb   Thumb Code     0  arm_startup_nrf52805.o(.text)
    RNG_IRQHandler                           0x000193fb   Thumb Code     0  arm_startup_nrf52805.o(.text)
    SWI0_EGU0_IRQHandler                     0x000193fb   Thumb Code     0  arm_startup_nrf52805.o(.text)
    SWI1_EGU1_IRQHandler                     0x000193fb   Thumb Code     0  arm_startup_nrf52805.o(.text)
    SWI3_IRQHandler                          0x000193fb   Thumb Code     0  arm_startup_nrf52805.o(.text)
    SWI4_IRQHandler                          0x000193fb   Thumb Code     0  arm_startup_nrf52805.o(.text)
    SWI5_IRQHandler                          0x000193fb   Thumb Code     0  arm_startup_nrf52805.o(.text)
    TEMP_IRQHandler                          0x000193fb   Thumb Code     0  arm_startup_nrf52805.o(.text)
    TIMER0_IRQHandler                        0x000193fb   Thumb Code     0  arm_startup_nrf52805.o(.text)
    TIMER1_IRQHandler                        0x000193fb   Thumb Code     0  arm_startup_nrf52805.o(.text)
    TIMER2_IRQHandler                        0x000193fb   Thumb Code     0  arm_startup_nrf52805.o(.text)
    TWIM0_TWIS0_TWI0_IRQHandler              0x000193fb   Thumb Code     0  arm_startup_nrf52805.o(.text)
    UARTE0_UART0_IRQHandler                  0x000193fb   Thumb Code     0  arm_startup_nrf52805.o(.text)
    __aeabi_uldivmod                         0x00019405   Thumb Code    98  uldiv.o(.text)
    __aeabi_llsl                             0x00019467   Thumb Code    30  llshl.o(.text)
    _ll_shift_l                              0x00019467   Thumb Code     0  llshl.o(.text)
    __aeabi_memcpy                           0x00019485   Thumb Code    36  memcpya.o(.text)
    __aeabi_memcpy4                          0x00019485   Thumb Code     0  memcpya.o(.text)
    __aeabi_memcpy8                          0x00019485   Thumb Code     0  memcpya.o(.text)
    __aeabi_memset                           0x000194a9   Thumb Code    14  memseta.o(.text)
    __aeabi_memset4                          0x000194a9   Thumb Code     0  memseta.o(.text)
    __aeabi_memset8                          0x000194a9   Thumb Code     0  memseta.o(.text)
    __aeabi_memclr                           0x000194b7   Thumb Code     4  memseta.o(.text)
    __aeabi_memclr4                          0x000194b7   Thumb Code     0  memseta.o(.text)
    __aeabi_memclr8                          0x000194b7   Thumb Code     0  memseta.o(.text)
    _memset$wrapper                          0x000194bb   Thumb Code    18  memseta.o(.text)
    __aeabi_dmul                             0x000194cd   Thumb Code   228  dmul.o(.text)
    __aeabi_ddiv                             0x000195b1   Thumb Code   222  ddiv.o(.text)
    __ARM_scalbn                             0x0001968f   Thumb Code    46  dscalb.o(.text)
    scalbn                                   0x0001968f   Thumb Code     0  dscalb.o(.text)
    __aeabi_i2d                              0x000196bd   Thumb Code    34  dflti.o(.text)
    __aeabi_ui2d                             0x000196df   Thumb Code    26  dfltui.o(.text)
    __aeabi_d2uiz                            0x000196f9   Thumb Code    50  dfixui.o(.text)
    __aeabi_llsr                             0x0001972b   Thumb Code    32  llushr.o(.text)
    _ll_ushift_r                             0x0001972b   Thumb Code     0  llushr.o(.text)
    __I$use$fp                               0x0001974b   Thumb Code     0  iusefp.o(.text)
    _double_round                            0x0001974b   Thumb Code    30  depilogue.o(.text)
    _double_epilogue                         0x00019769   Thumb Code   156  depilogue.o(.text)
    __scatterload                            0x00019805   Thumb Code    28  init.o(.text)
    __scatterload_rt2                        0x00019805   Thumb Code     0  init.o(.text)
    __decompress                             0x00019829   Thumb Code     0  __dczerorl2.o(.text)
    __decompress1                            0x00019829   Thumb Code    86  __dczerorl2.o(.text)
    GPIOTE_IRQHandler                        0x00019881   Thumb Code   154  nrfx_gpiote.o(i.GPIOTE_IRQHandler)
    POWER_CLOCK_IRQHandler                   0x00019925   Thumb Code    74  nrfx_clock.o(i.POWER_CLOCK_IRQHandler)
    RTC0_IRQHandler                          0x00019975   Thumb Code    10  nrfx_rtc.o(i.RTC0_IRQHandler)
    RTC1_IRQHandler                          0x00019985   Thumb Code    12  drv_rtc.o(i.RTC1_IRQHandler)
    SAADC_IRQHandler                         0x00019995   Thumb Code   320  nrfx_saadc.o(i.SAADC_IRQHandler)
    SPIM0_SPIS0_SPI0_IRQHandler              0x00019add   Thumb Code    62  nrfx_spi.o(i.SPIM0_SPIS0_SPI0_IRQHandler)
    SWI2_IRQHandler                          0x00019b21   Thumb Code     4  nrf_sdh.o(i.SWI2_IRQHandler)
    SystemInit                               0x00019b25   Thumb Code   330  system_nrf52805.o(i.SystemInit)
    WDT_IRQHandler                           0x00019c9d   Thumb Code    26  nrfx_wdt.o(i.WDT_IRQHandler)
    __scatterload_copy                       0x00019cc1   Thumb Code    14  handlers.o(i.__scatterload_copy)
    __scatterload_null                       0x00019ccf   Thumb Code     2  handlers.o(i.__scatterload_null)
    __scatterload_zeroinit                   0x00019cd1   Thumb Code    14  handlers.o(i.__scatterload_zeroinit)
    app_error_fault_handler                  0x00019e05   Thumb Code    20  app_error_weak.o(i.app_error_fault_handler)
    app_error_save_and_stop                  0x00019e1d   Thumb Code    96  app_error.o(i.app_error_save_and_stop)
    app_open_bmi160_acc                      0x00019e81   Thumb Code    24  main.o(i.app_open_bmi160_acc)
    app_open_bmi160_aux                      0x00019e99   Thumb Code   120  main.o(i.app_open_bmi160_aux)
    app_open_bmi160_fifo                     0x00019f15   Thumb Code    56  main.o(i.app_open_bmi160_fifo)
    app_open_bmi160_gyro                     0x00019f51   Thumb Code    20  main.o(i.app_open_bmi160_gyro)
    app_timer_callback                       0x00019f65   Thumb Code    54  main.o(i.app_timer_callback)
    app_timer_cnt_get                        0x00019fa1   Thumb Code     6  app_timer2.o(i.app_timer_cnt_get)
    app_timer_create                         0x00019fad   Thumb Code    32  app_timer2.o(i.app_timer_create)
    app_timer_init                           0x00019fcd   Thumb Code    70  app_timer2.o(i.app_timer_init)
    app_timer_start                          0x0001a029   Thumb Code    84  app_timer2.o(i.app_timer_start)
    app_timer_stop                           0x0001a07d   Thumb Code    68  app_timer2.o(i.app_timer_stop)
    app_util_critical_region_enter           0x0001a0c1   Thumb Code    64  app_util_platform.o(i.app_util_critical_region_enter)
    app_util_critical_region_exit            0x0001a109   Thumb Code    46  app_util_platform.o(i.app_util_critical_region_exit)
    blcm_link_ctx_get                        0x0001a13d   Thumb Code    72  ble_link_ctx_manager.o(i.blcm_link_ctx_get)
    ble_advdata_encode                       0x0001a185   Thumb Code   386  ble_advdata.o(i.ble_advdata_encode)
    ble_advdata_parse                        0x0001a307   Thumb Code    32  ble_advdata.o(i.ble_advdata_parse)
    ble_advdata_search                       0x0001a327   Thumb Code    70  ble_advdata.o(i.ble_advdata_search)
    ble_advertising_conn_cfg_tag_set         0x0001a36d   Thumb Code     6  ble_advertising.o(i.ble_advertising_conn_cfg_tag_set)
    ble_advertising_init                     0x0001a373   Thumb Code   248  ble_advertising.o(i.ble_advertising_init)
    ble_advertising_on_ble_evt               0x0001a46b   Thumb Code   106  ble_advertising.o(i.ble_advertising_on_ble_evt)
    ble_advertising_start                    0x0001a4d5   Thumb Code   514  ble_advertising.o(i.ble_advertising_start)
    ble_conn_params_init                     0x0001a6d9   Thumb Code    90  ble_conn_params.o(i.ble_conn_params_init)
    ble_conn_state_conn_idx                  0x0001a741   Thumb Code    18  ble_conn_state.o(i.ble_conn_state_conn_idx)
    ble_conn_state_valid                     0x0001a755   Thumb Code    16  ble_conn_state.o(i.ble_conn_state_valid)
    ble_nus_data_send                        0x0001ab79   Thumb Code   102  ble_nus.o(i.ble_nus_data_send)
    ble_nus_init                             0x0001abe1   Thumb Code   206  ble_nus.o(i.ble_nus_init)
    ble_nus_on_ble_evt                       0x0001acb5   Thumb Code   120  ble_nus.o(i.ble_nus_on_ble_evt)
    ble_send_event                           0x0001ad79   Thumb Code    58  main.o(i.ble_send_event)
    ble_send_packet                          0x0001adbd   Thumb Code   108  main.o(i.ble_send_packet)
    ble_send_ram_and_flash_sensor_data       0x0001ae2d   Thumb Code   122  main.o(i.ble_send_ram_and_flash_sensor_data)
    ble_srv_is_notification_enabled          0x0001aeb5   Thumb Code     8  ble_srv_common.o(i.ble_srv_is_notification_enabled)
    bmi160_aux_init                          0x0001af01   Thumb Code   112  bmi160.o(i.bmi160_aux_init)
    bmi160_aux_read                          0x0001af71   Thumb Code    72  bmi160.o(i.bmi160_aux_read)
    bmi160_aux_write                         0x0001afb9   Thumb Code   108  bmi160.o(i.bmi160_aux_write)
    bmi160_config_aux_mode                   0x0001b025   Thumb Code   102  bmi160.o(i.bmi160_config_aux_mode)
    bmi160_extract_accel                     0x0001b08b   Thumb Code   128  bmi160.o(i.bmi160_extract_accel)
    bmi160_extract_aux                       0x0001b10b   Thumb Code   174  bmi160.o(i.bmi160_extract_aux)
    bmi160_extract_gyro                      0x0001b1b9   Thumb Code   126  bmi160.o(i.bmi160_extract_gyro)
    bmi160_get_fifo_data                     0x0001b237   Thumb Code   124  bmi160.o(i.bmi160_get_fifo_data)
    bmi160_get_regs                          0x0001b2b3   Thumb Code    52  bmi160.o(i.bmi160_get_regs)
    bmi160_init                              0x0001b2e7   Thumb Code    92  bmi160.o(i.bmi160_init)
    bmi160_set_aux_auto_mode                 0x0001b343   Thumb Code   120  bmi160.o(i.bmi160_set_aux_auto_mode)
    bmi160_set_fifo_config                   0x0001b3bb   Thumb Code   128  bmi160.o(i.bmi160_set_fifo_config)
    bmi160_set_fifo_flush                    0x0001b43b   Thumb Code    32  bmi160.o(i.bmi160_set_fifo_flush)
    bmi160_set_power_mode                    0x0001b45b   Thumb Code   174  bmi160.o(i.bmi160_set_power_mode)
    bmi160_set_regs                          0x0001b509   Thumb Code   138  bmi160.o(i.bmi160_set_regs)
    bmi160_set_sens_conf                     0x0001b593   Thumb Code   218  bmi160.o(i.bmi160_set_sens_conf)
    bmi160_soft_reset                        0x0001b66d   Thumb Code   110  bmi160.o(i.bmi160_soft_reset)
    bmm150_aux_mag_data                      0x0001b6db   Thumb Code   116  bmm150.o(i.bmm150_aux_mag_data)
    bmm150_aux_read                          0x0001b751   Thumb Code    20  main.o(i.bmm150_aux_read)
    bmm150_aux_write                         0x0001b769   Thumb Code    20  main.o(i.bmm150_aux_write)
    bmm150_get_regs                          0x0001b781   Thumb Code    58  bmm150.o(i.bmm150_get_regs)
    bmm150_init                              0x0001b7bb   Thumb Code    80  bmm150.o(i.bmm150_init)
    bmm150_set_op_mode                       0x0001b80b   Thumb Code    68  bmm150.o(i.bmm150_set_op_mode)
    bmm150_set_presetmode                    0x0001b84f   Thumb Code   106  bmm150.o(i.bmm150_set_presetmode)
    bmm150_set_regs                          0x0001b8b9   Thumb Code    50  bmm150.o(i.bmm150_set_regs)
    bsp_board_button_idx_to_pin              0x0001b8ed   Thumb Code     6  boards.o(i.bsp_board_button_idx_to_pin)
    bsp_board_led_invert                     0x0001b8f9   Thumb Code    32  boards.o(i.bsp_board_led_invert)
    bsp_board_led_off                        0x0001b91d   Thumb Code    10  boards.o(i.bsp_board_led_off)
    bsp_board_led_on                         0x0001b92d   Thumb Code    10  boards.o(i.bsp_board_led_on)
    bsp_board_led_state_get                  0x0001b93d   Thumb Code    28  boards.o(i.bsp_board_led_state_get)
    bsp_board_leds_off                       0x0001b95d   Thumb Code    18  boards.o(i.bsp_board_leds_off)
    bsp_board_leds_on                        0x0001b96f   Thumb Code    18  boards.o(i.bsp_board_leds_on)
    bsp_board_pin_to_button_idx              0x0001b981   Thumb Code    30  boards.o(i.bsp_board_pin_to_button_idx)
    bsp_btn_ble_sleep_mode_prepare           0x0001b9a5   Thumb Code    30  bsp_btn_ble.o(i.bsp_btn_ble_sleep_mode_prepare)
    bsp_event_to_button_action_assign        0x0001ba55   Thumb Code    64  bsp.o(i.bsp_event_to_button_action_assign)
    bsp_indication_set                       0x0001ba99   Thumb Code    20  bsp.o(i.bsp_indication_set)
    bsp_wakeup_button_enable                 0x0001bc79   Thumb Code     6  bsp.o(i.bsp_wakeup_button_enable)
    characteristic_add                       0x0001bca9   Thumb Code   400  ble_srv_common.o(i.characteristic_add)
    check_flash_data_is_valid                0x0001bead   Thumb Code    34  main.o(i.check_flash_data_is_valid)
    conn_handle_list_get                     0x0001c121   Thumb Code    62  ble_conn_state.o(i.conn_handle_list_get)
    drv_rtc_compare_disable                  0x0001c24d   Thumb Code    20  drv_rtc.o(i.drv_rtc_compare_disable)
    drv_rtc_compare_pending                  0x0001c261   Thumb Code    14  drv_rtc.o(i.drv_rtc_compare_pending)
    drv_rtc_compare_set                      0x0001c26f   Thumb Code    80  drv_rtc.o(i.drv_rtc_compare_set)
    drv_rtc_counter_get                      0x0001c2bf   Thumb Code     8  drv_rtc.o(i.drv_rtc_counter_get)
    drv_rtc_init                             0x0001c2c9   Thumb Code   114  drv_rtc.o(i.drv_rtc_init)
    drv_rtc_irq_trigger                      0x0001c341   Thumb Code    26  drv_rtc.o(i.drv_rtc_irq_trigger)
    drv_rtc_overflow_enable                  0x0001c35b   Thumb Code     8  drv_rtc.o(i.drv_rtc_overflow_enable)
    drv_rtc_overflow_pending                 0x0001c363   Thumb Code     8  drv_rtc.o(i.drv_rtc_overflow_pending)
    drv_rtc_start                            0x0001c36b   Thumb Code     8  drv_rtc.o(i.drv_rtc_start)
    drv_rtc_stop                             0x0001c373   Thumb Code     8  drv_rtc.o(i.drv_rtc_stop)
    drv_rtc_windowed_compare_set             0x0001c37b   Thumb Code   222  drv_rtc.o(i.drv_rtc_windowed_compare_set)
    erase_save_sensor_flash_sector           0x0001c4a5   Thumb Code    36  main.o(i.erase_save_sensor_flash_sector)
    gatt_evt_handler                         0x0001c8c1   Thumb Code    28  main.o(i.gatt_evt_handler)
    gatt_init                                0x0001c8e1   Thumb Code    50  main.o(i.gatt_init)
    main                                     0x0001cbfd   Thumb Code   956  main.o(i.main)
    nrf52_read_spi                           0x0001d129   Thumb Code    56  main.o(i.nrf52_read_spi)
    nrf52_write_spi                          0x0001d171   Thumb Code    52  main.o(i.nrf52_write_spi)
    nrf_atfifo_clear                         0x0001d1b5   Thumb Code    16  nrf_atfifo.o(i.nrf_atfifo_clear)
    nrf_atfifo_init                          0x0001d1c5   Thumb Code    38  nrf_atfifo.o(i.nrf_atfifo_init)
    nrf_atfifo_item_alloc                    0x0001d1eb   Thumb Code    22  nrf_atfifo.o(i.nrf_atfifo_item_alloc)
    nrf_atfifo_item_free                     0x0001d201   Thumb Code    22  nrf_atfifo.o(i.nrf_atfifo_item_free)
    nrf_atfifo_item_get                      0x0001d217   Thumb Code    22  nrf_atfifo.o(i.nrf_atfifo_item_get)
    nrf_atfifo_item_put                      0x0001d22d   Thumb Code    22  nrf_atfifo.o(i.nrf_atfifo_item_put)
    nrf_atflags_clear                        0x0001d243   Thumb Code    22  nrf_atflags.o(i.nrf_atflags_clear)
    nrf_atflags_get                          0x0001d259   Thumb Code    22  nrf_atflags.o(i.nrf_atflags_get)
    nrf_atflags_set                          0x0001d26f   Thumb Code    20  nrf_atflags.o(i.nrf_atflags_set)
    nrf_atomic_flag_set_fetch                0x0001d283   Thumb Code     6  nrf_atomic.o(i.nrf_atomic_flag_set_fetch)
    nrf_atomic_u32_and                       0x0001d289   Thumb Code    12  nrf_atomic.o(i.nrf_atomic_u32_and)
    nrf_atomic_u32_fetch_or                  0x0001d295   Thumb Code    10  nrf_atomic.o(i.nrf_atomic_u32_fetch_or)
    nrf_atomic_u32_or                        0x0001d29f   Thumb Code    12  nrf_atomic.o(i.nrf_atomic_u32_or)
    nrf_ble_gatt_att_mtu_periph_set          0x0001d2bb   Thumb Code    24  nrf_ble_gatt.o(i.nrf_ble_gatt_att_mtu_periph_set)
    nrf_ble_gatt_init                        0x0001d2d3   Thumb Code    34  nrf_ble_gatt.o(i.nrf_ble_gatt_init)
    nrf_ble_gatt_on_ble_evt                  0x0001d2f5   Thumb Code   224  nrf_ble_gatt.o(i.nrf_ble_gatt_on_ble_evt)
    nrf_ble_qwr_conn_handle_assign           0x0001d3d9   Thumb Code    22  nrf_ble_qwr.o(i.nrf_ble_qwr_conn_handle_assign)
    nrf_ble_qwr_init                         0x0001d3ef   Thumb Code    36  nrf_ble_qwr.o(i.nrf_ble_qwr_init)
    nrf_ble_qwr_on_ble_evt                   0x0001d413   Thumb Code   182  nrf_ble_qwr.o(i.nrf_ble_qwr_on_ble_evt)
    nrf_drv_clock_init                       0x0001d509   Thumb Code    56  nrf_drv_clock.o(i.nrf_drv_clock_init)
    nrf_drv_clock_lfclk_release              0x0001d549   Thumb Code    48  nrf_drv_clock.o(i.nrf_drv_clock_lfclk_release)
    nrf_drv_spi_init                         0x0001d57d   Thumb Code    30  nrf_drv_spi.o(i.nrf_drv_spi_init)
    nrf_flash_erase                          0x0001d5bd   Thumb Code    34  nrf_flash.o(i.nrf_flash_erase)
    nrf_flash_init                           0x0001d5e5   Thumb Code    10  nrf_flash.o(i.nrf_flash_init)
    nrf_flash_read                           0x0001d5f9   Thumb Code    32  nrf_flash.o(i.nrf_flash_read)
    nrf_flash_write                          0x0001d62d   Thumb Code    46  nrf_flash.o(i.nrf_flash_write)
    nrf_fstorage_erase                       0x0001d661   Thumb Code    78  nrf_fstorage.o(i.nrf_fstorage_erase)
    nrf_fstorage_init                        0x0001d6af   Thumb Code    16  nrf_fstorage.o(i.nrf_fstorage_init)
    nrf_fstorage_is_busy                     0x0001d6c1   Thumb Code    70  nrf_fstorage.o(i.nrf_fstorage_is_busy)
    nrf_fstorage_read                        0x0001d711   Thumb Code    80  nrf_fstorage.o(i.nrf_fstorage_read)
    nrf_fstorage_sdh_req_handler             0x0001d761   Thumb Code    18  nrf_fstorage_sd.o(i.nrf_fstorage_sdh_req_handler)
    nrf_fstorage_sdh_state_handler           0x0001d779   Thumb Code    28  nrf_fstorage_sd.o(i.nrf_fstorage_sdh_state_handler)
    nrf_fstorage_sys_evt_handler             0x0001d799   Thumb Code   154  nrf_fstorage_sd.o(i.nrf_fstorage_sys_evt_handler)
    nrf_fstorage_write                       0x0001d83d   Thumb Code   102  nrf_fstorage.o(i.nrf_fstorage_write)
    nrf_pwr_mgmt_init                        0x0001d9cd   Thumb Code    28  nrf_pwr_mgmt.o(i.nrf_pwr_mgmt_init)
    nrf_pwr_mgmt_run                         0x0001d9f5   Thumb Code    20  nrf_pwr_mgmt.o(i.nrf_pwr_mgmt_run)
    nrf_sdh_ble_app_ram_start_get            0x0001da91   Thumb Code    16  nrf_sdh_ble.o(i.nrf_sdh_ble_app_ram_start_get)
    nrf_sdh_ble_default_cfg_set              0x0001daa5   Thumb Code   148  nrf_sdh_ble.o(i.nrf_sdh_ble_default_cfg_set)
    nrf_sdh_ble_enable                       0x0001db39   Thumb Code    14  nrf_sdh_ble.o(i.nrf_sdh_ble_enable)
    nrf_sdh_disable_request                  0x0001dbf5   Thumb Code    80  nrf_sdh.o(i.nrf_sdh_disable_request)
    nrf_sdh_enable_request                   0x0001dc49   Thumb Code   102  nrf_sdh.o(i.nrf_sdh_enable_request)
    nrf_sdh_evts_poll                        0x0001dcbd   Thumb Code    32  nrf_sdh.o(i.nrf_sdh_evts_poll)
    nrf_sdh_is_enabled                       0x0001dce1   Thumb Code     6  nrf_sdh.o(i.nrf_sdh_is_enabled)
    nrf_sdh_request_continue                 0x0001dced   Thumb Code    22  nrf_sdh.o(i.nrf_sdh_request_continue)
    nrf_section_iter_init                    0x0001dd89   Thumb Code    10  nrf_section_iter.o(i.nrf_section_iter_init)
    nrf_section_iter_next                    0x0001ddb7   Thumb Code    32  nrf_section_iter.o(i.nrf_section_iter_next)
    nrf_sortlist_add                         0x0001ddd7   Thumb Code    34  nrf_sortlist.o(i.nrf_sortlist_add)
    nrf_sortlist_peek                        0x0001ddf9   Thumb Code     6  nrf_sortlist.o(i.nrf_sortlist_peek)
    nrf_sortlist_pop                         0x0001ddff   Thumb Code    14  nrf_sortlist.o(i.nrf_sortlist_pop)
    nrf_sortlist_remove                      0x0001de0d   Thumb Code    30  nrf_sortlist.o(i.nrf_sortlist_remove)
    nrfx_clock_enable                        0x0001de3d   Thumb Code    34  nrfx_clock.o(i.nrfx_clock_enable)
    nrfx_clock_init                          0x0001de69   Thumb Code    22  nrfx_clock.o(i.nrfx_clock_init)
    nrfx_clock_lfclk_stop                    0x0001de85   Thumb Code    38  nrfx_clock.o(i.nrfx_clock_lfclk_stop)
    nrfx_saadc_channel_init                  0x0001ded5   Thumb Code   132  nrfx_saadc.o(i.nrfx_saadc_channel_init)
    nrfx_saadc_channel_uninit                0x0001df61   Thumb Code    62  nrfx_saadc.o(i.nrfx_saadc_channel_uninit)
    nrfx_saadc_init                          0x0001dfa5   Thumb Code   130  nrfx_saadc.o(i.nrfx_saadc_init)
    nrfx_saadc_limits_set                    0x0001e039   Thumb Code   120  nrfx_saadc.o(i.nrfx_saadc_limits_set)
    nrfx_saadc_sample_convert                0x0001e0b9   Thumb Code   182  nrfx_saadc.o(i.nrfx_saadc_sample_convert)
    nrfx_saadc_uninit                        0x0001e179   Thumb Code    94  nrfx_saadc.o(i.nrfx_saadc_uninit)
    nrfx_spi_init                            0x0001e1e5   Thumb Code   372  nrfx_spi.o(i.nrfx_spi_init)
    nrfx_spi_uninit                          0x0001e35d   Thumb Code    90  nrfx_spi.o(i.nrfx_spi_uninit)
    nrfx_spi_xfer                            0x0001e3bd   Thumb Code    96  nrfx_spi.o(i.nrfx_spi_xfer)
    nrfx_wdt_channel_alloc                   0x0001e421   Thumb Code    60  nrfx_wdt.o(i.nrfx_wdt_channel_alloc)
    nrfx_wdt_channel_feed                    0x0001e465   Thumb Code    14  nrfx_wdt.o(i.nrfx_wdt_channel_feed)
    nrfx_wdt_enable                          0x0001e47d   Thumb Code    18  nrfx_wdt.o(i.nrfx_wdt_enable)
    nrfx_wdt_init                            0x0001e499   Thumb Code    76  nrfx_wdt.o(i.nrfx_wdt_init)
    queue_clear                              0x0001eb65   Thumb Code    46  sys_queue.o(i.queue_clear)
    queue_empty                              0x0001eb93   Thumb Code    18  sys_queue.o(i.queue_empty)
    queue_full                               0x0001ebb9   Thumb Code    20  sys_queue.o(i.queue_full)
    queue_in                                 0x0001ebcd   Thumb Code   122  sys_queue.o(i.queue_in)
    queue_init                               0x0001ec47   Thumb Code    22  sys_queue.o(i.queue_init)
    queue_out                                0x0001ec5d   Thumb Code    94  sys_queue.o(i.queue_out)
    saadc_callback                           0x0001ef99   Thumb Code     2  main.o(i.saadc_callback)
    saadc_init                               0x0001ef9d   Thumb Code    56  main.o(i.saadc_init)
    save_sensor_data_to_ram_and_flash        0x0001efed   Thumb Code   104  main.o(i.save_sensor_data_to_ram_and_flash)
    spi_disable                              0x0001f439   Thumb Code     6  main.o(i.spi_disable)
    spi_enable                               0x0001f445   Thumb Code    74  main.o(i.spi_enable)
    spi_event_handler                        0x0001f4a9   Thumb Code     8  main.o(i.spi_event_handler)
    usr_get_volt                             0x0001fbfd   Thumb Code    66  main.o(i.usr_get_volt)
    wdt_event_handler                        0x0001fd59   Thumb Code     2  main.o(i.wdt_event_handler)
    nrf_fstorage_sd                          0x0001ff1c   Data          32  nrf_fstorage_sd.o(.constdata)
    m_ram_start                              0x0001ffb4   Data           4  nrf_sdh_ble.o(.constdata)
    Region$$Table$$Base                      0x0001ffe0   Number         0  anon$$obj.o(Region$$Table)
    Region$$Table$$Limit                     0x00020000   Number         0  anon$$obj.o(Region$$Table)
    sdh_ble_observers0$$Base                 0x00020000   Number         0  ble_conn_state.o(sdh_ble_observers0)
    sdh_ble_observers0$$Limit                0x00020008   Number         0  ble_conn_state.o(sdh_ble_observers0)
    sdh_ble_observers1$$Base                 0x00020008   Number         0  main.o(sdh_ble_observers1)
    sdh_ble_observers1$$Limit                0x00020028   Number         0  ble_conn_params.o(sdh_ble_observers1)
    sdh_ble_observers2$$Base                 0x00020028   Number         0  main.o(sdh_ble_observers2)
    sdh_ble_observers2$$Limit                0x00020038   Number         0  main.o(sdh_ble_observers2)
    sdh_ble_observers3$$Base                 0x00020038   Number         0  main.o(sdh_ble_observers3)
    m_req_obs                                0x00020040   Data           8  nrf_fstorage_sd.o(sdh_req_observers0)
    sdh_ble_observers3$$Limit                0x00020040   Number         0  main.o(sdh_ble_observers3)
    sdh_req_observers0$$Base                 0x00020040   Number         0  nrf_fstorage_sd.o(sdh_req_observers0)
    sdh_req_observers0$$Limit                0x00020048   Number         0  nrf_fstorage_sd.o(sdh_req_observers0)
    sdh_soc_observers0$$Base                 0x00020048   Number         0  nrf_drv_clock.o(sdh_soc_observers0)
    sdh_soc_observers0$$Limit                0x00020058   Number         0  nrf_fstorage_sd.o(sdh_soc_observers0)
    sdh_stack_observers0$$Base               0x00020058   Number         0  nrf_sdh_ble.o(sdh_stack_observers0)
    sdh_stack_observers0$$Limit              0x00020068   Number         0  nrf_sdh_soc.o(sdh_stack_observers0)
    sdh_state_observers0$$Base               0x00020068   Number         0  nrf_drv_clock.o(sdh_state_observers0)
    sdh_state_observers0$$Limit              0x00020078   Number         0  nrf_fstorage_sd.o(sdh_state_observers0)
    Image$$RW_IRAM1$$Base                    0x200022c8   Number         0  anon$$obj.o ABSOLUTE
    acc_frames_req                           0x200022d5   Data           1  main.o(.data)
    gyro_frames_req                          0x200022d6   Data           1  main.o(.data)
    mag_frames_req                           0x200022d7   Data           1  main.o(.data)
    m_channel_id                             0x200022d8   Data           1  main.o(.data)
    bmi160_fifo_ready                        0x200022e2   Data           2  main.o(.data)
    rx_frame_header                          0x200022f8   Data           4  main.o(.data)
    tx_frame_header                          0x200022fc   Data           4  main.o(.data)
    bmm150                                   0x2000231c   Data          60  main.o(.data)
    SystemCoreClock                          0x2000246c   Data           4  system_nrf52805.o(.data)
    fs_data$$Base                            0x20002470   Number         0  nrf_flash.o(fs_data)
    fstorage                                 0x20002470   Data          20  nrf_flash.o(fs_data)
    fs_data$$Limit                           0x20002484   Number         0  nrf_flash.o(fs_data)
    bmi160dev                                0x20004648   Data          44  main.o(.bss)
    fifo_buff                                0x20004674   Data        1024  main.o(.bss)
    fifo_frame                               0x20004a74   Data          24  main.o(.bss)
    fifo_acc_data                            0x20004a8c   Data         120  main.o(.bss)
    fifo_gyro_data                           0x20004b04   Data         120  main.o(.bss)
    fifo_mag_data                            0x20004b7c   Data          80  main.o(.bss)
    g_s_tx_frame_buf                         0x20004bcc   Data          32  main.o(.bss)
    nrf_nvic_state                           0x20004e18   Data          12  app_util_platform.o(.bss)
    __initial_sp                             0x200056e0   Data           0  arm_startup_nrf52805.o(STACK)



==============================================================================

Memory Map of the image

  Image Entry point : 0x00019201

  Load Region LR_IROM1 (Base: 0x00019000, Size: 0x00007234, Max: 0x00017000, ABSOLUTE, COMPRESSED[0x000070c8])

    Execution Region ER_IROM1 (Exec base: 0x00019000, Load base: 0x00019000, Size: 0x00007078, Max: 0x00017000, ABSOLUTE)

    Exec Addr    Load Addr    Size         Type   Attr      Idx    E Section Name        Object

    0x00019000   0x00019000   0x00000200   Data   RO         6237    RESET               arm_startup_nrf52805.o
    0x00019200   0x00019200   0x00000000   Code   RO         6282  * .ARM.Collect$$$$00000000  mc_w.l(entry.o)
    0x00019200   0x00019200   0x00000004   Code   RO         6320    .ARM.Collect$$$$00000001  mc_w.l(entry2.o)
    0x00019204   0x00019204   0x00000004   Code   RO         6323    .ARM.Collect$$$$00000004  mc_w.l(entry5.o)
    0x00019208   0x00019208   0x00000000   Code   RO         6325    .ARM.Collect$$$$00000008  mc_w.l(entry7b.o)
    0x00019208   0x00019208   0x00000000   Code   RO         6327    .ARM.Collect$$$$0000000A  mc_w.l(entry8b.o)
    0x00019208   0x00019208   0x00000008   Code   RO         6328    .ARM.Collect$$$$0000000B  mc_w.l(entry9a.o)
    0x00019210   0x00019210   0x00000004   Code   RO         6335    .ARM.Collect$$$$0000000E  mc_w.l(entry12b.o)
    0x00019214   0x00019214   0x00000000   Code   RO         6330    .ARM.Collect$$$$0000000F  mc_w.l(entry10a.o)
    0x00019214   0x00019214   0x00000000   Code   RO         6332    .ARM.Collect$$$$00000011  mc_w.l(entry11a.o)
    0x00019214   0x00019214   0x00000004   Code   RO         6321    .ARM.Collect$$$$00002712  mc_w.l(entry2.o)
    0x00019218   0x00019218   0x0000001a   Code   RO         4023    .emb_text           app_error_handler_keil.o
    0x00019232   0x00019232   0x00000002   PAD
    0x00019234   0x00019234   0x000000c8   Code   RO         4644    .emb_text           nrf_atfifo.o
    0x000192fc   0x000192fc   0x000000e2   Code   RO         4780    .emb_text           nrf_atomic.o
    0x000193de   0x000193de   0x00000002   PAD
    0x000193e0   0x000193e0   0x00000024   Code   RO         6238    .text               arm_startup_nrf52805.o
    0x00019404   0x00019404   0x00000062   Code   RO         6290    .text               mc_w.l(uldiv.o)
    0x00019466   0x00019466   0x0000001e   Code   RO         6292    .text               mc_w.l(llshl.o)
    0x00019484   0x00019484   0x00000024   Code   RO         6294    .text               mc_w.l(memcpya.o)
    0x000194a8   0x000194a8   0x00000024   Code   RO         6296    .text               mc_w.l(memseta.o)
    0x000194cc   0x000194cc   0x000000e4   Code   RO         6308    .text               mf_w.l(dmul.o)
    0x000195b0   0x000195b0   0x000000de   Code   RO         6310    .text               mf_w.l(ddiv.o)
    0x0001968e   0x0001968e   0x0000002e   Code   RO         6312    .text               mf_w.l(dscalb.o)
    0x000196bc   0x000196bc   0x00000022   Code   RO         6314    .text               mf_w.l(dflti.o)
    0x000196de   0x000196de   0x0000001a   Code   RO         6316    .text               mf_w.l(dfltui.o)
    0x000196f8   0x000196f8   0x00000032   Code   RO         6318    .text               mf_w.l(dfixui.o)
    0x0001972a   0x0001972a   0x00000020   Code   RO         6337    .text               mc_w.l(llushr.o)
    0x0001974a   0x0001974a   0x00000000   Code   RO         6339    .text               mc_w.l(iusefp.o)
    0x0001974a   0x0001974a   0x000000ba   Code   RO         6341    .text               mf_w.l(depilogue.o)
    0x00019804   0x00019804   0x00000024   Code   RO         6343    .text               mc_w.l(init.o)
    0x00019828   0x00019828   0x00000056   Code   RO         6353    .text               mc_w.l(__dczerorl2.o)
    0x0001987e   0x0001987e   0x00000002   PAD
    0x00019880   0x00019880   0x000000a4   Code   RO         3077    i.GPIOTE_IRQHandler  nrfx_gpiote.o
    0x00019924   0x00019924   0x00000050   Code   RO         2941    i.POWER_CLOCK_IRQHandler  nrfx_clock.o
    0x00019974   0x00019974   0x00000010   Code   RO         3774    i.RTC0_IRQHandler   nrfx_rtc.o
    0x00019984   0x00019984   0x00000010   Code   RO         4434    i.RTC1_IRQHandler   drv_rtc.o
    0x00019994   0x00019994   0x00000148   Code   RO         3443    i.SAADC_IRQHandler  nrfx_saadc.o
    0x00019adc   0x00019adc   0x00000044   Code   RO         3595    i.SPIM0_SPIS0_SPI0_IRQHandler  nrfx_spi.o
    0x00019b20   0x00019b20   0x00000004   Code   RO         6037    i.SWI2_IRQHandler   nrf_sdh.o
    0x00019b24   0x00019b24   0x00000178   Code   RO         6246    i.SystemInit        system_nrf52805.o
    0x00019c9c   0x00019c9c   0x00000024   Code   RO         3706    i.WDT_IRQHandler    nrfx_wdt.o
    0x00019cc0   0x00019cc0   0x0000000e   Code   RO         6347    i.__scatterload_copy  mc_w.l(handlers.o)
    0x00019cce   0x00019cce   0x00000002   Code   RO         6348    i.__scatterload_null  mc_w.l(handlers.o)
    0x00019cd0   0x00019cd0   0x0000000e   Code   RO         6349    i.__scatterload_zeroinit  mc_w.l(handlers.o)
    0x00019cde   0x00019cde   0x00000002   PAD
    0x00019ce0   0x00019ce0   0x00000024   Code   RO         6038    i.__sd_nvic_app_accessible_irq  nrf_sdh.o
    0x00019d04   0x00019d04   0x0000000c   Code   RO         5387    i.addr_is_aligned32  nrf_fstorage.o
    0x00019d10   0x00019d10   0x00000018   Code   RO         5388    i.addr_is_within_bounds  nrf_fstorage.o
    0x00019d28   0x00019d28   0x00000008   Code   RO         2040    i.adv_set_data_size_max_get  ble_advertising.o
    0x00019d30   0x00019d30   0x00000036   Code   RO         1821    i.advertising_buttons_configure  bsp_btn_ble.o
    0x00019d66   0x00019d66   0x00000002   PAD
    0x00019d68   0x00019d68   0x0000009c   Code   RO            4    i.advertising_init  main.o
    0x00019e04   0x00019e04   0x00000018   Code   RO         4045    i.app_error_fault_handler  app_error_weak.o
    0x00019e1c   0x00019e1c   0x00000064   Code   RO         3986    i.app_error_save_and_stop  app_error.o
    0x00019e80   0x00019e80   0x00000018   Code   RO            8    i.app_open_bmi160_acc  main.o
    0x00019e98   0x00019e98   0x0000007c   Code   RO            9    i.app_open_bmi160_aux  main.o
    0x00019f14   0x00019f14   0x0000003c   Code   RO           10    i.app_open_bmi160_fifo  main.o
    0x00019f50   0x00019f50   0x00000014   Code   RO           11    i.app_open_bmi160_gyro  main.o
    0x00019f64   0x00019f64   0x0000003c   Code   RO           14    i.app_timer_callback  main.o
    0x00019fa0   0x00019fa0   0x0000000c   Code   RO         4213    i.app_timer_cnt_get  app_timer2.o
    0x00019fac   0x00019fac   0x00000020   Code   RO         4214    i.app_timer_create  app_timer2.o
    0x00019fcc   0x00019fcc   0x0000005c   Code   RO         4215    i.app_timer_init    app_timer2.o
    0x0001a028   0x0001a028   0x00000054   Code   RO         4218    i.app_timer_start   app_timer2.o
    0x0001a07c   0x0001a07c   0x00000044   Code   RO         4219    i.app_timer_stop    app_timer2.o
    0x0001a0c0   0x0001a0c0   0x00000048   Code   RO         4366    i.app_util_critical_region_enter  app_util_platform.o
    0x0001a108   0x0001a108   0x00000034   Code   RO         4367    i.app_util_critical_region_exit  app_util_platform.o
    0x0001a13c   0x0001a13c   0x00000048   Code   RO         2397    i.blcm_link_ctx_get  ble_link_ctx_manager.o
    0x0001a184   0x0001a184   0x00000182   Code   RO         1931    i.ble_advdata_encode  ble_advdata.o
    0x0001a306   0x0001a306   0x00000020   Code   RO         1933    i.ble_advdata_parse  ble_advdata.o
    0x0001a326   0x0001a326   0x00000046   Code   RO         1934    i.ble_advdata_search  ble_advdata.o
    0x0001a36c   0x0001a36c   0x00000006   Code   RO         2042    i.ble_advertising_conn_cfg_tag_set  ble_advertising.o
    0x0001a372   0x0001a372   0x000000f8   Code   RO         2043    i.ble_advertising_init  ble_advertising.o
    0x0001a46a   0x0001a46a   0x0000006a   Code   RO         2045    i.ble_advertising_on_ble_evt  ble_advertising.o
    0x0001a4d4   0x0001a4d4   0x00000202   Code   RO         2048    i.ble_advertising_start  ble_advertising.o
    0x0001a6d6   0x0001a6d6   0x00000002   PAD
    0x0001a6d8   0x0001a6d8   0x00000068   Code   RO         2145    i.ble_conn_params_init  ble_conn_params.o
    0x0001a740   0x0001a740   0x00000012   Code   RO         2229    i.ble_conn_state_conn_idx  ble_conn_state.o
    0x0001a752   0x0001a752   0x00000002   PAD
    0x0001a754   0x0001a754   0x00000014   Code   RO         2243    i.ble_conn_state_valid  ble_conn_state.o
    0x0001a768   0x0001a768   0x00000060   Code   RO         1937    i.ble_device_addr_encode  ble_advdata.o
    0x0001a7c8   0x0001a7c8   0x000000fc   Code   RO           16    i.ble_evt_handler   main.o
    0x0001a8c4   0x0001a8c4   0x00000070   Code   RO         1822    i.ble_evt_handler   bsp_btn_ble.o
    0x0001a934   0x0001a934   0x000000fc   Code   RO         2147    i.ble_evt_handler   ble_conn_params.o
    0x0001aa30   0x0001aa30   0x00000148   Code   RO         2244    i.ble_evt_handler   ble_conn_state.o
    0x0001ab78   0x0001ab78   0x00000066   Code   RO         2591    i.ble_nus_data_send  ble_nus.o
    0x0001abde   0x0001abde   0x00000002   PAD
    0x0001abe0   0x0001abe0   0x000000d4   Code   RO         2592    i.ble_nus_init      ble_nus.o
    0x0001acb4   0x0001acb4   0x00000078   Code   RO         2593    i.ble_nus_on_ble_evt  ble_nus.o
    0x0001ad2c   0x0001ad2c   0x0000004c   Code   RO           17    i.ble_send_data     main.o
    0x0001ad78   0x0001ad78   0x00000044   Code   RO           18    i.ble_send_event    main.o
    0x0001adbc   0x0001adbc   0x00000070   Code   RO           19    i.ble_send_packet   main.o
    0x0001ae2c   0x0001ae2c   0x00000088   Code   RO           20    i.ble_send_ram_and_flash_sensor_data  main.o
    0x0001aeb4   0x0001aeb4   0x00000008   Code   RO         2426    i.ble_srv_is_notification_enabled  ble_srv_common.o
    0x0001aebc   0x0001aebc   0x00000044   Code   RO           21    i.ble_stack_init    main.o
    0x0001af00   0x0001af00   0x00000070   Code   RO          922    i.bmi160_aux_init   bmi160.o
    0x0001af70   0x0001af70   0x00000048   Code   RO          923    i.bmi160_aux_read   bmi160.o
    0x0001afb8   0x0001afb8   0x0000006c   Code   RO          924    i.bmi160_aux_write  bmi160.o
    0x0001b024   0x0001b024   0x00000066   Code   RO          925    i.bmi160_config_aux_mode  bmi160.o
    0x0001b08a   0x0001b08a   0x00000080   Code   RO          926    i.bmi160_extract_accel  bmi160.o
    0x0001b10a   0x0001b10a   0x000000ae   Code   RO          927    i.bmi160_extract_aux  bmi160.o
    0x0001b1b8   0x0001b1b8   0x0000007e   Code   RO          928    i.bmi160_extract_gyro  bmi160.o
    0x0001b236   0x0001b236   0x0000007c   Code   RO          929    i.bmi160_get_fifo_data  bmi160.o
    0x0001b2b2   0x0001b2b2   0x00000034   Code   RO          933    i.bmi160_get_regs   bmi160.o
    0x0001b2e6   0x0001b2e6   0x0000005c   Code   RO          936    i.bmi160_init       bmi160.o
    0x0001b342   0x0001b342   0x00000078   Code   RO          940    i.bmi160_set_aux_auto_mode  bmi160.o
    0x0001b3ba   0x0001b3ba   0x00000080   Code   RO          941    i.bmi160_set_fifo_config  bmi160.o
    0x0001b43a   0x0001b43a   0x00000020   Code   RO          943    i.bmi160_set_fifo_flush  bmi160.o
    0x0001b45a   0x0001b45a   0x000000ae   Code   RO          947    i.bmi160_set_power_mode  bmi160.o
    0x0001b508   0x0001b508   0x0000008a   Code   RO          948    i.bmi160_set_regs   bmi160.o
    0x0001b592   0x0001b592   0x000000da   Code   RO          949    i.bmi160_set_sens_conf  bmi160.o
    0x0001b66c   0x0001b66c   0x0000006e   Code   RO          951    i.bmi160_soft_reset  bmi160.o
    0x0001b6da   0x0001b6da   0x00000074   Code   RO          732    i.bmm150_aux_mag_data  bmm150.o
    0x0001b74e   0x0001b74e   0x00000002   PAD
    0x0001b750   0x0001b750   0x00000018   Code   RO           24    i.bmm150_aux_read   main.o
    0x0001b768   0x0001b768   0x00000018   Code   RO           25    i.bmm150_aux_write  main.o
    0x0001b780   0x0001b780   0x0000003a   Code   RO          735    i.bmm150_get_regs   bmm150.o
    0x0001b7ba   0x0001b7ba   0x00000050   Code   RO          737    i.bmm150_init       bmm150.o
    0x0001b80a   0x0001b80a   0x00000044   Code   RO          740    i.bmm150_set_op_mode  bmm150.o
    0x0001b84e   0x0001b84e   0x0000006a   Code   RO          741    i.bmm150_set_presetmode  bmm150.o
    0x0001b8b8   0x0001b8b8   0x00000032   Code   RO          742    i.bmm150_set_regs   bmm150.o
    0x0001b8ea   0x0001b8ea   0x00000002   PAD
    0x0001b8ec   0x0001b8ec   0x0000000c   Code   RO         1566    i.bsp_board_button_idx_to_pin  boards.o
    0x0001b8f8   0x0001b8f8   0x00000024   Code   RO         1570    i.bsp_board_led_invert  boards.o
    0x0001b91c   0x0001b91c   0x00000010   Code   RO         1571    i.bsp_board_led_off  boards.o
    0x0001b92c   0x0001b92c   0x00000010   Code   RO         1572    i.bsp_board_led_on  boards.o
    0x0001b93c   0x0001b93c   0x00000020   Code   RO         1573    i.bsp_board_led_state_get  boards.o
    0x0001b95c   0x0001b95c   0x00000012   Code   RO         1574    i.bsp_board_leds_off  boards.o
    0x0001b96e   0x0001b96e   0x00000012   Code   RO         1575    i.bsp_board_leds_on  boards.o
    0x0001b980   0x0001b980   0x00000024   Code   RO         1576    i.bsp_board_pin_to_button_idx  boards.o
    0x0001b9a4   0x0001b9a4   0x0000001e   Code   RO         1824    i.bsp_btn_ble_sleep_mode_prepare  bsp_btn_ble.o
    0x0001b9c2   0x0001b9c2   0x00000002   PAD
    0x0001b9c4   0x0001b9c4   0x00000090   Code   RO         1696    i.bsp_button_event_handler  bsp.o
    0x0001ba54   0x0001ba54   0x00000044   Code   RO         1700    i.bsp_event_to_button_action_assign  bsp.o
    0x0001ba98   0x0001ba98   0x00000018   Code   RO         1701    i.bsp_indication_set  bsp.o
    0x0001bab0   0x0001bab0   0x000001c8   Code   RO         1703    i.bsp_led_indication  bsp.o
    0x0001bc78   0x0001bc78   0x00000006   Code   RO         1705    i.bsp_wakeup_button_enable  bsp.o
    0x0001bc7e   0x0001bc7e   0x00000018   Code   RO           27    i.calc_checksum     main.o
    0x0001bc96   0x0001bc96   0x00000002   PAD
    0x0001bc98   0x0001bc98   0x00000010   Code   RO         3080    i.channel_port_get  nrfx_gpiote.o
    0x0001bca8   0x0001bca8   0x00000190   Code   RO         2428    i.characteristic_add  ble_srv_common.o
    0x0001be38   0x0001be38   0x00000074   Code   RO          954    i.check_accel_config  bmi160.o
    0x0001beac   0x0001beac   0x00000022   Code   RO           28    i.check_flash_data_is_valid  main.o
    0x0001bece   0x0001bece   0x00000022   Code   RO          955    i.check_frame_validity  bmi160.o
    0x0001bef0   0x0001bef0   0x0000006e   Code   RO          956    i.check_gyro_config  bmi160.o
    0x0001bf5e   0x0001bf5e   0x00000002   PAD
    0x0001bf60   0x0001bf60   0x00000028   Code   RO         2648    i.clock_clk_started_notify  nrf_drv_clock.o
    0x0001bf88   0x0001bf88   0x0000001c   Code   RO         2649    i.clock_irq_handler  nrf_drv_clock.o
    0x0001bfa4   0x0001bfa4   0x00000018   Code   RO         4221    i.compare_func      app_timer2.o
    0x0001bfbc   0x0001bfbc   0x0000007c   Code   RO          745    i.compensate_x      bmm150.o
    0x0001c038   0x0001c038   0x00000078   Code   RO          746    i.compensate_y      bmm150.o
    0x0001c0b0   0x0001c0b0   0x00000070   Code   RO          747    i.compensate_z      bmm150.o
    0x0001c120   0x0001c120   0x0000003e   Code   RO         2245    i.conn_handle_list_get  ble_conn_state.o
    0x0001c15e   0x0001c15e   0x00000088   Code   RO         1938    i.conn_int_encode   ble_advdata.o
    0x0001c1e6   0x0001c1e6   0x00000002   PAD
    0x0001c1e8   0x0001c1e8   0x0000001c   Code   RO           29    i.conn_params_error_handler  main.o
    0x0001c204   0x0001c204   0x00000048   Code   RO         2148    i.conn_params_negotiation  ble_conn_params.o
    0x0001c24c   0x0001c24c   0x00000014   Code   RO         4435    i.drv_rtc_compare_disable  drv_rtc.o
    0x0001c260   0x0001c260   0x0000000e   Code   RO         4438    i.drv_rtc_compare_pending  drv_rtc.o
    0x0001c26e   0x0001c26e   0x00000050   Code   RO         4439    i.drv_rtc_compare_set  drv_rtc.o
    0x0001c2be   0x0001c2be   0x00000008   Code   RO         4440    i.drv_rtc_counter_get  drv_rtc.o
    0x0001c2c6   0x0001c2c6   0x00000002   PAD
    0x0001c2c8   0x0001c2c8   0x00000078   Code   RO         4441    i.drv_rtc_init      drv_rtc.o
    0x0001c340   0x0001c340   0x0000001a   Code   RO         4442    i.drv_rtc_irq_trigger  drv_rtc.o
    0x0001c35a   0x0001c35a   0x00000008   Code   RO         4444    i.drv_rtc_overflow_enable  drv_rtc.o
    0x0001c362   0x0001c362   0x00000008   Code   RO         4445    i.drv_rtc_overflow_pending  drv_rtc.o
    0x0001c36a   0x0001c36a   0x00000008   Code   RO         4446    i.drv_rtc_start     drv_rtc.o
    0x0001c372   0x0001c372   0x00000008   Code   RO         4447    i.drv_rtc_stop      drv_rtc.o
    0x0001c37a   0x0001c37a   0x000000de   Code   RO         4452    i.drv_rtc_windowed_compare_set  drv_rtc.o
    0x0001c458   0x0001c458   0x0000004c   Code   RO         5473    i.erase             nrf_fstorage_sd.o
    0x0001c4a4   0x0001c4a4   0x00000024   Code   RO           31    i.erase_save_sensor_flash_sector  main.o
    0x0001c4c8   0x0001c4c8   0x00000054   Code   RO         5474    i.event_send        nrf_fstorage_sd.o
    0x0001c51c   0x0001c51c   0x00000012   Code   RO         4453    i.evt_enable        drv_rtc.o
    0x0001c52e   0x0001c52e   0x00000014   Code   RO         4454    i.evt_pending       drv_rtc.o
    0x0001c542   0x0001c542   0x000000c8   Code   RO          966    i.extract_accel_header_mode  bmi160.o
    0x0001c60a   0x0001c60a   0x000000c2   Code   RO          967    i.extract_aux_header_mode  bmi160.o
    0x0001c6cc   0x0001c6cc   0x00000094   Code   RO          968    i.extract_aux_read  bmi160.o
    0x0001c760   0x0001c760   0x000000c2   Code   RO          969    i.extract_gyro_header_mode  bmi160.o
    0x0001c822   0x0001c822   0x0000000a   Code   RO         2246    i.flag_toggle       ble_conn_state.o
    0x0001c82c   0x0001c82c   0x00000028   Code   RO         2050    i.flags_set         ble_advertising.o
    0x0001c854   0x0001c854   0x00000002   Code   RO         1414    i.fstorage_evt_handler  nrf_flash.o
    0x0001c856   0x0001c856   0x00000002   PAD
    0x0001c858   0x0001c858   0x00000068   Code   RO           32    i.gap_params_init   main.o
    0x0001c8c0   0x0001c8c0   0x00000020   Code   RO           33    i.gatt_evt_handler  main.o
    0x0001c8e0   0x0001c8e0   0x0000004c   Code   RO           34    i.gatt_init         main.o
    0x0001c92c   0x0001c92c   0x00000054   Code   RO          972    i.get_accel_len_to_parse  bmi160.o
    0x0001c980   0x0001c980   0x00000054   Code   RO          975    i.get_gyro_len_to_parse  bmi160.o
    0x0001c9d4   0x0001c9d4   0x00000034   Code   RO         4222    i.get_now           app_timer2.o
    0x0001ca08   0x0001ca08   0x00000078   Code   RO           35    i.idle_state_handle  main.o
    0x0001ca80   0x0001ca80   0x00000034   Code   RO         5475    i.init              nrf_fstorage_sd.o
    0x0001cab4   0x0001cab4   0x00000014   Code   RO         2149    i.instance_get      ble_conn_params.o
    0x0001cac8   0x0001cac8   0x000000a0   Code   RO         3775    i.irq_handler       nrfx_rtc.o
    0x0001cb68   0x0001cb68   0x00000010   Code   RO         5476    i.is_busy           nrf_fstorage_sd.o
    0x0001cb78   0x0001cb78   0x00000044   Code   RO         2150    i.is_conn_params_ok  ble_conn_params.o
    0x0001cbbc   0x0001cbbc   0x00000030   Code   RO         1707    i.leds_off          bsp.o
    0x0001cbec   0x0001cbec   0x00000010   Code   RO         2483    i.link_init         nrf_ble_gatt.o
    0x0001cbfc   0x0001cbfc   0x0000040c   Code   RO           36    i.main              main.o
    0x0001d008   0x0001d008   0x00000064   Code   RO         1939    i.manuf_specific_data_encode  ble_advdata.o
    0x0001d06c   0x0001d06c   0x00000014   Code   RO          978    i.move_next_frame   bmi160.o
    0x0001d080   0x0001d080   0x000000a6   Code   RO         1940    i.name_encode       ble_advdata.o
    0x0001d126   0x0001d126   0x00000002   PAD
    0x0001d128   0x0001d128   0x00000048   Code   RO           37    i.nrf52_read_spi    main.o
    0x0001d170   0x0001d170   0x00000044   Code   RO           38    i.nrf52_write_spi   main.o
    0x0001d1b4   0x0001d1b4   0x00000010   Code   RO         4646    i.nrf_atfifo_clear  nrf_atfifo.o
    0x0001d1c4   0x0001d1c4   0x00000026   Code   RO         4648    i.nrf_atfifo_init   nrf_atfifo.o
    0x0001d1ea   0x0001d1ea   0x00000016   Code   RO         4649    i.nrf_atfifo_item_alloc  nrf_atfifo.o
    0x0001d200   0x0001d200   0x00000016   Code   RO         4650    i.nrf_atfifo_item_free  nrf_atfifo.o
    0x0001d216   0x0001d216   0x00000016   Code   RO         4651    i.nrf_atfifo_item_get  nrf_atfifo.o
    0x0001d22c   0x0001d22c   0x00000016   Code   RO         4652    i.nrf_atfifo_item_put  nrf_atfifo.o
    0x0001d242   0x0001d242   0x00000016   Code   RO         4714    i.nrf_atflags_clear  nrf_atflags.o
    0x0001d258   0x0001d258   0x00000016   Code   RO         4719    i.nrf_atflags_get   nrf_atflags.o
    0x0001d26e   0x0001d26e   0x00000014   Code   RO         4721    i.nrf_atflags_set   nrf_atflags.o
    0x0001d282   0x0001d282   0x00000006   Code   RO         4784    i.nrf_atomic_flag_set_fetch  nrf_atomic.o
    0x0001d288   0x0001d288   0x0000000c   Code   RO         4786    i.nrf_atomic_u32_and  nrf_atomic.o
    0x0001d294   0x0001d294   0x0000000a   Code   RO         4790    i.nrf_atomic_u32_fetch_or  nrf_atomic.o
    0x0001d29e   0x0001d29e   0x0000000c   Code   RO         4795    i.nrf_atomic_u32_or  nrf_atomic.o
    0x0001d2aa   0x0001d2aa   0x00000010   Code   RO         3081    i.nrf_bitmask_bit_is_set  nrfx_gpiote.o
    0x0001d2ba   0x0001d2ba   0x00000018   Code   RO         2485    i.nrf_ble_gatt_att_mtu_periph_set  nrf_ble_gatt.o
    0x0001d2d2   0x0001d2d2   0x00000022   Code   RO         2487    i.nrf_ble_gatt_init  nrf_ble_gatt.o
    0x0001d2f4   0x0001d2f4   0x000000e4   Code   RO         2488    i.nrf_ble_gatt_on_ble_evt  nrf_ble_gatt.o
    0x0001d3d8   0x0001d3d8   0x00000016   Code   RO         2547    i.nrf_ble_qwr_conn_handle_assign  nrf_ble_qwr.o
    0x0001d3ee   0x0001d3ee   0x00000024   Code   RO         2548    i.nrf_ble_qwr_init  nrf_ble_qwr.o
    0x0001d412   0x0001d412   0x000000b6   Code   RO         2549    i.nrf_ble_qwr_on_ble_evt  nrf_ble_qwr.o
    0x0001d4c8   0x0001d4c8   0x0000000e   Code   RO         2942    i.nrf_clock_event_check  nrfx_clock.o
    0x0001d4d6   0x0001d4d6   0x00000010   Code   RO         2943    i.nrf_clock_event_clear  nrfx_clock.o
    0x0001d4e6   0x0001d4e6   0x00000002   PAD
    0x0001d4e8   0x0001d4e8   0x00000020   Code   RO           39    i.nrf_delay_ms      main.o
    0x0001d508   0x0001d508   0x00000040   Code   RO         2656    i.nrf_drv_clock_init  nrf_drv_clock.o
    0x0001d548   0x0001d548   0x00000034   Code   RO         2660    i.nrf_drv_clock_lfclk_release  nrf_drv_clock.o
    0x0001d57c   0x0001d57c   0x00000028   Code   RO         3397    i.nrf_drv_spi_init  nrf_drv_spi.o
    0x0001d5a4   0x0001d5a4   0x00000016   Code   RO           40    i.nrf_drv_spi_transfer  main.o
    0x0001d5ba   0x0001d5ba   0x00000002   PAD
    0x0001d5bc   0x0001d5bc   0x00000028   Code   RO         1415    i.nrf_flash_erase   nrf_flash.o
    0x0001d5e4   0x0001d5e4   0x00000014   Code   RO         1416    i.nrf_flash_init    nrf_flash.o
    0x0001d5f8   0x0001d5f8   0x00000024   Code   RO         1417    i.nrf_flash_read    nrf_flash.o
    0x0001d61c   0x0001d61c   0x00000010   Code   RO         1418    i.nrf_flash_wait_ready  nrf_flash.o
    0x0001d62c   0x0001d62c   0x00000034   Code   RO         1419    i.nrf_flash_write   nrf_flash.o
    0x0001d660   0x0001d660   0x0000004e   Code   RO         5389    i.nrf_fstorage_erase  nrf_fstorage.o
    0x0001d6ae   0x0001d6ae   0x00000010   Code   RO         5390    i.nrf_fstorage_init  nrf_fstorage.o
    0x0001d6be   0x0001d6be   0x00000002   PAD
    0x0001d6c0   0x0001d6c0   0x00000050   Code   RO         5391    i.nrf_fstorage_is_busy  nrf_fstorage.o
    0x0001d710   0x0001d710   0x00000050   Code   RO         5392    i.nrf_fstorage_read  nrf_fstorage.o
    0x0001d760   0x0001d760   0x00000018   Code   RO         5477    i.nrf_fstorage_sdh_req_handler  nrf_fstorage_sd.o
    0x0001d778   0x0001d778   0x00000020   Code   RO         5478    i.nrf_fstorage_sdh_state_handler  nrf_fstorage_sd.o
    0x0001d798   0x0001d798   0x000000a4   Code   RO         5479    i.nrf_fstorage_sys_evt_handler  nrf_fstorage_sd.o
    0x0001d83c   0x0001d83c   0x00000066   Code   RO         5396    i.nrf_fstorage_write  nrf_fstorage.o
    0x0001d8a2   0x0001d8a2   0x00000024   Code   RO           41    i.nrf_gpio_cfg      main.o
    0x0001d8c6   0x0001d8c6   0x00000024   Code   RO         3596    i.nrf_gpio_cfg      nrfx_spi.o
    0x0001d8ea   0x0001d8ea   0x00000012   Code   RO           42    i.nrf_gpio_cfg_default  main.o
    0x0001d8fc   0x0001d8fc   0x00000014   Code   RO           43    i.nrf_gpio_cfg_output  main.o
    0x0001d910   0x0001d910   0x00000014   Code   RO         3597    i.nrf_gpio_cfg_output  nrfx_spi.o
    0x0001d924   0x0001d924   0x00000022   Code   RO         3084    i.nrf_gpio_cfg_sense_set  nrfx_gpiote.o
    0x0001d946   0x0001d946   0x00000002   PAD
    0x0001d948   0x0001d948   0x0000002c   Code   RO         3085    i.nrf_gpio_latches_read_and_clear  nrfx_gpiote.o
    0x0001d974   0x0001d974   0x0000000e   Code   RO           44    i.nrf_gpio_pin_set  main.o
    0x0001d982   0x0001d982   0x0000000e   Code   RO         3598    i.nrf_gpio_pin_set  nrfx_spi.o
    0x0001d990   0x0001d990   0x00000016   Code   RO         1579    i.nrf_gpio_pin_write  boards.o
    0x0001d9a6   0x0001d9a6   0x00000002   PAD
    0x0001d9a8   0x0001d9a8   0x00000014   Code   RO         3087    i.nrf_gpiote_event_clear  nrfx_gpiote.o
    0x0001d9bc   0x0001d9bc   0x00000010   Code   RO         3088    i.nrf_gpiote_event_is_set  nrfx_gpiote.o
    0x0001d9cc   0x0001d9cc   0x00000028   Code   RO         5117    i.nrf_pwr_mgmt_init  nrf_pwr_mgmt.o
    0x0001d9f4   0x0001d9f4   0x00000014   Code   RO         5118    i.nrf_pwr_mgmt_run  nrf_pwr_mgmt.o
    0x0001da08   0x0001da08   0x00000018   Code   RO           45    i.nrf_qwr_error_handler  main.o
    0x0001da20   0x0001da20   0x0000000c   Code   RO         3776    i.nrf_rtc_event_clear  nrfx_rtc.o
    0x0001da2c   0x0001da2c   0x0000000c   Code   RO         4455    i.nrf_rtc_event_clear  drv_rtc.o
    0x0001da38   0x0001da38   0x00000010   Code   RO         3444    i.nrf_saadc_buffer_init  nrfx_saadc.o
    0x0001da48   0x0001da48   0x00000014   Code   RO         3445    i.nrf_saadc_channel_input_set  nrfx_saadc.o
    0x0001da5c   0x0001da5c   0x00000010   Code   RO         3446    i.nrf_saadc_event_check  nrfx_saadc.o
    0x0001da6c   0x0001da6c   0x00000014   Code   RO         3447    i.nrf_saadc_event_clear  nrfx_saadc.o
    0x0001da80   0x0001da80   0x00000010   Code   RO         3448    i.nrf_saadc_limit_int_get  nrfx_saadc.o
    0x0001da90   0x0001da90   0x00000014   Code   RO         6155    i.nrf_sdh_ble_app_ram_start_get  nrf_sdh_ble.o
    0x0001daa4   0x0001daa4   0x00000094   Code   RO         6156    i.nrf_sdh_ble_default_cfg_set  nrf_sdh_ble.o
    0x0001db38   0x0001db38   0x00000014   Code   RO         6157    i.nrf_sdh_ble_enable  nrf_sdh_ble.o
    0x0001db4c   0x0001db4c   0x000000a8   Code   RO         6158    i.nrf_sdh_ble_evts_poll  nrf_sdh_ble.o
    0x0001dbf4   0x0001dbf4   0x00000054   Code   RO         6039    i.nrf_sdh_disable_request  nrf_sdh.o
    0x0001dc48   0x0001dc48   0x00000074   Code   RO         6040    i.nrf_sdh_enable_request  nrf_sdh.o
    0x0001dcbc   0x0001dcbc   0x00000024   Code   RO         6041    i.nrf_sdh_evts_poll  nrf_sdh.o
    0x0001dce0   0x0001dce0   0x0000000c   Code   RO         6042    i.nrf_sdh_is_enabled  nrf_sdh.o
    0x0001dcec   0x0001dcec   0x0000001c   Code   RO         6044    i.nrf_sdh_request_continue  nrf_sdh.o
    0x0001dd08   0x0001dd08   0x00000080   Code   RO         6206    i.nrf_sdh_soc_evts_poll  nrf_sdh_soc.o
    0x0001dd88   0x0001dd88   0x0000000a   Code   RO         5249    i.nrf_section_iter_init  nrf_section_iter.o
    0x0001dd92   0x0001dd92   0x00000024   Code   RO         5250    i.nrf_section_iter_item_set  nrf_section_iter.o
    0x0001ddb6   0x0001ddb6   0x00000020   Code   RO         5251    i.nrf_section_iter_next  nrf_section_iter.o
    0x0001ddd6   0x0001ddd6   0x00000022   Code   RO         5284    i.nrf_sortlist_add  nrf_sortlist.o
    0x0001ddf8   0x0001ddf8   0x00000006   Code   RO         5286    i.nrf_sortlist_peek  nrf_sortlist.o
    0x0001ddfe   0x0001ddfe   0x0000000e   Code   RO         5287    i.nrf_sortlist_pop  nrf_sortlist.o
    0x0001de0c   0x0001de0c   0x0000001e   Code   RO         5288    i.nrf_sortlist_remove  nrf_sortlist.o
    0x0001de2a   0x0001de2a   0x00000002   PAD
    0x0001de2c   0x0001de2c   0x00000010   Code   RO         2663    i.nrf_wdt_started   nrf_drv_clock.o
    0x0001de3c   0x0001de3c   0x0000002c   Code   RO         2948    i.nrfx_clock_enable  nrfx_clock.o
    0x0001de68   0x0001de68   0x0000001c   Code   RO         2951    i.nrfx_clock_init   nrfx_clock.o
    0x0001de84   0x0001de84   0x00000030   Code   RO         2954    i.nrfx_clock_lfclk_stop  nrfx_clock.o
    0x0001deb4   0x0001deb4   0x00000010   Code   RO         3449    i.nrfx_coredep_delay_us  nrfx_saadc.o
    0x0001dec4   0x0001dec4   0x00000010   Code   RO         4456    i.nrfx_coredep_delay_us  drv_rtc.o
    0x0001ded4   0x0001ded4   0x0000008c   Code   RO         3453    i.nrfx_saadc_channel_init  nrfx_saadc.o
    0x0001df60   0x0001df60   0x00000044   Code   RO         3454    i.nrfx_saadc_channel_uninit  nrfx_saadc.o
    0x0001dfa4   0x0001dfa4   0x00000094   Code   RO         3455    i.nrfx_saadc_init   nrfx_saadc.o
    0x0001e038   0x0001e038   0x00000080   Code   RO         3457    i.nrfx_saadc_limits_set  nrfx_saadc.o
    0x0001e0b8   0x0001e0b8   0x000000c0   Code   RO         3459    i.nrfx_saadc_sample_convert  nrfx_saadc.o
    0x0001e178   0x0001e178   0x0000006c   Code   RO         3461    i.nrfx_saadc_uninit  nrfx_saadc.o
    0x0001e1e4   0x0001e1e4   0x00000178   Code   RO         3600    i.nrfx_spi_init     nrfx_spi.o
    0x0001e35c   0x0001e35c   0x00000060   Code   RO         3601    i.nrfx_spi_uninit   nrfx_spi.o
    0x0001e3bc   0x0001e3bc   0x00000064   Code   RO         3602    i.nrfx_spi_xfer     nrfx_spi.o
    0x0001e420   0x0001e420   0x00000044   Code   RO         3707    i.nrfx_wdt_channel_alloc  nrfx_wdt.o
    0x0001e464   0x0001e464   0x00000018   Code   RO         3708    i.nrfx_wdt_channel_feed  nrfx_wdt.o
    0x0001e47c   0x0001e47c   0x0000001c   Code   RO         3709    i.nrfx_wdt_enable   nrfx_wdt.o
    0x0001e498   0x0001e498   0x00000058   Code   RO         3711    i.nrfx_wdt_init     nrfx_wdt.o
    0x0001e4f0   0x0001e4f0   0x00000018   Code   RO          750    i.null_ptr_check    bmm150.o
    0x0001e508   0x0001e508   0x00000018   Code   RO          979    i.null_ptr_check    bmi160.o
    0x0001e520   0x0001e520   0x000003b4   Code   RO           46    i.nus_data_handler  main.o
    0x0001e8d4   0x0001e8d4   0x0000003c   Code   RO           47    i.on_adv_evt        main.o
    0x0001e910   0x0001e910   0x00000030   Code   RO           48    i.on_conn_params_evt  main.o
    0x0001e940   0x0001e940   0x0000006a   Code   RO         2594    i.on_connect        ble_nus.o
    0x0001e9aa   0x0001e9aa   0x00000084   Code   RO         2595    i.on_write          ble_nus.o
    0x0001ea2e   0x0001ea2e   0x00000012   Code   RO         2051    i.phy_is_valid      ble_advertising.o
    0x0001ea40   0x0001ea40   0x000000b4   Code   RO         3121    i.port_event_handle  nrfx_gpiote.o
    0x0001eaf4   0x0001eaf4   0x00000010   Code   RO         3122    i.port_handler_polarity_get  nrfx_gpiote.o
    0x0001eb04   0x0001eb04   0x00000060   Code   RO          982    i.process_under_sampling  bmi160.o
    0x0001eb64   0x0001eb64   0x0000002e   Code   RO         1364    i.queue_clear       sys_queue.o
    0x0001eb92   0x0001eb92   0x00000012   Code   RO         1365    i.queue_empty       sys_queue.o
    0x0001eba4   0x0001eba4   0x00000014   Code   RO         5480    i.queue_free        nrf_fstorage_sd.o
    0x0001ebb8   0x0001ebb8   0x00000014   Code   RO         1366    i.queue_full        sys_queue.o
    0x0001ebcc   0x0001ebcc   0x0000007a   Code   RO         1367    i.queue_in          sys_queue.o
    0x0001ec46   0x0001ec46   0x00000016   Code   RO         1368    i.queue_init        sys_queue.o
    0x0001ec5c   0x0001ec5c   0x0000005e   Code   RO         1369    i.queue_out         sys_queue.o
    0x0001ecba   0x0001ecba   0x00000002   PAD
    0x0001ecbc   0x0001ecbc   0x000000a0   Code   RO         5481    i.queue_process     nrf_fstorage_sd.o
    0x0001ed5c   0x0001ed5c   0x00000024   Code   RO         5482    i.queue_start       nrf_fstorage_sd.o
    0x0001ed80   0x0001ed80   0x0000000e   Code   RO         5483    i.read              nrf_fstorage_sd.o
    0x0001ed8e   0x0001ed8e   0x000000b2   Code   RO          754    i.read_trim_registers  bmm150.o
    0x0001ee40   0x0001ee40   0x00000004   Code   RO         5484    i.rmap              nrf_fstorage_sd.o
    0x0001ee44   0x0001ee44   0x0000005c   Code   RO         4223    i.rtc_irq           app_timer2.o
    0x0001eea0   0x0001eea0   0x0000006c   Code   RO         4224    i.rtc_schedule      app_timer2.o
    0x0001ef0c   0x0001ef0c   0x0000008c   Code   RO         4225    i.rtc_update        app_timer2.o
    0x0001ef98   0x0001ef98   0x00000002   Code   RO           51    i.saadc_callback    main.o
    0x0001ef9a   0x0001ef9a   0x00000002   PAD
    0x0001ef9c   0x0001ef9c   0x00000050   Code   RO           52    i.saadc_init        main.o
    0x0001efec   0x0001efec   0x00000070   Code   RO           53    i.save_sensor_data_to_ram_and_flash  main.o
    0x0001f05c   0x0001f05c   0x00000050   Code   RO         2664    i.sd_state_evt_handler  nrf_drv_clock.o
    0x0001f0ac   0x0001f0ac   0x00000030   Code   RO         6047    i.sdh_request_observer_notify  nrf_sdh.o
    0x0001f0dc   0x0001f0dc   0x0000002c   Code   RO         6048    i.sdh_state_observer_notify  nrf_sdh.o
    0x0001f108   0x0001f108   0x00000010   Code   RO         2151    i.send_error_evt    ble_conn_params.o
    0x0001f118   0x0001f118   0x00000088   Code   RO         1941    i.service_data_encode  ble_advdata.o
    0x0001f1a0   0x0001f1a0   0x0000003a   Code   RO          757    i.set_odr           bmm150.o
    0x0001f1da   0x0001f1da   0x00000022   Code   RO          758    i.set_odr_xyz_rep   bmm150.o
    0x0001f1fc   0x0001f1fc   0x00000048   Code   RO          759    i.set_power_control_bit  bmm150.o
    0x0001f244   0x0001f244   0x00000030   Code   RO         2430    i.set_security_req  ble_srv_common.o
    0x0001f274   0x0001f274   0x00000022   Code   RO          760    i.set_xy_rep        bmm150.o
    0x0001f296   0x0001f296   0x00000022   Code   RO          761    i.set_z_rep         bmm150.o
    0x0001f2b8   0x0001f2b8   0x0000004c   Code   RO           54    i.sleep_mode_enter  main.o
    0x0001f304   0x0001f304   0x00000018   Code   RO         2665    i.soc_evt_handler   nrf_drv_clock.o
    0x0001f31c   0x0001f31c   0x00000078   Code   RO         6049    i.softdevice_evt_irq_disable  nrf_sdh.o
    0x0001f394   0x0001f394   0x00000098   Code   RO         6050    i.softdevices_evt_irq_enable  nrf_sdh.o
    0x0001f42c   0x0001f42c   0x0000000c   Code   RO         4226    i.sortlist_pop      app_timer2.o
    0x0001f438   0x0001f438   0x0000000c   Code   RO           55    i.spi_disable       main.o
    0x0001f444   0x0001f444   0x00000064   Code   RO           56    i.spi_enable        main.o
    0x0001f4a8   0x0001f4a8   0x0000000c   Code   RO           57    i.spi_event_handler  main.o
    0x0001f4b4   0x0001f4b4   0x00000038   Code   RO         3398    i.spi_evt_handler   nrf_drv_spi.o
    0x0001f4ec   0x0001f4ec   0x0000007e   Code   RO         3603    i.spi_xfer          nrfx_spi.o
    0x0001f56a   0x0001f56a   0x00000026   Code   RO          762    i.suspend_to_sleep_mode  bmm150.o
    0x0001f590   0x0001f590   0x00000098   Code   RO         4227    i.timer_expire      app_timer2.o
    0x0001f628   0x0001f628   0x00000080   Code   RO         4228    i.timer_req_process  app_timer2.o
    0x0001f6a8   0x0001f6a8   0x00000038   Code   RO         4229    i.timer_req_schedule  app_timer2.o
    0x0001f6e0   0x0001f6e0   0x00000064   Code   RO         3604    i.transfer_byte     nrfx_spi.o
    0x0001f744   0x0001f744   0x0000000a   Code   RO         1942    i.uint16_encode     ble_advdata.o
    0x0001f74e   0x0001f74e   0x00000002   PAD
    0x0001f750   0x0001f750   0x00000020   Code   RO         5485    i.uninit            nrf_fstorage_sd.o
    0x0001f770   0x0001f770   0x00000042   Code   RO          993    i.unpack_accel_data  bmi160.o
    0x0001f7b2   0x0001f7b2   0x00000102   Code   RO          994    i.unpack_accel_frame  bmi160.o
    0x0001f8b4   0x0001f8b4   0x0000005e   Code   RO          995    i.unpack_aux_data   bmi160.o
    0x0001f912   0x0001f912   0x000000c2   Code   RO          996    i.unpack_aux_frame  bmi160.o
    0x0001f9d4   0x0001f9d4   0x00000042   Code   RO          997    i.unpack_gyro_data  bmi160.o
    0x0001fa16   0x0001fa16   0x000000fa   Code   RO          998    i.unpack_gyro_frame  bmi160.o
    0x0001fb10   0x0001fb10   0x0000002a   Code   RO          999    i.unpack_sensortime_frame  bmi160.o
    0x0001fb3a   0x0001fb3a   0x0000001c   Code   RO         1000    i.unpack_skipped_frame  bmi160.o
    0x0001fb56   0x0001fb56   0x00000002   PAD
    0x0001fb58   0x0001fb58   0x00000068   Code   RO         2152    i.update_timeout_handler  ble_conn_params.o
    0x0001fbc0   0x0001fbc0   0x00000018   Code   RO         2052    i.use_whitelist     ble_advertising.o
    0x0001fbd8   0x0001fbd8   0x00000024   Code   RO         2550    i.user_mem_reply    nrf_ble_qwr.o
    0x0001fbfc   0x0001fbfc   0x00000054   Code   RO           60    i.usr_get_volt      main.o
    0x0001fc50   0x0001fc50   0x00000030   Code   RO         1943    i.uuid_list_encode  ble_advdata.o
    0x0001fc80   0x0001fc80   0x0000009e   Code   RO         1944    i.uuid_list_sized_encode  ble_advdata.o
    0x0001fd1e   0x0001fd1e   0x0000003a   Code   RO         1709    i.wakeup_button_cfg  bsp.o
    0x0001fd58   0x0001fd58   0x00000002   Code   RO           61    i.wdt_event_handler  main.o
    0x0001fd5a   0x0001fd5a   0x00000004   Code   RO         5486    i.wmap              nrf_fstorage_sd.o
    0x0001fd5e   0x0001fd5e   0x00000002   PAD
    0x0001fd60   0x0001fd60   0x00000050   Code   RO         5487    i.write             nrf_fstorage_sd.o
    0x0001fdb0   0x0001fdb0   0x0000003a   Code   RO          763    i.write_op_mode     bmm150.o
    0x0001fdea   0x0001fdea   0x00000006   PAD
    0x0001fdf0   0x0001fdf0   0x0000006c   Data   RO           66    .constdata          main.o
    0x0001fe5c   0x0001fe5c   0x00000008   Data   RO         1580    .constdata          boards.o
    0x0001fe64   0x0001fe64   0x0000002c   Data   RO         1711    .constdata          bsp.o
    0x0001fe90   0x0001fe90   0x0000000e   Data   RO         2489    .constdata          nrf_ble_gatt.o
    0x0001fe9e   0x0001fe9e   0x00000002   PAD
    0x0001fea0   0x0001fea0   0x00000010   Data   RO         2596    .constdata          ble_nus.o
    0x0001feb0   0x0001feb0   0x00000004   Data   RO         3124    .constdata          nrfx_gpiote.o
    0x0001feb4   0x0001feb4   0x0000000c   PAD
    0x0001fec0   0x0001fec0   0x00000006   Data   RO         3463    .constdata          nrfx_saadc.o
    0x0001fec6   0x0001fec6   0x00000002   PAD
    0x0001fec8   0x0001fec8   0x00000014   Data   RO         4232    .constdata          app_timer2.o
    0x0001fedc   0x0001fedc   0x00000004   PAD
    0x0001fee0   0x0001fee0   0x00000006   Data   RO         4457    .constdata          drv_rtc.o
    0x0001fee6   0x0001fee6   0x00000002   PAD
    0x0001fee8   0x0001fee8   0x00000018   Data   RO         5122    .constdata          nrf_pwr_mgmt.o
    0x0001ff00   0x0001ff00   0x0000000c   Data   RO         5123    .constdata          nrf_pwr_mgmt.o
    0x0001ff0c   0x0001ff0c   0x00000010   Data   RO         5490    .constdata          nrf_fstorage_sd.o
    0x0001ff1c   0x0001ff1c   0x00000020   Data   RO         5491    .constdata          nrf_fstorage_sd.o
    0x0001ff3c   0x0001ff3c   0x00000010   Data   RO         6051    .constdata          nrf_sdh.o
    0x0001ff4c   0x0001ff4c   0x00000028   Data   RO         6052    .constdata          nrf_sdh.o
    0x0001ff74   0x0001ff74   0x00000010   Data   RO         6053    .constdata          nrf_sdh.o
    0x0001ff84   0x0001ff84   0x00000010   Data   RO         6054    .constdata          nrf_sdh.o
    0x0001ff94   0x0001ff94   0x00000020   Data   RO         6159    .constdata          nrf_sdh_ble.o
    0x0001ffb4   0x0001ffb4   0x00000010   Data   RO         6160    .constdata          nrf_sdh_ble.o
    0x0001ffc4   0x0001ffc4   0x00000010   Data   RO         6207    .constdata          nrf_sdh_soc.o
    0x0001ffd4   0x0001ffd4   0x0000000c   Data   RO         6208    .constdata          nrf_sdh_soc.o
    0x0001ffe0   0x0001ffe0   0x00000020   Data   RO         6345    Region$$Table       anon$$obj.o
    0x00020000   0x00020000   0x00000008   Data   RO         2250    sdh_ble_observers0  ble_conn_state.o
    0x00020008   0x00020008   0x00000010   Data   RO           74    sdh_ble_observers1  main.o
    0x00020018   0x00020018   0x00000008   Data   RO         1826    sdh_ble_observers1  bsp_btn_ble.o
    0x00020020   0x00020020   0x00000008   Data   RO         2155    sdh_ble_observers1  ble_conn_params.o
    0x00020028   0x00020028   0x00000010   Data   RO           75    sdh_ble_observers2  main.o
    0x00020038   0x00020038   0x00000008   Data   RO           76    sdh_ble_observers3  main.o
    0x00020040   0x00020040   0x00000008   Data   RO         5493    sdh_req_observers0  nrf_fstorage_sd.o
    0x00020048   0x00020048   0x00000008   Data   RO         2671    sdh_soc_observers0  nrf_drv_clock.o
    0x00020050   0x00020050   0x00000008   Data   RO         5494    sdh_soc_observers0  nrf_fstorage_sd.o
    0x00020058   0x00020058   0x00000008   Data   RO         6162    sdh_stack_observers0  nrf_sdh_ble.o
    0x00020060   0x00020060   0x00000008   Data   RO         6209    sdh_stack_observers0  nrf_sdh_soc.o
    0x00020068   0x00020068   0x00000008   Data   RO         2672    sdh_state_observers0  nrf_drv_clock.o
    0x00020070   0x00020070   0x00000008   Data   RO         5495    sdh_state_observers0  nrf_fstorage_sd.o


    Execution Region RW_IRAM1 (Exec base: 0x200022c8, Load base: 0x00020078, Size: 0x00003418, Max: 0x00003d38, ABSOLUTE, COMPRESSED[0x00000050])

    Exec Addr    Load Addr    Size         Type   Attr      Idx    E Section Name        Object

    0x200022c8   COMPRESSED   0x00000090   Data   RW           68    .data               main.o
    0x20002358   COMPRESSED   0x00000020   Data   RW           69    .data               main.o
    0x20002378   COMPRESSED   0x00000008   Data   RW           70    .data               main.o
    0x20002380   COMPRESSED   0x00000004   Data   RW           72    .data               main.o
    0x20002384   COMPRESSED   0x00000010   Data   RW         1712    .data               bsp.o
    0x20002394   COMPRESSED   0x00000004   PAD
    0x20002398   COMPRESSED   0x00000020   Data   RW         1713    .data               bsp.o
    0x200023b8   COMPRESSED   0x00000020   Data   RW         1714    .data               bsp.o
    0x200023d8   COMPRESSED   0x00000020   Data   RW         1715    .data               bsp.o
    0x200023f8   COMPRESSED   0x00000008   Data   RW         1825    .data               bsp_btn_ble.o
    0x20002400   COMPRESSED   0x00000008   Data   RW         2154    .data               ble_conn_params.o
    0x20002408   COMPRESSED   0x00000008   Data   RW         2958    .data               nrfx_clock.o
    0x20002410   COMPRESSED   0x00000008   Data   RW         3399    .data               nrf_drv_spi.o
    0x20002418   COMPRESSED   0x00000008   Data   RW         3714    .data               nrfx_wdt.o
    0x20002420   COMPRESSED   0x00000008   Data   RW         3791    .data               nrfx_rtc.o
    0x20002428   COMPRESSED   0x00000020   Data   RW         4233    .data               app_timer2.o
    0x20002448   COMPRESSED   0x00000004   Data   RW         4234    .data               app_timer2.o
    0x2000244c   COMPRESSED   0x0000000c   Data   RW         4458    .data               drv_rtc.o
    0x20002458   COMPRESSED   0x00000008   Data   RW         5124    .data               nrf_pwr_mgmt.o
    0x20002460   COMPRESSED   0x00000008   Data   RW         5492    .data               nrf_fstorage_sd.o
    0x20002468   COMPRESSED   0x00000003   Data   RW         6055    .data               nrf_sdh.o
    0x2000246b   COMPRESSED   0x00000001   Data   RW         6161    .data               nrf_sdh_ble.o
    0x2000246c   COMPRESSED   0x00000004   Data   RW         6247    .data               system_nrf52805.o
    0x20002470   COMPRESSED   0x00000014   Data   RW         1420    fs_data             nrf_flash.o
    0x20002484        -       0x00002768   Zero   RW           62    .bss                main.o
    0x20004bec        -       0x0000000c   Zero   RW         1710    .bss                bsp.o
    0x20004bf8        -       0x00000050   Zero   RW         2153    .bss                ble_conn_params.o
    0x20004c48        -       0x0000007c   Zero   RW         2249    .bss                ble_conn_state.o
    0x20004cc4        -       0x00000014   Zero   RW         2666    .bss                nrf_drv_clock.o
    0x20004cd8        -       0x0000005c   Zero   RW         3123    .bss                nrfx_gpiote.o
    0x20004d34        -       0x00000030   Zero   RW         3462    .bss                nrfx_saadc.o
    0x20004d64        -       0x0000002c   Zero   RW         3605    .bss                nrfx_spi.o
    0x20004d90        -       0x00000020   Zero   RW         3987    .bss                app_error.o
    0x20004db0        -       0x00000010   Zero   RW         4230    .bss                app_timer2.o
    0x20004dc0        -       0x00000058   Zero   RW         4231    .bss                app_timer2.o
    0x20004e18        -       0x0000000c   Zero   RW         4372    .bss                app_util_platform.o
    0x20004e24        -       0x0000000c   Zero   RW         5121    .bss                nrf_pwr_mgmt.o
    0x20004e30        -       0x00000010   Zero   RW         5488    .bss                nrf_fstorage_sd.o
    0x20004e40        -       0x000000a0   Zero   RW         5489    .bss                nrf_fstorage_sd.o
    0x20004ee0        -       0x00000800   Zero   RW         6235    STACK               arm_startup_nrf52805.o


==============================================================================

Image component sizes


      Code (inc. data)   RO Data    RW Data    ZI Data      Debug   Object Name

       100          4          0          0         32       3382   app_error.o
        26          0          0          0          0        528   app_error_handler_keil.o
        24          4          0          0          0       4682   app_error_weak.o
      1052         90         20         36        104      16431   app_timer2.o
       124         14          0          0         12       9562   app_util_platform.o
        36          8        512          0       2048        888   arm_startup_nrf52805.o
      1338          0          0          0          0      60036   ble_advdata.o
       964          6          0          0          0      16663   ble_advertising.o
       636         44          8          8         80      12387   ble_conn_params.o
       438         70          8          0        124       7483   ble_conn_state.o
        72          0          0          0          0       2792   ble_link_ctx_manager.o
       672          6         16          0          0       8320   ble_nus.o
       456          6          0          0          0       3251   ble_srv_common.o
      4312          0          0          0          0      41830   bmi160.o
      1364         12          0          0          0      16849   bmm150.o
       206         32          8          0          0      34385   boards.o
       804         60         44        112         12      18364   bsp.o
       196          6          8          8          0       4401   bsp_btn_ble.o
       604         14          6         12          0      42777   drv_rtc.o
      4536        526        148        188      10088     260182   main.o
       342          0          0          0          0       6410   nrf_atfifo.o
        64          0          0          0          0       2828   nrf_atflags.o
       266          0          0          0          0       4816   nrf_atomic.o
       302          4         14          0          0       6352   nrf_ble_gatt.o
       276          0          0          0          0       6061   nrf_ble_qwr.o
       304         36         16          0         20      38994   nrf_drv_clock.o
        96         14          0          8          0      15487   nrf_drv_spi.o
       166         26          0         20          0     110147   nrf_flash.o
       392         10          0          0          0       7248   nrf_fstorage.o
       798         82         72          8        176      15363   nrf_fstorage_sd.o
        60         12         36          8         12       6150   nrf_pwr_mgmt.o
       680        180         88          3          0      38815   nrf_sdh.o
       356         82         56          1          0       5383   nrf_sdh_ble.o
       128         68         36          0          0       2316   nrf_sdh_soc.o
        78          0          0          0          0       2644   nrf_section_iter.o
        84          0          0          0          0       3556   nrf_sortlist.o
       230         32          0          8          0      39322   nrfx_clock.o
       506         38          4          0         92      48613   nrfx_gpiote.o
       188         12          0          8          0       8206   nrfx_rtc.o
      1216         94          6          0         48      25740   nrfx_saadc.o
       936         20          0          0         44      18508   nrfx_spi.o
       244         50          0          8          0       7860   nrfx_wdt.o
       322          0          0          0          0       4507   sys_queue.o
       376         46          0          4          0      26274   system_nrf52805.o

    ----------------------------------------------------------------------
     26428       1708       1160        444      12892    1016793   Object Totals
         0          0         32          0          0          0   (incl. Generated)
        58          0         22          4          0          0   (incl. Padding)

    ----------------------------------------------------------------------

      Code (inc. data)   RO Data    RW Data    ZI Data      Debug   Library Member Name

        86          0          0          0          0          0   __dczerorl2.o
         0          0          0          0          0          0   entry.o
         0          0          0          0          0          0   entry10a.o
         0          0          0          0          0          0   entry11a.o
         4          0          0          0          0          0   entry12b.o
         8          4          0          0          0          0   entry2.o
         4          0          0          0          0          0   entry5.o
         0          0          0          0          0          0   entry7b.o
         0          0          0          0          0          0   entry8b.o
         8          4          0          0          0          0   entry9a.o
        30          0          0          0          0          0   handlers.o
        36          8          0          0          0         68   init.o
         0          0          0          0          0          0   iusefp.o
        30          0          0          0          0         68   llshl.o
        32          0          0          0          0         68   llushr.o
        36          0          0          0          0         68   memcpya.o
        36          0          0          0          0        108   memseta.o
        98          0          0          0          0         92   uldiv.o
       222          0          0          0          0        100   ddiv.o
       186          0          0          0          0        176   depilogue.o
        50          0          0          0          0         76   dfixui.o
        34          0          0          0          0         76   dflti.o
        26          0          0          0          0         76   dfltui.o
       228          0          0          0          0         96   dmul.o
        46          0          0          0          0         80   dscalb.o

    ----------------------------------------------------------------------
      1204         16          0          0          0       1152   Library Totals
         4          0          0          0          0          0   (incl. Padding)

    ----------------------------------------------------------------------

      Code (inc. data)   RO Data    RW Data    ZI Data      Debug   Library Name

       408         16          0          0          0        472   mc_w.l
       792          0          0          0          0        680   mf_w.l

    ----------------------------------------------------------------------
      1204         16          0          0          0       1152   Library Totals

    ----------------------------------------------------------------------

==============================================================================


      Code (inc. data)   RO Data    RW Data    ZI Data      Debug   

     27632       1724       1160        444      12892    1000653   Grand Totals
     27632       1724       1160         80      12892    1000653   ELF Image Totals (compressed)
     27632       1724       1160         80          0          0   ROM Totals

==============================================================================

    Total RO  Size (Code + RO Data)                28792 (  28.12kB)
    Total RW  Size (RW Data + ZI Data)             13336 (  13.02kB)
    Total ROM Size (Code + RO Data + RW Data)      28872 (  28.20kB)

==============================================================================

